03-25 17:50:26.051 19058 19722 W EventHub: Unable to disable kernel key repeat for /dev/input/event4:Function not implemented
03-25 17:50:26.051 19058 19722 I EventHub: usingClockIoctl=true
03-25 17:50:26.051 19058 19722 I EventHub: New device: id=5, fd=357, path='/dev/input/event4', name='sec_touchpad', classes=KEYBOARD | TOUCH | TOUCH_MT, configuration='', keyLayout='/system/usr/keylayout/Generic.kl', keyCharacterMap='/system/usr/keychars/Generic.kcm', builtinKeyboard=false,
03-25 17:50:26.051 19058 19722 D EventHub: No input device configuration file found for device 'meta_event'.
03-25 17:50:26.055 19058 19722 I EventHub: usingClockIoctl=true
03-25 17:50:26.055 19058 19722 I EventHub: New device: id=7, fd=359, path='/dev/input/event10', name='hall', classes=SWITCH, configuration='/system/usr/idc/hall.idc', keyLayout='', keyCharacterMap='', builtinKeyboard=false,
03-25 17:50:26.056 19058 19722 D EventHub: No input device configuration file found for device 'sec_touchproximity'.
03-25 17:50:26.057 19058 19722 D EventHub: No input device configuration file found for device 'gpio_keys'.
03-25 17:50:26.058 19058 19058 D SystemServerTiming: StartInputManager took to complete: 22ms
03-25 17:50:26.058 19058 19058 I SystemServer: VoIPInterfaceManager Service
03-25 17:50:26.059 19058 19058 D VoIPInterfaceManager: VoIPInterfaceManager()...
03-25 17:50:26.062 19058 19058 E BluetoothAdapter: Bluetooth binder is null
03-25 17:50:26.062 19058 19058 E VoIPInterfaceManager: BluetoothAdapter is null
03-25 17:50:26.062 19058 19058 D VoIPInterfaceManager: START VOIPINTERFACE SERVICE
03-25 17:50:26.062   625   672 I servicemanager: Adding 'u:r:system_server:s0' service (voip:19058)
03-25 17:50:26.063 19058 19722 W EventHub: Unable to disable kernel key repeat for /dev/input/event9:Function not implemented
03-25 17:50:26.063 19058 19058 I SystemServerTiming: DisplayManagerWindowManagerAndInputReady
03-25 17:50:26.063 19058 19722 I EventHub: usingClockIoctl=true
03-25 17:50:26.063 19058 19722 I EventHub: New device: id=9, fd=360, path='/dev/input/event9', name='gpio_keys', classes=KEYBOARD, configuration='', keyLayout='/system/usr/keylayout/Generic.kl', keyCharacterMap='/system/usr/keychars/Generic.kcm', builtinKeyboard=false,
03-25 17:50:26.063 19058 19058 D SystemServerTiming: DisplayManagerWindowManagerAndInputReady took tocomplete: 1ms
03-25 17:50:26.063 19058 19058 I SystemServerTiming: StartBluetoothService
03-25 17:50:26.063 19058 19058 I SystemServiceManager: Starting com.android.server.BluetoothService
03-25 17:50:26.063 19058 19107 I LogicalDisplayMapper: Requesting Transition to state: 0
03-25 17:50:26.063 19058 19722 D EventHub: No input device configuration file found for device 'grip_notifier'.
03-25 17:50:26.063 19058 19107 I LogicalDisplayMapper: Applying layout: [{addr: {port=129, model=0x40446df8ca940a}, dispId: 0(ON)}], Previous layout: [{addr: {port=129, model=0x40446df8ca940a}, dispId: 0(ON)}]
03-25 17:50:26.064 19058 19722 D EventHub: No input device configuration file found for device 'sec_touchscreen'.
03-25 17:50:26.065 19058 19058 D SecContentProvider: query(), uri = 3 selection = isBluetoothEnabled
03-25 17:50:26.065 19058 19058 D SecContentProvider: called from android.uid.system:1000
03-25 17:50:26.065 19058 19058 D SecContentProvider: query(), uri = 3 selection = isBLEAllowed
03-25 17:50:26.065 19058 19058 D SecContentProvider: called from android.uid.system:1000
03-25 17:50:26.066 19058 19722 W EventHub: Unable to disable kernel key repeat for /dev/input/event3:Function not implemented
03-25 17:50:26.066 19058 19722 I EventHub: usingClockIoctl=true
03-25 17:50:26.066 19058 19722 I EventHub: New device: id=11, fd=358, path='/dev/input/event3', name='sec_touchscreen', classes=KEYBOARD | TOUCH | TOUCH_MT, configuration='', keyLayout='/system/usr/keylayout/Generic.kl', keyCharacterMap='/system/usr/keychars/Generic.kcm', builtinKeyboard=false,
03-25 17:50:26.066 19058 19058 D BluetoothManagerService: Detected SystemUiUid: 10038
03-25 17:50:26.066 19058 19058 D SystemServerTiming: StartBluetoothService took to complete: 2ms
03-25 17:50:26.066 19058 19058 I SystemServer: Hqm Service
03-25 17:50:26.069 19058 19722 W EventHub: Unable to disable kernel key repeat for /dev/input/event2:Function not implemented
03-25 17:50:26.069 19058 19722 I EventHub: usingClockIoctl=true
03-25 17:50:26.069 19058 19722 I EventHub: New device: id=12, fd=361, path='/dev/input/event2', name='sec_e-pen', classes=KEYBOARD | TOUCH | SWITCH, configuration='/system/usr/idc/sec_e-pen.idc', keyLayout='/system/usr/keylayout/Generic.kl', keyCharacterMap='/system/usr/keychars/Generic.kcm', builtinKeyboard=false,
03-25 17:50:26.070 19058 19722 I InputReader: Device added: id=-1, eventHubId=-1, name='Virtual', descriptor='a718a782d34bc767f4689c232d64d527998ea7fd',sources=0x00000301
03-25 17:50:26.070 19058 19722 D InputReader: Device 2: switch 0, valid 80000
03-25 17:50:26.070 19058 19722 D InputReader: switch code map : 0x0a:0x1f,0x0b:0x1b,0x0c:0x1e,0x0f:0x13,0x10:0x15
03-25 17:50:26.070 19058 19058 I HqmInfo::HqmManagerService: Start
03-25 17:50:26.071 19058 19722 W InputReader: could not find default display for sec_e-pen
03-25 17:50:26.071 19058 19722 W InputReader: Can't find designated display viewport with ID 0 for pointers.
03-25 17:50:26.071 19058 19722 I InputReader: Touch device 'sec_e-pen' could not query the propertiesof its associated display.  The device will be inoperable until the display size becomes available.
03-25 17:50:26.071 19058 19722 I InputReader: Device added: id=2, eventHubId=12, name='sec_e-pen', descriptor='8d3a4578bc04c65b36fda3518c1104ce811ed68e',sources=0x80005103
03-25 17:50:26.071 19058 19722 I InputReader: support feature by TSP : 0x305
03-25 17:50:26.071 19058 19722 I InputReader: support feature by TSP : 0x305
03-25 17:50:26.071 19058 19722 I InputReader: Touch device 'sec_touchscreen' could not query the properties of its associated display.  The device will be inoperable until the display size becomes available.
03-25 17:50:26.071 19058 19058 I HqmInfo::a: log level : 10
03-25 17:50:26.071 19058 19722 D InputReader: MultiTouchMotionAccumulator: initial slot number is 0
03-25 17:50:26.071 19058 19722 I InputReader: Device added: id=3, eventHubId=11, name='sec_touchscreen', descriptor='0fa9d3d0d40f7f5b316320876742e00ad5eb1ba9',sources=0x00001103
03-25 17:50:26.071 19058 19722 I InputReader: Device added: id=4, eventHubId=9, name='gpio_keys', descriptor='485d69228e24f5e46da1598745890b214130dbc4',sources=0x00000101
03-25 17:50:26.071 19058 19722 D InputReader: Device 5: switch 0, valid 200000
03-25 17:50:26.071 19058 19722 D InputReader: switch code map : 0x0a:0x1f,0x0b:0x1b,0x0c:0x1e,0x0f:0x13,0x10:0x15
03-25 17:50:26.071 19058 19722 I InputReader: Device added: id=5, eventHubId=7, name='hall', descriptor='2786157a00c35a5b99a9677f95108b156b14eb18',sources=0x80000000
03-25 17:50:26.071 19058 19058 I HqmInfo::HqmManagerService: Hqm - Enable
03-25 17:50:26.071 19058 19722 W InputReader: could not find default display for sec_touchpad
03-25 17:50:26.071 19058 19722 W InputReader: Can't find designated display viewport with ID 0 for pointers.
03-25 17:50:26.071 19058 19722 I InputReader: Touch device 'sec_touchpad' could not query the properties of its associated display.  The device will be inoperable until the display size becomes available.
03-25 17:50:26.071 19058 19722 D InputReader: MultiTouchMotionAccumulator: initial slot number is 0
03-25 17:50:26.071 19058 19722 I InputReader: Device added: id=6, eventHubId=5, name='sec_touchpad', descriptor='6bb78087f323d376bc537679f3f2a4c034fb4659',sources=0x00003103
03-25 17:50:26.071 19058 19722 D InputReader: deviceId 6 is Touchpad sec_touchpad
03-25 17:50:26.071 19058 19722 D InputDispatcher: Touchpad deviceId 6 : /dev/input/event4
03-25 17:50:26.071 19058 19722 D InputReader: Device 7: switch 0, valid 8000000
03-25 17:50:26.071 19058 19722 D InputReader: switch code map : 0x0a:0x1f,0x0b:0x1b,0x0c:0x1e,0x0f:0x13,0x10:0x15
03-25 17:50:26.071 19058 19722 I InputReader: Device added: id=7, eventHubId=4, name='certify_hall', descriptor='5a992b125b028d8005f2be21d193b9e73694f332',sources=0x80000000
03-25 17:50:26.071 19058 19722 I InputReader: Device added: id=8, eventHubId=3, name='qpnp_pon', descriptor='fb60d4f4370f5dbe8267b63d38dea852987571ab',sources=0x00000101
03-25 17:50:26.071 19058 19722 D InputReader: verified(0->0), type(-1->-1), front(-1->0), back(0->0),glove(0->0), penCover(0->0), pogo(0->0), notify(1)
03-25 17:50:26.072 19058 19722 D InputReader: TspCmd: clear_cover_mode,0
03-25 17:50:26.072 19058 19722 D InputReader: PenCmd: clear_cover_mode,0
03-25 17:50:26.072 19058 19722 D InputReader: Could not open TSP sysfs for touchkey_flip_mode
03-25 17:50:26.072 19058 19722 D InputReader: TouchkeyFlipMode: 0
03-25 17:50:26.072 19058 19722 D InputReader: Could not open TSP sysfs for touchkey_glove_mode
03-25 17:50:26.072 19058 19722 D InputReader: TouchkeyGloveMode: 0
03-25 17:50:26.072 19058 19722 D InputReader: EpenCoverMode: set_cover_type,0
03-25 17:50:26.072 19058 19722 I InputReader: Reconfiguring input devices, changes=POINTER_SPEED | SHOW_HOVERING | GENERAL_STATUS | MOUSE_BUTTON_BEHAVIOR |  360449
03-25 17:50:26.072 19058 19722 W InputReader: could not find default display for sec_touchpad
03-25 17:50:26.072 19058 19722 W InputReader: Can't find designated display viewport with ID 0 for pointers.
03-25 17:50:26.072 19058 19722 I InputReader: Touch device 'sec_touchpad' could not query the properties of its associated display.  The device will be inoperable until the display size becomes available.
03-25 17:50:26.072 19058 19722 I InputReader: Touch device 'sec_touchscreen' could not query the properties of its associated display.  The device will be inoperable until the display size becomes available.
03-25 17:50:26.072 19058 19722 W InputReader: could not find default display for sec_e-pen
03-25 17:50:26.072 19058 19722 W InputReader: Can't find designated display viewport with ID 0 for pointers.
03-25 17:50:26.072 19058 19722 I InputReader: Touch device 'sec_e-pen' could not query the propertiesof its associated display.  The device will be inoperable until the display size becomes available.
03-25 17:50:26.084 19058 19058 I HqmInfo::f: set DQ
03-25 17:50:26.093   626   626 I hwservicemanager: Since vendor.samsung.hardware.hqm@1.0::ISehHqm/default is not registered, trying to start it as a lazy HAL.
03-25 17:50:26.093   626   626 I hwservicemanager: Since vendor.samsung.hardware.hqm@1.0::ISehHqm/default is not registered, trying to start it as a lazy HAL.
03-25 17:50:26.094 19058 19058 I HidlServiceManagement: getService: Trying again for vendor.samsung.hardware.hqm@1.0::ISehHqm/default...
03-25 17:50:26.106 19727 19727 D vendor.samsung.hardware.hqm@1.0-service: SehHqm-1.0 starts
03-25 17:50:26.106 19727 19727 I vendor.samsung.hardware.hqm@1.0-service: Registering HAL: vendor.samsung.hardware.hqm@1.0::ISehHqm with name: default
03-25 17:50:26.107 19727 19727 I HidlServiceManagement: Registered vendor.samsung.hardware.hqm@1.0::ISehHqm/default
03-25 17:50:26.107 19727 19727 I HidlServiceManagement: Removing namespace from process name vendor.samsung.hardware.hqm@1.0-service to hqm@1.0-service.
03-25 17:50:26.108   626   626 I hw-BpHwBinder: onLastStrongRef automatically unlinking death recipients
03-25 17:50:26.108 19058 19058 I android_os_HwBinder: HwBinder: Starting thread pool for getting: vendor.samsung.hardware.hqm@1.0::ISehHqm/default
03-25 17:50:26.109 19727 19727 E Hqm_hidl_k: Hqm readSysfs /sys/class/scsi_host/host0/lt
03-25 17:50:26.109 19727 19727 E Hqm_hidl_k: read val : 4
03-25 17:50:26.109 19727 19727 E Hqm_hidl_k:
03-25 17:50:26.109 19727 19727 E Hqm_hidl_k: Hqm readSysfs /sys/class/scsi_host/host0/sense_err_logging
03-25 17:50:26.110 19727 19727 E Hqm_hidl_k: read val : "LBA0":"0","LBA1":"0","LBA2":"0","LBA3":"0","LBA4":"0","LBA5":"0","LBA6":"0","LBA7":"0","LBA8":"0","LBA9":"0","REGIONMAP":"0000000000000000"
03-25 17:50:26.110 19727 19727 E Hqm_hidl_k:
03-25 17:50:26.110 19727 19727 E Hqm_hidl_k: Hqm readSysfs /sys/class/scsi_host/host0/SEC_UFS_TW_info
03-25 17:50:26.110 19727 19727 E Hqm_hidl_k: read val : "TWCTRLCNT":"18","TWCTRLERRCNT":"0","TWDAILYMB":"1160","TWTOTALMB":"1160","H8CNT":"639","H8MS":"157924","H8CNT100MS":"110","H8MS100MS":"134063","H8MAXMS":"19021","TWhours":"0"
03-25 17:50:26.110 19727 19727 E Hqm_hidl_k:
03-25 17:50:26.110 19727 19727 E Hqm_hidl_k: Hqm readSysfs /sys/class/sec/mmc/mmc_data
03-25 17:50:26.110 19727 19727 E Hqm_hidl_k: Hqm HAL : /sys/class/sec/mmc/mmc_data is null
03-25 17:50:26.111 19727 19727 E Hqm_hidl_k: Hqm readSysfs /sys/class/sec/sddata/sd_data
03-25 17:50:26.111 19727 19727 E Hqm_hidl_k: read val : "GE":"0","CC":"0","ECC":"0","WP":"0","OOR":"0","CRC":"0","TMO":"0"
03-25 17:50:26.111 19727 19727 E Hqm_hidl_k:
03-25 17:50:26.111 19727 19727 E Hqm_hidl_k: Hqm readSysfs /sys/class/fingerprint/fingerprint/name
03-25 17:50:26.112 19727 19727 E Hqm_hidl_k: read val : QBT2000
03-25 17:50:26.112 19727 19727 E Hqm_hidl_k:
03-25 17:50:26.112 19727 19727 E Hqm_hidl_k: Hqm readSysfs /sys/class/fingerprint/fingerprint/name
03-25 17:50:26.112 19727 19727 E Hqm_hidl_k: read val : QBT2000
03-25 17:50:26.112 19727 19727 E Hqm_hidl_k:
03-25 17:50:26.112 19727 19727 E Hqm_hidl_k: Hqm readSysfs /sys/class/fingerprint/fingerprint/name
03-25 17:50:26.112 19727 19727 E Hqm_hidl_k: read val : QBT2000
03-25 17:50:26.112 19727 19727 E Hqm_hidl_k:
03-25 17:50:26.113   625   672 I servicemanager: Adding 'u:r:system_server:s0' service (HqmManagerService:19058)
03-25 17:50:26.114 19058 19058 I SystemServerTiming: HcmManagerService
03-25 17:50:26.114 19058 19058 E SystemServer: HcmManagerService ApmSwitch = 0
03-25 17:50:26.117 19058 19058 D LazyService: HcmManagerService addService
03-25 17:50:26.117 19058 19058 D SystemServerTiming: HcmManagerService took to complete: 3ms
03-25 17:50:26.117 19058 19058 I SystemServerTiming: IpConnectivityMetrics
03-25 17:50:26.117 19058 19058 I SystemServiceManager: Starting com.android.server.connectivity.IpConnectivityMetrics
03-25 17:50:26.117 19058 19058 D SystemServerTiming: IpConnectivityMetrics took to complete: 1ms
03-25 17:50:26.117 19058 19058 I SystemServerTiming: NetworkWatchlistService
03-25 17:50:26.117 19058 19058 I SystemServiceManager: Starting com.android.server.net.watchlist.NetworkWatchlistService$Lifecycle
03-25 17:50:26.118 19058 19058 I WatchlistSettings: Reload watchlist settings done
03-25 17:50:26.119 19058 19731 I WatchlistLoggingHandler: No need to aggregate record yet.
03-25 17:50:26.119 19058 19731 I WatchlistLoggingHandler: Milliseconds spent on tryAggregateRecords(): 1
03-25 17:50:26.119   625   672 I servicemanager: Adding 'u:r:system_server:s0' service (network_watchlist:19058)
03-25 17:50:26.119 19058 19058 D SystemServerTiming: NetworkWatchlistService took to complete: 1ms
03-25 17:50:26.119 19058 19058 I SystemServerTiming: PinnerService
03-25 17:50:26.119 19058 19058 I SystemServiceManager: Starting com.android.server.PinnerService
03-25 17:50:26.119 19058 19058 V HistoricalRegistry: Interaction before persistence initialized
03-25 17:50:26.119   625   672 I servicemanager: Adding 'u:r:system_server:s0' service (pinner:19058)
03-25 17:50:26.120 19058 19058 D SystemServerTiming: PinnerService took to complete: 1ms
03-25 17:50:26.120 19058 19058 I SystemServerTiming: IorapForwardingService
03-25 17:50:26.120 19058 19058 I SystemServiceManager: Starting com.google.android.startop.iorap.IorapForwardingService
03-25 17:50:26.120 19058 19058 D SystemServerTiming: IorapForwardingService took to complete: 0ms
03-25 17:50:26.120 19058 19058 I SystemServerTiming: SignedConfigService
03-25 17:50:26.120 19058 19058 D SystemServerTiming: SignedConfigService took to complete: 0ms
03-25 17:50:26.120 19058 19058 I SystemServerTiming: AppIntegrityService
03-25 17:50:26.120 19058 19058 I SystemServiceManager: Starting com.android.server.integrity.AppIntegrityManagerService
03-25 17:50:26.120 19058 19058 E IntegrityFileManager: Error creating staging and rules directory
03-25 17:50:26.122   625   672 I servicemanager: Adding 'u:r:system_server:s0' service (app_integrity:19058)
03-25 17:50:26.122 19058 19058 D SystemServerTiming: AppIntegrityService took to complete: 2ms
03-25 17:50:26.122 19058 19058 I SystemServerTiming: SecIpmManagerService
03-25 17:50:26.123 19058 19058 I SystemServiceManager: Starting com.android.server.ipm.SecIpmManagerService
03-25 17:50:26.123   625   672 I servicemanager: Adding 'u:r:system_server:s0' service (PkgPredictorService:19058)
03-25 17:50:26.123 19058 19058 D SystemServerTiming: SecIpmManagerService took to complete: 1ms
03-25 17:50:26.124 19058 19058 I SystemServerTiming: detectSafeMode
03-25 17:50:26.124 19058 19058 I SystemServer: !@Boot_EBS_D: detectSafeMode
03-25 17:50:26.124 19058 19058 I WindowManager: SAFE MODE not enabled
03-25 17:50:26.124 19058 19058 D SystemServerTiming: detectSafeMode took to complete: 0ms
03-25 17:50:26.124 19058 19058 I SystemServerTiming: StartInputMethodManagerLifecycle
03-25 17:50:26.124 19058 19058 I SystemServiceManager: Starting com.android.server.inputmethod.InputMethodManagerService$Lifecycle
03-25 17:50:26.127 19058 19058 D InputMethodManagerService: Initial default ime = com.samsung.android.honeyboard/.service.HoneyBoardService mImeSelectedOnBoot :true
03-25 17:50:26.127 19058 19058 I InputMethodManagerService: Spen input enable
03-25 17:50:26.127   625   673 I servicemanager: Adding 'u:r:system_server:s0' service (input_method:19058)
03-25 17:50:26.127 19058 19058 D SystemServerTiming: StartInputMethodManagerLifecycle took to complete: 3ms
03-25 17:50:26.127 19058 19058 I SystemServerTiming: StartAccessibilityManagerService
03-25 17:50:26.127 19058 19058 I SystemServiceManager: Starting com.android.server.accessibility.AccessibilityManagerService$Lifecycle
03-25 17:50:26.130 19058 19058 D SettingsProvider: isChangeAllowed() : name = accessibility_magnification_activated
03-25 17:50:26.131 19058 19058 I AccessibilityManagerService: register AODStateContentObserver
03-25 17:50:26.132   625   673 I servicemanager: Adding 'u:r:system_server:s0' service (accessibility:19058)
03-25 17:50:26.132 19058 19058 D SystemServerTiming: StartAccessibilityManagerService took to complete: 4ms
03-25 17:50:26.132 19058 19058 I SystemServerTiming: MakeDisplayReady
03-25 17:50:26.132 19058 19058 D SettingsProvider: isChangeAllowed() : name = display_size_forced
03-25 17:50:26.132 19058 19058 D SettingsProvider: isChangeAllowed() : name = display_density_forced
03-25 17:50:26.132 19058 19058 D TspStateManager: updateCustomValue customSetting=
03-25 17:50:26.132 19058 19058 V WindowManager: updateDisplayAndOrientation: Change 501.041x498.167dpi to 375.78073x373.62524dpi, BaseDpi=501.041x498.167, DisplayRatio=0.75x0.75
03-25 17:50:26.134 19058 19058 W InputReader: Device sec_e-pen is associated with display ADISPLAY_ID_NONE.
03-25 17:50:26.134 19058 19058 W InputReader: Device sec_touchpad is associated with display ADISPLAY_ID_NONE.
03-25 17:50:26.134 19058 19058 W InputReader: Device sec_touchscreen is associated with display ADISPLAY_ID_NONE.
03-25 17:50:26.134 19058 19058 D TspStateManager: updateCustomValue customSetting=
03-25 17:50:26.134 19058 19058 W InputReader: Device sec_e-pen is associated with display ADISPLAY_ID_NONE.
03-25 17:50:26.134 19058 19058 W InputReader: Device sec_touchpad is associated with display ADISPLAY_ID_NONE.
03-25 17:50:26.134 19058 19058 W InputReader: Device sec_touchscreen is associated with display ADISPLAY_ID_NONE.
03-25 17:50:26.134 19058 19058 D TspStateManager: updateCustomValue customSetting=
03-25 17:50:26.135 19058 19058 D TspStateManager: updateCustomValue customSetting=
03-25 17:50:26.136 19058 19058 W InputReader: Device sec_e-pen is associated with display ADISPLAY_ID_NONE.
03-25 17:50:26.136 19058 19058 W InputReader: Device sec_touchpad is associated with display ADISPLAY_ID_NONE.
03-25 17:50:26.136 19058 19058 W InputReader: Device sec_touchscreen is associated with display ADISPLAY_ID_NONE.
03-25 17:50:26.136 19058 19058 D TspStateManager: updateCustomValue customSetting=
03-25 17:50:26.136 19058 19058 I ActivityTaskManager: Config changes=20005df8 {1.0 ?mcc?mnc [en_US] ldltr sw411dp w411dp h788dp 420dpi nrml long port ?uimode ?night -touch -keyb/v/h -nav/h winConfig={ mBounds=Rect(0, 0 - 1080, 2280) mAppBounds=Rect(0, 85 - 1080, 2154) mMaxBounds=Rect(0, 0 - 1080, 2280) mWindowingMode=fullscreen mDisplayWindowingMode=fullscreen mActivityType=undefined mAlwaysOnTop=undefined mRotation=ROTATION_0 mPopOver=undefined mFreeformTaskPinningState=undefined} s.2 ?fontWeightAdjustment ff=0 bf=-1 bts=-1 desktop/d dm/n ?dc ?dcui ?dcaf enb/d themeSeq=0}
03-25 17:50:26.136 19058 19058 I WindowManager: Override config changes=60007dfc {1.0 ?mcc?mnc [en_US] ldltr sw411dp w411dp h788dp 420dpi nrml long port ?uimode ?night -touch -keyb/v/h -nav/h winConfig={mBounds=Rect(0, 0 - 1080, 2280) mAppBounds=Rect(0, 85 - 1080, 2154) mMaxBounds=Rect(0, 0 - 1080, 2280) mWindowingMode=fullscreen mDisplayWindowingMode=fullscreen mActivityType=undefined mAlwaysOnTop=undefined mRotation=ROTATION_0 mPopOver=undefined mFreeformTaskPinningState=undefined} s.2 ?fontWeightAdjustment ff=0 bf=-1 bts=-1 desktop/d dm/n ?dc ?dcui ?dcaf enb/d themeSeq=0} for displayId=0
03-25 17:50:26.137 19058 19058 D TspStateManager: updateCustomValue customSetting=
03-25 17:50:26.137 19058 19058 I MultiTaskingController: onConfigurationChangedLocked: display#0, configChanges=0x60007dfc, scaleW=0.75, scaleH=0.75, prevScreenBounds=Rect(0, 0 - 1440, 3040), nextScreenBounds=Rect(0, 0 - 1080, 2280)
03-25 17:50:26.138 19058 19058 I DecorCaptionResources: updateDisplayMetrics: base config={1.0 ?mcc?mnc [en_US] ldltr sw411dp w411dp h788dp 420dpi nrml long port ?uimode ?night -touch -keyb/v/h -nav/h winConfig={ mBounds=Rect(0, 0 - 1080, 2280) mAppBounds=Rect(0, 85 - 1080, 2154) mMaxBounds=Rect(0, 0 - 1080, 2280) mWindowingMode=fullscreen mDisplayWindowingMode=fullscreen mActivityType=undefined mAlwaysOnTop=undefined mRotation=ROTATION_0 mPopOver=undefined mFreeformTaskPinningState=undefined} s.2 ?fontWeightAdjustment ff=0 bf=-1 bts=-1 desktop/d dm/n ?dc ?dcui ?dcaf enb/d themeSeq=0}
03-25 17:50:26.138 19058 19058 I DecorCaptionResources: updateDisplayMetrics: density=2.625
03-25 17:50:26.138 19058 19058 I DecorCaptionResources: updateDisplayMetrics: packageName=android, dsf=1.0
03-25 17:50:26.138 19058 19058 I DecorCaptionResources: updateDisplayMetrics: dst=2.625, sdst=2.625
03-25 17:50:26.138 19058 19058 I DecorCaptionResources: Success. Get locale information from system: en_US
03-25 17:50:26.138 19058 19058 D SurfaceControl: setDisplayProjection, displayToken=android.os.BinderProxy@7cf9107, orientation=0, layerStackRect=Rect(0, 0 - 1080, 2280), displayRect=Rect(0, 0 - 1440, 3040)
03-25 17:50:26.140 19058 19058 V Vibrator: semGetSupportedVibrationType: ret=4
03-25 17:50:26.141 19058 19058 W InputReader: Device sec_e-pen is associated with display ADISPLAY_ID_NONE.
03-25 17:50:26.141 19058 19058 W InputReader: Device sec_touchpad is associated with display ADISPLAY_ID_NONE.
03-25 17:50:26.141 19058 19058 W InputReader: Device sec_touchscreen is associated with display ADISPLAY_ID_NONE.
03-25 17:50:26.141 19058 19058 D TspStateManager: updateCustomValue customSetting=
03-25 17:50:26.142 19058 19058 I ActivityTaskManager: Config changes=8 {1.0 ?mcc?mnc [en_US] ldltr sw411dp w411dp h788dp 420dpi nrml long port ?uimode ?night finger -keyb/v/h -nav/h winConfig={ mBounds=Rect(0, 0 - 1080, 2280) mAppBounds=Rect(0, 85 - 1080, 2154) mMaxBounds=Rect(0, 0 - 1080, 2280) mWindowingMode=fullscreen mDisplayWindowingMode=fullscreen mActivityType=undefined mAlwaysOnTop=undefined mRotation=ROTATION_0 mPopOver=undefined mFreeformTaskPinningState=undefined} s.4 ?fontWeightAdjustment ff=0 bf=-1 bts=-1 desktop/d dm/n ?dc ?dcui ?dcaf enb/d themeSeq=0}
03-25 17:50:26.142 19058 19107 I DynamicHiddenApp_TASK_SNAPSHOT: start update max task snapshot number
03-25 17:50:26.142 19058 19107 I DynamicHiddenApp_TASK_SNAPSHOT: update max task snapshot number, physical memory: 12, current resolution : 2
03-25 17:50:26.142 19058 19107 I DynamicHiddenApp_TASK_SNAPSHOT: TaskSnapShot : 10, CurRes : 2
03-25 17:50:26.142 19058 19107 I ActivityManager: change Max_Cached : 22
03-25 17:50:26.142 19058 19058 I WindowManager: Override config changes=8 {1.0 ?mcc?mnc [en_US] ldltrsw411dp w411dp h788dp 420dpi nrml long port ?uimode ?night finger -keyb/v/h -nav/h winConfig={ mBounds=Rect(0, 0 - 1080, 2280) mAppBounds=Rect(0, 85 - 1080, 2154) mMaxBounds=Rect(0, 0 - 1080, 2280) mWindowingMode=fullscreen mDisplayWindowingMode=fullscreen mActivityType=undefined mAlwaysOnTop=undefined mRotation=ROTATION_0 mPopOver=undefined mFreeformTaskPinningState=undefined} s.4 ?fontWeightAdjustment ff=0 bf=-1 bts=-1 desktop/d dm/n ?dc ?dcui ?dcaf enb/d themeSeq=0} for displayId=0
03-25 17:50:26.143 19058 19107 D InputManager-JNI: Viewport [0] type:1, displayId=0, uniqueId=local:4630947232161729153, orientation=0, logicalFrame=[0, 0][1080, 2280], physicalFrame=[0, 0][1440, 3040], deviceSize=[1440, 3040]
03-25 17:50:26.143 19058 19058 D TspStateManager: updateCustomValue customSetting=
03-25 17:50:26.143 19058 19058 I MultiTaskingController: onConfigurationChangedLocked: display#0, configChanges=0x8, scaleW=1.0, scaleH=1.0, prevScreenBounds=Rect(0, 0 - 1080, 2280), nextScreenBounds=Rect(0, 0 - 1080, 2280)
03-25 17:50:26.143 19058 19125 D EmergencyMode: [EmergencyManager] getBootState: init.svc.bootanim isrunning : true
03-25 17:50:26.143 19058 19707 D MotionRecognitionService:   mReceiver.onReceive : CONFIGURATION_CHANGED
03-25 17:50:26.143 19058 19058 D SystemServerTiming: MakeDisplayReady took to complete: 12ms
03-25 17:50:26.143 19058 19058 I SystemServerTiming: GameSDKService
03-25 17:50:26.143 19058 19058 I SystemServer: GameSDKService
03-25 17:50:26.143 19058 19707 D MotionRecognitionService: [AUTO_ROTATION] inject auto rotation : 0
03-25 17:50:26.143 19058 19707 D SensorService: Motion injection
03-25 17:50:26.143 19058 19707 D SensorService: [EAR_TOUCH] : INJECT_AUTO_ROTATION ++++
03-25 17:50:26.143 19058 19707 E SensorService: [EARPROXIMITY] getScreenRotation -  1711407026   143828
03-25 17:50:26.144 19058 19722 I InputReader: Reconfiguring input devices, changes=DISPLAY_INFO |  4
03-25 17:50:26.144 19058 19707 D MotionRecognitionService:   mReceiver.onReceive : CONFIGURATION_CHANGED
03-25 17:50:26.144 19058 19707 D MotionRecognitionService: [AUTO_ROTATION] inject auto rotation : 0
03-25 17:50:26.144 19058 19707 D SensorService: Motion injection
03-25 17:50:26.144 19058 19707 D SensorService: [EAR_TOUCH] : INJECT_AUTO_ROTATION ++++
03-25 17:50:26.144 19058 19707 E SensorService: [EARPROXIMITY] getScreenRotation -  1711407026   144819
03-25 17:50:26.145 19058 19722 D MouseCursorController: dex type: -1
03-25 17:50:26.145 19058 19722 D MouseCursorController: move pointer to default -1->-1 (0.0, 0.0)
03-25 17:50:26.145 19058 19722 D MouseCursorController: setDexViewport id=-1. type=1, logicalFrame=[0, 0][0, 0]
03-25 17:50:26.145 19058 19722 D InputManager: notifyDisplayIdChangedByUser: 0
03-25 17:50:26.145 19058 19722 D MouseCursorController: loadResourcesLocked for display 0
03-25 17:50:26.145   987   987 D DisplayDevice: [MultiResolution] Input : o = 0, layerStackSpaceRect = (1080x2280), orientedDisplaySpaceRect = (1440x3040), mScaledDisplay = (1440x3040), displayBounds = (1440x3040)
03-25 17:50:26.145   987   987 D DisplayDevice: [MultiResolution] Get Resolution from WM (1080x2280)
03-25 17:50:26.150   987   987 D DisplayDevice: [MultiResolution] Change Resolution (1080x2280), config = 1
03-25 17:50:26.150   987   987 I SurfaceFlinger: [MultiResolution] setActiveConfig to 1
03-25 17:50:26.150   873   873 I SDM     : HWDeviceDRM::UpdateMixerAttributes: Mixer WxH 1080x2280 for Peripheral
03-25 17:50:26.150   873   873 I SDM     : StrategyImpl::SetIdleTimeoutMs: Idle timeout set to zero for command mode panels
03-25 17:50:26.150   873   873 I SDM     : HWCDisplay::SubmitDisplayConfig: [MultiResolution] Set FrameBuffer to config = 1, wh = (1080, 2280)
03-25 17:50:26.150   873   873 I SDM     : StrategyImpl::SetIdleTimeoutMs: Idle timeout set to zero for command mode panels
03-25 17:50:26.150   873   873 I SDM     : DisplayBase::SetFrameBufferConfig: New framebuffer resolution (1080x2280)
03-25 17:50:26.150   873   873 I SDM     : HWCDisplay::SetFrameBufferResolution: New framebuffer resolution (1080x2280)
03-25 17:50:26.150   873   873 I SDM     : HWCDisplay::SubmitDisplayConfig: Active configuration changed to: 1
03-25 17:50:26.151 19058 19058 I GameSDK@LifeCycle: [SUCCESS] Success to register UsageStatsWatcher
03-25 17:50:26.152 19058 19058 I GameSDK@LifeCycle: [SUCCESS] Success to register MultiWindowEventListener
03-25 17:50:26.153   625   673 I servicemanager: Adding 'u:r:system_server:s0' service (gamesdk:19058)
03-25 17:50:26.153 19058 19058 I SystemServer: GameSDKService loaded
03-25 17:50:26.153 19058 19058 D SystemServerTiming: GameSDKService took to complete: 9ms
03-25 17:50:26.153 19058 19058 I SystemServerTiming: Bluetooth Secure Mode Manager Service
03-25 17:50:26.153 19058 19058 I SystemServer: Bluetooth Secure Mode Manager Service
03-25 17:50:26.153 19058 19058 D LazyService: bluetooth_secure_mode_manager addService
03-25 17:50:26.153 19058 19058 D SystemServerTiming: Bluetooth Secure Mode Manager Service took to complete: 0ms
03-25 17:50:26.153 19058 19058 I SystemServerTiming: GameManagerService
03-25 17:50:26.157 19058 19058 I SystemServiceManager: Starting com.samsung.android.game.GameManagerService$Lifecycle
03-25 17:50:26.158 19058 19058 I SGM:GameManager: ctor
03-25 17:50:26.159 19058 19058 I SGM:DatabaseHelper: create a DatabaseHelper
03-25 17:50:26.160 19058 19058 D SGM:PkgDataHelper: putPkgData(). com.samsung.android.game.gametools,userId = 0
03-25 17:50:26.160 19058 19058 D SGM:PkgDataHelper: putPkgData(). io.github.plastix.buzz, userId = 0
03-25 17:50:26.160 19058 19058 D SGM:PkgDataHelper: putPkgData(). com.rodocodo.codehour, userId = 0
03-25 17:50:26.161 19058 19058 D SGM:PkgDataHelper: putPkgData(). com.thevoxelagents.tc3, userId = 0
03-25 17:50:26.161 19058 19058 D SGM:PkgDataHelper: putPkgData(). smellymoo.sand, userId = 0
03-25 17:50:26.161 19058 19058 D SGM:PkgDataHelper: putPkgData(). com.giantssoftware.fs14, userId = 0
03-25 17:50:26.161 19058 19058 D SGM:PkgDataHelper: putPkgData(). com.coldvisionstudio.Scubotica, userId = 0
03-25 17:50:26.161 19058 19058 D SGM:PkgDataHelper: putPkgData(). com.pid.rotoforce, userId = 0
03-25 17:50:26.161 19058 19058 D SGM:PkgDataHelper: putPkgData(). com.nianticlabs.pokemongo, userId =0
03-25 17:50:26.161 19058 19058 D SGM:PkgDataHelper: putPkgData(). com.samsung.android.game.gamelab, userId = 0
03-25 17:50:26.161 19058 19058 D SGM:PkgDataHelper: putPkgData(). mob.play.rflx, userId = 0
03-25 17:50:26.161 19058 19058 D SGM:PkgDataHelper: putPkgData(). club.onepercent.chess, userId = 0
03-25 17:50:26.161 19058 19058 D SGM:PkgDataHelper: putPkgData(). fun.gamergarden.blumos, userId = 0
03-25 17:50:26.161 19058 19058 D SGM:PkgDataHelper: putPkgData(). com.koplagames.kopla01, userId = 0
03-25 17:50:26.161 19058 19058 D SGM:PkgDataHelper: putPkgData(). com.infinity.traffix, userId = 0
03-25 17:50:26.161 19058 19058 D SGM:PkgDataHelper: putPkgData(). com.vottzapps.wordle, userId = 0
03-25 17:50:26.161 19058 19058 D SGM:PkgDataHelper: putPkgData(). com.vido.vidosy, userId = 0
03-25 17:50:26.161 19058 19058 D SGM:PkgDataHelper: putPkgData(). com.herocraft.game.zombiederby.pixel.survival, userId = 0
03-25 17:50:26.161 19058 19058 D SGM:PkgDataHelper: putPkgData(). com.samsung.android.game.gamehome, userId = 0
03-25 17:50:26.161 19058 19058 D SGM:PkgDataHelper: putPkgData(). indie.tactixo.heptall, userId = 0
03-25 17:50:26.161 19058 19058 D SGM:PkgDataHelper: putPkgData(). com.mojang.minecraftpe, userId = 0
03-25 17:50:26.161 19058 19058 D SGM:PkgDataHelper: putPkgData(). com.kidapps.the_rat_race, userId = 0
03-25 17:50:26.161 19058 19058 D SGM:PkgDataHelper: putPkgData(). com.SyGame.Capitalism, userId = 0
03-25 17:50:26.161 19058 19058 D SGM:PkgDataHelper: putPkgData(). co.uk.exocron.android.qlango, userId = 0
03-25 17:50:26.161 19058 19058 D SGM:PkgDataHelper: putPkgData(). com.rb.neuriva, userId = 0
03-25 17:50:26.161 19058 19058 D SGM:PkgDataHelper: putPkgData(). com.chucklefish.stardewvalley, userId = 0
03-25 17:50:26.161 19058 19058 D SGM:PkgDataHelper: putPkgData(). com.sec.android.app.samsungapps, userId = 0
03-25 17:50:26.161 19058 19058 D SGM:PkgDataHelper: putPkgData(). com.samsung.accessory.popcornmgr, userId = 0
03-25 17:50:26.161 19058 19058 D SGM:PkgDataHelper: putPkgData(). com.kidapps.rat_race_2, userId = 0
03-25 17:50:26.161 19058 19058 D SGM:PkgDataHelper: putPkgData(). com.gamefirst.religioninc, userId =0
03-25 17:50:26.161 19058 19058 D SGM:PkgDataHelper: putPkgData(). it.rortos.extremelandingspro, userId = 0
03-25 17:50:26.161 19058 19058 D SGM:PkgDataHelper: putPkgData(). com.sec.android.app.popupcalculator, userId = 0
03-25 17:50:26.161 19058 19058 D SGM:PkgDataHelper: putPkgData(). com.screenshake.dominodreams, userId = 0
03-25 17:50:26.161 19058 19058 D SGM:PkgDataHelper: putPkgData(). com.luckyskeletonstudios.idlebanktycoon, userId = 0
03-25 17:50:26.161 19058 19058 D SGM:PkgDataHelper: putPkgData(). spelling.bee.queen.pangram.vermilionapps, userId = 0
03-25 17:50:26.161 19058 19058 D SGM:PkgDataHelper: putPkgData(). com.summerdoor.wordrails, userId = 0
03-25 17:50:26.161 19058 19058 D SGM:PkgDataHelper: putPkgData(). com.nickelbuddy.stringofwords, userId = 0
03-25 17:50:26.161 19058 19058 D SGM:PkgDataHelper: putPkgData(). com.android.vending, userId = 0
03-25 17:50:26.161 19058 19058 D SGM:DatabaseHelper: loadPkgDataFromDb(). entry size: 1
03-25 17:50:26.162 19058 19058 I SGM:GameManager: PkgUpdateReceiver, : ctor
03-25 17:50:26.162 19058 19058 I SGM:GameManager: SecFamilyPkgChangeReceiver, : ctor
03-25 17:50:26.163 19058 19058 D SGM:Util: isPkgEnabled(), com.samsung.android.game.gos is enabled
03-25 17:50:26.163 19058 19058 D SGM:Util: isPkgEnabled(), com.samsung.android.game.gamehome is enabled
03-25 17:50:26.163 19058 19058 D SGM:Util: isPkgInstalled(), com.samsung.android.game.gametools is installed
03-25 17:50:26.163 19058 19058 D SGM:GameManager: multi-resolution is supported
03-25 17:50:26.163 19058 19058 D SGM:GameManager: dpi: 420, longPixel: 2069, shortPixel: 1080
03-25 17:50:26.164 19058 19058 I SGM:SystemHelper: ctor
03-25 17:50:26.165 19058 19058 D SGM:GameManager$Lifecycle: onStart
03-25 17:50:26.165   625   673 I servicemanager: Adding 'u:r:system_server:s0' service (gamemanager:19058)
03-25 17:50:26.165 19058 19058 I SystemServer: GameManagerService Started
03-25 17:50:26.165 19058 19058 D SystemServerTiming: GameManagerService took to complete: 13ms
03-25 17:50:26.165 19058 19058 I SystemServerTiming: SehCodecSolutionService
03-25 17:50:26.169 19058 19058 D SehCodecSolutionService: create : 2.2
03-25 17:50:26.169 19058 19058 D CodecSolution_Logging: dma pkg: 802301000
03-25 17:50:26.170   625   673 I servicemanager: Found vendor.samsung.frameworks.codecsolution.ISehCodecSolution/default in framework VINTF manifest.
03-25 17:50:26.170   625   673 I servicemanager: Adding 'u:r:system_server:s0' service (vendor.samsung.frameworks.codecsolution.ISehCodecSolution/default:19058)
03-25 17:50:26.171 19058 19058 I SystemServer: SehCodecSolutionService loaded
03-25 17:50:26.171 19058 19058 D SystemServerTiming: SehCodecSolutionService took to complete: 6ms
03-25 17:50:26.171 19058 19058 I SystemServerTiming: SehHdrSolutionService
03-25 17:50:26.175 19058 19058 D SehHdrSolutionService: create : 1.0
03-25 17:50:26.176 19058 19058 I HdrSolution_HdrDisplayNitMapper: HdrCapability(True), Default TargetNit: 400
03-25 17:50:26.177 19058 19058 D HdrSolution_HdrDisplayNitMapper: SM8150 Support fixed target
03-25 17:50:26.177   625   673 I servicemanager: Adding 'u:r:system_server:s0' service (vendor.samsung.frameworks.hdrsolution.ISehHdrSolution/default:19058)
03-25 17:50:26.178 19058 19058 I SystemServer: SehHdrSolutionService loaded
03-25 17:50:26.178 19058 19058 D SystemServerTiming: SehHdrSolutionService took to complete: 7ms
03-25 17:50:26.178 19058 19058 I SystemServer: PerfSDKService
03-25 17:50:26.178 19058 19058 I SystemServerTiming: PerfSDKService
03-25 17:50:26.184 19058 19058 I PerfSDKService: CPU levels : 1171200 1497600 1708800 2016000 2323200
03-25 17:50:26.185 19058 19058 I PerfSDKService: GPU levels : 257 345 427 427 499
03-25 17:50:26.186 19058 19058 I PerfSDKService: BUS levels : 1017 1296 1296 1804 2092
03-25 17:50:26.187   625   673 I servicemanager: Adding 'u:r:system_server:s0' service (perfsdkservice:19058)
03-25 17:50:26.187 19058 19058 I SystemServer: PerfSDKService loaded
03-25 17:50:26.187 19058 19058 D SystemServerTiming: PerfSDKService took to complete: 8ms
03-25 17:50:26.187 19058 19058 I SystemServerTiming: StartStorageManagerService
03-25 17:50:26.187 19058 19058 I SystemServiceManager: Starting com.android.server.StorageManagerService$Lifecycle
03-25 17:50:26.189  1168  1180 D installd: Found quota mount /dev/block/bootdevice/by-name/userdata at /data
03-25 17:50:26.189  1168  1180 D installd: Found quota mount /dev/block/bootdevice/by-name/userdata at /data/user/0
03-25 17:50:26.190 19058 19722 W PointerIcon-JNI: An exception occurred while loading a pointer icon.
03-25 17:50:26.190 19058 19058 E SFSLOG  : initParam: choose /data/log/sfslog.0.gz
03-25 17:50:26.191 19058 19722 W PointerIcon-JNI: java.lang.IllegalArgumentException: x hotspot lies outside of the bitmap area
03-25 17:50:26.191 19058 19722 W PointerIcon-JNI:       at android.view.PointerIcon.validateHotSpot(PointerIcon.java:1163)
03-25 17:50:26.191 19058 19722 W PointerIcon-JNI:       at android.view.PointerIcon.loadResource(PointerIcon.java:1142)
03-25 17:50:26.191 19058 19722 W PointerIcon-JNI:       at android.view.PointerIcon.load(PointerIcon.java:874)
03-25 17:50:26.192 19058 19058 E SFSLOG  : initParam mSfSlogEnable true
03-25 17:50:26.192 19058 19058 E SFSLOG  : initParam mLinesToDump 50
03-25 17:50:26.192 19058 19058 E SFSLOG  : initParam mMaxLogFileSize 262144
03-25 17:50:26.192 19058 19058 E SFSLOG  : initParam mCurentFileSize 2543874
03-25 17:50:26.193 19058 19058 V SFSLOG  : No KERNEL_LOG_PREFIX!
03-25 17:50:26.193 19058 19058 D StorageManagerService: readSettingsLocked: /data/system/storage.xml
03-25 17:50:26.193 19058 19058 D StorageManagerService: readSettingsLocked: TAG_VOLUME rec=android.os.storage.VolumeRecord@9710154f rec.fsUuid=28FA-1A2E
03-25 17:50:26.193 19058 19058 D StorageManagerService: readSettingsLocked: TAG_VOLUME rec=android.os.storage.VolumeRecord@aa045024 rec.fsUuid=FC85-1BFF
03-25 17:50:26.194 19058 19058 D StorageManagerService: readSettingsLocked: TAG_VOLUME rec=android.os.storage.VolumeRecord@34587653 rec.fsUuid=2FF7-D010
03-25 17:50:26.194 19058 19058 D StorageManagerService: readSettingsLocked: TAG_VOLUME rec=android.os.storage.VolumeRecord@4ababc4b rec.fsUuid=A099-F289
03-25 17:50:26.194   625   673 I servicemanager: Adding 'u:r:system_server:s0' service (mount:19058)
03-25 17:50:26.195 18831 18831 I ServiceManager: Waiting for service 'perfsdkservice' on '/dev/binder' successful after waiting 603ms
03-25 17:50:26.195 18831 18831 D perfsdkserver: [Interface] BpPerfSDKService::BpPerfSDKService()
03-25 17:50:26.195 18831 18831 E perfsdkserver: [Interface] BpPerfSDKService::getHighBoostingLevel()
03-25 17:50:26.195 18831 18831 I perfsdkserver: [High boost Level] update high Boosting Levels
03-25 17:50:26.195 18831 18831 I perfsdkserver: [High boost Level] CPU Levels : 1171200, 1497600, 1708800, 2016000, 2323200
03-25 17:50:26.195 18831 18831 I perfsdkserver: [High boost Level] GPU Levels : 257, 345, 427, 427, 499
03-25 17:50:26.195 18831 18831 I perfsdkserver: [High boost Level] BUS Levels : 1017, 1296, 1296, 1804, 2092
03-25 17:50:26.195 18831 18831 E perfsdkserver: [Interface] BpPerfSDKService::getLowBoostingLevel()
03-25 17:50:26.195 18831 18831 I perfsdkserver: [Low boost Level] update low Boosting Levels
03-25 17:50:26.195 18831 18831 I perfsdkserver: [Low boost Level] CPU Levels : 1171200, 1497600, 1708800
03-25 17:50:26.195 18831 18831 I perfsdkserver: [Low boost Level] GPU Levels : 257, 345, 427
03-25 17:50:26.195 18831 18831 I perfsdkserver: [Low boost Level] BUS Levels : 1017, 1296, 1296
03-25 17:50:26.196 18831 18831 E perfsdkserver: [Interface] BpPerfSDKService::getThermalTable()
03-25 17:50:26.196 18831 18831 I perfsdkserver: [Thermal Table] update Thermal Table
03-25 17:50:26.196 18831 18831 I perfsdkserver: [Thermal Table] CPU Levels : 1, start_idx : 0
03-25 17:50:26.196 18831 18831 I perfsdkserver: [Thermal Table]           rel = 470, warn = 480, trig= 500
03-25 17:50:26.196 18831 18831 I perfsdkserver: [Thermal Table] GPU Levels : 1, start_idx : 0
03-25 17:50:26.196 18831 18831 I perfsdkserver: [Thermal Table]           rel = 470, warn = 480, trig= 500
03-25 17:50:26.196 18831 18831 I perfsdkserver: [Thermal Table] finished
03-25 17:50:26.196 18831 18831 E perfsdkserver: [Init] finish init
03-25 17:50:26.196 18831 18831 I perfsdkserver: Server: request to connection
03-25 17:50:26.196 19058 19058 D SystemServerTiming: StartStorageManagerService took to complete: 9ms
03-25 17:50:26.196 19058 19058 I SystemServerTiming: StartStorageStatsService
03-25 17:50:26.196 18831 18854 I perfsdkserver: Request connection
03-25 17:50:26.196 19058 19058 I SystemServiceManager: Starting com.android.server.usage.StorageStatsService$Lifecycle
03-25 17:50:26.196 19058 19080 I PerfSDKService: Start to connect to perfsdkserver
03-25 17:50:26.196 18831 18854 E perfsdkserver: [Interface] BpPerfSDKService::connectionRequest()
03-25 17:50:26.196 18831 18854 I perfsdkserver: serviceConnection is done
03-25 17:50:26.197 18831 18831 I perfsdkserver: perfsdkservice is connected (fd = 6)
03-25 17:50:26.197 19058 19737 D StorageManagerService: handleMessage -> H_DAEMON_CONNECTED
03-25 17:50:26.197  1168  1180 D installd: Found quota mount /dev/block/bootdevice/by-name/userdata at /data
03-25 17:50:26.197  1168  1180 D installd: Found quota mount /dev/block/bootdevice/by-name/userdata at /data/user/0
03-25 17:50:26.197 19058 19737 D StorageManagerService: Thinking about init, mBootCompleted=false, mDaemonConnected=true
03-25 17:50:26.198 19058 19737 D StorageManagerService: Thinking about reset, mBootCompleted=false, mDaemonConnected=true
03-25 17:50:26.198  1168  1180 D installd: Found quota mount /dev/block/bootdevice/by-name/userdata at /data
03-25 17:50:26.198  1168  1180 D installd: Found quota mount /dev/block/bootdevice/by-name/userdata at /data/user/0
03-25 17:50:26.198 19058 19737 D StorageManagerService: handleMessage -> H_DAEMON_CONNECTED
03-25 17:50:26.199 19058 19737 D StorageManagerService: Thinking about init, mBootCompleted=false, mDaemonConnected=true
03-25 17:50:26.199   625   672 I servicemanager: Adding 'u:r:system_server:s0' service (storagestats:19058)
03-25 17:50:26.199 19058 19058 D SystemServerTiming: StartStorageStatsService took to complete: 3ms
03-25 17:50:26.199 19058 19058 I SystemServerTiming: DirEncryptSerrvice
03-25 17:50:26.199 19058 19737 D StorageManagerService: Thinking about reset, mBootCompleted=false, mDaemonConnected=true
03-25 17:50:26.199 19058 19058 D SystemServerTiming: DirEncryptSerrvice took to complete: 0ms
03-25 17:50:26.199 19058 19058 I SystemServerTiming: StartUiModeManager
03-25 17:50:26.199 19058 19058 I SystemServiceManager: Starting com.android.server.UiModeManagerService
03-25 17:50:26.199 19058 19722 D MouseCursorController: PRESENTATION_SPOT: 1000 -> 20001
03-25 17:50:26.200 19058 19722 I InputReader: Device reconfigured: id=6, name='sec_touchpad', size 1080x2280, orientation 0, mode 4, display id 0
03-25 17:50:26.200 19058 19722 I InputReader: support feature by TSP : 0x305
03-25 17:50:26.200 19058 19722 I InputReader: Device reconfigured: id=3, name='sec_touchscreen', size1080x2280, orientation 0, mode 1, display id 0
03-25 17:50:26.200 19058 19722 I InputReader: Device reconfigured: id=2, name='sec_e-pen', size 1080x2280, orientation 0, mode 4, display id 0
03-25 17:50:26.200 19058 19738 I SystemServerTimingAsync: InitThreadPoolExec:UiModeManager.onStart
03-25 17:50:26.200   625   672 I servicemanager: Adding 'u:r:system_server:s0' service (uimode:19058)
03-25 17:50:26.200 19058 19058 D SystemServerTiming: StartUiModeManager took to complete: 1ms
03-25 17:50:26.200 19058 19058 I SystemServerTiming: UpdatePackagesIfNeeded
03-25 17:50:26.200 19058 19058 I SystemServer: !@Boot_EBS_D: UpdatePackagesIfNeeded
03-25 17:50:26.200 19058 19058 I Watchdog: Pausing HandlerChecker: main thread for reason: dexopt. Pause count: 1
03-25 17:50:26.201 19058 19058 I PackageManager: Failed to open pruning marker
03-25 17:50:26.201 19058 19058 I Watchdog: Resuming HandlerChecker: main thread for reason: dexopt. Pause count: 0
03-25 17:50:26.201 19058 19058 D SystemServerTiming: UpdatePackagesIfNeeded took to complete: 0ms
03-25 17:50:26.201 19058 19058 I SystemServerTiming: PerformFstrimIfNeeded
03-25 17:50:26.201 19058 19058 D SystemServerTiming: PerformFstrimIfNeeded took to complete: 1ms
03-25 17:50:26.201 19058 19058 I SystemServerTiming: StartLockSettingsService
03-25 17:50:26.201 19058 19058 I SystemServiceManager: Starting com.android.server.locksettings.LockSettingsService$Lifecycle
03-25 17:50:26.205   625   672 I servicemanager: Adding 'u:r:system_server:s0' service (lock_settings:19058)
03-25 17:50:26.205 19058 19058 D SystemServerTiming: StartLockSettingsService took to complete: 4ms
03-25 17:50:26.205 19058 19058 I SystemServerTiming: StartPersistentDataBlock
03-25 17:50:26.205 19058 19058 I SystemServiceManager: Starting com.android.server.PersistentDataBlockService
03-25 17:50:26.206 19058 19058 D SystemServerTiming: StartPersistentDataBlock took to complete: 0ms
03-25 17:50:26.206 19058 19058 I SystemServerTiming: StartTestHarnessMode
03-25 17:50:26.206 19058 19058 I SystemServiceManager: Starting com.android.server.testharness.TestHarnessModeService
03-25 17:50:26.206   625   672 I servicemanager: Adding 'u:r:system_server:s0' service (testharness:19058)
03-25 17:50:26.206 19058 19058 D SystemServerTiming: StartTestHarnessMode took to complete: 1ms
03-25 17:50:26.206 19058 19058 I SystemServerTiming: StartOemLockService
03-25 17:50:26.206 19058 19058 I SystemServiceManager: Starting com.android.server.oemlock.OemLockService
03-25 17:50:26.206 19058 19740 I SystemServerTimingAsync: InitThreadPoolExec:PersistentDataBlockService.onStart
03-25 17:50:26.207   626   626 I hwservicemanager: getTransport: Cannot find entry android.hardware.oemlock@1.0::IOemLock/default in either framework or device VINTF manifest.
03-25 17:50:26.207 19058 19058 I OemLock : OemLock HAL not present on device
03-25 17:50:26.207 19058 19058 I OemLock : Using persistent data block based lock
03-25 17:50:26.207   625   672 I servicemanager: Adding 'u:r:system_server:s0' service (oem_lock:19058)
03-25 17:50:26.207 19058 19058 D SystemServerTiming: StartOemLockService took to complete: 0ms
03-25 17:50:26.207 19058 19058 I SystemServerTiming: StartDeviceIdleController
03-25 17:50:26.207 19058 19058 I SystemServiceManager: Starting com.android.server.DeviceIdleController
03-25 17:50:26.208 19058 19738 I UiModeManager: updateNightModeFromSettings : 2 userID : -2
03-25 17:50:26.208 19058 19738 D SettingsProvider: isChangeAllowed() : name = display_night_theme
03-25 17:50:26.211   625   672 I servicemanager: Adding 'u:r:system_server:s0' service (deviceidle:19058)
03-25 17:50:26.211 19058 19058 D SystemServerTiming: StartDeviceIdleController took to complete: 4ms
03-25 17:50:26.211 19058 19058 I SystemServerTiming: StartDevicePolicyManager
03-25 17:50:26.211 19058 19058 I SystemServiceManager: Starting com.android.server.devicepolicy.DevicePolicyManagerService$Lifecycle
03-25 17:50:26.213 19058 19738 D SystemServerTimingAsync: InitThreadPoolExec:UiModeManager.onStart took to complete: 14ms
03-25 17:50:26.214   625   672 I servicemanager: Adding 'u:r:system_server:s0' service (persistent_data_block:19058)
03-25 17:50:26.214 19058 19740 D SystemServerTimingAsync: InitThreadPoolExec:PersistentDataBlockService.onStart took to complete: 7ms
03-25 17:50:26.217 19058 19058 D SLog    : static_init took to complete: 1ms
03-25 17:50:26.218 19058 19058 I DevicePolicyManager: Set persist.sys.knox.device_owner property to false
03-25 17:50:26.218   625   672 I servicemanager: Adding 'u:r:system_server:s0' service (device_policy:19058)
03-25 17:50:26.218 19058 19058 D SystemServerTiming: StartDevicePolicyManager took to complete: 6ms
03-25 17:50:26.218 19058 19058 I SystemServerTiming: StartStatusBarManagerService
03-25 17:50:26.218 19058 19058 I SemDesktopModeManager: registerListener: com.android.server.statusbar.StatusBarManagerService$1@29f561b
03-25 17:50:26.219   625   672 I servicemanager: Adding 'u:r:system_server:s0' service (statusbar:19058)
03-25 17:50:26.219 19058 19058 D SystemServerTiming: StartStatusBarManagerService took to complete: 0ms
03-25 17:50:26.219 19058 19058 I SystemServerTiming: StartEnterpriseDeviceManagerService
03-25 17:50:26.219 19058 19058 I SystemServiceManager: Starting com.android.server.enterprise.EnterpriseDeviceManagerServiceImpl$Lifecycle
03-25 17:50:26.219 19058 19058 I EnterpriseDeviceManagerService: isPackageInstalled() : package is not present. application : com.samsung.android.email.provider
03-25 17:50:26.221 19058 19058 I EnterpriseDeviceManagerService: handleDowngrade: Checking Downgrade...
03-25 17:50:26.224 19058 19058 E SQLiteLog: (5) statement aborts at 1: [PRAGMA journal_mode=TRUNCATE]database is locked
