03-25 17:35:48.284  3941  4330 I InputReader: Device reconfigured: id=2, name='sec_e-pen', size 1080x2280, orientation 0, mode 4, display id 0
03-25 17:35:48.284  3941  3941 D SystemServerTiming: PerformFstrimIfNeeded took to complete: 0ms
03-25 17:35:48.284  3941  3941 I SystemServerTiming: StartLockSettingsService
03-25 17:35:48.284  3941  3941 I SystemServiceManager: Starting com.android.server.locksettings.LockSettingsService$Lifecycle
03-25 17:35:48.286  3941  4345 I SystemServerTimingAsync: InitThreadPoolExec:UiModeManager.onStart
03-25 17:35:48.290   624   727 I servicemanager: Adding 'u:r:system_server:s0' service (lock_settings:3941)
03-25 17:35:48.291  3941  3941 D SystemServerTiming: StartLockSettingsService took to complete: 7ms
03-25 17:35:48.291  3941  3941 I SystemServerTiming: StartPersistentDataBlock
03-25 17:35:48.291  3941  3941 I SystemServiceManager: Starting com.android.server.PersistentDataBlockService
03-25 17:35:48.291  3941  3941 D SystemServerTiming: StartPersistentDataBlock took to complete: 1ms
03-25 17:35:48.291  3941  3941 I SystemServerTiming: StartTestHarnessMode
03-25 17:35:48.291  3941  3941 I SystemServiceManager: Starting com.android.server.testharness.TestHarnessModeService
03-25 17:35:48.292   624   727 I servicemanager: Adding 'u:r:system_server:s0' service (testharness:3941)
03-25 17:35:48.292  3941  3941 D SystemServerTiming: StartTestHarnessMode took to complete: 0ms
03-25 17:35:48.292  3941  3941 I SystemServerTiming: StartOemLockService
03-25 17:35:48.292  3941  4347 I SystemServerTimingAsync: InitThreadPoolExec:PersistentDataBlockService.onStart
03-25 17:35:48.292  3941  3941 I SystemServiceManager: Starting com.android.server.oemlock.OemLockService
03-25 17:35:48.292   625   625 I hwservicemanager: getTransport: Cannot find entry android.hardware.oemlock@1.0::IOemLock/default in either framework or device VINTF manifest.
03-25 17:35:48.293  3941  3941 I OemLock : OemLock HAL not present on device
03-25 17:35:48.293  3941  3941 I OemLock : Using persistent data block based lock
03-25 17:35:48.293   624   727 I servicemanager: Adding 'u:r:system_server:s0' service (oem_lock:3941)
03-25 17:35:48.293  3941  3941 D SystemServerTiming: StartOemLockService took to complete: 2ms
03-25 17:35:48.293  3941  3941 I SystemServerTiming: StartDeviceIdleController
03-25 17:35:48.293  3941  3941 I SystemServiceManager: Starting com.android.server.DeviceIdleController
03-25 17:35:48.296  3941  4345 I UiModeManager: updateNightModeFromSettings : 2 userID : -2
03-25 17:35:48.296  3941  4345 D SettingsProvider: isChangeAllowed() : name = display_night_theme
03-25 17:35:48.297   624   727 I servicemanager: Adding 'u:r:system_server:s0' service (deviceidle:3941)
03-25 17:35:48.297  3941  3941 D SystemServerTiming: StartDeviceIdleController took to complete: 3ms
03-25 17:35:48.297  3941  3941 I SystemServerTiming: StartDevicePolicyManager
03-25 17:35:48.297  3941  3941 I SystemServiceManager: Starting com.android.server.devicepolicy.DevicePolicyManagerService$Lifecycle
03-25 17:35:48.353  3742  3742 I ServiceManager: Waiting for service 'perfsdkservice' on '/dev/binder' successful after waiting 3225ms
03-25 17:35:48.353  3742  3742 D perfsdkserver: [Interface] BpPerfSDKService::BpPerfSDKService()
03-25 17:35:48.353  3742  3742 E perfsdkserver: [Interface] BpPerfSDKService::getHighBoostingLevel()
03-25 17:35:48.353  3742  3742 I perfsdkserver: [High boost Level] update high Boosting Levels
03-25 17:35:48.353  3742  3742 I perfsdkserver: [High boost Level] CPU Levels : 1171200, 1497600, 1708800, 2016000, 2323200
03-25 17:35:48.353  3742  3742 I perfsdkserver: [High boost Level] GPU Levels : 257, 345, 427, 427, 499
03-25 17:35:48.353  3742  3742 I perfsdkserver: [High boost Level] BUS Levels : 1017, 1296, 1296, 1804, 2092
03-25 17:35:48.353  3742  3742 E perfsdkserver: [Interface] BpPerfSDKService::getLowBoostingLevel()
03-25 17:35:48.353  3742  3742 I perfsdkserver: [Low boost Level] update low Boosting Levels
03-25 17:35:48.353  3742  3742 I perfsdkserver: [Low boost Level] CPU Levels : 1171200, 1497600, 1708800
03-25 17:35:48.353  3742  3742 I perfsdkserver: [Low boost Level] GPU Levels : 257, 345, 427
03-25 17:35:48.353  3742  3742 I perfsdkserver: [Low boost Level] BUS Levels : 1017, 1296, 1296
03-25 17:35:48.353  3742  3742 E perfsdkserver: [Interface] BpPerfSDKService::getThermalTable()
03-25 17:35:48.353  3742  3742 I perfsdkserver: [Thermal Table] update Thermal Table
03-25 17:35:48.354  3742  3742 I perfsdkserver: [Thermal Table] CPU Levels : 1, start_idx : 0
03-25 17:35:48.354  3742  3742 I perfsdkserver: [Thermal Table]           rel = 470, warn = 480, trig= 500
03-25 17:35:48.354  3742  3742 I perfsdkserver: [Thermal Table] GPU Levels : 1, start_idx : 0
03-25 17:35:48.354  3742  3742 I perfsdkserver: [Thermal Table]           rel = 470, warn = 480, trig= 500
03-25 17:35:48.354  3742  3742 I perfsdkserver: [Thermal Table] finished
03-25 17:35:48.354  3742  3742 E perfsdkserver: [Init] finish init
03-25 17:35:48.354  3742  3742 I perfsdkserver: Server: request to connection
03-25 17:35:48.354  3742  3753 I perfsdkserver: Request connection
03-25 17:35:48.354  3941  4324 I PerfSDKService: Start to connect to perfsdkserver
03-25 17:35:48.354  3742  3742 I perfsdkserver: perfsdkservice is connected (fd = 6)
03-25 17:35:48.354  3742  3753 E perfsdkserver: [Interface] BpPerfSDKService::connectionRequest()
03-25 17:35:48.354  3742  3753 I perfsdkserver: serviceConnection is done
03-25 17:35:48.383  3941  4345 D SystemServerTimingAsync: InitThreadPoolExec:UiModeManager.onStart took to complete: 98ms
03-25 17:35:48.384   624   727 I servicemanager: Adding 'u:r:system_server:s0' service (persistent_data_block:3941)
03-25 17:35:48.384  3941  4347 D SystemServerTimingAsync: InitThreadPoolExec:PersistentDataBlockService.onStart took to complete: 92ms
03-25 17:35:48.387  3941  3941 D SLog    : static_init took to complete: 1ms
03-25 17:35:48.387  3941  3941 I DevicePolicyManager: Set persist.sys.knox.device_owner property to false
03-25 17:35:48.387   624   727 I servicemanager: Adding 'u:r:system_server:s0' service (device_policy:3941)
03-25 17:35:48.388  3941  3941 D SystemServerTiming: StartDevicePolicyManager took to complete: 91ms
03-25 17:35:48.388  3941  3941 I SystemServerTiming: StartStatusBarManagerService
03-25 17:35:48.388  3941  3941 I SemDesktopModeManager: registerListener: com.android.server.statusbar.StatusBarManagerService$1@d5f083
03-25 17:35:48.388   624   727 I servicemanager: Adding 'u:r:system_server:s0' service (statusbar:3941)
03-25 17:35:48.388  3941  3941 D SystemServerTiming: StartStatusBarManagerService took to complete: 1ms
03-25 17:35:48.388  3941  3941 I SystemServerTiming: StartEnterpriseDeviceManagerService
03-25 17:35:48.388  3941  3941 I SystemServiceManager: Starting com.android.server.enterprise.EnterpriseDeviceManagerServiceImpl$Lifecycle
03-25 17:35:48.389  3941  3941 I EnterpriseDeviceManagerService: isPackageInstalled() : package is not present. application : com.samsung.android.email.provider
03-25 17:35:48.390  3941  3941 I EnterpriseDeviceManagerService: handleDowngrade: Checking Downgrade...
03-25 17:35:48.393  3941  3941 E SQLiteLog: (5) statement aborts at 1: [PRAGMA journal_mode=TRUNCATE]database is locked
03-25 17:35:48.393  3941  3941 W SQLiteConnection: Could not change the database journal mode of '/data/system/enterprise.db' from 'wal' to 'TRUNCATE' because the database is locked.  This usually means that there are other open connections to the database which prevents the database from enabling or disabling write-ahead logging mode.  Proceeding without changing the journal mode.
03-25 17:35:48.395  3941  3941 D EnterpriseDeviceManagerService: Android API Level is 31
03-25 17:35:48.399  3941  3941 D knoxsdk/filelog: init success
03-25 17:35:48.401  3941  3941 I ApplicationPolicy: registerNetworkChangeReceiver
03-25 17:35:48.401  3941  3941 D ApplicationPolicy: registerNetworkChangeReceiver() : Done
03-25 17:35:48.402   624   727 I servicemanager: Adding 'u:r:system_server:s0' service (application_policy:3941)
03-25 17:35:48.404  3941  3941 I LocalProxyManager: Initializing LocalProxyManager
03-25 17:35:48.405  3941  3941 W PhoneRestrictionPolicy:  >>> PhoneRestrictionPolicy.PhoneRestrictionPolicy()
03-25 17:35:48.406  3941  3941 D RemoteInjection: mCurrentDisplayWidth : 1080, mCurrentDisplayHeight : 2280
03-25 17:35:48.408  3941  3941 D RestrictionPolicy: isHomeKeyEnabledInDb : true
03-25 17:35:48.408   624   727 I servicemanager: Adding 'u:r:system_server:s0' service (restriction_policy:3941)
03-25 17:35:48.409  3941  3941 D PasswordPolicy: SEC_PRODUCT_FEATURE_COMMON_SUPPORT_KNOX_DESKTOP is true
03-25 17:35:48.409  3941  3941 I SemDesktopModeManager: registerListener: com.android.server.enterprise.security.PasswordPolicy$3@761b89e
03-25 17:35:48.410   624   727 I servicemanager: Adding 'u:r:system_server:s0' service (edm_proxy:3941)
03-25 17:35:48.411   624   727 I servicemanager: Adding 'u:r:system_server:s0' service (enterprise_policy:3941)
03-25 17:35:48.411  3941  3941 I SystemServer: Enterprise Policy manager service created...
03-25 17:35:48.411  3941  3941 D SystemServerTiming: StartEnterpriseDeviceManagerService took to complete: 22ms
03-25 17:35:48.411  3941  3941 I SystemServerTiming: [KnoxAnalytics] System Service
03-25 17:35:48.411  3941  3941 I SystemServiceManager: Starting com.samsung.android.knox.analytics.service.KnoxAnalyticsSystemService
03-25 17:35:48.412  3941  3941 D SystemServerTiming: [KnoxAnalytics] System Service took to complete:1ms
03-25 17:35:48.412  3941  3941 I SystemServerTiming: KnoxCustom Policy
03-25 17:35:48.414  3941  3941 D LazyService: enterprise_license_policy getService
03-25 17:35:48.415  3941  3941 D EnterpriseService: addLazySystemService : enterprise_license_policy
03-25 17:35:48.415   624   727 I servicemanager: Adding 'u:r:system_server:s0' service (enterprise_license_policy:3941)
03-25 17:35:48.415  3941  3941 D LazyService: 1ms
03-25 17:35:48.416   643   670 I vold    : Read from block
03-25 17:35:48.418   624   727 I servicemanager: Adding 'u:r:system_server:s0' service (knoxcustom:3941)
03-25 17:35:48.418  3941  3941 I SystemServer: KnoxCustom Policy added.
03-25 17:35:48.418  3941  3941 D SystemServerTiming: KnoxCustom Policy took to complete: 6ms
03-25 17:35:48.418  3941  3941 I SystemServer: DarManagerService
03-25 17:35:48.418  3941  3941 I SystemServerTiming: DarManagerService
03-25 17:35:48.418  3941  3941 D LazyService: dar addService
03-25 17:35:48.418  3941  3941 D SystemServerTiming: DarManagerService took to complete: 1ms
03-25 17:35:48.418  3941  3941 D SystemServer: MusicRecognitionManagerService not defined by OEM or disabled by flag
03-25 17:35:48.419  3941  3941 I SystemServerTiming: StartContentCaptureService
03-25 17:35:48.419  3941  3941 I SystemServiceManager: Starting com.android.server.contentcapture.ContentCaptureManagerService
03-25 17:35:48.419  3941  3941 I ContentCaptureHelper: Setting logging level to OFF
03-25 17:35:48.420   624   727 I servicemanager: Adding 'u:r:system_server:s0' service (content_capture:3941)
03-25 17:35:48.420  3941  3941 D SystemServerTiming: StartContentCaptureService took to complete: 1ms
03-25 17:35:48.420  3941  3941 D SystemServer: AttentionService is not configured on this device
03-25 17:35:48.420  3941  3941 D SystemServer: RotationResolverService is not configured on this device
03-25 17:35:48.420  3941  3941 I SystemServerTiming: StartSystemCaptionsManagerService
03-25 17:35:48.420  3941  3941 I SystemServiceManager: Starting com.android.server.systemcaptions.SystemCaptionsManagerService
03-25 17:35:48.420  3941  3941 D SystemServerTiming: StartSystemCaptionsManagerService took to complete: 0ms
03-25 17:35:48.420  3941  3941 I SystemServerTiming: StartTextToSpeechManagerService
03-25 17:35:48.420  3941  3941 I SystemServiceManager: Starting com.android.server.texttospeech.TextToSpeechManagerService
03-25 17:35:48.420   624   727 I servicemanager: Adding 'u:r:system_server:s0' service (texttospeech:3941)
03-25 17:35:48.420  3941  3941 D SystemServerTiming: StartTextToSpeechManagerService took to complete: 1ms
03-25 17:35:48.420  3941  3941 I SystemServerTiming: StartSpeechRecognitionManagerService
03-25 17:35:48.420  3941  3941 I SystemServiceManager: Starting com.android.server.speech.SpeechRecognitionManagerService
03-25 17:35:48.421   624   727 I servicemanager: Adding 'u:r:system_server:s0' service (speech_recognition:3941)
03-25 17:35:48.421  3941  3941 D SystemServerTiming: StartSpeechRecognitionManagerService took to complete: 0ms
03-25 17:35:48.421  3941  3941 I SystemServerTiming: StartAppPredictionService
03-25 17:35:48.421  3941  3941 I SystemServiceManager: Starting com.android.server.appprediction.AppPredictionManagerService
03-25 17:35:48.421   624   727 I servicemanager: Adding 'u:r:system_server:s0' service (app_prediction:3941)
03-25 17:35:48.421  3941  3941 D SystemServerTiming: StartAppPredictionService took to complete: 1ms
03-25 17:35:48.421  3941  3941 D SystemServer: ContentSuggestionsService not defined by OEM
03-25 17:35:48.421  3941  3941 I SystemServerTiming: SemClipboardService
03-25 17:35:48.421  3941  3941 I SystemServer: SemClipboardService
03-25 17:35:48.422  3941  3941 D SEM_CLIP_SemClipboardService: SemClipboardService start
03-25 17:35:48.429  3941  3941 D SecContentProvider: query(), uri = 15 selection = isClipboardAllowedAsUser
03-25 17:35:48.430  3941  3941 D SecContentProvider: called from android.uid.system:1000
03-25 17:35:48.430  3941  3941 D RestrictionPolicy: isClipboardAllowed : true
03-25 17:35:48.430  3941  3941 D SecContentProvider: SemKnoxPolicyContract.RestrictionPolicy.CLIPBOARD_ALLOWED_AS_USER return = true
03-25 17:35:48.430  3941  3941 D SecContentProvider: query(), uri = 15 selection = isClipboardShareAllowedAsUser
03-25 17:35:48.430  3941  3941 D SecContentProvider: called from android.uid.system:1000
03-25 17:35:48.430  3941  3941 D RestrictionPolicy: isClipboardShareAllowed : true
03-25 17:35:48.431   624   727 I servicemanager: Adding 'u:r:system_server:s0' service (semclipboard:3941)
03-25 17:35:48.431  3941  3941 D SystemServerTiming: SemClipboardService took to complete: 9ms
03-25 17:35:48.431  3941  3941 I SystemServerTiming: StartSearchUiService
03-25 17:35:48.431  3941  3941 I SystemServiceManager: Starting com.android.server.searchui.SearchUiManagerService
03-25 17:35:48.431   624   727 I servicemanager: Adding 'u:r:system_server:s0' service (search_ui:3941)
03-25 17:35:48.431  3941  3941 D SystemServerTiming: StartSearchUiService took to complete: 1ms
03-25 17:35:48.431  3941  3941 I SystemServerTiming: StartSmartspaceService
03-25 17:35:48.431  3941  3941 I SystemServiceManager: Starting com.android.server.smartspace.SmartspaceManagerService
03-25 17:35:48.432   624   727 I servicemanager: Adding 'u:r:system_server:s0' service (smartspace:3941)
03-25 17:35:48.432  3941  3941 D SystemServerTiming: StartSmartspaceService took to complete: 0ms
03-25 17:35:48.432  3941  3941 I SystemServerTiming: InitConnectivityModuleConnector
03-25 17:35:48.432  3941  3941 D ConnectivityModuleConnector: Network stack init
03-25 17:35:48.432  3941  3941 D SystemServerTiming: InitConnectivityModuleConnector took to complete: 0ms
03-25 17:35:48.432  3941  3941 I SystemServerTiming: InitNetworkStackClient
03-25 17:35:48.432  3941  3941 D SystemServerTiming: InitNetworkStackClient took to complete: 1ms
03-25 17:35:48.432  3941  3941 I SystemServerTiming: StartNetworkManagementService
03-25 17:35:48.436   624   727 I servicemanager: Adding 'u:r:system_server:s0' service (network_management:3941)
03-25 17:35:48.436  3941  3941 D SystemServerTiming: StartNetworkManagementService took to complete: 4ms
03-25 17:35:48.436  3941  3941 I SystemServerTiming: StartIpSecService
03-25 17:35:48.437   624   727 I servicemanager: Adding 'u:r:system_server:s0' service (ipsec:3941)
03-25 17:35:48.437  3941  3941 D SystemServerTiming: StartIpSecService took to complete: 0ms
03-25 17:35:48.437  3941  3941 I SystemServerTiming: StartFontManagerService
03-25 17:35:48.440   624  1508 I servicemanager: Adding 'u:r:system_server:s0' service (font:3941)
03-25 17:35:48.440  3941  3941 D SystemServerTiming: StartFontManagerService took to complete: 3ms
03-25 17:35:48.440  3941  3941 I SystemServerTiming: StartTextServicesManager
03-25 17:35:48.440  3941  3941 I SystemServiceManager: Starting com.android.server.textservices.TextServicesManagerService$Lifecycle
03-25 17:35:48.441   624  1508 I servicemanager: Adding 'u:r:system_server:s0' service (textservices:3941)
03-25 17:35:48.441  3941  3941 D SystemServerTiming: StartTextServicesManager took to complete: 0ms
03-25 17:35:48.441  3941  3941 I SystemServerTiming: StartTextClassificationManagerService
03-25 17:35:48.441  3941  3941 I SystemServiceManager: Starting com.android.server.textclassifier.TextClassificationManagerService$Lifecycle
03-25 17:35:48.442   624  1508 I servicemanager: Adding 'u:r:system_server:s0' service (textclassification:3941)
03-25 17:35:48.442  3941  3941 D SystemServerTiming: StartTextClassificationManagerService took to complete: 1ms
03-25 17:35:48.442  3941  3941 I SystemServerTiming: StartNetworkScoreService
03-25 17:35:48.442  3941  3941 I SystemServiceManager: Starting com.android.server.NetworkScoreService$Lifecycle
03-25 17:35:48.442  3941  3941 I NetworkScoreService: Registering network_score
03-25 17:35:48.442   624  1508 I servicemanager: Adding 'u:r:system_server:s0' service (network_score:3941)
03-25 17:35:48.442  3941  3941 D SystemServerTiming: StartNetworkScoreService took to complete: 1ms
03-25 17:35:48.442  3941  3941 I SystemServerTiming: StartNetworkStatsService
03-25 17:35:48.443   624  1508 I servicemanager: Adding 'u:r:system_server:s0' service (netstats:3941)
03-25 17:35:48.444  3941  3941 D SystemServerTiming: StartNetworkStatsService took to complete: 1ms
03-25 17:35:48.444  3941  3941 I SystemServerTiming: StartNetworkPolicyManagerService
03-25 17:35:48.446   624  1508 I servicemanager: Adding 'u:r:system_server:s0' service (netpolicy:3941)
03-25 17:35:48.446  3941  3941 D SystemServerTiming: StartNetworkPolicyManagerService took to complete: 2ms
03-25 17:35:48.446  3941  3941 I SystemServerTiming: StartUrspService
03-25 17:35:48.446   624  1508 I servicemanager: Adding 'u:r:system_server:s0' service (urspservice:3941)
03-25 17:35:48.447  3941  3941 D SystemServerTiming: StartUrspService took to complete: 1ms
03-25 17:35:48.447  3941  3941 I SystemServerTiming: StartWifi
03-25 17:35:48.451  3941  3941 I SystemServiceManager: Starting com.android.server.wifi.WifiService
03-25 17:35:48.454  3941  3941 I WifiContext: Found Wifi Resources APK at: com.android.wifi.resources
03-25 17:35:48.458  3941  3941 V NetworkScoreManager: registerNetworkScoreCallback: callback=com.android.server.wifi.WifiNetworkScoreCache@ab12c0f, executor=com.android.wifi.x.android.os.HandlerExecutor@b76849c
03-25 17:35:48.480  3941  3941 D ScanMetrics: Settings package: com.android.settings
03-25 17:35:48.480  3941  3941 D ScanMetrics: Settings package: com.samsung.android.knox.containeragent
03-25 17:35:48.481  3941  3941 D ScanMetrics: GMS uid: 10080
03-25 17:35:48.486  3941  3941 I WifiCoexManager: Default coex algorithm is disabled.
03-25 17:35:48.487  3941  3941 D libmdf  : libmdf v3.0.0.0 On 64bit PLATFORM
03-25 17:35:48.499  3941  3941 D WifiOpenNetworkNotifier: Settings toggle enabled=false
03-25 17:35:48.500  3941  3941 D WifiNl80211Manager: registerCountryCodeEventListener called
03-25 17:35:48.500  3941  3941 D WifiCountryCode: Default country code from system property ro.boot.wificountrycode is null
03-25 17:35:48.500  3729  3729 I wificond: New wificond event callback registered
03-25 17:35:48.502  3941  3941 D WakeupController: WifiWake disabled
03-25 17:35:48.502  3941  3941 V HistoricalRegistry: Interaction before persistence initialized
03-25 17:35:48.504  3941  3941 I WifiService: Registering wifi
03-25 17:35:48.505   624  1508 I servicemanager: Adding 'u:r:system_server:s0' service (wifi:3941)
03-25 17:35:48.505  3941  3941 D SystemServerTiming: StartWifi took to complete: 58ms
03-25 17:35:48.505  3941  3941 I SystemServerTiming: StartWifiScanning
03-25 17:35:48.505  3941  3941 I SystemServiceManager: Starting com.android.server.wifi.scanner.WifiScanningService
03-25 17:35:48.505  3941  3941 I WifiScanningService: Creating wifiscanner
03-25 17:35:48.507  3941  3941 I WifiScanningService: Publishing wifiscanner
03-25 17:35:48.507   624  1508 I servicemanager: Adding 'u:r:system_server:s0' service (wifiscanner:3941)
03-25 17:35:48.507  3941  3941 D SystemServerTiming: StartWifiScanning took to complete: 2ms
03-25 17:35:48.507  3941  3941 I SystemServerTiming: StartRttService
03-25 17:35:48.507  3941  3941 I SystemServiceManager: Starting com.android.server.wifi.rtt.RttService
03-25 17:35:48.507  3941  3941 I RttService: Registering wifirtt
03-25 17:35:48.508   624  1508 I servicemanager: Adding 'u:r:system_server:s0' service (wifirtt:3941)
03-25 17:35:48.508  3941  3941 D SystemServerTiming: StartRttService took to complete: 1ms
03-25 17:35:48.508  3941  3941 I SystemServerTiming: StartWifiAware
03-25 17:35:48.508  3941  3941 I SystemServiceManager: Starting com.android.server.wifi.aware.WifiAwareService
03-25 17:35:48.508  3941  3941 I WifiAwareService: Registering wifiaware
03-25 17:35:48.508   624  1508 I servicemanager: Adding 'u:r:system_server:s0' service (wifiaware:3941)
03-25 17:35:48.509  3941  3941 D SystemServerTiming: StartWifiAware took to complete: 1ms
03-25 17:35:48.509  3941  3941 I SystemServerTiming: StartWifiP2P
03-25 17:35:48.509  3941  3941 I SystemServiceManager: Starting com.android.server.wifi.p2p.WifiP2pService
03-25 17:35:48.511  3941  3941 I WifiContext: Found Wifi Resources APK at: com.android.wifi.resources
03-25 17:35:48.511  3941  4359 I WifiP2pService: makeP2pHwMac: wifihwmac is empty
03-25 17:35:48.511  3941  3941 I WifiP2pService: Registering wifip2p
03-25 17:35:48.512   624  1508 I servicemanager: Adding 'u:r:system_server:s0' service (wifip2p:3941)
03-25 17:35:48.512  3941  3941 D SystemServerTiming: StartWifiP2P took to complete: 3ms
03-25 17:35:48.512  3941  3941 I SystemServerTiming: StartEthernet
03-25 17:35:48.512  3941  3941 I SystemServiceManager: Starting com.android.server.ethernet.EthernetService
03-25 17:35:48.513  3941  3941 I EthernetService: Registering service ethernet
03-25 17:35:48.513   624  1508 I servicemanager: Adding 'u:r:system_server:s0' service (ethernet:3941)
03-25 17:35:48.513  3941  3941 D SystemServerTiming: StartEthernet took to complete: 1ms
03-25 17:35:48.513  3941  3941 I SystemServerTiming: StartPacProxyService
03-25 17:35:48.514   624  1508 I servicemanager: Adding 'u:r:system_server:s0' service (pac_proxy:3941)
03-25 17:35:48.514  3941  3941 D SystemServerTiming: StartPacProxyService took to complete: 1ms
03-25 17:35:48.514  3941  3941 I SystemServerTiming: StartIntelligentBatterySaverService
03-25 17:35:48.518  3941  3941 W System.err: android.content.pm.PackageManager$NameNotFoundException:com.samsung.android.packageinstaller
03-25 17:35:48.518  3941  3941 W System.err:    at android.app.ApplicationPackageManager.getApplicationInfoAsUser(ApplicationPackageManager.java:539)
03-25 17:35:48.518  3941  3941 W System.err:    at android.app.ApplicationPackageManager.getApplicationInfo(ApplicationPackageManager.java:492)
03-25 17:35:48.518  3941  3941 W System.err:    at com.android.server.ibs.dnba.NetSpeedUtil.getUidForPackageName(NetSpeedUtil.java:29)
03-25 17:35:48.518  3941  3941 W System.err:    at com.android.server.ibs.dnba.NetSpeedAllowList.<init>(NetSpeedAllowList.java:68)
03-25 17:35:48.518  3941  3941 W System.err:    at com.android.server.ibs.dnba.NetSpeedMonitor.<init>(NetSpeedMonitor.java:160)
03-25 17:35:48.518  3941  3941 W System.err:    at com.android.server.ibs.IntelligentBatterySaverService.<init>(IntelligentBatterySaverService.java:106)
03-25 17:35:48.518  3941  3941 W System.err:    at com.android.server.SystemServer.startOtherServices(SystemServer.java:3027)
03-25 17:35:48.518  3941  3941 W System.err:    at com.android.server.SystemServer.run(SystemServer.java:1223)
03-25 17:35:48.518  3941  3941 W System.err:    at com.android.server.SystemServer.main(SystemServer.java:944)
03-25 17:35:48.518  3941  3941 W System.err:    at java.lang.reflect.Method.invoke(Native Method)
03-25 17:35:48.518  3941  3941 W System.err:    at com.android.internal.os.RuntimeInit$MethodAndArgsCaller.run(RuntimeInit.java:567)
03-25 17:35:48.518  3941  3941 W System.err:    at com.android.internal.os.ZygoteInit.main(ZygoteInit.java:1113)
03-25 17:35:48.518   624  1508 I servicemanager: Adding 'u:r:system_server:s0' service (IntelligentBatterySaverService:3941)
03-25 17:35:48.518  3941  3941 D SystemServerTiming: StartIntelligentBatterySaverService took to complete: 5ms
03-25 17:35:48.518  3941  3941 I SystemServerTiming: StartKnoxGuard
03-25 17:35:48.519  3941  3941 D KG.Utils: getRlcState.
03-25 17:35:48.519  3941  3941 I KgvManager: query(void)
03-25 17:35:48.519  3941  3941 I VaultKeeperService: read
03-25 17:35:48.519  3941  3941 I VaultKeeperService: Get service instance by (3941/1000)
03-25 17:35:48.521  3941  3941 I VaultKeeperService: Client info : system_server
03-25 17:35:48.522  3941  3941 I Vaultkeeper_MGR_system: Got instance of VaultKeeperManager
03-25 17:35:48.523  3941  3941 I Vaultkeeper_MGR_system: Got service of ISehVaultKeeper
03-25 17:35:48.523   733   733 I VaultKeeper_HIDL_Service: System client (//1000/3941)
03-25 17:35:48.524   732   732 I VaultKeeper_COMMON: VK 4.3.0 [Client] system_server. => [Vault] KnoxGuard. [CMD NO.] 85
03-25 17:35:48.524   732   732 I VaultKeeper_COMMON: [CMD:CHECK_CLIENT_REGISTERED]
03-25 17:35:48.526   732   732 D QSEECOMAPI: QSEECom_get_handle sb_length = 0x1ae40
03-25 17:35:48.526   732   732 D QSEECOMAPI: App is not loaded in QSEE
03-25 17:35:48.526   732   732 D QSEECOMAPI: app_arch = 1, total_files = 9
03-25 17:35:48.556   732   732 D QSEECOMAPI: Loaded image: APP id = 47
03-25 17:35:48.579   732   732 D QSEECOMAPI: QSEECom_dealloc_memory
03-25 17:35:48.579   732   732 D QSEECOMAPI: QSEECom_shutdown_app, app_id = 47
03-25 17:35:48.580   732   732 I vaultkeeper: runCommand Success.(TA ret = 0)
03-25 17:35:48.580   732   732 I VaultKeeper_COMMON: VK 4.3.0 [Client] system_server. => [Vault] KnoxGuard. [CMD NO.] 2141
03-25 17:35:48.580   732   732 I VaultKeeper_COMMON: [CMD:READ_UNSHELTERED]
03-25 17:35:48.582   732   732 D QSEECOMAPI: QSEECom_get_handle sb_length = 0x1ae40
03-25 17:35:48.582   732   732 D QSEECOMAPI: App is not loaded in QSEE
03-25 17:35:48.582   732   732 D QSEECOMAPI: app_arch = 1, total_files = 9
03-25 17:35:48.610   732   732 D QSEECOMAPI: Loaded image: APP id = 48
03-25 17:35:48.632   732   732 D QSEECOMAPI: QSEECom_dealloc_memory
03-25 17:35:48.632   732   732 D QSEECOMAPI: QSEECom_shutdown_app, app_id = 48
03-25 17:35:48.632   732   732 I vaultkeeper: runCommand Success.(TA ret = 0)
03-25 17:35:48.633  3941  3941 I Vaultkeeper_MGR_system: ~VaultKeeperManager
03-25 17:35:48.633  3941  3941 D KG.Utils: getRlcState rlcState :
03-25 17:35:48.633  3941  3941 I KG.IntegrityUtil: setInitialState
03-25 17:35:48.633  3941  3941 D KG.IntegrityUtil: pkgInfo : PackageInfo{f94cf49 com.samsung.android.kgclient}
03-25 17:35:48.633  3941  3941 I KG.IntegrityUtil: KG Client signature match with platform.
03-25 17:35:48.634   624  1508 I servicemanager: Adding 'u:r:system_server:s0' service (knoxguard_service:3941)
03-25 17:35:48.634  3941  3941 D SystemServerTiming: StartKnoxGuard took to complete: 115ms
03-25 17:35:48.634  3941  3941 I SystemServerTiming: StartConnectivityService
03-25 17:35:48.637  3941  3941 I SystemServiceManager: Starting com.android.server.ConnectivityServiceInitializer
03-25 17:35:48.644  3941  3941 D ConnectivityService: ConnectivityService starting up
03-25 17:35:48.652  3941  3941 D CompatibilityChangeReporter: Compat change id reported: 182478738; UID 1000; state: ENABLED
03-25 17:35:48.655  3941  3941 I ConnectivityServiceInitializer: Registering connectivity
03-25 17:35:48.655   624  1508 I servicemanager: Adding 'u:r:system_server:s0' service (connectivity:3941)
03-25 17:35:48.656  3941  3941 D SystemServerTiming: StartConnectivityService took to complete: 22ms
03-25 17:35:48.656  3941  3941 I SystemServerTiming: StartVpnManagerService
03-25 17:35:48.657  3941  3941 D VpnManagerService: VpnManagerService starting up
03-25 17:35:48.657   624  1508 I servicemanager: Adding 'u:r:system_server:s0' service (vpn_management:3941)
03-25 17:35:48.657  3941  3941 D SystemServerTiming: StartVpnManagerService took to complete: 2ms
03-25 17:35:48.657  3941  3941 I SystemServerTiming: KnoxVpnService
03-25 17:35:48.657  3941  3941 I SystemServerTiming: Adding KnoxVpnEngineService
03-25 17:35:48.657  3941  3941 I SystemServer: Adding KnoxVpnEngineService
03-25 17:35:48.658  3941  3941 D KnoxVpnEngineService: Initializing in constructor
03-25 17:35:48.659  3941  3941 W Binder  : Outgoing transactions from this process must be FLAG_ONEWAY
03-25 17:35:48.659  3941  3941 W Binder  : java.lang.Throwable
03-25 17:35:48.659  3941  3941 W Binder  :      at android.os.BinderProxy.transact(BinderProxy.java:545)
03-25 17:35:48.659  3941  3941 W Binder  :      at com.android.internal.net.IOemNetd$Stub$Proxy.runKnoxFirewallRulesCommand(IOemNetd.java:1975)
03-25 17:35:48.659  3941  3941 W Binder  :      at com.android.server.NetworkManagementService.runKnoxFirewallRulesCommand(NetworkManagementService.java:2779)
03-25 17:35:48.659  3941  3941 W Binder  :      at com.android.server.enterprise.vpn.knoxvpn.KnoxVpnFirewallHelper.runShellCommand(KnoxVpnFirewallHelper.java:3412)
03-25 17:35:48.659  3941  3941 W Binder  :      at com.android.server.enterprise.vpn.knoxvpn.KnoxVpnFirewallHelper.runIptablesRestoreCmd(KnoxVpnFirewallHelper.java:3405)
03-25 17:35:48.659  3941  3941 W Binder  :      at com.android.server.enterprise.vpn.knoxvpn.KnoxVpnFirewallHelper.createChainsInTable(KnoxVpnFirewallHelper.java:2562)
03-25 17:35:48.659  3941  3941 W Binder  :      at com.android.server.enterprise.vpn.knoxvpn.KnoxVpnFirewallHelper.createIpTableChains(KnoxVpnFirewallHelper.java:2554)
03-25 17:35:48.659  3941  3941 W Binder  :      at com.android.server.enterprise.vpn.knoxvpn.KnoxVpnFirewallHelper.<init>(KnoxVpnFirewallHelper.java:324)
03-25 17:35:48.659  3941  3941 W Binder  :      at com.android.server.enterprise.vpn.knoxvpn.KnoxVpnFirewallHelper.getInstance(KnoxVpnFirewallHelper.java:305)
03-25 17:35:48.659  3941  3941 W Binder  :      at com.android.server.enterprise.vpn.knoxvpn.KnoxVpnTetherAuthentication.<init>(KnoxVpnTetherAuthentication.java:71)
03-25 17:35:48.659  3941  3941 W Binder  :      at com.android.server.enterprise.vpn.knoxvpn.KnoxVpnTetherAuthentication.getInstance(KnoxVpnTetherAuthentication.java:176)
03-25 17:35:48.659  3941  3941 W Binder  :      at com.android.server.enterprise.vpn.knoxvpn.KnoxVpnEngineService.<init>(KnoxVpnEngineService.java:324)
03-25 17:35:48.659  3941  3941 W Binder  :      at com.android.server.enterprise.vpn.knoxvpn.KnoxVpnEngineService.<init>(KnoxVpnEngineService.java:305)
03-25 17:35:48.659  3941  3941 W Binder  :      at com.android.server.SystemServer.startOtherServices(SystemServer.java:3074)
03-25 17:35:48.659  3941  3941 W Binder  :      at com.android.server.SystemServer.run(SystemServer.java:1223)
03-25 17:35:48.659  3941  3941 W Binder  :      at com.android.server.SystemServer.main(SystemServer.java:944)
03-25 17:35:48.659  3941  3941 W Binder  :      at java.lang.reflect.Method.invoke(Native Method)
03-25 17:35:48.659  3941  3941 W Binder  :      at com.android.internal.os.RuntimeInit$MethodAndArgsCaller.run(RuntimeInit.java:567)
03-25 17:35:48.659  3941  3941 W Binder  :      at com.android.internal.os.ZygoteInit.main(ZygoteInit.java:1113)
03-25 17:35:48.659  3726  3796 D IptablesRestoreController: [iptables debug]iptables-restore execute *mangle
03-25 17:35:48.659  3726  3796 D IptablesRestoreController: :knox_vpn_no_uid -
03-25 17:35:48.659  3726  3796 D IptablesRestoreController: :knox_vpn_OUTPUT -
03-25 17:35:48.659  3726  3796 D IptablesRestoreController: :knox_vpn_proxy_accept -
03-25 17:35:48.659  3726  3796 D IptablesRestoreController: :knox_vpn_mangle_exempt_dl -
03-25 17:35:48.659  3726  3796 D IptablesRestoreController: :knox_vpn_mangle_exempt_cp -
03-25 17:35:48.659  3726  3796 D IptablesRestoreController: :knox_vpn_EXEMPT -
03-25 17:35:48.659  3726  3796 D IptablesRestoreController: :knox_vpn_tether_exempt -
03-25 17:35:48.659  3726  3796 D IptablesRestoreController: -D OUTPUT -j knox_vpn_no_uid
03-25 17:35:48.659  3726  3796 D IptablesRestoreController: -D OUTPUT -j knox_vpn_OUTPUT
03-25 17:35:48.659  3726  3796 D IptablesRestoreController: -D OUTPUT -j knox_vpn_proxy_accept
03-25 17:35:48.659  3726  3796 D IptablesRestoreController: -D OUTPUT -j knox_vpn_mangle_exempt_dl
03-25 17:35:48.659  3726  3796 D IptablesRestoreController: -D OUTPUT -j knox_vpn_mangle_exempt_cp
03-25 17:35:48.659  3726  3796 D IptablesRestoreController: -D OUTPUT -j knox_vpn_EXEMPT
03-25 17:35:48.659  3726  3796 D IptablesRestoreController: -D OUTPUT -j knox_vpn_tether_exempt
03-25 17:35:48.659  3726  3796 D IptablesRestoreController: -X knox_vpn_no_uid
03-25 17:35:48.659  3726  3796 D IptablesRestoreController: -X knox_vpn_OUTPUT
03-25 17:35:48.659  3726  3796 D IptablesRestoreController: -X knox_vpn_proxy_accept
03-25 17:35:48.659  3726  3796 D IptablesRestoreController: -X knox_vpn_mangle_exempt_dl
03-25 17:35:48.659  3726  3796 D IptablesRestoreController: -X knox_vpn_mangle_exempt_cp
03-25 17:35:48.659  3726  3796 D IptablesRestoreController: -X knox_vpn_EXEMPT
03-25 17:35:48.659  3726  3796 D IptablesRestoreController: -X knox_vpn_tether_exempt
03-25 17:35:48.659  3726  3796 D IptablesRestoreController: COMMIT
03-25 17:35:48.660  3726  3796 D IptablesRestoreController: [iptables debug]iptables-restore execute done, res : 0
03-25 17:35:48.661  3726  3796 D IptablesRestoreController: [iptables debug]iptables-restore execute *mangle
03-25 17:35:48.661  3726  3796 D IptablesRestoreController: :knox_vpn_no_uid -
03-25 17:35:48.661  3726  3796 D IptablesRestoreController: :knox_vpn_OUTPUT -
03-25 17:35:48.661  3726  3796 D IptablesRestoreController: :knox_vpn_proxy_accept -
03-25 17:35:48.661  3726  3796 D IptablesRestoreController: :knox_vpn_mangle_exempt_dl -
03-25 17:35:48.661  3726  3796 D IptablesRestoreController: :knox_vpn_mangle_exempt_cp -
03-25 17:35:48.661  3726  3796 D IptablesRestoreController: :knox_vpn_EXEMPT -
03-25 17:35:48.661  3726  3796 D IptablesRestoreController: :knox_vpn_tether_exempt -
03-25 17:35:48.661  3726  3796 D IptablesRestoreController: -I OUTPUT -j knox_vpn_no_uid
03-25 17:35:48.661  3726  3796 D IptablesRestoreController: -I OUTPUT -j knox_vpn_OUTPUT
03-25 17:35:48.661  3726  3796 D IptablesRestoreController: -I OUTPUT -j knox_vpn_proxy_accept
03-25 17:35:48.661  3726  3796 D IptablesRestoreController: -I OUTPUT -j knox_vpn_mangle_exempt_dl
03-25 17:35:48.661  3726  3796 D IptablesRestoreController: -I OUTPUT -j knox_vpn_mangle_exempt_cp
03-25 17:35:48.661  3726  3796 D IptablesRestoreController: -I OUTPUT -j knox_vpn_EXEMPT
03-25 17:35:48.661  3726  3796 D IptablesRestoreController: -I OUTPUT -j knox_vpn_tether_exempt
03-25 17:35:48.661  3726  3796 D IptablesRestoreController: COMMIT
03-25 17:35:48.661  3726  3796 D IptablesRestoreController: [iptables debug]iptables-restore execute done, res : 0
03-25 17:35:48.661  3726  3796 D IptablesRestoreController: [iptables debug]iptables-restore execute *filter
03-25 17:35:48.661  3726  3796 D IptablesRestoreController: :knox_vpn_filter_input_drop -
03-25 17:35:48.661  3726  3796 D IptablesRestoreController: :knox_vpn_tether_exempt -
03-25 17:35:48.661  3726  3796 D IptablesRestoreController: :knox_vpn_filter_output_drop -
03-25 17:35:48.661  3726  3796 D IptablesRestoreController: :knox_vpn_filter_output_act -
03-25 17:35:48.661  3726  3796 D IptablesRestoreController: :knox_vpn_filter_tether_fwd -
03-25 17:35:48.661  3726  3796 D IptablesRestoreController: -D INPUT -j knox_vpn_filter_input_drop
03-25 17:35:48.661  3726  3796 D IptablesRestoreController: -D INPUT -j knox_vpn_tether_exempt
03-25 17:35:48.661  3726  3796 D IptablesRestoreController: -D OUTPUT -j knox_vpn_filter_output_drop
03-25 17:35:48.661  3726  3796 D IptablesRestoreController: -D OUTPUT -j knox_vpn_filter_output_act
03-25 17:35:48.661  3726  3796 D IptablesRestoreController: -D FORWARD -j knox_vpn_filter_tether_fwd
03-25 17:35:48.661  3726  3796 D IptablesRestoreController: -X knox_vpn_filter_input_drop
03-25 17:35:48.661  3726  3796 D IptablesRestoreController: -X knox_vpn_tether_exempt
03-25 17:35:48.661  3726  3796 D IptablesRestoreController: -X knox_vpn_filter_output_drop
03-25 17:35:48.661  3726  3796 D IptablesRestoreController: -X knox_vpn_filter_output_act
03-25 17:35:48.661  3726  3796 D IptablesRestoreController: -X knox_vpn_filter_tether_fwd
03-25 17:35:48.661  3726  3796 D IptablesRestoreController: COMMIT
03-25 17:35:48.662  3726  3796 W IptablesRestoreController: iptables-restore process 3738 terminated status=256
03-25 17:35:48.663  3726  3796 W IptablesRestoreController: iptables-restore process 3739 terminated status=256
03-25 17:35:48.663  3726  3796 D IptablesRestoreController: [iptables debug]iptables-restore execute done, res : -1
03-25 17:35:48.663  3941  3941 E FW-KnoxVpnFirewallHelper: Failed to run command. Result=Error (Operation not permitted)
03-25 17:35:48.663  3941  3941 E FW-KnoxVpnFirewallHelper: command=*filter
03-25 17:35:48.663  3941  3941 E FW-KnoxVpnFirewallHelper: :knox_vpn_filter_input_drop -
03-25 17:35:48.663  3941  3941 E FW-KnoxVpnFirewallHelper: :knox_vpn_tether_exempt -
03-25 17:35:48.663  3941  3941 E FW-KnoxVpnFirewallHelper: :knox_vpn_filter_output_drop -
03-25 17:35:48.663  3941  3941 E FW-KnoxVpnFirewallHelper: :knox_vpn_filter_output_act -
03-25 17:35:48.663  3941  3941 E FW-KnoxVpnFirewallHelper: :knox_vpn_filter_tether_fwd -
03-25 17:35:48.663  3941  3941 E FW-KnoxVpnFirewallHelper: -D INPUT -j knox_vpn_filter_input_drop
03-25 17:35:48.663  3941  3941 E FW-KnoxVpnFirewallHelper: -D INPUT -j knox_vpn_tether_exempt
03-25 17:35:48.663  3941  3941 E FW-KnoxVpnFirewallHelper: -D OUTPUT -j knox_vpn_filter_output_drop
03-25 17:35:48.663  3941  3941 E FW-KnoxVpnFirewallHelper: -D OUTPUT -j knox_vpn_filter_output_act
03-25 17:35:48.663  3941  3941 E FW-KnoxVpnFirewallHelper: -D FORWARD -j knox_vpn_filter_tether_fwd
03-25 17:35:48.663  3941  3941 E FW-KnoxVpnFirewallHelper: -X knox_vpn_filter_input_drop
03-25 17:35:48.663  3941  3941 E FW-KnoxVpnFirewallHelper: -X knox_vpn_tether_exempt
03-25 17:35:48.663  3941  3941 E FW-KnoxVpnFirewallHelper: -X knox_vpn_filter_output_drop
03-25 17:35:48.663  3941  3941 E FW-KnoxVpnFirewallHelper: -X knox_vpn_filter_output_act
03-25 17:35:48.663  3941  3941 E FW-KnoxVpnFirewallHelper: -X knox_vpn_filter_tether_fwd
03-25 17:35:48.663  3941  3941 E FW-KnoxVpnFirewallHelper: COMMIT
03-25 17:35:48.663  3726  3796 D IptablesRestoreController: [iptables debug]iptables-restore execute *filter
03-25 17:35:48.663  3726  3796 D IptablesRestoreController: :knox_vpn_filter_input_drop -
03-25 17:35:48.663  3726  3796 D IptablesRestoreController: :knox_vpn_tether_exempt -
03-25 17:35:48.663  3726  3796 D IptablesRestoreController: :knox_vpn_filter_output_drop -
03-25 17:35:48.663  3726  3796 D IptablesRestoreController: :knox_vpn_filter_output_act -
03-25 17:35:48.663  3726  3796 D IptablesRestoreController: :knox_vpn_filter_tether_fwd -
03-25 17:35:48.663  3726  3796 D IptablesRestoreController: -I INPUT -j knox_vpn_filter_input_drop
03-25 17:35:48.663  3726  3796 D IptablesRestoreController: -I INPUT -j knox_vpn_tether_exempt
03-25 17:35:48.663  3726  3796 D IptablesRestoreController: -I OUTPUT -j knox_vpn_filter_output_drop
03-25 17:35:48.663  3726  3796 D IptablesRestoreController: -I OUTPUT -j knox_vpn_filter_output_act
03-25 17:35:48.663  3726  3796 D IptablesRestoreController: -I FORWARD -j knox_vpn_filter_tether_fwd
03-25 17:35:48.663  3726  3796 D IptablesRestoreController: COMMIT
03-25 17:35:48.676  3726  3796 D IptablesRestoreController: [iptables debug]iptables-restore execute done, res : 0
03-25 17:35:48.676  3726  4372 D IptablesRestoreController: [iptables debug]iptables-restore execute *nat
03-25 17:35:48.676  3726  4372 D IptablesRestoreController: :knox_vpn_nat_preroute -
03-25 17:35:48.676  3726  4372 D IptablesRestoreController: -D PREROUTING -j knox_vpn_nat_preroute
03-25 17:35:48.676  3726  4372 D IptablesRestoreController: -X knox_vpn_nat_preroute
03-25 17:35:48.676  3726  4372 D IptablesRestoreController: COMMIT
03-25 17:35:48.677  3726  4372 W IptablesRestoreController: iptables-restore process 4369 terminated status=256
03-25 17:35:48.677  3726  4372 D IptablesRestoreController: [iptables debug]iptables-restore execute done, res : -1
03-25 17:35:48.677  3941  3941 E FW-KnoxVpnFirewallHelper: Failed to run command. Result=Error (Operation not permitted)
03-25 17:35:48.677  3941  3941 E FW-KnoxVpnFirewallHelper: command=*nat
03-25 17:35:48.677  3941  3941 E FW-KnoxVpnFirewallHelper: :knox_vpn_nat_preroute -
03-25 17:35:48.677  3941  3941 E FW-KnoxVpnFirewallHelper: -D PREROUTING -j knox_vpn_nat_preroute
03-25 17:35:48.677  3941  3941 E FW-KnoxVpnFirewallHelper: -X knox_vpn_nat_preroute
03-25 17:35:48.677  3941  3941 E FW-KnoxVpnFirewallHelper: COMMIT
03-25 17:35:48.677  3726  3796 D IptablesRestoreController: [iptables debug]iptables-restore execute *nat
03-25 17:35:48.677  3726  3796 D IptablesRestoreController: :knox_vpn_nat_preroute -
03-25 17:35:48.677  3726  3796 D IptablesRestoreController: -I PREROUTING -j knox_vpn_nat_preroute
03-25 17:35:48.677  3726  3796 D IptablesRestoreController: COMMIT
03-25 17:35:48.683  3726  3796 D IptablesRestoreController: [iptables debug]iptables-restore execute done, res : 0
03-25 17:35:48.683  3941  3941 D KnoxVpnEngineService: initializeHashtable
03-25 17:35:48.685  3941  3941 D FW-KnoxVpnHelper: checkIfProfileListEmpty:profileListEmpty value is true
03-25 17:35:48.685  3941  3941 D KnoxVpnVersion: writeVersionInProperties : 2.3.0
03-25 17:35:48.686   624  1508 I servicemanager: Adding 'u:r:system_server:s0' service (knox_vpn_policy:3941)
03-25 17:35:48.686  3941  3941 D SystemServerTiming: Adding KnoxVpnEngineService took to complete: 28ms
03-25 17:35:48.686  3941  3941 D SystemServerTiming: KnoxVpnService took to complete: 28ms
03-25 17:35:48.686  3941  3941 I SystemServerTiming: StartVcnManagementService
03-25 17:35:48.687   624  1508 I servicemanager: Adding 'u:r:system_server:s0' service (vcn_management:3941)
03-25 17:35:48.687  3941  3941 D SystemServerTiming: StartVcnManagementService took to complete: 2ms
03-25 17:35:48.687  3941  3941 I SystemServerTiming: StartNsdService
03-25 17:35:48.688  3941  3941 D NsdService: Network service discovery is enabled
03-25 17:35:48.689   624  1508 I servicemanager: Adding 'u:r:system_server:s0' service (servicediscovery:3941)
03-25 17:35:48.689  3941  3941 D SystemServerTiming: StartNsdService took to complete: 2ms
03-25 17:35:48.689  3941  3941 I SystemServerTiming: StartSystemUpdateManagerService
03-25 17:35:48.689  3941  3941 I SystemUpdateManagerService: No existing info file /data/system/system-update-info.xml
03-25 17:35:48.690   624  1508 I servicemanager: Adding 'u:r:system_server:s0' service (system_update:3941)
03-25 17:35:48.690  3941  3941 D SystemServerTiming: StartSystemUpdateManagerService took to complete: 0ms
03-25 17:35:48.690  3941  3941 I SystemServerTiming: StartUpdateLockService
03-25 17:35:48.690   624  1508 I servicemanager: Adding 'u:r:system_server:s0' service (updatelock:3941)
03-25 17:35:48.690  3941  3941 D SystemServerTiming: StartUpdateLockService took to complete: 1ms
03-25 17:35:48.690  3941  3941 I SystemServerTiming: StartNotificationManager
03-25 17:35:48.690  3941  3941 I SystemServiceManager: Starting com.android.server.notification.NotificationManagerService
03-25 17:35:48.693  3941  3941 D EdgeLightingPolicyManager: heads up is enabled
03-25 17:35:48.696  3941  3941 D ConditionProviders.SCP: new ScheduleConditionProvider()
03-25 17:35:48.697  3941  3941 D SettingsProvider: isChangeAllowed() : name = zen_settings_updated
03-25 17:35:48.698  3941  3941 D ZenModeHelper: Snoozing reset for condition://android/schedule?days=1.2.3.4.5.6.7&start=22.0&end=7.0&exitAtAlarm=false
03-25 17:35:48.718  3941  3941 E NotificationPrefHelper: createDefaultChannelIfNeededLocked - Exception: android.content.pm.PackageManager$NameNotFoundException: com.samsung.android.coldwalletservice
03-25 17:35:48.722  3941  3941 I NotificationListeners: Read notification listener permissions from xml
03-25 17:35:48.722  3941  3941 I NotificationAssistants: Read notification assistant permissions fromxml
03-25 17:35:48.722  3941  3941 I ConditionProviders: Read condition provider permissions from xml
03-25 17:35:48.722  3941  3941 I ConditionProviders: Read condition provider permissions from xml
03-25 17:35:48.723  3941  3941 D NotificationAssistants: Approving default notification assistant foruser 0
03-25 17:35:48.723  3941  3941 I ConditionProviders:  Allowing condition provider com.google.android.ext.services/android.ext.services.notification.Assistant (userSet: true)
03-25 17:35:48.723  3941  3941 D SettingsProvider: isChangeAllowed() : name = zen_mode
03-25 17:35:48.726   624  1508 I servicemanager: Adding 'u:r:system_server:s0' service (notification:3941)
03-25 17:35:48.726  3941  3941 D SmartAlertController: setSmartAlertEnabled:true pre:false
03-25 17:35:48.727  3941  3941 D MotionRecognitionManager: motionService = com.samsung.android.gesture.MotionRecognitionService@4df2fdf
03-25 17:35:48.727  3941  3941 D MotionRecognitionService:  ssp status : true
03-25 17:35:48.728  3941  3941 D EasyMuteController: EasyMute updated 1.true 2.true
03-25 17:35:48.728  3941  3941 D SystemServerTiming: StartNotificationManager took to complete: 38ms
03-25 17:35:48.728  3941  3941 I SystemServerTiming: StartDeviceMonitor
03-25 17:35:48.728  3941  3941 I SystemServiceManager: Starting com.android.server.storage.DeviceStorageMonitorService
03-25 17:35:48.729  3941  3941 D DeviceStorageMonitorYuva: constructor is called
03-25 17:35:48.729  3941  3941 D DeviceStorageMonitorYuva: user spcific threshold is calculated ->48998248448
03-25 17:35:48.729  3941  3941 D DeviceStorageMonitorYuva: user spcific threshold is calculated ->36748686336
03-25 17:35:48.729  3941  3941 D DeviceStorageMonitorYuva: device does not support YUVA
03-25 17:35:48.729   624  1508 I servicemanager: Adding 'u:r:system_server:s0' service (devicestoragemonitor:3941)
03-25 17:35:48.730  3941  3941 D SystemServerTiming: StartDeviceMonitor took to complete: 1ms
03-25 17:35:48.730  3941  3941 I SystemServerTiming: StartLocationManagerService
03-25 17:35:48.730  3941  3941 I SystemServiceManager: Starting com.android.server.location.LocationManagerService$Lifecycle
03-25 17:35:48.730  3941  4381 D DeviceStorageMonitorService: check() STORAGE TOTAL > 64G
03-25 17:35:48.730  3941  3941 I NSConnectionHelper: constructor
03-25 17:35:48.730  3941  3941 I NSPermissionHelper: constructor
03-25 17:35:48.730  3941  4381 W DeviceStorageMonitorService: check(/data) oldLevel:0, newLevel:1 (usableBytes=1658257408)
03-25 17:35:48.730  3941  4381 W DeviceStorageMonitorService: updateBroadcasts(/data) oldLevel:0, newLevel:1, seq:1
03-25 17:35:48.730  3941  3941 V HistoricalRegistry: Interaction before persistence initialized
03-25 17:35:48.730  3941  3941 I SystemUserInfoHelper: Success to registerUidObserver
03-25 17:35:48.730  3941  3941 I NSLocationProviderHelper: constructor
03-25 17:35:48.731  3941  4381 E DeviceStorageMonitorService: updateBroadcasts(/data) sending intent : ACTION_DEVICE_STORAGE_EXHAUSTION
03-25 17:35:48.731  3941  4381 E DeviceStorageMonitorService: mUsableBytes : 1658257408, mUsableFileNode : 0
03-25 17:35:48.731  3941  4381 D DeviceStorageMonitorService: Available File Node Number is [12324461]
03-25 17:35:48.731  3941  4381 W DeviceStorageMonitorService: updateBroadcasts_filenode(/data) fn_oldLevel:0, fn_newLevel:0, seq:1
03-25 17:35:48.732  3941  3941 D LocationManagerService: [u0] passive provider enabled = true
03-25 17:35:48.733