03-25 17:33:37.838  2685  2738 W DropBoxManagerService: Dropping: system_server_wtf (1276 > 0 bytes)
03-25 17:33:37.838  2685  2718 V WindowManagerServiceExt: WindowManagerServiceExt :: created
03-25 17:33:37.838  2685  2718 I WindowTracing: Setting window tracing log level to 1
03-25 17:33:37.838  2685  2718 I WindowTracing: Setting window tracing buffer capacity to 2097152bytes
03-25 17:33:37.838  2685  2718 D PowerManagerService: [api] registerLowPowerModeObserver: com.android.server.wm.WindowManagerService$6@955305b (uid: 1000 pid: 2685)
03-25 17:33:37.843   624   637 I servicemanager: Adding 'u:r:system_server:s0' service (window:2685)
03-25 17:33:37.843   624   637 I servicemanager: Adding 'u:r:system_server:s0' service (input:2685)
03-25 17:33:37.843  2685  2685 D SystemServerTiming: StartWindowManagerService took to complete: 14ms
03-25 17:33:37.843  2685  2685 I SystemServerTiming: SetWindowManagerService
03-25 17:33:37.843  2685  2685 E SystemServiceRegistry: SemDesktopModeManager is not supported
03-25 17:33:37.844  2685  2685 E SystemServiceRegistry: Manager wrapper not available: desktopmode
03-25 17:33:37.844  2685  2685 W DisplayManager: getDisplays: dexManager is null, category=null
03-25 17:33:37.844  2685  2738 I DropBoxManagerService: add tag=system_server_wtf isTagEnabled=true flags=0x2
03-25 17:33:37.844  2685  2738 W DropBoxManagerService: Dropping: system_server_wtf (1319 > 0 bytes)
03-25 17:33:37.845  2685  2685 I WindowManagerServiceExt: FullScreenAppsSupportMode=0x3, DisplayMaxAspectRatio2.1111112
03-25 17:33:37.845  2685  2685 D InputTransport: Input channel constructed: 'Pointer', fd=340
03-25 17:33:37.846  2685  2685 D InputTransport: Input channel constructed: 'Pointer', fd=341
03-25 17:33:37.846  2685  2685 I InputDispatcher: Created monitor PointerEventDispatcher0 for display0, gesture=false, pid=2685
03-25 17:33:37.847  2685  2685 I WindowOrientationListener: WindowOrientationListener tablet mode= false
03-25 17:33:37.848   951  2467 I SurfaceFlinger: id=52 createSurf (0x0),-1 flag=80404, Root#0
03-25 17:33:37.848   951  2467 I SurfaceFlinger: id=53 createSurf (0x0),-1 flag=80004, WindowedMagnification:0:31#0
03-25 17:33:37.848   951  2467 I SurfaceFlinger: id=54 createSurf (0x0),-1 flag=80004, HideDisplayCutout:0:16#0
03-25 17:33:37.848   951  2467 I SurfaceFlinger: id=55 createSurf (0x0),-1 flag=80004, OneHandedBackgroundPanel:0:1#0
03-25 17:33:37.849   951  2467 I SurfaceFlinger: id=56 createSurf (0x0),-1 flag=80004, OneHanded:0:1#0
03-25 17:33:37.849   951  2467 I SurfaceFlinger: id=57 createSurf (0x0),-1 flag=80004, FullscreenMagnification:0:1#0
03-25 17:33:37.849   951  2467 I SurfaceFlinger: id=58 createSurf (0x0),-1 flag=80004, Leaf:0:1#0
03-25 17:33:37.849   951  2467 I SurfaceFlinger: id=59 createSurf (0x0),-1 flag=80004, OneHanded:2:16#0
03-25 17:33:37.849   951  2467 I SurfaceFlinger: id=60 createSurf (0x0),-1 flag=80004, FullscreenMagnification:2:14#0
03-25 17:33:37.849   951  2467 I SurfaceFlinger: id=61 createSurf (0x0),-1 flag=80004, DefaultTaskDisplayArea#0
03-25 17:33:37.850   951  2467 I SurfaceFlinger: id=62 createSurf (0x0),-1 flag=80004, animationLayer#0
03-25 17:33:37.850   951  2467 I SurfaceFlinger: id=63 createSurf (0x0),-1 flag=80004, boostedAnimationLayer#0
03-25 17:33:37.850   951  2467 I SurfaceFlinger: id=64 createSurf (0x0),-1 flag=80004, homeAnimationLayer#0
03-25 17:33:37.850   951  2467 I SurfaceFlinger: id=65 createSurf (0x0),-1 flag=80004, splitScreenDividerAnchor#0
03-25 17:33:37.850   951  2467 I SurfaceFlinger: id=66 createSurf (0x0),-1 flag=80004, NaturalSwitchingAnchor#0
03-25 17:33:37.850   951  2467 I SurfaceFlinger: id=67 createSurf (0x0),-1 flag=80004, FreeformAnimationLayer#0
03-25 17:33:37.850   951  2467 I SurfaceFlinger: id=68 createSurf (0x0),-1 flag=80004, ImeAnchorInFreeformMode#0
03-25 17:33:37.851   951  2467 I SurfaceFlinger: id=69 createSurf (0x0),-1 flag=80004, Leaf:3:14#0
03-25 17:33:37.851   951  2467 I SurfaceFlinger: id=70 createSurf (0x0),-1 flag=80004, ImePlaceholder:15:16#0
03-25 17:33:37.851   951  2467 I SurfaceFlinger: id=71 createSurf (0x0),-1 flag=80004, ImeContainer#0
03-25 17:33:37.851   951  2467 I SurfaceFlinger: id=72 createSurf (0x0),-1 flag=80004, OneHanded:17:17#0
03-25 17:33:37.851   951  2467 I SurfaceFlinger: id=73 createSurf (0x0),-1 flag=80004, FullscreenMagnification:17:17#0
03-25 17:33:37.851   951  2467 I SurfaceFlinger: id=74 createSurf (0x0),-1 flag=80004, Leaf:17:17#0
03-25 17:33:37.852   951  2467 I SurfaceFlinger: id=75 createSurf (0x0),-1 flag=80004, HideDisplayCutout:18:18#0
03-25 17:33:37.852   951  2467 I SurfaceFlinger: id=76 createSurf (0x0),-1 flag=80004, OneHanded:18:18#0
03-25 17:33:37.852   951  2467 I SurfaceFlinger: id=77 createSurf (0x0),-1 flag=80004, FullscreenMagnification:18:18#0
03-25 17:33:37.852   951  2467 I SurfaceFlinger: id=78 createSurf (0x0),-1 flag=80004, Leaf:18:18#0
03-25 17:33:37.852   951  2467 I SurfaceFlinger: id=79 createSurf (0x0),-1 flag=80004, OneHanded:19:19#0
03-25 17:33:37.852   951  2467 I SurfaceFlinger: id=80 createSurf (0x0),-1 flag=80004, FullscreenMagnification:19:19#0
03-25 17:33:37.853   951  2467 I SurfaceFlinger: id=81 createSurf (0x0),-1 flag=80004, Leaf:19:19#0
03-25 17:33:37.853   951  2467 I SurfaceFlinger: id=82 createSurf (0x0),-1 flag=80004, HideDisplayCutout:20:23#0
03-25 17:33:37.853   951  2467 I SurfaceFlinger: id=83 createSurf (0x0),-1 flag=80004, OneHanded:20:23#0
03-25 17:33:37.853   951  2467 I SurfaceFlinger: id=84 createSurf (0x0),-1 flag=80004, FullscreenMagnification:20:23#0
03-25 17:33:37.853   951  2467 I SurfaceFlinger: id=85 createSurf (0x0),-1 flag=80004, Leaf:20:23#0
03-25 17:33:37.853   951  2467 I SurfaceFlinger: id=86 createSurf (0x0),-1 flag=80004, Leaf:24:25#0
03-25 17:33:37.854   951  2467 I SurfaceFlinger: id=87 createSurf (0x0),-1 flag=80004, HideDisplayCutout:26:31#0
03-25 17:33:37.854   951  2467 I SurfaceFlinger: id=88 createSurf (0x0),-1 flag=80004, OneHanded:26:31#0
03-25 17:33:37.854   951  2467 I SurfaceFlinger: id=89 createSurf (0x0),-1 flag=80004, FullscreenMagnification:26:27#0
03-25 17:33:37.854   951  2467 I SurfaceFlinger: id=90 createSurf (0x0),-1 flag=80004, Leaf:26:27#0
03-25 17:33:37.854   951  2467 I SurfaceFlinger: id=91 createSurf (0x0),-1 flag=80004, Leaf:28:28#0
03-25 17:33:37.854   951  2467 I SurfaceFlinger: id=92 createSurf (0x0),-1 flag=80004, FullscreenMagnification:29:31#0
03-25 17:33:37.855   951  2467 I SurfaceFlinger: id=93 createSurf (0x0),-1 flag=80004, Leaf:29:31#0
03-25 17:33:37.855   951  2467 I SurfaceFlinger: id=94 createSurf (0x0),-1 flag=80004, HideDisplayCutout:32:35#0
03-25 17:33:37.855   951  2467 I SurfaceFlinger: id=95 createSurf (0x0),-1 flag=80004, OneHanded:32:35#0
03-25 17:33:37.855   951  2467 I SurfaceFlinger: id=96 createSurf (0x0),-1 flag=80004, Leaf:32:32#0
03-25 17:33:37.855   951  2467 I SurfaceFlinger: id=97 createSurf (0x0),-1 flag=80004, FullscreenMagnification:33:35#0
03-25 17:33:37.855   951  2467 I SurfaceFlinger: id=98 createSurf (0x0),-1 flag=80004, Leaf:33:35#0
03-25 17:33:37.855   951  2467 I SurfaceFlinger: id=99 createSurf (0x0),-1 flag=80004, Leaf:36:36#0
03-25 17:33:37.856   951  2467 I SurfaceFlinger: id=100 createSurf (0x0),-1 flag=80404, Display Overlays#0
03-25 17:33:37.857  2685  2685 D TspStateManager: updateCustomValue customSetting=
03-25 17:33:37.858  2685  2685 D TspStateManager: updateCustomValue customSetting=
03-25 17:33:37.860  2685  2685 D TspStateManager: updateCustomValue customSetting=
03-25 17:33:37.860  2685  2685 D TspStateManager: updateCustomValue customSetting=
03-25 17:33:37.861  2685  2685 I ActivityTaskManager: Loaded persisted task ids for user 0
03-25 17:33:37.862   951  2467 I SurfaceFlinger: id=101 createSurf (0x0),-1 flag=24004, Task=1#0
03-25 17:33:37.862  2685  2685 D SystemServerTiming: SetWindowManagerService took to complete: 20ms
03-25 17:33:37.862  2685  2685 I SystemServerTiming: WindowManagerServiceOnInitReady
03-25 17:33:37.863  2685  2716 D TspStateManager: updateCustomValue customSetting=
03-25 17:33:37.867  2685  2716 I GenerationRegistry: mBackingStore.isClosed() : false
03-25 17:33:37.869  2685  2716 V Vibrator: semGetSupportedVibrationType: ret=4
03-25 17:33:37.871  2685  2716 D InputManager: checkInputFeature : features = 0x305
03-25 17:33:37.871  2685  2716 V KeyCustomizationInfoManager: loadSettingsLockedInternal
03-25 17:33:37.871  2685  2685 D SystemServerTiming: WindowManagerServiceOnInitReady took to complete: 9ms
03-25 17:33:37.871  2685  2685 I SystemServerTiming: StartVrManagerService
03-25 17:33:37.871  2685  2685 I SystemServiceManager: Starting com.android.server.vr.VrManagerService
03-25 17:33:37.872  2685  3155 I SystemServerTimingAsync: InitThreadPoolExec:StartHidlServices
03-25 17:33:37.872  2685  3155 I SystemServerTimingAsync: StartHidlServices
03-25 17:33:37.872  2685  2716 D KeyCustomizationInfoManager: loadSettings duration=1 version=1.0 userId=0 userSwitching=false
03-25 17:33:37.872  2685  2716 D PhoneWindowManagerExt:  updateDoublePressPowerBehavior  mPolicy.mDoublePressOnPowerBehavior : 104
03-25 17:33:37.872   625   625 I hwservicemanager: getTransport: Cannot find entry android.hardware.vr@1.0::IVr/default in either framework or device VINTF manifest.
03-25 17:33:37.872  2685  2685 W VrManagerService: init_native: Could not open IVr interface
03-25 17:33:37.872   624   637 I servicemanager: Adding 'u:r:system_server:s0' service (vrmanager:2685)
03-25 17:33:37.872  2685  2685 D SystemServerTiming: StartVrManagerService took to complete: 1ms
03-25 17:33:37.872  2685  2685 I SystemServerTiming: StartXrManagerService
03-25 17:33:37.872  2685  3155 I HidlServiceManagement: Registered android.frameworks.sensorservice@1.0::ISensorManager/default
03-25 17:33:37.872  2685  2685 I SystemServiceManager: Starting com.android.server.vr.XrManagerService
03-25 17:33:37.873  2685  2685 D XrManagerService: ---- XrManagerService onStart ----
03-25 17:33:37.873  2685  3155 I HidlServiceManagement: Registered android.frameworks.schedulerservice@1.0::ISchedulingPolicyService/default
03-25 17:33:37.873  2685  3155 D SystemServerTimingAsync: StartHidlServices took to complete: 1ms
03-25 17:33:37.873   624   637 I servicemanager: Adding 'u:r:system_server:s0' service (vr:2685)
03-25 17:33:37.873  2685  3155 D SystemServerTimingAsync: InitThreadPoolExec:StartHidlServices took to complete: 1ms
03-25 17:33:37.873  2685  2685 D SystemServerTiming: StartXrManagerService took to complete: 1ms
03-25 17:33:37.873  2685  2685 I SystemServerTiming: startDesktopModeService
03-25 17:33:37.873  2685  2685 I SystemServiceManager: Starting com.android.server.desktopmode.DesktopModeService$Lifecycle
03-25 17:33:37.876   624   637 I servicemanager: Adding 'u:r:system_server:s0' service (desktopmode:2685)
03-25 17:33:37.876  2685  2685 D SystemServerTiming: startDesktopModeService took to complete: 2ms
03-25 17:33:37.876  2685  2685 I SystemServerTiming: StartRemoteAppModeService
03-25 17:33:37.876  2685  2685 I SystemServiceManager: Starting com.android.server.remoteappmode.RemoteAppModeService$Lifecycle
03-25 17:33:37.877   624   637 I servicemanager: Adding 'u:r:system_server:s0' service (remoteappmode:2685)
03-25 17:33:37.877  2685  2685 D SystemServerTiming: StartRemoteAppModeService took to complete: 2ms
03-25 17:33:37.877  2685  2685 I SystemServerTiming: IcccManagerService
03-25 17:33:37.877  2685  2685 D SystemServerTiming: IcccManagerService took to complete: 0ms
03-25 17:33:37.877  2685  2685 I SystemServerTiming: StartInputManager
03-25 17:33:37.877  2685  2685 I InputManager: Starting input manager
03-25 17:33:37.880  2685  2685 D InputManager: write sysfs : glove_mode,0
03-25 17:33:37.880  2685  2685 D InputManager: accessibility service : com.samruston.buzzkill/com.samruston.buzzkill.background.accessibility.WorkaroundAccessibilityService:net.dinglisch.android.taskerm/net.dinglisch.android.taskerm.MyAccessibilityService:com.catchingnow.undo/com.catchingnow.undo.service.EditorPluginService:net.blumia.pineapple.lockscreen.oss/net.blumia.pineapple.accessibility.A11yService:com.balda.touchtask/com.balda.touchtask.services.ExecutorService:com.github.bmx666.appcachecleaner/com.github.bmx666.appcachecleaner.service.AppCacheCleanerService:com.buzbuz.smartautoclicker/com.buzbuz.smartautoclicker.SmartAutoClickerService:com.buzbuz.smartautoclicker.debug/com.buzbuz.smartautoclicker.SmartAutoClickerService:com.a0soft.gphone.acc.pro/com.a0soft.gphone.acc.acs.AutoAccessSrvc
03-25 17:33:37.880  2685  2685 D InputManager: talkbackEnabled : false
03-25 17:33:37.880  2685  2685 D InputDispatcher: mTalkBackMode : 0
03-25 17:33:37.880  2685  2685 D InputManager: checkInputFeature : features = 0x305
03-25 17:33:37.880  2685  2685 D InputManager: Write sysfs : aot_enable,1
03-25 17:33:37.881  2685  3159 D EventHub: No input device configuration file found for device 'als_rear'.
03-25 17:33:37.881  2685  2685 D InputManager: Send AOT On/Off, File not found: /sys/class/lcd/panel/aot
03-25 17:33:37.881  2685  2685 I InputManager-JNI: Setting show hovering feature to enabled.
03-25 17:33:37.882  2685  2685 D InputManager: SettingNotFoundException : primary mouse button
03-25 17:33:37.882  2685  2685 I InputManager-JNI: Setting primary mouse button location as 0.
03-25 17:33:37.882  2685  2685 I InputManager-JNI: Setting scroll speed as 1.
03-25 17:33:37.882  2685  2685 I InputManager-JNI: Setting use mouse acceleration as true.
03-25 17:33:37.882  2685  2685 I InputManager-JNI: Setting secondary button behavior as 1.
03-25 17:33:37.882  2685  2685 I InputManager-JNI: Setting tertiary button behavior as 3.
03-25 17:33:37.882  2685  2685 I InputManager-JNI: Setting back button behavior as 7.
03-25 17:33:37.882  2685  2685 I InputManager-JNI: Setting forward button behavior as 4.
03-25 17:33:37.883  2685  2685 D InputManager: updateTapToClickFromSetting : 1
03-25 17:33:37.883  2685  2685 D InputManager: updateReverseSwipeFromSetting : 0
03-25 17:33:37.883  2685  2685 I InputManager: updatePointerIcon color=0xffffff size=1.0
03-25 17:33:37.883  2685  2685 I PointerIcon: Changes PoinerIcons color=0xffffff size=1.0
03-25 17:33:37.883  2685  3159 D EventHub: No input device configuration file found for device 'grip_sensor'.
03-25 17:33:37.883  2685  2685 I InputManager: Disabling motion classifier because just booted: feature enabled, long press timeout = 500
03-25 17:33:37.883  2685  2685 I InputClassifier: Disabling motion classifier
03-25 17:33:37.884  2685  3159 D EventHub: No input device configuration file found for device 'grip_notifier'.
03-25 17:33:37.884  2685  3159 D EventHub: No input device configuration file found for device 'qpnp_pon'.
03-25 17:33:37.888  2685  3159 W EventHub: Unable to disable kernel key repeat for /dev/input/event0:Function not implemented
03-25 17:33:37.888  2685  3159 I EventHub: usingClockIoctl=true
03-25 17:33:37.888  2685  3159 I EventHub: New device: id=4, fd=356, path='/dev/input/event0', name='qpnp_pon', classes=KEYBOARD, configuration='', keyLayout='/system/usr/keylayout/Generic.kl', keyCharacterMap='/system/usr/keychars/Generic.kcm', builtinKeyboard=false,
03-25 17:33:37.889  2685  3159 I EventHub: usingClockIoctl=true
03-25 17:33:37.889  2685  3159 I EventHub: New device: id=5, fd=357, path='/dev/input/event11', name='certify_hall', classes=SWITCH, configuration='/system/usr/idc/certify_hall.idc', keyLayout='', keyCharacterMap='', builtinKeyboard=false,
03-25 17:33:37.890  2685  3159 D EventHub: No input device configuration file found for device 'sec_touchpad'.
03-25 17:33:37.893  2685  3159 W EventHub: Unable to disable kernel key repeat for /dev/input/event4:Function not implemented
03-25 17:33:37.893  2685  3159 I EventHub: usingClockIoctl=true
03-25 17:33:37.893  2685  3159 I EventHub: New device: id=6, fd=358, path='/dev/input/event4', name='sec_touchpad', classes=KEYBOARD | TOUCH | TOUCH_MT, configuration='', keyLayout='/system/usr/keylayout/Generic.kl', keyCharacterMap='/system/usr/keychars/Generic.kcm', builtinKeyboard=false,
03-25 17:33:37.893  2685  3159 D EventHub: No input device configuration file found for device 'meta_event'.
03-25 17:33:37.896  2685  3159 I EventHub: usingClockIoctl=true
03-25 17:33:37.896  2685  3159 I EventHub: New device: id=8, fd=359, path='/dev/input/event10', name='hall', classes=SWITCH, configuration='/system/usr/idc/hall.idc', keyLayout='', keyCharacterMap='', builtinKeyboard=false,
03-25 17:33:37.896  2685  3159 D EventHub: No input device configuration file found for device 'sec_touchproximity'.
03-25 17:33:37.897  2685  3159 D EventHub: No input device configuration file found for device 'gpio_keys'.
03-25 17:33:37.900  2685  3159 W EventHub: Unable to disable kernel key repeat for /dev/input/event9:Function not implemented
03-25 17:33:37.900  2685  3159 I EventHub: usingClockIoctl=true
03-25 17:33:37.900  2685  3159 I EventHub: New device: id=10, fd=360, path='/dev/input/event9', name='gpio_keys', classes=KEYBOARD, configuration='', keyLayout='/system/usr/keylayout/Generic.kl', keyCharacterMap='/system/usr/keychars/Generic.kcm', builtinKeyboard=false,
03-25 17:33:37.900  2685  3159 D EventHub: No input device configuration file found for device 'sec_touchscreen'.
03-25 17:33:37.903  2685  3159 W EventHub: Unable to disable kernel key repeat for /dev/input/event3:Function not implemented
03-25 17:33:37.903  2685  3159 I EventHub: usingClockIoctl=true
03-25 17:33:37.903  2685  3159 I EventHub: New device: id=11, fd=361, path='/dev/input/event3', name='sec_touchscreen', classes=KEYBOARD | TOUCH | TOUCH_MT, configuration='', keyLayout='/system/usr/keylayout/Generic.kl', keyCharacterMap='/system/usr/keychars/Generic.kcm', builtinKeyboard=false,
03-25 17:33:37.906  2685  3159 W EventHub: Unable to disable kernel key repeat for /dev/input/event2:Function not implemented
03-25 17:33:37.906  2685  3159 I EventHub: usingClockIoctl=true
03-25 17:33:37.906  2685  3159 I EventHub: New device: id=12, fd=362, path='/dev/input/event2', name='sec_e-pen', classes=KEYBOARD | TOUCH | SWITCH, configuration='/system/usr/idc/sec_e-pen.idc', keyLayout='/system/usr/keylayout/Generic.kl', keyCharacterMap='/system/usr/keychars/Generic.kcm', builtinKeyboard=false,
03-25 17:33:37.908  2685  3159 I InputReader: Device added: id=-1, eventHubId=-1, name='Virtual', descriptor='a718a782d34bc767f4689c232d64d527998ea7fd',sources=0x00000301
03-25 17:33:37.908  2685  3159 D InputReader: Device 2: switch 0, valid 80000
03-25 17:33:37.908  2685  3159 D InputReader: switch code map : 0x0a:0x1f,0x0b:0x1b,0x0c:0x1e,0x0f:0x13,0x10:0x15
03-25 17:33:37.908  2685  3159 W InputReader: could not find default display for sec_e-pen
03-25 17:33:37.908  2685  3159 W InputReader: Can't find designated display viewport with ID 0 for pointers.
03-25 17:33:37.908  2685  3159 I InputReader: Touch device 'sec_e-pen' could not query the propertiesof its associated display.  The device will be inoperable until the display size becomes available.
03-25 17:33:37.908  2685  3159 I InputReader: Device added: id=2, eventHubId=12, name='sec_e-pen', descriptor='8d3a4578bc04c65b36fda3518c1104ce811ed68e',sources=0x80005103
03-25 17:33:37.909  2685  3159 I InputReader: support feature by TSP : 0x305
03-25 17:33:37.909  2685  3159 I InputReader: support feature by TSP : 0x305
03-25 17:33:37.909  2685  3159 I InputReader: Touch device 'sec_touchscreen' could not query the properties of its associated display.  The device will be inoperable until the display size becomes available.
03-25 17:33:37.909  2685  3159 D InputReader: MultiTouchMotionAccumulator: initial slot number is 0
03-25 17:33:37.909  2685  3159 I InputReader: Device added: id=3, eventHubId=11, name='sec_touchscreen', descriptor='0fa9d3d0d40f7f5b316320876742e00ad5eb1ba9',sources=0x00001103
03-25 17:33:37.909  2685  3159 I InputReader: Device added: id=4, eventHubId=10, name='gpio_keys', descriptor='485d69228e24f5e46da1598745890b214130dbc4',sources=0x00000101
03-25 17:33:37.909  2685  3159 D InputReader: Device 5: switch 0, valid 200000
03-25 17:33:37.909  2685  3159 D InputReader: switch code map : 0x0a:0x1f,0x0b:0x1b,0x0c:0x1e,0x0f:0x13,0x10:0x15
03-25 17:33:37.909  2685  3159 I InputReader: Device added: id=5, eventHubId=8, name='hall', descriptor='2786157a00c35a5b99a9677f95108b156b14eb18',sources=0x80000000
03-25 17:33:37.909  2685  3159 W InputReader: could not find default display for sec_touchpad
03-25 17:33:37.909  2685  3159 W InputReader: Can't find designated display viewport with ID 0 for pointers.
03-25 17:33:37.909  2685  3159 I InputReader: Touch device 'sec_touchpad' could not query the properties of its associated display.  The device will be inoperable until the display size becomes available.
03-25 17:33:37.909  2685  3159 D InputReader: MultiTouchMotionAccumulator: initial slot number is 0
03-25 17:33:37.909  2685  3159 I InputReader: Device added: id=6, eventHubId=6, name='sec_touchpad', descriptor='6bb78087f323d376bc537679f3f2a4c034fb4659',sources=0x00003103
03-25 17:33:37.909  2685  3159 D InputReader: deviceId 6 is Touchpad sec_touchpad
03-25 17:33:37.909  2685  3159 D InputDispatcher: Touchpad deviceId 6 : /dev/input/event4
03-25 17:33:37.909  2685  3159 D InputReader: Device 7: switch 0, valid 8000000
03-25 17:33:37.909  2685  3159 D InputReader: switch code map : 0x0a:0x1f,0x0b:0x1b,0x0c:0x1e,0x0f:0x13,0x10:0x15
03-25 17:33:37.909  2685  3159 I InputReader: Device added: id=7, eventHubId=5, name='certify_hall', descriptor='5a992b125b028d8005f2be21d193b9e73694f332',sources=0x80000000
03-25 17:33:37.909  2685  3159 I InputReader: Device added: id=8, eventHubId=4, name='qpnp_pon', descriptor='fb60d4f4370f5dbe8267b63d38dea852987571ab',sources=0x00000101
03-25 17:33:37.909  2685  3159 D InputReader: verified(0->0), type(-1->-1), front(-1->0), back(0->0),glove(0->0), penCover(0->0), pogo(0->0), notify(1)
03-25 17:33:37.909  2685  3159 D InputReader: TspCmd: clear_cover_mode,0
03-25 17:33:37.909  2685  3159 D InputReader: PenCmd: clear_cover_mode,0
03-25 17:33:37.910  2685  3159 D InputReader: Could not open TSP sysfs for touchkey_flip_mode
03-25 17:33:37.910  2685  3159 D InputReader: TouchkeyFlipMode: 0
03-25 17:33:37.910  2685  3159 D InputReader: Could not open TSP sysfs for touchkey_glove_mode
03-25 17:33:37.910  2685  3159 D InputReader: TouchkeyGloveMode: 0
03-25 17:33:37.910  2685  3159 D InputReader: EpenCoverMode: set_cover_type,0
03-25 17:33:37.910  2685  3159 I InputReader: Reconfiguring input devices, changes=POINTER_SPEED | SHOW_HOVERING | GENERAL_STATUS | MOUSE_BUTTON_BEHAVIOR |  360449
03-25 17:33:37.910  2685  3159 W InputReader: could not find default display for sec_touchpad
03-25 17:33:37.910  2685  3159 W InputReader: Can't find designated display viewport with ID 0 for pointers.
03-25 17:33:37.910  2685  3159 I InputReader: Touch device 'sec_touchpad' could not query the properties of its associated display.  The device will be inoperable until the display size becomes available.
03-25 17:33:37.910  2685  3159 I InputReader: Touch device 'sec_touchscreen' could not query the properties of its associated display.  The device will be inoperable until the display size becomes available.
03-25 17:33:37.910  2685  3159 W InputReader: could not find default display for sec_e-pen
03-25 17:33:37.910  2685  3159 W InputReader: Can't find designated display viewport with ID 0 for pointers.
03-25 17:33:37.910  2685  3159 I InputReader: Touch device 'sec_e-pen' could not query the propertiesof its associated display.  The device will be inoperable until the display size becomes available.
03-25 17:33:37.972  2685  2685 D SystemServerTiming: StartInputManager took to complete: 95ms
03-25 17:33:37.972  2685  2685 I SystemServer: VoIPInterfaceManager Service
03-25 17:33:37.973  2685  2685 D VoIPInterfaceManager: VoIPInterfaceManager()...
03-25 17:33:37.973  2685  2685 E BluetoothAdapter: Bluetooth binder is null
03-25 17:33:37.973  2685  2685 E VoIPInterfaceManager: BluetoothAdapter is null
03-25 17:33:37.973  2685  2685 D VoIPInterfaceManager: START VOIPINTERFACE SERVICE
03-25 17:33:37.974   624   637 I servicemanager: Adding 'u:r:system_server:s0' service (voip:2685)
03-25 17:33:37.974  2685  2685 I SystemServerTiming: DisplayManagerWindowManagerAndInputReady
03-25 17:33:37.974  2685  2685 D SystemServerTiming: DisplayManagerWindowManagerAndInputReady took tocomplete: 0ms
03-25 17:33:37.974  2685  2685 I SystemServerTiming: StartBluetoothService
03-25 17:33:37.974  2685  2685 I SystemServiceManager: Starting com.android.server.BluetoothService
03-25 17:33:37.974  2685  2718 I LogicalDisplayMapper: Requesting Transition to state: 0
03-25 17:33:37.974  2685  2718 I LogicalDisplayMapper: Applying layout: [{addr: {port=129, model=0x40446df8ca940a}, dispId: 0(ON)}], Previous layout: [{addr: {port=129, model=0x40446df8ca940a}, dispId: 0(ON)}]
03-25 17:33:37.975  2685  2685 D SecContentProvider: query(), uri = 3 selection = isBluetoothEnabled
03-25 17:33:37.975  2685  2685 D SecContentProvider: called from android.uid.system:1000
03-25 17:33:37.976  2685  2685 D SecContentProvider: query(), uri = 3 selection = isBLEAllowed
03-25 17:33:37.976  2685  2685 D SecContentProvider: called from android.uid.system:1000
03-25 17:33:37.976  2685  2685 D BluetoothManagerService: Detected SystemUiUid: 10038
03-25 17:33:37.976  2685  2685 D SystemServerTiming: StartBluetoothService took to complete: 2ms
03-25 17:33:37.976  2685  2685 I SystemServer: Hqm Service
03-25 17:33:37.980  2685  2685 I HqmInfo::HqmManagerService: Start
03-25 17:33:37.981  2685  2685 I HqmInfo::a: log level : 10
03-25 17:33:37.981  2685  2685 I HqmInfo::HqmManagerService: Hqm - Enable
03-25 17:33:37.993  2685  2685 I HqmInfo::f: set DQ
03-25 17:33:38.005   625   625 I hwservicemanager: Since vendor.samsung.hardware.hqm@1.0::ISehHqm/default is not registered, trying to start it as a lazy HAL.
03-25 17:33:38.006   625   625 I hwservicemanager: Since vendor.samsung.hardware.hqm@1.0::ISehHqm/default is not registered, trying to start it as a lazy HAL.
03-25 17:33:38.006  2685  2685 I HidlServiceManagement: getService: Trying again for vendor.samsung.hardware.hqm@1.0::ISehHqm/default...
03-25 17:33:38.016  3164  3164 D vendor.samsung.hardware.hqm@1.0-service: SehHqm-1.0 starts
03-25 17:33:38.016  3164  3164 I vendor.samsung.hardware.hqm@1.0-service: Registering HAL: vendor.samsung.hardware.hqm@1.0::ISehHqm with name: default
03-25 17:33:38.017  3164  3164 I HidlServiceManagement: Registered vendor.samsung.hardware.hqm@1.0::ISehHqm/default
03-25 17:33:38.017  3164  3164 I HidlServiceManagement: Removing namespace from process name vendor.samsung.hardware.hqm@1.0-service to hqm@1.0-service.
03-25 17:33:38.018  2685  2685 I android_os_HwBinder: HwBinder: Starting thread pool for getting: vendor.samsung.hardware.hqm@1.0::ISehHqm/default
03-25 17:33:38.018   625   625 I hw-BpHwBinder: onLastStrongRef automatically unlinking death recipients
03-25 17:33:38.019  3164  3164 E Hqm_hidl_k: Hqm readSysfs /sys/class/scsi_host/host0/lt
03-25 17:33:38.020  3164  3164 E Hqm_hidl_k: read val : 4
03-25 17:33:38.020  3164  3164 E Hqm_hidl_k:
03-25 17:33:38.020  3164  3164 E Hqm_hidl_k: Hqm readSysfs /sys/class/scsi_host/host0/sense_err_logging
03-25 17:33:38.020  3164  3164 E Hqm_hidl_k: read val : "LBA0":"0","LBA1":"0","LBA2":"0","LBA3":"0","LBA4":"0","LBA5":"0","LBA6":"0","LBA7":"0","LBA8":"0","LBA9":"0","REGIONMAP":"0000000000000000"
03-25 17:33:38.020  3164  3164 E Hqm_hidl_k:
03-25 17:33:38.021  3164  3164 E Hqm_hidl_k: Hqm readSysfs /sys/class/scsi_host/host0/SEC_UFS_TW_info
03-25 17:33:38.021  3164  3164 E Hqm_hidl_k: read val : "TWCTRLCNT":"1","TWCTRLERRCNT":"0","TWDAILYMB":"1","TWTOTALMB":"8","H8CNT":"137","H8MS":"107963","H8CNT100MS":"59","H8MS100MS":"105013","H8MAXMS":"23823","TWhours":"0"
03-25 17:33:38.021  3164  3164 E Hqm_hidl_k:
03-25 17:33:38.021  3164  3164 E Hqm_hidl_k: Hqm readSysfs /sys/class/sec/mmc/mmc_data
03-25 17:33:38.021  3164  3164 E Hqm_hidl_k: Hqm HAL : /sys/class/sec/mmc/mmc_data is null
03-25 17:33:38.021  3164  3164 E Hqm_hidl_k: Hqm readSysfs /sys/class/sec/sddata/sd_data
03-25 17:33:38.021  3164  3164 E Hqm_hidl_k: read val : "GE":"0","CC":"0","ECC":"0","WP":"0","OOR":"0","CRC":"0","TMO":"0"
03-25 17:33:38.021  3164  3164 E Hqm_hidl_k:
03-25 17:33:38.022  3164  3164 E Hqm_hidl_k: Hqm readSysfs /sys/class/fingerprint/fingerprint/name
03-25 17:33:38.022  3164  3164 E Hqm_hidl_k: read val : QBT2000
03-25 17:33:38.022  3164  3164 E Hqm_hidl_k:
03-25 17:33:38.023  3164  3164 E Hqm_hidl_k: Hqm readSysfs /sys/class/fingerprint/fingerprint/name
03-25 17:33:38.023  3164  3164 E Hqm_hidl_k: read val : QBT2000
03-25 17:33:38.023  3164  3164 E Hqm_hidl_k:
03-25 17:33:38.023  3164  3164 E Hqm_hidl_k: Hqm readSysfs /sys/class/fingerprint/fingerprint/name
03-25 17:33:38.023  3164  3164 E Hqm_hidl_k: read val : QBT2000
03-25 17:33:38.023  3164  3164 E Hqm_hidl_k:
03-25 17:33:38.024   624   727 I servicemanager: Adding 'u:r:system_server:s0' service (HqmManagerService:2685)
03-25 17:33:38.024  2685  2685 I SystemServerTiming: HcmManagerService
03-25 17:33:38.025  2685  2685 E SystemServer: HcmManagerService ApmSwitch = 0
03-25 17:33:38.028  2685  2685 I system_server: Waiting for a blocking GC ClassLinker
03-25 17:33:38.051  2685  2685 I system_server: WaitForGcToComplete blocked ClassLinker on Backgroundfor 22.400ms
03-25 17:33:38.051  2685  2685 D LazyService: HcmManagerService addService
03-25 17:33:38.051  2685  2685 D SystemServerTiming: HcmManagerService took to complete: 26ms
03-25 17:33:38.051  2685  2685 I SystemServerTiming: IpConnectivityMetrics
03-25 17:33:38.051  2685  2685 I SystemServiceManager: Starting com.android.server.connectivity.IpConnectivityMetrics
03-25 17:33:38.051  2685  2685 D SystemServerTiming: IpConnectivityMetrics took to complete: 1ms
03-25 17:33:38.051  2685  2685 I SystemServerTiming: NetworkWatchlistService
03-25 17:33:38.051  2685  2685 I SystemServiceManager: Starting com.android.server.net.watchlist.NetworkWatchlistService$Lifecycle
03-25 17:33:38.052  2685  2685 I WatchlistSettings: Reload watchlist settings done
03-25 17:33:38.053  2685  3167 I WatchlistLoggingHandler: No need to aggregate record yet.
03-25 17:33:38.053  2685  3167 I WatchlistLoggingHandler: Milliseconds spent on tryAggregateRecords(): 0
03-25 17:33:38.053   624   727 I servicemanager: Adding 'u:r:system_server:s0' service (network_watchlist:2685)
03-25 17:33:38.053  2685  2685 D SystemServerTiming: NetworkWatchlistService took to complete: 1ms
03-25 17:33:38.053  2685  2685 I SystemServerTiming: PinnerService
03-25 17:33:38.053  2685  2685 I SystemServiceManager: Starting com.android.server.PinnerService
03-25 17:33:38.053  2685  2685 V HistoricalRegistry: Interaction before persistence initialized
03-25 17:33:38.054   624   727 I servicemanager: Adding 'u:r:system_server:s0' service (pinner:2685)
03-25 17:33:38.054  2685  2685 D SystemServerTiming: PinnerService took to complete: 1ms
03-25 17:33:38.054  2685  2685 I SystemServerTiming: IorapForwardingService
03-25 17:33:38.054  2685  2685 I SystemServiceManager: Starting com.google.android.startop.iorap.IorapForwardingService
03-25 17:33:38.054  2685  2685 D SystemServerTiming: IorapForwardingService took to complete: 0ms
03-25 17:33:38.054  2685  2685 I SystemServerTiming: SignedConfigService
03-25 17:33:38.054  2685  2685 D SystemServerTiming: SignedConfigService took to complete: 0ms
03-25 17:33:38.054  2685  2685 I SystemServerTiming: AppIntegrityService
03-25 17:33:38.054  2685  2685 I SystemServiceManager: Starting com.android.server.integrity.AppIntegrityManagerService
03-25 17:33:38.055  2685  2685 E IntegrityFileManager: Error creating staging and rules directory
03-25 17:33:38.055   624   727 I servicemanager: Adding 'u:r:system_server:s0' service (app_integrity:2685)
03-25 17:33:38.055  2685  2685 D SystemServerTiming: AppIntegrityService took to complete: 1ms
03-25 17:33:38.055  2685  2685 I SystemServerTiming: SecIpmManagerService
03-25 17:33:38.056  2685  2685 I SystemServiceManager: Starting com.android.server.ipm.SecIpmManagerService
03-25 17:33:38.057   624   727 I servicemanager: Adding 'u:r:system_server:s0' service (PkgPredictorService:2685)
03-25 17:33:38.057  2685  2685 D SystemServerTiming: SecIpmManagerService took to complete: 1ms
03-25 17:33:38.057  2685  2685 I SystemServerTiming: detectSafeMode
03-25 17:33:38.057  2685  2685 I SystemServer: !@Boot_EBS_D: detectSafeMode
03-25 17:33:38.058  2685  2685 I WindowManager: SAFE MODE not enabled
03-25 17:33:38.058  2685  2685 D SystemServerTiming: detectSafeMode took to complete: 1ms
03-25 17:33:38.058  2685  2685 I SystemServerTiming: StartInputMethodManagerLifecycle
03-25 17:33:38.058  2685  2685 I SystemServiceManager: Starting com.android.server.inputmethod.InputMethodManagerService$Lifecycle
03-25 17:33:38.061  2685  2685 D InputMethodManagerService: Initial default ime = com.samsung.android.honeyboard/.service.HoneyBoardService mImeSelectedOnBoot :true
03-25 17:33:38.061  2685  2685 I InputMethodManagerService: Spen input enable
03-25 17:33:38.061   624   727 I servicemanager: Adding 'u:r:system_server:s0' service (input_method:2685)
03-25 17:33:38.061  2685  2685 D SystemServerTiming: StartInputMethodManagerLifecycle took to complete: 4ms
03-25 17:33:38.061  2685  2685 I SystemServerTiming: StartAccessibilityManagerService
03-25 17:33:38.061  2685  2685 I SystemServiceManager: Starting com.android.server.accessibility.AccessibilityManagerService$Lifecycle
03-25 17:33:38.065  2685  2685 D SettingsProvider: isChangeAllowed() : name = accessibility_magnification_activated
03-25 17:33:38.066  2685  2685 I AccessibilityManagerService: register AODStateContentObserver
03-25 17:33:38.066   624   727 I servicemanager: Adding 'u:r:system_server:s0' service (accessibility:2685)
03-25 17:33:38.066  2685  2685 D SystemServerTiming: StartAccessibilityManagerService took to complete: 5ms
03-25 17:33:38.066  2685  2685 I SystemServerTiming: MakeDisplayReady
03-25 17:33:38.066  2685  2685 D SettingsProvider: isChangeAllowed() : name = display_size_forced
03-25 17:33:38.067  2685  2685 D SettingsProvider: isChangeAllowed() : name = display_density_forced
03-25 17:33:38.067  2685  2685 D TspStateManager: updateCustomValue customSetting=
03-25 17:33:38.067  2685  2685 V WindowManager: updateDisplayAndOrientation: Change 501.041x498.167dpi to 375.78073x373.62524dpi, BaseDpi=501.041x498.167, DisplayRatio=0.75x0.75
03-25 17:33:38.068  2685  2685 W InputReader: Device sec_touchpad is associated with display ADISPLAY_ID_NONE.
03-25 17:33:38.068  2685  2685 W InputReader: Device sec_touchscreen is associated with display ADISPLAY_ID_NONE.
03-25 17:33:38.068  2685  2685 W InputReader: Device sec_e-pen is associated with display ADISPLAY_ID_NONE.
03-25 17:33:38.068  2685  2685 D TspStateManager: updateCustomValue customSetting=
03-25 17:33:38.068  2685  2685 W InputReader: Device sec_touchpad is associated with display ADISPLAY_ID_NONE.
03-25 17:33:38.068  2685  2685 W InputReader: Device sec_touchscreen is associated with display ADISPLAY_ID_NONE.
03-25 17:33:38.068  2685  2685 W InputReader: Device sec_e-pen is associated with display ADISPLAY_ID_NONE.
03-25 17:33:38.068  2685  2685 D TspStateManager: updateCustomValue customSetting=
03-25 17:33:38.069  2685  2685 D TspStateManager: updateCustomValue customSetting=
03-25 17:33:38.069  2685  2685 W InputReader: Device sec_touchpad is associated with display ADISPLAY_ID_NONE.
03-25 17:33:38.069  2685  2685 W InputReader: Device sec_touchscreen is associated with display ADISPLAY_ID_NONE.
03-25 17:33:38.069  2685  2685 W InputReader: Device sec_e-pen is associated with display ADISPLAY_ID_NONE.
03-25 17:33:38.070  2685  2685 D TspStateManager: updateCustomValue customSetting=
03-25 17:33:38.070  2685  2685 I ActivityTaskManager: Config changes=20005df8 {1.0 ?mcc?mnc [en_US] ldltr sw411dp w411dp h788dp 420dpi nrml long port ?uimode ?night -touch -keyb/v/h -nav/h winConfig={ mBounds=Rect(0, 0 - 1080, 2280) mAppBounds=Rect(0, 85 - 1080, 2154) mMaxBounds=Rect(0, 0 - 1080, 2280) mWindowingMode=fullscreen mDisplayWindowingMode=fullscreen mActivityType=undefined mAlwaysOnTop=undefined mRotation=ROTATION_0 mPopOver=undefined mFreeformTaskPinningState=undefined} s.2 ?fontWeightAdjustment ff=0 bf=-1 bts=-1 desktop/d dm/n ?dc ?dcui ?dcaf enb/d themeSeq=0}
03-25 17:33:38.070  2685  2685 I WindowManager: Override config changes=60007dfc {1.0 ?mcc?mnc [en_US] ldltr sw411dp w411dp h788dp 420dpi nrml long port ?uimode ?night -touch -keyb/v/h -nav/h winConfig={mBounds=Rect(0, 0 - 1080, 2280) mAppBounds=Rect(0, 85 - 1080, 2154) mMaxBounds=Rect(0, 0 - 1080, 2280) mWindowingMode=fullscreen mDisplayWindowingMode=fullscreen mActivityType=undefined mAlwaysOnTop=undefined mRotation=ROTATION_0 mPopOver=undefined mFreeformTaskPinningState=undefined} s.2 ?fontWeightAdjustment ff=0 bf=-1 bts=-1 desktop/d dm/n ?dc ?dcui ?dcaf enb/d themeSeq=0} for displayId=0
03-25 17:33:38.071  2685  2685 D TspStateManager: updateCustomValue customSetting=
03-25 17:33:38.071  2685  2685 I MultiTaskingController: onConfigurationChangedLocked: display#0, configChanges=0x60007dfc, scaleW=0.75, scaleH=0.75, prevScreenBounds=Rect(0, 0 - 1440, 3040), nextScreenBounds=Rect(0, 0 - 1080, 2280)
03-25 17:33:38.071  2685  2685 I DecorCaptionResources: updateDisplayMetrics: base config={1.0 ?mcc?mnc [en_US] ldltr sw411dp w411dp h788dp 420dpi nrml long port ?uimode ?night -touch -keyb/v/h -nav/h winConfig={ mBounds=Rect(0, 0 - 1080, 2280) mAppBounds=Rect(0, 85 - 1080, 2154) mMaxBounds=Rect(0, 0 - 1080, 2280) mWindowingMode=fullscreen mDisplayWindowingMode=fullscreen mActivityType=undefined mAlwaysOnTop=undefined mRotation=ROTATION_0 mPopOver=undefined mFreeformTaskPinningState=undefined} s.2 ?fontWeightAdjustment ff=0 bf=-1 bts=-1 desktop/d dm/n ?dc ?dcui ?dcaf enb/d themeSeq=0}
03-25 17:33:38.071  2685  2685 I DecorCaptionResources: updateDisplayMetrics: density=2.625
03-25 17:33:38.071  2685  2685 I DecorCaptionResources: updateDisplayMetrics: packageName=android, dsf=1.0
03-25 17:33:38.071  2685  2685 I DecorCaptionResources: updateDisplayMetrics: dst=2.625, sdst=2.625
03-25 17:33:38.071  2685  2685 I DecorCaptionResources: Success. Get locale information from system: en_US
03-25 17:33:38.072  2685  2685 D SurfaceControl: setDisplayProjection, displayToken=android.os.BinderProxy@bdbc087, orientation=0, layerStackRect=Rect(0, 0 - 1080, 2280), displayRect=Rect(0, 0 - 1440, 3040)
03-25 17:33:38.073  2483  2490 E PerfHint: PerfHint release
03-25 17:33:38.073  2483  2490 E perfmond: [PERFMOND][BOTTLENECK_HINT]  HINT OFF  WIN=0 AVG=28
03-25 17:33:38.073  2685  2685 V Vibrator: semGetSupportedVibrationType: ret=4
03-25 17:33:38.074  2685  2685 W InputReader: Device sec_touchpad is associated with display ADISPLAY_ID_NONE.
03-25 17:33:38.074  2685  2685 W InputReader: Device sec_touchscreen is associated with display ADISPLAY_ID_NONE.
03-25 17:33:38.074  2685  2685 W InputReader: Device sec_e-pen is associated with display ADISPLAY_ID_NONE.
03-25 17:33:38.074  2685  2685 D TspStateManager: updateCustomValue customSetting=
03-25 17:33:38.074  2685  2685 I ActivityTaskManager: Config changes=8 {1.0 ?mcc?mnc [en_US] ldltr sw411dp w411dp h788dp 420dpi nrml long port ?uimode ?night finger -keyb/v/h -nav/h winConfig={ mBounds=Rect(0, 0 - 1080, 2280) mAppBounds=Rect(0, 85 - 1080, 2154) mMaxBounds=Rect(0, 0 - 1080, 2280) mWindowingMode=fullscreen mDisplayWindowingMode=fullscreen mActivityType=undefined mAlwaysOnTop=undefined mRotation=ROTATION_0 mPopOver=undefined mFreeformTaskPinningState=undefined} s.4 ?fontWeightAdjustment ff=0 bf=-1 bts=-1 desktop/d dm/n ?dc ?dcui ?dcaf enb/d themeSeq=0}
03-25 17:33:38.074  2685  2685 I WindowManager: Override config changes=8 {1.0 ?mcc?mnc [en_US] ldltrsw411dp w411dp h788dp 420dpi nrml long port ?uimode ?night finger -keyb/v/h -nav/h winConfig={ mBounds=Rect(0, 0 - 1080, 2280) mAppBounds=Rect(0, 85 - 1080, 2154) mMaxBounds=Rect(0, 0 - 1080, 2280) mWindowingMode=fullscreen mDisplayWindowingMode=fullscreen mActivityType=undefined mAlwaysOnTop=undefined mRotation=ROTATION_0 mPopOver=undefined mFreeformTaskPinningState=undefined} s.4 ?fontWeightAdjustment ff=0 bf=-1 bts=-1 desktop/d dm/n ?dc ?dcui ?dcaf enb/d themeSeq=0} for displayId=0
03-25 17:33:38.074  2685  2685 D TspStateManager: updateCustomValue customSetting=
03-25 17:33:38.075  2685  2685 I MultiTaskingController: onConfigurationChangedLocked: display#0, configChanges=0x8, scaleW=1.0, scaleH=1.0, prevScreenBounds=Rect(0, 0 - 1080, 2280), nextScreenBounds=Rect(0, 0 - 1080, 2280)
03-25 17:33:38.075  2685  2685 D SystemServerTiming: MakeDisplayReady took to complete: 8ms
03-25 17:33:38.075  2685  2685 I SystemServerTiming: GameSDKService
03-25 17:33:38.075  2685  2685 I SystemServer: GameSDKService
03-25 17:33:38.077  2685  2718 I DynamicHiddenApp_TASK_SNAPSHOT: start update max task snapshot number
03-25 17:33:38.077  2685  2718 I DynamicHiddenApp_TASK_SNAPSHOT: update max task snapshot number, physical memory: 12, current resolution : 2
03-25 17:33:38.077  2685  2718 I DynamicHiddenApp_TASK_SNAPSHOT: TaskSnapShot : 10, CurRes : 2
03-25 17:33:38.077  2685  2718 I ActivityManager: change Max_Cached : 22
03-25 17:33:38.078  2685  2718 D InputManager-JNI: Viewport [0] type:1, displayId=0, uniqueId=local:4630947232161729153, orientation=0, logicalFrame=[0, 0][1080, 2280], physicalFrame=[0, 0][1440, 3040], deviceSize=[1440, 3040]
03-25 17:33:38.078  2685  2738 D EmergencyMode: [EmergencyManager] getBootState: init.svc.bootanim isrunning : true
03-25 17:33:38.078  2685  3145 D MotionRecognitionService:   mReceiver.onReceive : CONFIGURATION_CHANGED
03-25 17:33:38.078  2685  3145 D MotionRecognitionService: [AUTO_ROTATION] inject auto rotation : 0
03-25 17:33:38.078  2685  3145 D SensorService: Motion injection
03-25 17:33:38.078  2685  3145 D SensorService: [EAR_TOUCH] : INJECT_AUTO_ROTATION ++++
03-25 17:33:38.078  2685  3145 E SensorService: [EARPROXIMITY] getScreenRotation -  1711406018   78856
03-25 17:33:38.079  2685  3159 I InputReader: Reconfiguring input devices, changes=DISPLAY_INFO |  4
03-25 17:33:38.080  2685  3159 D MouseCursorController: dex type: -1
03-25 17:33:38.080  2685  3159 D MouseCursorController: move pointer to default -1->-1 (0.0, 0.0)
03-25 17:33:38.080  2685  3159 D MouseCursorController: setDexViewport id=-1. type=1, logicalFrame=[0, 0][0, 0]
03-25 17:33:38.080  2685  3159 D InputManager: notifyDisplayIdChangedByUser: 0
03-25 17:33:38.080  2685  3159 D MouseCursorController: loadResourcesLocked for display 0
03-25 17:33:38.083  2685  2685 I GameSDK@LifeCycle: [SUCCESS] Success to register UsageStatsWatcher
03-25 17:33:38.084  2685  2685 I GameSDK@LifeCycle: [SUCCESS] Success to register MultiWindowEventListener
03-25 17:33:38.084   624   727 I servicemanager: Adding 'u:r:system_server:s0' service (gamesdk:2685)
03-25 17:33:38.084  2685  2685 I SystemServer: GameSDKService loaded
03-25 17:33:38.084  2685  2685 D SystemServerTiming: GameSDKService took to complete: 10ms
03-25 17:33:38.085  2685  2685 I SystemServerTiming: Bluetooth Secure Mode Manager Service
03-25 17:33:38.085  2685  2685 I SystemServer: Bluetooth Secure Mode Manager Service
03-25 17:33:38.085  2685  3145 D MotionRecognitionService:   mReceiver.onReceive : CONFIGURATION_CHANGED
03-25 17:33:38.085  2685  2685 D LazyService: bluetooth_secure_mode_manager addService
03-25 17:33:38.085  2685  2685 D SystemServerTiming: Bluetooth Secure Mode Manager Service took to complete: 0ms
03-25 17:33:38.085  2685  2685 I SystemServerTiming: GameManagerService
03-25 17:33:38.085  2685  3145 D MotionRecognitionService: [AUTO_ROTATION] inject auto rotation : 0
03-25 17:33:38.085  2685  3145 D SensorService: Motion injection
03-25 17:33:38.085  2685  3145 D SensorService: [EAR_TOUCH] : INJECT_AUTO_ROTATION ++++
03-25 17:33:38.085  2685  3145 E SensorService: [EARPROXIMITY] getScreenRotation -  1711406018   85200
03-25 17:33:38.089  2685  2685 I SystemServiceManager: Starting com.samsung.android.game.GameManagerService$Lifecycle
03-25 17:33:38.090  2685  2685 I SGM:GameManager: ctor
03-25 17:33:38.090  2685  2685 I SGM:DatabaseHelper: create a DatabaseHelper
03-25 17:33:38.091  2685  2685 D SGM:PkgDataHelper: putPkgData(). com.samsung.android.game.gametools,userId = 0
03-25 17:33:38.091  2685  2685 D SGM:PkgDataHelper: putPkgData(). io.github.plastix.buzz, userId = 0
03-25 17:33:38.091  2685  2685 D SGM:PkgDataHelper: putPkgData(). com.rodocodo.codehour, userId = 0
03-25 17:33:38.091  2685  2685 D SGM:PkgDataHelper: putPkgData(). com.thevoxelagents.tc3, userId = 0
03-25 17:33:38.091  2685  2685 D SGM:PkgDataHelper: putPkgData(). smellymoo.sand, userId = 0
03-25 17:33:38.091  2685  2685 D SGM:PkgDataHelper: putPkgData(). com.giantssoftware.fs14, userId = 0
03-25 17:33:38.091  2685  2685 D SGM:PkgDataHelper: putPkgData(). com.coldvisionstudio.Scubotica, userId = 0
03-25 17:33:38.091  2685  2685 D SGM:PkgDataHelper: putPkgData(). com.pid.rotoforce, userId = 0
03-25 17:33:38.091  2685  2685 D SGM:PkgDataHelper: putPkgData(). com.nianticlabs.pokemongo, userId =0
03-25 17:33:38.091  2685  2685 D SGM:PkgDataHelper: putPkgData(). com.samsung.android.game.gamelab, userId = 0
03-25 17:33:38.091  2685  2685 D SGM:PkgDataHelper: putPkgData(). mob.play.rflx, userId = 0
03-25 17:33:38.091  2685  2685 D SGM:PkgDataHelper: putPkgData(). club.onepercent.chess, userId = 0
03-25 17:33:38.091  2685  2685 D SGM:PkgDataHelper: putPkgData(). fun.gamergarden.blumos, userId = 0
03-25 17:33:38.091  2685  2685 D SGM:PkgDataHelper: putPkgData(). com.koplagames.kopla01, userId = 0
03-25 17:33:38.091  2685  2685 D SGM:PkgDataHelper: putPkgData(). com.infinity.traffix, userId = 0
03-25 17:33:38.091  2685  2685 D SGM:PkgDataHelper: putPkgData(). com.vottzapps.wordle, userId = 0
03-25 17:33:38.091  2685  2685 D SGM:PkgDataHelper: putPkgData(). com.vido.vidosy, userId = 0
03-25 17:33:38.091  2685  2685 D SGM:PkgDataHelper: putPkgData(). com.herocraft.game.zombiederby.pixel.survival, userId = 0
03-25 17:33:38.091  2685  2685 D SGM:PkgDataHelper: putPkgData(). com.samsung.android.game.gamehome, userId = 0
03-25 17:33:38.092  2685  2685 D SGM:PkgDataHelper: putPkgData(). indie.tactixo.heptall, userId = 0
03-25 17:33:38.092  2685  2685 D SGM:PkgDataHelper: putPkgData(). com.mojang.minecraftpe, userId = 0
03-25 17:33:38.092  2685  2685 D SGM:PkgDataHelper: putPkgData(). com.kidapps.the_rat_race, userId = 0
03-25 17:33:38.092  2685  2685 D SGM:PkgDataHelper: putPkgData(). com.SyGame.Capitalism, userId = 0
03-25 17:33:38.092  2685  2685 D SGM:PkgDataHelper: putPkgData(). co.uk.exocron.android.qlango, userId = 0
03-25 17:33:38.092  2685  2685 D SGM:PkgDataHelper: putPkgData(). com.rb.neuriva, userId = 0
03-25 17:33:38.092  2685  2685 D SGM:PkgDataHelper: putPkgData(). com.chucklefish.stardewvalley, userId = 0
03-25 17:33:38.092  2685  2685 D SGM:PkgDataHelper: putPkgData(). com.sec.android.app.samsungapps, userId = 0
03-25 17:33:38.092  2685  2685 D SGM:PkgDataHelper: putPkgData(). com.samsung.accessory.popcornmgr, userId = 0
03-25 17:33:38.092  2685  2685 D SGM:PkgDataHelper: putPkgData(). com.kidapps.rat_race_2, userId = 0
03-25 17:33:38.092  2685  2685 D SGM:PkgDataHelper: putPkgData(). com.gamefirst.religioninc, userId =0
03-25 17:33:38.092  2685  2685 D SGM:PkgDataHelper: putPkgData(). it.rortos.extremelandingspro, userId = 0
03-25 17:33:38.092  2685  2685 D SGM:PkgDataHelper: putPkgData(). com.sec.android.app.popupcalculator, userId = 0
03-25 17:33:38.092  2685  2685 D SGM:PkgDataHelper: putPkgData(). com.screenshake.dominodreams, userId = 0
03-25 17:33:38.092  2685  2685 D SGM:PkgDataHelper: putPkgData(). com.luckyskeletonstudios.idlebanktycoon, userId = 0
03-25 17:33:38.092  2685  2685 D SGM:PkgDataHelper: putPkgData(). spelling.bee.queen.pangram.vermilionapps, userId = 0
03-25 17:33:38.092  2685  2685 D SGM:PkgDataHelper: putPkgData(). com.summerdoor.wordrails, userId = 0
03-25 17:33:38.092  2685  2685 D SGM:PkgDataHelper: putPkgData(). com.nickelbuddy.stringofwords, userId = 0
03-25 17:33:38.092  2685  2685 D SGM:PkgDataHelper: putPkgData(). com.android.vending, userId = 0
03-25 17:33:38.092  2685  2685 D SGM:DatabaseHelper: loadPkgDataFromDb(). entry size: 1
03-25 17:33:38.093  2685  2685 I SGM:GameManager: PkgUpdateReceiver, : ctor
03-25 17:33:38.094  2685  2685 I SGM:GameManager: SecFamilyPkgChangeReceiver, : ctor
03-25 17:33:38.094  2685  2685 D SGM:Util: isPkgEnabled(), com.samsung.android.game.gos is enabled
03-25 17:33:38.094  2685  2685 D SGM:Util: isPkgEnabled(), com.samsung.android.game.gamehome is enabled
03-25 17:33:38.094  2685  2685 D SGM:Util: isPkgInstalled(), com.samsung.android.game.gametools is installed
03-25 17:33:38.094  2685  2685 D SGM:GameManager: multi-resolution is supported
03-25 17:33:38.094  2685  2685 D SGM:GameManager: dpi: 420, longPixel: 2069, shortPixel: 1080
03-25 17:33:38.094  2685  2685 I SGM:SystemHelper: ctor
03-25 17:33:38.096  2685  2685 D SGM:GameManager$Lifecycle: onStart
03-25 17:33:38.096   624   727 I servicemanager: Adding 'u:r:system_server:s0' service (gamemanager:2685)
03-25 17:33:38.096  2685  2685 I SystemServer: GameManagerService Started
03-25 17:33:38.096  2685  2685 D SystemServerTiming: GameManagerService took to complete: 12ms
03-25 17:33:38.096  2685  2685 I SystemServerTiming: SehCodecSolutionService
03-25 17:33:38.100  2685  2685 D SehCodecSolutionService: create : 2.2
03-25 17:33:38.100  2685  2685 D CodecSolution_Logging: dma pkg: 802301000
03-25 17:33:38.101   624   727 I servicemanager: Found vendor.samsung.frameworks.codecsolution.ISehCodecSolution/default in framework VINTF manifest.
03-25 17:33:38.101   624   727 I servicemanager: Adding 'u:r:system_server:s0' service (vendor.samsung.frameworks.codecsolution.ISehCodecSolution/default:2685)
