03-25 17:33:36.885  2685  2685 D OverlayManager: -> Updating overlay: target=com.cylonid.nativealpha overlays=[OverlayPaths { resourceDirs = [/system/system_ext/overlay/NavigationBarMode3Button/NavigationBarMode3ButtonOverlay.apk], overlayPaths = [/system/system_ext/overlay/NavigationBarMode3Button/NavigationBarMode3ButtonOverlay.apk, /data/resource-cache/android-SemWT_G_MonetPalette-y3EX.frro] }] userId=0
03-25 17:33:36.885  2685  2685 D OverlayManager: -> Updating overlay: target=com.samsung.android.game.gameboosterplus overlays=[OverlayPaths { resourceDirs = [/system/system_ext/overlay/NavigationBarMode3Button/NavigationBarMode3ButtonOverlay.apk], overlayPaths = [/system/system_ext/overlay/NavigationBarMode3Button/NavigationBarMode3ButtonOverlay.apk, /data/resource-cache/android-SemWT_G_MonetPalette-y3EX.frro] }] userId=0
03-25 17:33:36.885  2685  2685 D OverlayManager: -> Updating overlay: target=com.appybuilder.mdbillalhossain1.forex_tradingsignal overlays=[OverlayPaths { resourceDirs = [/system/system_ext/overlay/NavigationBarMode3Button/NavigationBarMode3ButtonOverlay.apk], overlayPaths = [/system/system_ext/overlay/NavigationBarMode3Button/NavigationBarMode3ButtonOverlay.apk, /data/resource-cache/android-SemWT_G_MonetPalette-y3EX.frro] }] userId=0
03-25 17:33:36.885  2685  2685 D OverlayManager: -> Updating overlay: target=com.droid4you.application.wallet overlays=[OverlayPaths { resourceDirs = [/system/system_ext/overlay/NavigationBarMode3Button/NavigationBarMode3ButtonOverlay.apk], overlayPaths = [/system/system_ext/overlay/NavigationBarMode3Button/NavigationBarMode3ButtonOverlay.apk, /data/resource-cache/android-SemWT_G_MonetPalette-y3EX.frro] }] userId=0
03-25 17:33:36.885  2685  2685 D OverlayManager: -> Updating overlay: target=com.sharepeace.conversaioverlays=[OverlayPaths { resourceDirs = [/system/system_ext/overlay/NavigationBarMode3Button/NavigationBarMode3ButtonOverlay.apk], overlayPaths = [/system/system_ext/overlay/NavigationBarMode3Button/NavigationBarMode3ButtonOverlay.apk, /data/resource-cache/android-SemWT_G_MonetPalette-y3EX.frro] }] userId=0
03-25 17:33:36.885  2685  2685 D OverlayManager: -> Updating overlay: target=com.berryapps.affirmations overlays=[OverlayPaths { resourceDirs = [/system/system_ext/overlay/NavigationBarMode3Button/NavigationBarMode3ButtonOverlay.apk], overlayPaths = [/system/system_ext/overlay/NavigationBarMode3Button/NavigationBarMode3ButtonOverlay.apk, /data/resource-cache/android-SemWT_G_MonetPalette-y3EX.frro] }] userId=0
03-25 17:33:36.885  2685  2685 D OverlayManager: -> Updating overlay: target=com.studio.hellohabit overlays=[OverlayPaths { resourceDirs = [/system/system_ext/overlay/NavigationBarMode3Button/NavigationBarMode3ButtonOverlay.apk], overlayPaths = [/system/system_ext/overlay/NavigationBarMode3Button/NavigationBarMode3ButtonOverlay.apk, /data/resource-cache/android-SemWT_G_MonetPalette-y3EX.frro] }] userId=0
03-25 17:33:36.885  2685  2685 D OverlayManager: -> Updating overlay: target=saldo.receiptscanner.appoverlays=[OverlayPaths { resourceDirs = [/system/system_ext/overlay/NavigationBarMode3Button/NavigationBarMode3ButtonOverlay.apk], overlayPaths = [/system/system_ext/overlay/NavigationBarMode3Button/NavigationBarMode3ButtonOverlay.apk, /data/resource-cache/android-SemWT_G_MonetPalette-y3EX.frro] }] userId=0
03-25 17:33:36.885  2685  2685 D OverlayManager: -> Updating overlay: target=com.google.android.apps.restore overlays=[OverlayPaths { resourceDirs = [/system/system_ext/overlay/NavigationBarMode3Button/NavigationBarMode3ButtonOverlay.apk], overlayPaths = [/system/system_ext/overlay/NavigationBarMode3Button/NavigationBarMode3ButtonOverlay.apk, /data/resource-cache/android-SemWT_G_MonetPalette-y3EX.frro] }] userId=0
03-25 17:33:36.885  2685  2685 D OverlayManager: -> Updating overlay: target=cc.coolline.client.pro overlays=[OverlayPaths { resourceDirs = [/system/system_ext/overlay/NavigationBarMode3Button/NavigationBarMode3ButtonOverlay.apk], overlayPaths = [/system/system_ext/overlay/NavigationBarMode3Button/NavigationBarMode3ButtonOverlay.apk, /data/resource-cache/android-SemWT_G_MonetPalette-y3EX.frro] }] userId=0
03-25 17:33:36.886  2685  2685 D SWT_OverlayManager: restoring color theme has finished, ready:482ms,commit:1522ms
03-25 17:33:36.887  2685  2685 D SystemServerTiming: StartOverlayManagerService took to complete: 2921ms
03-25 17:33:36.887  2685  2685 D SystemServerTiming: !@Boot_SystemServer: 2921ms : StartOverlayManagerService
03-25 17:33:36.887  2685  2685 I SystemServerTiming: !@Boot_EBS:   Took 2921ms by 'StartOverlayManagerService'
03-25 17:33:36.887  2685  2685 I SystemServerTiming: StartSensorPrivacyService
03-25 17:33:36.890   624   636 I servicemanager: Adding 'u:r:system_server:s0' service (sensor_privacy:2685)
03-25 17:33:36.892  2685  2685 D SystemServerTiming: StartSensorPrivacyService took to complete: 4ms
03-25 17:33:36.892  2685  2685 I SystemServerTiming: StartSensorService
03-25 17:33:36.892  2685  2685 I SystemServiceManager: Starting com.android.server.sensors.SensorService
03-25 17:33:36.892  2685  2685 D SystemServerTiming: StartSensorService took to complete: 1ms
03-25 17:33:36.893  2685  2685 D SystemServerTiming: startBootstrapServices took to complete: 35590ms
03-25 17:33:36.893  2685  2685 D SystemServerTiming: !@Boot_SystemServer: 35590ms : startBootstrapServices
03-25 17:33:36.893  2685  2685 I SystemServerTiming: !@Boot_EBS:   Took 35590ms by 'startBootstrapServices'
03-25 17:33:36.893  2685  2685 I SystemServer: !@Boot_EBS_F: startCoreServices
03-25 17:33:36.893  2685  2685 I SystemServerTiming: startCoreServices
03-25 17:33:36.893  2685  2685 I SystemServerTiming: StartSystemConfigService
03-25 17:33:36.893  2685  2685 I SystemServiceManager: Starting com.android.server.SystemConfigService
03-25 17:33:36.893   624   636 I servicemanager: Adding 'u:r:system_server:s0' service (system_config:2685)
03-25 17:33:36.893  2685  2685 D SystemServerTiming: StartSystemConfigService took to complete: 1ms
03-25 17:33:36.893  2685  2685 I SystemServerTiming: StartBatteryService
03-25 17:33:36.894  2685  2685 I SystemServiceManager: Starting com.android.server.BatteryService
03-25 17:33:36.896  2685  3078 I SystemServerTimingAsync: InitThreadPoolExec:StartNativeSensorService
03-25 17:33:36.896  2685  3078 I SystemServerTimingAsync: StartNativeSensorService
03-25 17:33:36.897  2685  3078 D SensorService: nuSensorService starting...
03-25 17:33:36.897  2685  2685 D BatteryService: !@ mAfcDisableSysFs : /sys/class/sec/switch/afc_disable
03-25 17:33:36.898  2685  2685 E BatteryService: !@[BatteryInfo] IOException in readFromFile
03-25 17:33:36.899   625   625 I hwservicemanager: getTransport: Cannot find entry android.hardware.sensors@2.1::ISensors/default in either framework or device VINTF manifest.
03-25 17:33:36.900  2685  2685 I android_os_HwBinder: HwBinder: Starting thread pool for getting: android.hardware.health@2.0::IHealth/default
03-25 17:33:36.900  2685  2715 I ActivityTaskManager: updateAssetConfiguration() called with: processes = [[ProcessRecord{38e54f1 2685:system/1000}]], updateFrameworkRes = [true], avoidRecreate = [false]
03-25 17:33:36.901  2685  2715 W ActivityTaskManager: Skip updateConfiguration because mWindowManagerisn't set
03-25 17:33:36.901   856   856 W android.hardware.health@2.1-service-samsung: registerCallback
03-25 17:33:36.901  2685  2715 I ActivityTaskManager: updateAssetConfiguration(): assetSeq = [2], isActivityConfigOverrideAllowed = [false], hasActivities = [false]
03-25 17:33:36.902  2685  2715 I SWT_OverlayManager: skip overlay changed broadcast for color theme
03-25 17:33:36.902  2493  2493 I sensors-hal: activate:252, android.sensor.accelerometer/11 en=0
03-25 17:33:36.902  2493  2493 I sensors-hal: activate:270, android.sensor.accelerometer/11 en=0 completed
03-25 17:33:36.902  2493  2493 I sensors-hal: activate:252, android.sensor.magnetic_field/21 en=0
03-25 17:33:36.902  2493  2493 I sensors-hal: activate:270, android.sensor.magnetic_field/21 en=0 completed
03-25 17:33:36.902  2493  2493 I sensors-hal: activate:252, android.sensor.gyroscope/41 en=0
03-25 17:33:36.902  2493  2493 I sensors-hal: activate:270, android.sensor.gyroscope/41 en=0 completed
03-25 17:33:36.902  2493  2493 I sensors-hal: activate:252, android.sensor.light/51 en=0
03-25 17:33:36.902  2493  2493 I sensors-hal: activate:270, android.sensor.light/51 en=0 completed
03-25 17:33:36.902  2493  2493 I sensors-hal: activate:252, android.sensor.pressure/61 en=0
03-25 17:33:36.902  2493  2493 I sensors-hal: activate:270, android.sensor.pressure/61 en=0 completed
03-25 17:33:36.902  2493  2493 I sensors-hal: activate:252, android.sensor.gravity/91 en=0
03-25 17:33:36.902  2493  2493 I sensors-hal: activate:270, android.sensor.gravity/91 en=0 completed
03-25 17:33:36.902  2493  2493 I sensors-hal: activate:252, android.sensor.linear_acceleration/101 en=0
03-25 17:33:36.902  2493  2493 I sensors-hal: activate:270, android.sensor.linear_acceleration/101 en=0 completed
03-25 17:33:36.902  2493  2493 I sensors-hal: activate:252, android.sensor.rotation_vector/111 en=0
03-25 17:33:36.902  2493  2493 I sensors-hal: activate:270, android.sensor.rotation_vector/111 en=0 completed
03-25 17:33:36.902  2493  2493 I sensors-hal: activate:252, android.sensor.magnetic_field_uncalibrated/141 en=0
03-25 17:33:36.902  2493  2493 I sensors-hal: activate:270, android.sensor.magnetic_field_uncalibrated/141 en=0 completed
03-25 17:33:36.902  2493  2493 I sensors-hal: activate:252, android.sensor.game_rotation_vector/151 en=0
03-25 17:33:36.902  2493  2493 I sensors-hal: activate:270, android.sensor.game_rotation_vector/151 en=0 completed
03-25 17:33:36.902  2493  2493 I sensors-hal: activate:252, android.sensor.gyroscope_uncalibrated/161en=0
03-25 17:33:36.903  2493  2493 I sensors-hal: activate:270, android.sensor.gyroscope_uncalibrated/161en=0 completed
03-25 17:33:36.903  2493  2493 I sensors-hal: activate:252, android.sensor.significant_motion/172 en=0
03-25 17:33:36.903  2493  2493 I sensors-hal: activate:270, android.sensor.significant_motion/172 en=0 completed
03-25 17:33:36.903  2493  2493 I sensors-hal: activate:252, android.sensor.step_detector/181 en=0
03-25 17:33:36.903  2493  2493 I sensors-hal: activate:270, android.sensor.step_detector/181 en=0 completed
03-25 17:33:36.903  2493  2493 I sensors-hal: activate:252, android.sensor.step_counter/191 en=0
03-25 17:33:36.903  2493  2493 I sensors-hal: activate:270, android.sensor.step_counter/191 en=0 completed
03-25 17:33:36.903  2493  2493 I sensors-hal: activate:252, android.sensor.tilt_detector/222 en=0
03-25 17:33:36.903  2493  2493 I sensors-hal: activate:270, android.sensor.tilt_detector/222 en=0 completed
03-25 17:33:36.903  2493  2493 I sensors-hal: activate:252, android.sensor.pick_up_gesture/252 en=0
03-25 17:33:36.903  2493  2493 I sensors-hal: activate:270, android.sensor.pick_up_gesture/252 en=0 completed
03-25 17:33:36.903  2493  2493 I sensors-hal: activate:252, android.sensor.device_orientation/271 en=0
03-25 17:33:36.903  2493  2493 I sensors-hal: deactivate:294, auto_rotation: 0, type 2
03-25 17:33:36.903  2493  2493 I sensors-hal: activate:270, android.sensor.device_orientation/271 en=0 completed
03-25 17:33:36.903  2493  2493 I sensors-hal: activate:252, android.sensor.motion_detect/301 en=0
03-25 17:33:36.903  2493  2493 I sensors-hal: activate:270, android.sensor.motion_detect/301 en=0 completed
03-25 17:33:36.903  2493  2493 I sensors-hal: activate:252, android.sensor.accelerometer_uncalibrated/351 en=0
03-25 17:33:36.903  2493  2493 I sensors-hal: activate:270, android.sensor.accelerometer_uncalibrated/351 en=0 completed
03-25 17:33:36.903  2493  2493 I sensors-hal: activate:252, com.samsung.sensor.light_ir/1421 en=0
03-25 17:33:36.903  2493  2493 I sensors-hal: activate:270, com.samsung.sensor.light_ir/1421 en=0 completed
03-25 17:33:36.903  2493  2493 I sensors-hal: activate:252, com.samsung.sensor.interrupt_gyro/1431 en=0
03-25 17:33:36.903  2493  2493 I sensors-hal: activate:270, com.samsung.sensor.interrupt_gyro/1431 en=0 completed
03-25 17:33:36.903  2493  2493 I sensors-hal: activate:252, com.samsung.sensor.proximity_iris/1461 en=0
03-25 17:33:36.903  2493  2493 I sensors-hal: activate:270, com.samsung.sensor.proximity_iris/1461 en=0 completed
03-25 17:33:36.903  2493  2493 I sensors-hal: activate:252, com.samsung.sensor.sensorhubs/1501 en=0
03-25 17:33:36.903  2493  2493 I sensors-hal: activate:270, com.samsung.sensor.sensorhubs/1501 en=0 completed
03-25 17:33:36.903  2493  2493 I sensors-hal: activate:252, com.samsung.sensor.light_cct/1511 en=0
03-25 17:33:36.903  2493  2493 I sensors-hal: activate:270, com.samsung.sensor.light_cct/1511 en=0 completed
03-25 17:33:36.903  2493  2493 I sensors-hal: activate:252, com.samsung.sensor.wake_up_motion/1542 en=0
03-25 17:33:36.903  2493  2493 I sensors-hal: activate:270, com.samsung.sensor.wake_up_motion/1542 en=0 completed
03-25 17:33:36.903  2493  2493 I sensors-hal: activate:252, com.samsung.sensor.physical_proximity/1562 en=0
03-25 17:33:36.903  2493  2493 I sensors-hal: activate:270, com.samsung.sensor.physical_proximity/1562 en=0 completed
03-25 17:33:36.903  2493  2493 I sensors-hal: activate:252, com.samsung.sensor.call_gesture/1582 en=0
03-25 17:33:36.903  2493  2493 I sensors-hal: activate:270, com.samsung.sensor.call_gesture/1582 en=0completed
03-25 17:33:36.903  2493  2493 I sensors-hal: activate:252, com.samsung.sensor.physical_light/1621 en=0
03-25 17:33:36.903  2493  2493 I sensors-hal: activate:270, com.samsung.sensor.physical_light/1621 en=0 completed
03-25 17:33:36.903  2493  2493 I sensors-hal: activate:252, com.samsung.sensor.pocket_mode/1692 en=0
03-25 17:33:36.903  2493  2493 I sensors-hal: activate:270, com.samsung.sensor.pocket_mode/1692 en=0 completed
03-25 17:33:36.903  2493  2493 I sensors-hal: activate:252, com.samsung.sensor.led_cover_event/1702 en=0
03-25 17:33:36.903  2493  2493 I sensors-hal: activate:270, com.samsung.sensor.led_cover_event/1702 en=0 completed
03-25 17:33:36.903  2493  2493 I sensors-hal: activate:252, com.samsung.sensor.sar_backoff_motion/2072 en=0
03-25 17:33:36.903  2493  2493 I sensors-hal: activate:270, com.samsung.sensor.sar_backoff_motion/2072 en=0 completed
03-25 17:33:36.903  2493  2493 I SensorsGrip: [grip_sensor] enable: GripSensor: enable handle = 11 en= 0
03-25 17:33:36.904  2493  2493 I SensorsGrip: TouchProximity::enable: 0 0
03-25 17:33:36.904  2493  2493 I SensorsGrip: HALL IC::enable: 0 0
03-25 17:33:36.904  2493  2493 I SensorsGrip: [grip_notifier] enable: GripNotifierSensor: enable handle = 22 en = 0 mEnabled = 1
03-25 17:33:36.904  2493  2493 I SensorsGrip: [grip_notifier] enable: GripNotifierSensor: noti_enablewrite Success, return 2
03-25 17:33:36.904  2493  2493 D android.hardware.sensors@2.0-service.multihal: Als_common::enable, handle : 1, mode : 1, en : 0
03-25 17:33:36.904  2493  2493 D android.hardware.sensors@2.0-service.multihal: Als_common::enable, Sensor already off
03-25 17:33:36.905  2493  2493 I sensors-hal: initialize:166, initialize sensors sub-hal
03-25 17:33:36.905  2493  2493 I Sensors : initialize sub GripHal
03-25 17:33:36.905  2493  2493 I SensorsHrm: initialize sub HrmHal
03-25 17:33:36.905  2493  2493 E SensorsMultiHal: For SS, operation mode:5555
03-25 17:33:36.905  2493  2493 E SensorsMultiHal: setOperationMode failed for SubHal: QTI-SubHAL
03-25 17:33:36.906  2685  3078 D SensorService: setOperationMode vendor list : false
03-25 17:33:36.907  2478  2478 I CameraService: SensorPrivacyPolicy: Registered with SensorPrivacyManager
03-25 17:33:36.907  2685  3078 W SensorService: AK09918 Magnetometer's max range 4912.000000000000 isnot a multiple of the resolution 0.150000005960 - updated to 4912.050292968750
03-25 17:33:36.907  2685  3078 W SensorService: LSM6DSO Gyroscope's max range 17.452777862549 is not a multiple of the resolution 0.000610847259 - updated to 17.452516555786
03-25 17:33:36.907  2685  3078 W SensorService: AK09918 Magnetometer-Uncalibrated's max range 4912.000000000000 is not a multiple of the resolution 0.150000005960 - updated to 4912.050292968750
03-25 17:33:36.907  2685  3078 W SensorService: LSM6DSO Gyroscope-Uncalibrated's max range 17.452777862549 is not a multiple of the resolution 0.000610847259 - updated to 17.452516555786
03-25 17:33:36.907   856   856 I android.hardware.health@2.1-service-samsung: updateLrpSysfs: write: 431
03-25 17:33:36.907  2685  3078 I SensorService: smd  Wakeup's reported power 0.000000 invalid, clamped to 0.001000
03-25 17:33:36.909  2685  3078 I SensorService: step_detector  Non-wakeup's reported power 0.000000 invalid, clamped to 0.001000
03-25 17:33:36.909  2685  3078 I SensorService: step_counter  Non-wakeup's reported power 0.000000 invalid, clamped to 0.001000
03-25 17:33:36.909  2685  3078 I SensorService: Tilt Detector  Wakeup's reported power 0.000000 invalid, clamped to 0.001000
03-25 17:33:36.909  2685  3078 I SensorService: Pick Up Gesture  Wakeup's reported power 0.000000 invalid, clamped to 0.001000
03-25 17:33:36.909  2685  3078 I SensorService: Screen Orientation Sensor's reported power 0.000000 invalid, clamped to 0.001000
03-25 17:33:36.909  2685  3078 I SensorService: interrupt_gyro  Non-wakeup's reported power 0.000000 invalid, clamped to 0.001000
03-25 17:33:36.909  2685  3078 I SensorService: SensorHub type's reported power 0.000000 invalid, clamped to 0.001000
03-25 17:33:36.909  2685  3078 I SensorService: Wake Up Motion  Wakeup's reported power 0.000000 invalid, clamped to 0.001000
03-25 17:33:36.909  2685  3078 I SensorService: call_gesture  Wakeup's reported power 0.000000 invalid, clamped to 0.001000
03-25 17:33:36.909  2685  3078 I SensorService: Pocket mode  Wakeup's reported power 0.000000 invalid, clamped to 0.001000
03-25 17:33:36.909  2685  3078 I SensorService: Led Cover Event  Wakeup's reported power 0.000000 invalid, clamped to 0.001000
03-25 17:33:36.909  2685  3078 I SensorService: Sar BackOff Motion  Wakeup's reported power 0.000000 invalid, clamped to 0.001000
03-25 17:33:36.911  2478  2478 I HidlServiceManagement: Registered android.frameworks.cameraservice.service@2.2::ICameraService/default
03-25 17:33:36.912  2478  2478 I CameraService: CameraService pinged cameraservice proxy
03-25 17:33:36.912  2478  2478 I CameraService: CameraSerivce pinged cameraservice worker
03-25 17:33:36.912  2478  2478 I CameraService: clearCamConnRef: ref=0
03-25 17:33:36.912   856   856 I android.hardware.health@2.1-service-samsung: updateLrpSysfs: write: 431
03-25 17:33:36.913  2685  3078 W SensorService: [ACC] accel sensor version 0x3e3c, sampling rate is chagned 200Hz(5ms)
03-25 17:33:36.913  2685  2736 D BatteryService: Sending ACTION_BATTERY_CHANGED. scale:100, info:{.chargerAcOnline = false, .chargerUsbOnline = true, .chargerWirelessOnline = false, .maxChargingCurrent =0, .maxChargingVoltage = 0, .batteryStatus = CHARGING, .batteryHealth = GOOD, .batteryPresent = true,.batteryLevel = 52, .batteryVoltage = 3796, .batteryTemperature = 401, .batteryCurrent = -873, .batteryCycleCount = 0, .batteryFullCharge = 4300000, .batteryChargeCounter = 873410, .batteryTechnology = Li-ion}
03-25 17:33:36.913  2685  2736 D BatteryService: online:4, current avg:-446, charge type:1, POGO powered:false, power sharing:false, high voltage charger:true, charger_type:1, capacity:280000, misc_event:0x0, current_event:0x0, current_now:-873
03-25 17:33:36.913  2478  2478 I CameraService: clearCamConnRef: service.camera.running set to 0
03-25 17:33:36.914   624   636 I servicemanager: Adding 'u:r:cameraserver:s0' service (media.camera:2478)
03-25 17:33:36.914  2478  2478 I cameraserver: ServiceManager: 0xb400006d7c908060 done instantiate
03-25 17:33:36.916  2685  3078 W SensorService: [EARPROXY] SensorHub was found!
03-25 17:33:36.916   856   856 I android.hardware.health@2.1-service-samsung: updateLrpSysfs: write: 431
03-25 17:33:36.917  2685  3078 W SensorService: [EARPROXY] physical proximity sensor was found! 384
03-25 17:33:36.918  2685  2685 I android_os_HwBinder: HwBinder: Starting thread pool for getting: android.hidl.manager@1.0::IServiceManager/default
03-25 17:33:36.918  2685  3078 W SensorService: [REARLIGHT] light sensor for rear light was found!
03-25 17:33:36.920  2685  2685 I HealthServiceWrapper: health: HealthServiceWrapper listening to instance default : vendor.samsung.hardware.health@2.0::ISehHealth@Proxy
03-25 17:33:36.921  2685  3078 W SensorService: [EARPROXY] Touch proximity was found! 1
03-25 17:33:36.922  2685  3078 D SensorService: [VIRT_PROX] Virt Prox Type: 19
03-25 17:33:36.922  2685  3078 I SensorService: [EARPROXIMITY] Support sensor fusion
03-25 17:33:36.922  2685  3078 I SensorService: [EARPROXIMITY] Get product model ++
03-25 17:33:36.922  2685  3078 I SensorService: [EARPROXIMITY] Get product model --
03-25 17:33:36.923  2685  3078 I SensorService: path : /sys/class/sec/tsp/ear_detect_enable, : 3, disable : 1
03-25 17:33:36.923  2685  3085 D SensorService: [EARPROXIMITY] new thread EarThread
03-25 17:33:36.923  2685  3078 D SensorService: [VIRT_PROX] TYPE: EARTOUCH registered
03-25 17:33:36.924  2685  3078 D SensorService: OrientationSensor2 Registered!!!!
03-25 17:33:36.924  2685  3078 D SensorService: [CALIBRATEDLUX] registered
03-25 17:33:36.924  2685  3078 I SensorService: [CALIBRATEDLUX] Support calibrated lux
03-25 17:33:36.924  2685  3078 I SensorService: [CALIBRATEDLUX] SENSOR_TYPE_LIGHT
03-25 17:33:36.924  2685  3078 W SensorService: [FLICKERLIGHT] register RearFlickerSensor!
03-25 17:33:36.924  2685  3078 I SensorService: [REARLIGHT] Support sensor fusion
03-25 17:33:36.924  2685  3078 I SensorService: [REARLIGHT] SENSOR_TYPE_CALL_GESTURE
03-25 17:33:36.924  2685  3078 I SensorService: [REARLIGHT] SENSOR_TYPE_PHYSICAL_LIGHT
03-25 17:33:36.924  2685  3078 I SensorService: [REARLIGHT] SENSOR_TYPE_BIO_ALC
03-25 17:33:36.926  2685  3087 D SensorService: nuSensorService thread starting...
03-25 17:33:36.927  2685  3078 V HistoricalRegistry: Interaction before persistence initialized
03-25 17:33:36.931  2685  3086 D SensorService: new thread SensorEventAckReceiver
03-25 17:33:36.931  2685  3037 D SystemServerTimingAsync: AppDataPrepare took to complete: 5692ms
03-25 17:33:36.931  2685  3037 I PackageManager: Deferred reconcileAppsData finished 3479 packages
03-25 17:33:36.931  2685  3037 D SystemServerTimingAsync: InitThreadPoolExec:prepareAppData took to complete: 5996ms
03-25 17:33:36.931   624   636 I servicemanager: Adding 'u:r:system_server:s0' service (sensorservice:2685)
03-25 17:33:36.932  2685  3078 D SystemServerTimingAsync: StartNativeSensorService took to complete: 35ms
03-25 17:33:36.932  2685  3078 D SystemServerTimingAsync: InitThreadPoolExec:StartNativeSensorServicetook to complete: 35ms
03-25 17:33:36.985  2685  2747 D BatteryExternalStatsWorker: update stats : wakelock-change (1)
03-25 17:33:36.988  2685  2747 D BatteryExternalStatsWorker: done updateExternalStatsLocked
03-25 17:33:36.988  2685  2747 D BatteryExternalStatsWorker: update stats : wakelock-change (1)
03-25 17:33:36.988  2685  2747 D BatteryExternalStatsWorker: done updateExternalStatsLocked
03-25 17:33:37.019   693   693 D io_stats: !@   8,0 r 98039 1786920 w 4884 224124 d 0 0 f 0 0 iot 25640 0 th 0 0 0 pt 0 inp 0 0 175.772
03-25 17:33:37.050  3090  3090 D ProcessState: Binder ioctl to enable oneway spam detection failed: Invalid argument
03-25 17:33:37.071  2483  3060 W ServiceManager: Service CustomFrequencyManagerService didn't start. Returning NULL
03-25 17:33:37.071  2483  3060 E NativeSemDvfsManager: NativeSemDvfsManager:: Unable to Get Service
03-25 17:33:37.071  2483  3060 D NativeSemDvfsManager: NativeSemDvfsCpuManager
03-25 17:33:37.071  2483  3060 D NativeSemDvfsManager: getSupportedFrequency:: type - 0
03-25 17:33:37.071  2483  3060 E NativeSemDvfsManager: getSupportedFrequency:: Service is NULL
03-25 17:33:37.071  2483  3060 E PerfHint: PerfHint init
03-25 17:33:37.071  2483  3060 E PerfHint: PerfHint acquire
03-25 17:33:37.071  2483  3060 D NativeSemDvfsManager: acquire:: timeout = 3000 mIsAcquired = 0  mTagName :
03-25 17:33:37.071  2483  3060 E NativeSemDvfsManager: acquire:: Service is NULL
03-25 17:33:37.072  2483  3060 E PerfHint: REPORT_BOTTLENECK_HINT_TRANSACTION :: name = perfmond
03-25 17:33:37.072  2483  3060 I PerfHint: REPORT_BOTTLENECK_HINT_TRANSACTION :: param = 1000
03-25 17:33:37.072  2483  3060 I PerfHint: REPORT_BOTTLENECK_HINT_TRANSACTION :: param = 1
03-25 17:33:37.072  2483  3060 I PerfHint: REPORT_BOTTLENECK_HINT_TRANSACTION :: param = LOCKCONTENTION
03-25 17:33:37.072  2483  3060 I PerfHint: REPORT_BOTTLENECK_HINT_TRANSACTION :: param = not_owner_void com.android.server.pm.PackageManagerService$PackageHandler.doHandleMessage(android.os.Message)
03-25 17:33:37.072  2685  3082 D ActivityManager: BOTTLENECK_HINT_TRANSACTION onTransact() from uid =1000 with avg = 1
03-25 17:33:37.072  2685  3082 W ContextImpl: Calling a method in the system process without a qualified user: android.app.ContextImpl.sendBroadcast:1242 com.android.server.am.ActivityManagerService.onTransact:3005 android.os.Binder.execTransactInternal:1220 android.os.Binder.execTransact:1179 <bottom ofcall stack>
03-25 17:33:37.073  2685  3082 E ActivityManager: Attempt to launch receivers of broadcast intent Intent { act=com.samsung.BOTTLENECK_HINT_FOR_CHIMERA pkg=android } before boot completion
03-25 17:33:37.073  2483  3060 E PerfHint: 9516 module caught exception -129
03-25 17:33:37.127  2685  2736 D BatteryService: WIRELESS_ENABLE_SYSFS_PATH_FOR_EPEN false
03-25 17:33:37.127  2685  2685 I BatteryService: health: Waited 207ms and received the update.
03-25 17:33:37.128   624   636 I servicemanager: Adding 'u:r:system_server:s0' service (battery:2685)
03-25 17:33:37.128   624   636 I servicemanager: Adding 'u:r:system_server:s0' service (batteryproperties:2685)
03-25 17:33:37.129  2685  2685 D BatteryService: !@[BatteryInfo] readFromFile /efs/FactoryApp/batt_after_manufactured: 223
03-25 17:33:37.129  2685  2685 D BatteryService: !@[LLB] Write weeklyDiff EFS ->  Sys : 223
03-25 17:33:37.129  2685  2685 I BatteryService: fileWriteInt : /sys/class/power_supply/battery/batt_after_manufactured  value : 223
03-25 17:33:37.129  2685  2685 W SystemServiceManager: Service com.android.server.BatteryService took231 ms in onStart
03-25 17:33:37.129  2685  2685 D SystemServerTiming: StartBatteryService took to complete: 235ms
03-25 17:33:37.129  2685  2685 D SystemServerTiming: !@Boot_SystemServer: 235ms : StartBatteryService
03-25 17:33:37.129  2685  2685 I SystemServerTiming: !@Boot_EBS:   Took 235ms by 'StartBatteryService'
03-25 17:33:37.129  2685  2685 I SystemServerTiming: StartUsageService
03-25 17:33:37.129  2685  2685 I SystemServiceManager: Starting com.android.server.usage.UsageStatsService
03-25 17:33:37.129  2685  3084 I android_os_HwBinder: HwBinder: Starting thread pool for getting: android.hardware.health@2.0::IHealth/default
03-25 17:33:37.131   624   636 I servicemanager: Adding 'u:r:system_server:s0' service (usagestats:2685)
03-25 17:33:37.131  2685  2685 D SystemServerTiming: StartUsageService took to complete: 2ms
03-25 17:33:37.131  2685  2685 I SystemServerTiming: StartWebViewUpdateService
03-25 17:33:37.131  2685  2685 I SystemServiceManager: Starting com.android.server.webkit.WebViewUpdateService
03-25 17:33:37.132   624   636 I servicemanager: Adding 'u:r:system_server:s0' service (webviewupdate:2685)
03-25 17:33:37.132  2685  2685 D SystemServerTiming: StartWebViewUpdateService took to complete: 1ms
03-25 17:33:37.132  2685  2685 I SystemServerTiming: StartCachedDeviceStateService
03-25 17:33:37.132  2685  2685 I SystemServiceManager: Starting com.android.server.CachedDeviceStateService
03-25 17:33:37.132  2685  2685 D SystemServerTiming: StartCachedDeviceStateService took to complete: 0ms
03-25 17:33:37.132  2685  2685 I SystemServerTiming: StartBinderCallsStatsService
03-25 17:33:37.132  2685  2685 I SystemServiceManager: Starting com.android.server.BinderCallsStatsService$LifeCycle
03-25 17:33:37.133   624   636 I servicemanager: Adding 'u:r:system_server:s0' service (binder_calls_stats:2685)
03-25 17:33:37.133  2685  2685 D SystemServerTiming: StartBinderCallsStatsService took to complete: 0ms
03-25 17:33:37.133  2685  2685 I SystemServerTiming: StartLooperStatsService
03-25 17:33:37.133  2685  2685 I SystemServiceManager: Starting com.android.server.LooperStatsService$Lifecycle
03-25 17:33:37.133   624   636 I servicemanager: Adding 'u:r:system_server:s0' service (looper_stats:2685)
03-25 17:33:37.133  2685  2685 D SystemServerTiming: StartLooperStatsService took to complete: 1ms
03-25 17:33:37.133  2685  2685 I SystemServerTiming: StartRollbackManagerService
03-25 17:33:37.133  2685  2685 I SystemServiceManager: Starting com.android.server.rollback.RollbackManagerService
03-25 17:33:37.135  1169  1169 D installd: Found quota mount /dev/block/bootdevice/by-name/userdata at /data
03-25 17:33:37.135  1169  1169 D installd: Found quota mount /dev/block/bootdevice/by-name/userdata at /data/user/0
03-25 17:33:37.136   624   636 I servicemanager: Adding 'u:r:system_server:s0' service (rollback:2685)
03-25 17:33:37.136  2685  2685 D SystemServerTiming: StartRollbackManagerService took to complete: 3ms
03-25 17:33:37.137  2685  2685 I SystemServerTiming: StartNativeTombstoneManagerService
03-25 17:33:37.137  2685  2685 I SystemServiceManager: Starting com.android.server.os.NativeTombstoneManagerService
03-25 17:33:37.137  2685  2685 D SystemServerTiming: StartNativeTombstoneManagerService took to complete: 1ms
03-25 17:33:37.137  2685  2685 I SystemServerTiming: StartBugreportManagerService
03-25 17:33:37.138  2685  2685 I SystemServiceManager: Starting com.android.server.os.BugreportManagerService
03-25 17:33:37.138   624   636 I servicemanager: Adding 'u:r:system_server:s0' service (bugreport:2685)
03-25 17:33:37.138  2685  2685 D SystemServerTiming: StartBugreportManagerService took to complete: 1ms
03-25 17:33:37.138  2685  2685 I SystemServerTiming: GpuService
03-25 17:33:37.138  2685  2685 I SystemServiceManager: Starting com.android.server.gpu.GpuService
03-25 17:33:37.139  2685  2685 D SystemServerTiming: GpuService took to complete: 0ms
03-25 17:33:37.139  2685  2685 D SystemServerTiming: startCoreServices took to complete: 246ms
03-25 17:33:37.139  2685  2685 D SystemServerTiming: !@Boot_SystemServer: 246ms : startCoreServices
03-25 17:33:37.139  2685  2685 I SystemServerTiming: !@Boot_EBS:   Took 246ms by 'startCoreServices'
03-25 17:33:37.139  2685  2685 I SystemServer: !@Boot_EBS_F: startOtherServices
03-25 17:33:37.139  2685  2685 I SystemServerTiming: startOtherServices
03-25 17:33:37.139  2685  2685 I SystemServerTiming: lazy_service
03-25 17:33:37.139   624   636 I servicemanager: Adding 'u:r:system_server:s0' service (lazy_service:2685)
03-25 17:33:37.140  2685  2685 D SystemServerTiming: lazy_service took to complete: 1ms
03-25 17:33:37.140  2685  2685 I SystemServerTiming: StartKeyAttestationApplicationIdProviderService
03-25 17:33:37.140  2685  3097 I SystemServerTimingAsync: InitThreadPoolExec:SecondaryZygotePreload
03-25 17:33:37.140  2685  3097 I SystemServer: SecondaryZygotePreload
03-25 17:33:37.140   624   636 I servicemanager: Adding 'u:r:system_server:s0' service (sec_key_att_app_id_provider:2685)
03-25 17:33:37.140  2685  3097 I SystemServerTimingAsync: SecondaryZygotePreload
03-25 17:33:37.140  2685  2685 D SystemServerTiming: StartKeyAttestationApplicationIdProviderService took to complete: 1ms
03-25 17:33:37.140  2685  2685 I SystemServerTiming: StartKeyChainSystemService
03-25 17:33:37.140  2685  2685 I SystemServiceManager: Starting com.android.server.security.KeyChainSystemService
03-25 17:33:37.140  2685  2685 D SystemServerTiming: StartKeyChainSystemService took to complete: 0ms
03-25 17:33:37.140  2685  2685 I SystemServerTiming: StartSchedulingPolicyService
03-25 17:33:37.141   624   636 I servicemanager: Adding 'u:r:system_server:s0' service (scheduling_policy:2685)
03-25 17:33:37.141  2685  2685 D SystemServerTiming: StartSchedulingPolicyService took to complete: 0ms
03-25 17:33:37.141  2685  2685 I SystemServerTiming: StartSpqrService
03-25 17:33:37.141  2685  2685 I SystemServiceManager: Starting com.android.server.SpqrService
03-25 17:33:37.142  2685  3098 I SystemServerTimingAsync: InitThreadPoolExec:SchedulingPolicyService.<init>
03-25 17:33:37.142  2685  2685 I SpqrService: SPQR native service found successfully
03-25 17:33:37.142  2685  2685 D SystemServerTiming: StartSpqrService took to complete: 2ms
03-25 17:33:37.142  2685  2685 I SystemServerTiming: StartSpegService
03-25 17:33:37.142  2685  2685 I SystemServiceManager: Starting com.android.server.SpegService
03-25 17:33:37.143  2685  2685 I SpegService: speg_helper found successfully
03-25 17:33:37.143  2685  2685 D SystemServerTiming: StartSpegService took to complete: 1ms
03-25 17:33:37.143  2685  2685 I SystemServerTiming: UCM Policy Service
03-25 17:33:37.144  2476  2476 I Zygote  : Lazily preloading resources.
03-25 17:33:37.144  2476  2476 D Zygote  : begin preload
03-25 17:33:37.144  2476  2476 I Zygote  : Calling ZygoteHooks.beginPreload()
03-25 17:33:37.153  2685  3098 I SchedulingPolicyService: Moving 1215 back to group default
03-25 17:33:37.154  2685  3098 D SystemServerTimingAsync: InitThreadPoolExec:SchedulingPolicyService.<init> took to complete: 13ms
03-25 17:33:37.157  2685  2685 I UniversalCredentialManagerService: getActivePlugin ..
03-25 17:33:37.160  2476  2476 D ZygoteInitTiming_lazy: BeginPreload took to complete: 16ms
03-25 17:33:37.160  2476  2476 I Zygote  : Preloading classes...
03-25 17:33:37.161  2685  2685 D EdmStorageProvider: getCount(UniversalCredentialWhiteListTable) - 0
03-25 17:33:37.162  2685  2685 D EdmStorageProvider: getCount(UniversalCredentialCertificateTable) - 0
03-25 17:33:37.162   624   636 I servicemanager: Adding 'u:r:system_server:s0' service (knox_ucsm_policy:2685)
03-25 17:33:37.162  2685  2685 D SystemServerTiming: UCM Policy Service took to complete: 19ms
03-25 17:33:37.162  2685  2685 I SystemServerTiming: CredentialManagerService Service
03-25 17:33:37.163  2685  2685 D UcmServiceODE: updateOdeStatus [0]
03-25 17:33:37.169  2476  2476 W Zygote  : Class not found for preloading: android.app.SystemServiceRegistry$18
03-25 17:33:37.174  2476  2476 D SemCscFeature: Encoded
03-25 17:33:37.202  3099  3099 W idmap2  : failed to create idmap
03-25 17:33:37.221  2476  2476 E libc    : Access denied finding property "ro.vendor.mtk_model"
03-25 17:33:37.221   758   758 E audit   : type=1400 audit(1711406017.211:185): avc:  denied  { read } for  pid=2476 comm="main" name="u:object_r:vendor_default_prop:s0" dev="tmpfs" ino=29313 scontext=u:r:zygote:s0 tcontext=u:object_r:vendor_default_prop:s0 tclass=file permissive=0 SEPF_SM-N975U1_12_0001audit_filtered
03-25 17:33:37.221   758   758 E audit   : type=1300 audit(1711406017.211:185): arch=40000028 syscall=322 per=8 success=no exit=-13 a0=ffffff9c a1=ffe763f8 a2=a8000 a3=0 items=0 ppid=1 pid=2476 auid=4294967295 uid=0 gid=0 euid=9999 suid=9999 fsuid=9999 egid=9999 sgid=9999 fsgid=9999 tty=(none) ses=4294967295 comm="main" exe="/system/bin/app_process32" subj=u:r:zygote:s0 key=(null)
03-25 17:33:37.221   758   758 E audit   : type=1327 audit(1711406017.211:185): proctitle="zygote"
03-25 17:33:37.223  2476  2476 D SecIpmManagerFrameworkInitializer:  initial
03-25 17:33:37.245  2476  2476 I Typeface: Preloading /system/fonts/Roboto-Regular.ttf
03-25 17:33:37.273  3103  3103 D ProcessState: Binder ioctl to enable oneway spam detection failed: Invalid argument
03-25 17:33:37.277  2476  2476 E ActivityRecognitionHardware: activity_recognition HAL is deprecated.class_init is effectively a no-op
03-25 17:33:37.411  2685  2685 D EmergencyMode: [EmergencyManager] android createPackageContext successful: android
03-25 17:33:37.413  2685  2685 D EmergencyMode: [EmergencyManager] Settings Provider is not ready e :java.lang.IllegalStateException: Cannot access system provider: 'settings' before system providers are installed!
03-25 17:33:37.413  2685  2685 I UcmService: readPersistentAppletsInfoLocked is called...
03-25 17:33:37.413  2685  2685 I UcmService: mPersistentAppletInfoFile not exist...
03-25 17:33:37.413  2685  2685 I UcmService: fbe is enabled
03-25 17:33:37.413  2685  2685 I UcmService: deleteODEConfigInFileIfExist
03-25 17:33:37.413  2685  2685 I UcmService: ODE config file does not exist
03-25 17:33:37.413  2685  2685 I UcmService: updateKeyguardConfig
03-25 17:33:37.413  2685  2685 I UcmService: getKeyguardStorageForCurrentUser : 0
03-25 17:33:37.413  2685  2685 I UcmService: remove useless keyguard config file
03-25 17:33:37.413  2685  2685 I UcmService: keyguard config file does not exist
03-25 17:33:37.414  2685  2685 I UcmService: registerPersonaObserver is called...
03-25 17:33:37.415   624   636 I servicemanager: Adding 'u:r:system_server:s0' service (com.samsung.ucs.ucsservice:2685)
03-25 17:33:37.415  2685  2685 I SystemServerTiming: credentialManagerServiceReady
03-25 17:33:37.415  2685  2685 I UcmService: systemReady is called...
03-25 17:33:37.415  2685  2685 I UcmService.UcmServiceAgentManager: check eSE Permission : 1000
03-25 17:33:37.415  2685  2685 I UcmService.UcmServiceAgentManager: check eSE Permission : 10080
03-25 17:33:37.415  2685  2685 I UcmService.UcmServiceAgentManager: checkESEPermission
03-25 17:33:37.416  2685  2685 I UcmService.UcmServiceAgentManager: check eSE Permission : 10084
03-25 17:33:37.416  2685  2685 I UcmService.UcmServiceAgentManager: checkESEPermission
03-25 17:33:37.416  2685  2685 I UcmService.UcmServiceAgentManager: check eSE Permission : 10410
03-25 17:33:37.416  2685  2685 I UcmService.UcmServiceAgentManager: checkESEPermission
03-25 17:33:37.416  2685  2685 I UcmService.UcmServiceAgentManager: check eSE Permission : 10418
03-25 17:33:37.416  2685  2685 I UcmService.UcmServiceAgentManager: checkESEPermission
03-25 17:33:37.416  2685  2685 I UcmService.UcmServiceAgentManager: check eSE Permission : 10526
03-25 17:33:37.416  2685  2685 I UcmService.UcmServiceAgentManager: checkESEPermission
03-25 17:33:37.416  2685  2685 I UcmService.UcmServiceAgentManager: check eSE Permission : 11162
03-25 17:33:37.416  2685  2685 I UcmService.UcmServiceAgentManager: checkESEPermission
03-25 17:33:37.416  2685  2685 D SystemServerTiming: credentialManagerServiceReady took to complete: 2ms
03-25 17:33:37.416  2685  2685 D SystemServerTiming: CredentialManagerService Service took to complete: 254ms
03-25 17:33:37.416  2685  2685 D SystemServerTiming: !@Boot_SystemServer: 254ms : CredentialManagerService Service
03-25 17:33:37.416  2685  3106 I UcmService.UcmServiceAgentManager: *****refreshAgentList is called***
03-25 17:33:37.416  2685  2685 I SystemServerTiming: !@Boot_EBS:   Took 254ms by 'CredentialManagerService Service'
03-25 17:33:37.416  2685  3106 I UcmService.UcmServiceAgentManager: resolveAllowedAgents for user 0
03-25 17:33:37.416  2685  2685 I SystemServer: ActivationTeeService
03-25 17:33:37.417  2685  2685 I SystemServerTiming: SEAMS
03-25 17:33:37.417  2685  3106 I UcmService.UcmServiceAgentManager: found com.samsung.ucs.agent.ese
03-25 17:33:37.417  2685  3106 I UcmService.UcmServiceAgentManager: *****refreshAgentListInternal userId-0 is called***
03-25 17:33:37.417  2685  3106 I UcmService.UcmServiceAgentManager: -------Processing started for agentPackageName------com.samsung.ucs.agent.ese
03-25 17:33:37.417  2685  3106 I UcmService.UcmServiceAgentManager:   agentPackageName -com.samsung.ucs.agent.ese is an active plugin
03-25 17:33:37.417  2685  3106 I UcmService.UcmServiceAgentManager:   Check if caller has UCS Plugin permission...
03-25 17:33:37.417  2685  3106 I UcmService.UcmServiceAgentManager:   Agent has UCS PLUGIN permission. Processing further...
03-25 17:33:37.417  2685  3106 I UcmService.UcmServiceAgentManager:   agentPackageName com.samsung.ucs.agent.ese is system storage. Checking system signature
03-25 17:33:37.417  2685  3106 D UcmServiceUtil:   Signature match
03-25 17:33:37.417  2685  3106 I UcmService.UcmServiceAgentManager:   Valid system storage found is com.samsung.ucs.agent.ese
03-25 17:33:37.418   624   636 I servicemanager: Adding 'u:r:system_server:s0' service (SEAMService:2685)
03-25 17:33:37.418  2685  2685 D SystemServerTiming: SEAMS took to complete: 1ms
03-25 17:33:37.418  2685  2685 I SystemServerTiming: StartTelecomLoaderService
03-25 17:33:37.418  2685  2685 I SystemServiceManager: Starting com.android.server.telecom.TelecomLoaderService
03-25 17:33:37.418  2685  2685 D SystemServerTiming: StartTelecomLoaderService took to complete: 1ms
03-25 17:33:37.418  2685  2685 I SystemServerTiming: StartTelephonyRegistry
03-25 17:33:37.419  2685  3106 I UcmService.UcmServiceAgentManager: Do not need to bind eSE Service
03-25 17:33:37.419   624   636 I servicemanager: Adding 'u:r:system_server:s0' service (telephony.registry:2685)
03-25 17:33:37.419  2685  2685 D SystemServerTiming: StartTelephonyRegistry took to complete: 0ms
03-25 17:33:37.419  2685  2685 I SystemServerTiming: StartEntropyMixer
03-25 17:33:37.420  2685  2685 I EntropyMixer: Writing entropy...
03-25 17:33:37.427  2685  2685 D SystemServerTiming: StartEntropyMixer took to complete: 7ms
03-25 17:33:37.427  2685  2685 I SystemServer: Reactive Service
03-25 17:33:37.432  2685  2685 W libc    : Unable to set property "ro.security.reactive.version" to "2.0.13": error code: 0xb, try count : 1
03-25 17:33:37.434  2685  2685 W libc    : Unable to set property "ro.security.reactive.version" to "2.0.13": error code: 0xb, try count : 2
03-25 17:33:37.434  2685  2685 W libc    : Unable to set property "ro.security.reactive.version" to "2.0.13": error code: 0xb, try count : 3
03-25 17:33:37.434  2685  2685 W terrier : Failed to set RL status
03-25 17:33:37.437   624   636 I servicemanager: Adding 'u:r:system_server:s0' service (ReactiveService:2685)
03-25 17:33:37.437  2685  2685 I SystemServerTiming: StartPersonaManager
03-25 17:33:37.437  2685  2685 I SystemServer: Persona Service
03-25 17:33:37.437   624   636 I servicemanager: Adding 'u:r:system_server:s0' service (persona:2685)
03-25 17:33:37.437  2685  2685 I SystemServer: KnoxMUMContainerPolicy Service
03-25 17:33:37.439  2685  2685 D KnoxMUMContainerPolicy: reading from xml file
03-25 17:33:37.440  2685  2685 D KnoxConfigurationType: setDefaultConfigType: isDefaultConfigType true
03-25 17:33:37.440  2685  2685 D KnoxConfigurationType: setDefaultContainerLayout: layoutType 1
03-25 17:33:37.440  2685  2685 D KnoxConfigurationType: allowLayoutSwitching: allowSwitch true
03-25 17:33:37.440  2685  2685 D KnoxConfigurationType: setBiometricAuthenticationEnabled : bioAuth =3, enabled : true
03-25 17:33:37.440  2685  2685 D KnoxConfigurationType: setting ecname Custom
03-25 17:33:37.440  2685  2685 D KnoxConfigurationType: setDefaultConfigType: isDefaultConfigType false
03-25 17:33:37.440  2685  2685 D KnoxConfigurationType: allowLayoutSwitching: allowSwitch true
03-25 17:33:37.441  2685  2685 D KnoxConfigurationType: setting ecname Custom
03-25 17:33:37.441  2685  2685 D KnoxConfigurationType: setDefaultConfigType: isDefaultConfigType false
03-25 17:33:37.441  2685  2685 D KnoxConfigurationType: allowLayoutSwitching: allowSwitch true
03-25 17:33:37.441  2685  2685 D KnoxConfigurationType: setting ecname Custom
03-25 17:33:37.441  2685  2685 D KnoxConfigurationType: setDefaultConfigType: isDefaultConfigType true
03-25 17:33:37.441  2685  2685 D KnoxConfigurationType: setDefaultContainerLayout: layoutType 1
03-25 17:33:37.441  2685  2685 D KnoxConfigurationType: allowLayoutSwitching: allowSwitch true
03-25 17:33:37.441  2685  2685 D KnoxConfigurationType: setBiometricAuthenticationEnabled : bioAuth =3, enabled : true
03-25 17:33:37.441  2685  2685 D SecureFolderConfigurationType: COM config dump START:
03-25 17:33:37.441  2685  2685 D SecureFolderConfigurationType: mAllowSettingsChanges : true
03-25 17:33:37.442  2685  2685 D SecureFolderConfigurationType: mAllowStatusBarExpansion : true
03-25 17:33:37.442  2685  2685 D SecureFolderConfigurationType: mAllowHomeKey : true
03-25 17:33:37.442  2685  2685 D SecureFolderConfigurationType: mAllowClearAllNotification : false
03-25 17:33:37.442  2685  2685 D SecureFolderConfigurationType: mHideSystemBar : false
03-25 17:33:37.442  2685  2685 D SecureFolderConfigurationType: mWipeRecentTasks : false
03-25 17:33:37.442  2685  2685 D SecureFolderConfigurationType: COM config dump END.
03-25 17:33:37.442  2685  2685 D KnoxConfigurationType: setDefaultConfigType: isDefaultConfigType false
03-25 17:33:37.442  2685  2685 D KnoxConfigurationType: allowLayoutSwitching: allowSwitch false
03-25 17:33:37.442  2685  2685 D KnoxConfigurationType: setBiometricAuthenticationEnabled : bioAuth =3, enabled : true
03-25 17:33:37.442  2685  2685 D KnoxConfigurationType: setting ecname Custom
03-25 17:33:37.442  2685  2685 D ContainerModeConfigurationType: COM config dump START:
03-25 17:33:37.442  2685  2685 D ContainerModeConfigurationType: mAllowSettingsChanges : true
03-25 17:33:37.442  2685  2685 D ContainerModeConfigurationType: mAllowStatusBarExpansion : true
03-25 17:33:37.442  2685  2685 D ContainerModeConfigurationType: mAllowHomeKey : true
03-25 17:33:37.442  2685  2685 D ContainerModeConfigurationType: mAllowClearAllNotification : true
03-25 17:33:37.442  2685  2685 D ContainerModeConfigurationType: mHideSystemBar : false
03-25 17:33:37.442  2685  2685 D ContainerModeConfigurationType: mWipeRecentTasks : true
03-25 17:33:37.442  2685  2685 D ContainerModeConfigurationType: COM config dump END.
03-25 17:33:37.442  2685  2685 D KnoxConfigurationType: setDefaultConfigType: isDefaultConfigType false
03-25 17:33:37.442  2685  2685 D KnoxConfigurationType: allowLayoutSwitching: allowSwitch false
03-25 17:33:37.442  2685  2685 D KnoxConfigurationType: setBiometricAuthenticationEnabled : bioAuth =3, enabled : true
03-25 17:33:37.442  2685  2685 D KnoxConfigurationType: setting ecname Custom
03-25 17:33:37.455  3111  3111 D ProcessState: Binder ioctl to enable oneway spam detection failed: Invalid argument
03-25 17:33:37.461  2476  2476 I zygote  : Thread[1,tid=2476,Native,Thread*=0xde442a10,peer=0x12c40078,"main"] recursive attempt to load library "librtp_jni.so"
03-25 17:33:37.465  2685  2685 D LightweightConfigurationType: Lightweight config dump START:
03-25 17:33:37.465  2685  2685 D LightweightConfigurationType: mFolderHeaderIcon : null
03-25 17:33:37.465  2685  2685 D LightweightConfigurationType: mFolderHeaderTitle : null
03-25 17:33:37.465  2685  2685 D LightweightConfigurationType: mFolderDisabledChangeLayout : true
03-25 17:33:37.465  2685  2685 D LightweightConfigurationType: Lightweight config dump END.
03-25 17:33:37.465  2685  2685 D KnoxMUMContainerPolicy: isFOTARequired currentversion:N975U1UES8HWG1
03-25 17:33:37.465  2685  2685 I KnoxMUMContainerPolicy: 1. pdaVersion = N975U1UES8HWG1
03-25 17:33:37.465  2685  2685 D KnoxMUMContainerPolicy: trimHiddenVersion(N975U1UES8HWG1)
03-25 17:33:37.465  2685  2685 I KnoxMUMContainerPolicy: 2. pdaVersion = N975U1UES8HWG1
03-25 17:33:37.465  2685  2685 D KnoxMUMContainerPolicy: isFOTARequired currentversion:N975U1UES8HWG1
03-25 17:33:37.465  2685  2685 D KnoxMUMContainerPolicy: isFOTARequired currentversion:N975U1UES8HWG1
03-25 17:33:37.465  2685  2685 D KnoxMUMContainerPolicy: isFOTARequired currentversion:N975U1UES8HWG1
03-25 17:33:37.465  2685  2685 D KnoxMUMContainerPolicy: isFOTARequired currentversion:N975U1UES8HWG1
03-25 17:33:37.465  2685  2685 D KnoxMUMContainerPolicy: isFOTARequired currentversion:N975U1UES8HWG1
03-25 17:33:37.466   624   636 I servicemanager: Adding 'u:r:system_server:s0' service (mum_container_policy:2685)
03-25 17:33:37.466  2685  2685 D SystemServerTiming: StartPersonaManager took to complete: 29ms
03-25 17:33:37.466  2685  2685 D SystemServer: startRCPService | original value for enabledContainer : true
03-25 17:33:37.466  2685  2685 D SystemServer: startRCPService | KnoxPresentInDevice : false, DoEnabled : false
03-25 17:33:37.466  2685  2685 I SystemServerTiming: RCPManagerService
03-25 17:33:37.466  2685  2685 D SystemServerTiming: RCPManagerService took to complete: 0ms
03-25 17:33:37.466  2685  2685 I SystemServerTiming: KnoxMUMRCPPolicyService
03-25 17:33:37.466  2685  2685 D SystemServer: startRCPService | add Lazy Service : KnoxMUMRCPPolicyService , mumrcppolicy
03-25 17:33:37.466  2685  2685 D LazyService: mum_container_rcp_policy addService
03-25 17:33:37.466  2685  2685 D SystemServerTiming: KnoxMUMRCPPolicyService took to complete: 1ms
03-25 17:33:37.466  2685  2685 I SystemServerTiming: DualAppManagerService
03-25 17:33:37.466  2685  2685 D SystemServer: startDualAppManagerService | add Service : startDualAppManagerService
03-25 17:33:37.467   624   636 I servicemanager: Adding 'u:r:system_server:s0' service (dual_app:2685)
03-25 17:33:37.467  2685  2685 D SystemServerTiming: DualAppManagerService took to complete: 0ms
03-25 17:33:37.467  2685  2685 I SystemServerTiming: StartAccountManagerService
03-25 17:33:37.467  2685  2685 I SystemServiceManager: Starting com.android.server.accounts.AccountManagerService$Lifecycle
03-25 17:33:37.468  2685  2685 D CompatibilityChangeReporter: Compat change id reported: 148180766; UID 1000; state: ENABLED
03-25 17:33:37.469   624   636 I servicemanager: Adding 'u:r:system_server:s0' service (account:2685)
03-25 17:33:37.469  2685  2685 D SystemServerTiming: StartAccountManagerService took to complete: 2ms
03-25 17:33:37.469  2685  2685 I SystemServerTiming: StartContentService
03-25 17:33:37.469  2685  2685 I SystemServiceManager: Starting com.android.server.content.ContentService$Lifecycle
03-25 17:33:37.470   624   636 I servicemanager: Adding 'u:r:system_server:s0' service (content:2685)
