03-25 17:35:47.420  3722  3722 D ApplicationLoaders: Created zygote-cached class loader: /system/framework/android.hidl.base-V1.0-java.jar
03-25 17:35:47.421  3941  3941 D SEP_UNION_CoverManager_CoverManagerUtils: Wireless Charge is Supported: Type 1
03-25 17:35:47.422  3941  3941 D SEP_UNION_CoverManager_CoverTestModeUtils: This version has been shipped!! Then cover test mode is not available
03-25 17:35:47.422  3941  3941 D SEP_UNION_SemUnionMainServiceImpl: addSepUnionServiceMapInternal : friends
03-25 17:35:47.422  3941  3941 D SEP_UNION_FriendsManagerService: FriendsManagerService
03-25 17:35:47.423  3722  3722 D ApplicationLoaders: Created zygote-cached class loader: /system/framework/android.hidl.manager-V1.0-java.jar
03-25 17:35:47.424  3941  3941 D SEP_UNION_SemUnionMainServiceImpl: addSepUnionServiceMapInternal : tips
03-25 17:35:47.424  3941  3941 D TipsManagerService: [GalaxyTips] TipsManagerService
03-25 17:35:47.425  3722  3722 D ApplicationLoaders: Created zygote-cached class loader: /system/framework/android.test.base.jar
03-25 17:35:47.425  3941  3941 D SEP_UNION_SemUnionMainServiceImpl: addSepUnionServiceMapInternal : semeventdelegator
03-25 17:35:47.425  3722  3722 D ZygoteInitTiming_lazy: CacheNonBootClasspathClassLoaders took to complete: 10ms
03-25 17:35:47.426  3722  3722 I Zygote  : Preloading resources...
03-25 17:35:47.426  3941  3941 D SEP_UNION_SemDeviceInfoManagerService: SemDeviceInfoManagerService
03-25 17:35:47.426  3941  3941 D SEP_UNION_SemDeviceInfoTestModeUtils: This version has been shipped!! Then device info test mode is not available
03-25 17:35:47.426  3941  3941 D SEP_UNION_SemUnionMainServiceImpl: addSepUnionServiceMapInternal : PrivacyDashboard
03-25 17:35:47.426  3941  3941 D SemPrivacyDashboardService: SemPrivacyDashboardService
03-25 17:35:47.426  3941  3941 I SemPrivacyDashboardService: Support feature : true
03-25 17:35:47.426  3941  3941 D SEP_UNION_SemUnionMainServiceImpl: addSepUnionServiceMapInternal : exclusivetask
03-25 17:35:47.426  3941  3941 D SemExclusiveTaskManagerService: SemExclusiveTaskManagerService start
03-25 17:35:47.426  3941  3941 D SemExclusiveTaskManagerService: init()
03-25 17:35:47.426  3941  3941 D SemExclusiveTaskManagerService: readExclusiveRelation()
03-25 17:35:47.429  3941  3941 D SemExclusiveTaskManagerService: ### talkback doesn't exist in exclusiveListSet of tap_duration
03-25 17:35:47.430  3941  3941 D SemExclusiveTaskManagerService: ### talkback doesn't exist in exclusiveListSet of ignore_repeated_touches
03-25 17:35:47.430  3722  3722 W Resources: Preloaded drawable resource #0x108029e (android:drawable/dialog_background_material) that varies with configuration!!
03-25 17:35:47.430  3941  3941 W Settings: Setting remove_animations has moved from android.provider.Settings.System to android.provider.Settings.Global, returning read-only global URI.
03-25 17:35:47.431  3941  3941 D SemExclusiveTaskManagerService: SemExclusiveTaskManagerService onCreate()
03-25 17:35:47.431  3941  3941 D SEP_UNION_SemUnionMainServiceImpl: addSepUnionServiceMapInternal : goodcatch
03-25 17:35:47.432  3941  3941 D SEP_UNION_SemUnionMainServiceImpl: addSepUnionServiceMapInternal : HermesService
03-25 17:35:47.432  3941  3941 D SEP_UNION_SemUnionMainService: onStart
03-25 17:35:47.432   624   636 I servicemanager: Adding 'u:r:system_server:s0' service (sepunion:3941)
03-25 17:35:47.432  3941  3941 D SystemServerTiming: SemUnionMainService took to complete: 18ms
03-25 17:35:47.432  3941  3941 I SystemServerTiming: StartVibratorManagerService
03-25 17:35:47.432  3941  3941 I SystemServiceManager: Starting com.android.server.vibrator.VibratorManagerService$Lifecycle
03-25 17:35:47.435   624   636 E servicemanager: Could not find android.hardware.vibrator.IVibratorManager/default in the VINTF manifest.
03-25 17:35:47.436   624   636 E servicemanager: Could not find android.hardware.vibrator.IVibrator/default in the VINTF manifest.
03-25 17:35:47.437   932   932 E SecVibrator-HAL2.2_A: isNodeExist node:/timed_output/vibrator/intensity
03-25 17:35:47.438   932   932 E SecVibrator-HAL2.2_A: true
03-25 17:35:47.438   932   932 E SecVibrator-HAL2.2_A: supportsAmplitudeControl is possible
03-25 17:35:47.438   932   932 E SecVibrator-HAL2.2_A: isNodeExist node:/timed_output/vibrator/ext_control
03-25 17:35:47.438   932   932 E SecVibrator-HAL2.2_A: false
03-25 17:35:47.438  3941  3941 I VibratorController: vibratorSupportsHapticEngine started
03-25 17:35:47.438   624   636 E servicemanager: Could not find android.hardware.vibrator.IVibrator/default in the VINTF manifest.
03-25 17:35:47.438  3941  3941 I VibratorController: vibratorSupportsHapticEngine hidl vendor
03-25 17:35:47.439  3722  3722 I Zygote  : ...preloaded 64 resources in 13ms.
03-25 17:35:47.440   932   932 E SecVibrator-HAL2.2_A: isNodeExist node:/timed_output/vibrator/haptic_engine
03-25 17:35:47.440   932   932 E SecVibrator-HAL2.2_A: true
03-25 17:35:47.440  3941  3941 I VibratorController: vibratorSupportIntensityControl started
03-25 17:35:47.441   624   636 E servicemanager: Could not find android.hardware.vibrator.IVibrator/default in the VINTF manifest.
03-25 17:35:47.441  3941  3941 I VibratorController: sehSupportsAmplitudeControl hidl vendor
03-25 17:35:47.441   932   932 E SecVibrator-HAL2.2_A: isNodeExist node:/timed_output/vibrator/intensity
03-25 17:35:47.441   932   932 E SecVibrator-HAL2.2_A: true
03-25 17:35:47.441  3941  3941 I VibratorController: vibratorSupportsFrequencyControl started
03-25 17:35:47.441   624   636 E servicemanager: Could not find android.hardware.vibrator.IVibrator/default in the VINTF manifest.
03-25 17:35:47.441  3941  3941 I VibratorController: sehSupportsFrequencyControl hidl vendor
03-25 17:35:47.441   932   932 E SecVibrator-HAL2.2_A: isNodeExist node:/timed_output/vibrator/multi_freq
03-25 17:35:47.441   932   932 E SecVibrator-HAL2.2_A: false
03-25 17:35:47.442  3941  3941 I VibratorController: vibratorSupportsPrebakedHapticPattern started
03-25 17:35:47.442   624   636 E servicemanager: Could not find android.hardware.vibrator.IVibrator/default in the VINTF manifest.
03-25 17:35:47.442  3722  3722 I Zygote  : ...preloaded 41 resources in 3ms.
03-25 17:35:47.442  3941  3941 D VibratorController: sehSupportsPrebakedHapticPattern hidl vendor
03-25 17:35:47.442  3722  3722 D ZygoteInitTiming_lazy: PreloadResources took to complete: 16ms
03-25 17:35:47.442   932   932 E SecVibrator-HAL2.2_A: isNodeExist node:/timed_output/vibrator/cp_trigger_index
03-25 17:35:47.442   932   932 E SecVibrator-HAL2.2_A: true
03-25 17:35:47.442  3941  3941 I VibratorController: vibratorSupportsEnhancedSamsungHapticPattern started
03-25 17:35:47.443   624   636 E servicemanager: Could not find android.hardware.vibrator.IVibrator/default in the VINTF manifest.
03-25 17:35:47.443  3941  3941 I VibratorController: sehSupportsEnhancedSamsungHapticPattern hidl vendor
03-25 17:35:47.443   932   932 E SecVibrator-HAL2.2_A: isNodeExistForRead node:/timed_output/vibrator/motor_type
03-25 17:35:47.443   932   932 E SecVibrator-HAL2.2_A: true
03-25 17:35:47.443   932   932 E SecVibrator-HAL2.2_A: sehSupportsEnhancedSamsungHapticPattern string: LINEAR_INDEX
03-25 17:35:47.443   932   932 E SecVibrator-HAL2.2_A: sehSupportsEnhancedSamsungHapticPattern stringlen : 12
03-25 17:35:47.443   932   932 E SecVibrator-HAL2.2_A: sehSupportsEnhancedSamsungHapticPattern can not supports. Out of capability
03-25 17:35:47.443  3941  3941 D VibratorController: motor group: SEM_SUPPORTED_VIBRATION_TYPE_D (5)
03-25 17:35:47.443   932   932 E SecVibrator-HAL2.2_A: >> writeNode node:/timed_output/vibrator/enable val:0
03-25 17:35:47.443   932   932 E SecVibrator-HAL2.2_A: << writeNode node OK 2
03-25 17:35:47.444   624   636 I servicemanager: Adding 'u:r:system_server:s0' service (external_vibrator_service:3941)
03-25 17:35:47.446   624   636 I servicemanager: Adding 'u:r:system_server:s0' service (vibrator_manager:3941)
03-25 17:35:47.446  3941  3941 D SystemServerTiming: StartVibratorManagerService took to complete: 13ms
03-25 17:35:47.446  3941  3941 I SystemServerTiming: StartDynamicSystemService
03-25 17:35:47.446   624   636 I servicemanager: Adding 'u:r:system_server:s0' service (dynamic_system:3941)
03-25 17:35:47.447  3941  3941 D SystemServerTiming: StartDynamicSystemService took to complete: 1ms
03-25 17:35:47.447  3941  3941 I SystemServerTiming: StartConsumerIrService
03-25 17:35:47.447   625   625 I hwservicemanager: getTransport: Cannot find entry android.hardware.ir@1.0::IConsumerIr/default in either framework or device VINTF manifest.
03-25 17:35:47.448   624   636 I servicemanager: Adding 'u:r:system_server:s0' service (consumer_ir:3941)
03-25 17:35:47.448  3941  3941 D SystemServerTiming: StartConsumerIrService took to complete: 1ms
03-25 17:35:47.448  3941  3941 I SystemServerTiming: StartIfaaService
03-25 17:35:47.448  3941  3941 I SystemServer: [ro.config.ifaaversion] value is : false
03-25 17:35:47.448  3941  3941 D SystemServerTiming: StartIfaaService took to complete: 0ms
03-25 17:35:47.448  3941  3941 I SystemServerTiming: SSRM Service
03-25 17:35:47.449  3941  3941 W system_server: ClassLoaderContext classpath size mismatch. expected=5, found=0 (PCL[/system/framework/com.android.location.provider.jar*3633238673:/system/framework/services.jar*925590991:/system/framework/services.jar!classes2.dex*1977364219:/system/framework/services.jar!classes3.dex*2920353434:/system/framework/ethernet-service.jar*4213855787] | PCL[];PCL[/system/framework/com.android.location.provider.jar*3633238673:/system/framework/services.jar*925590991:/system/framework/services.jar!classes2.dex*1977364219:/system/framework/services.jar!classes3.dex*2920353434:/system/framework/ethernet-service.jar*4213855787:/system/framework/ssrm.jar*125111382:/system/framework/semwifi-service.jar*3219197009:/apex/com.android.appsearch/javalib/service-appsearch.jar*4100577803:/apex/com.android.media/javalib/service-media-s.jar*3881732923:/apex/com.android.permission/javalib/service-permission.jar*62506796:/apex/com.samsung.android.ipm/javalib/service-samsung-ipm.jar*1308075029:/apex/com.samsung.android.shell/javalib/service-samsung-privilege.jar*3637242057])
03-25 17:35:47.452  3941  3941 I SystemServiceManager: Starting com.android.server.ssrm.CustomFrequencyManagerService$Lifecycle
03-25 17:35:47.452  3722  3722 D libEGL  : loaded /vendor/lib/egl/libEGL_adreno.so
03-25 17:35:47.455  3722  3722 D libEGL  : loaded /vendor/lib/egl/libGLESv1_CM_adreno.so
03-25 17:35:47.460  3722  3722 D libEGL  : loaded /vendor/lib/egl/libGLESv2_adreno.so
03-25 17:35:47.488  3722  3722 E libEGL  : dlopen("libSEC_EGL.so") failed: dlopen failed: library "libSEC_EGL.so" not found
03-25 17:35:47.489  3722  3722 I Zygote  : Preloading shared libraries...
03-25 17:35:47.494  3722  3722 I Zygote  : Called ZygoteHooks.endPreload()
03-25 17:35:47.494  3722  3722 I Zygote  : Installed AndroidKeyStoreProvider in 1ms.
03-25 17:35:47.497  3722  3722 I Zygote  : Warmed up JCA providers in 3ms.
03-25 17:35:47.497  3722  3722 D Zygote  : end preload
03-25 17:35:47.498  3941  4266 D SystemServerTimingAsync: SecondaryZygotePreload took to complete: 567ms
03-25 17:35:47.498  3941  4266 D SystemServerTimingAsync: InitThreadPoolExec:SecondaryZygotePreload took to complete: 567ms
03-25 17:35:47.539  3941  3941 E SystemServiceRegistry: Failed to get custom frequency manager service.
03-25 17:35:47.539   624   636 I servicemanager: Found vendor.samsung.hardware.hyper.ISehHyPer/default in device VINTF manifest.
03-25 17:35:47.540  3941  3994 I DropBoxManagerService: add tag=system_server_wtf isTagEnabled=true flags=0x2
03-25 17:35:47.544   624   727 I servicemanager: Adding 'u:r:system_server:s0' service (CustomFrequencyManagerService:3941)
03-25 17:35:47.544  3941  3941 W SystemServiceManager: Service com.android.server.ssrm.CustomFrequencyManagerService$Lifecycle took 92 ms in onStart
03-25 17:35:47.544  3941  3941 D SystemServerTiming: SSRM Service took to complete: 96ms
03-25 17:35:47.544  3941  3941 I SystemServerTiming: StartAlarmManagerService
03-25 17:35:47.544  3941  3941 I SystemServiceManager: Starting com.android.server.alarm.AlarmManagerService
03-25 17:35:47.544  3941  3941 V SamsungAlarmManager: SamsungAlarmManagerService created.
03-25 17:35:47.556  3941  3941 D AlarmManagerService: Kernel timezone updated to 300 minutes west of GMT
03-25 17:35:47.557  3941  3941 D CompatibilityChangeReporter: Compat change id reported: 160794467; UID 1000; state: ENABLED
03-25 17:35:47.557   624   727 I servicemanager: Adding 'u:r:system_server:s0' service (alarm:3941)
03-25 17:35:47.558  3941  3941 D SystemServerTiming: StartAlarmManagerService took to complete: 14ms
03-25 17:35:47.558  3941  3941 I SystemServerTiming: StartInputManagerService
03-25 17:35:47.559  3941  3941 I InputManager: Initializing input manager, mUseDevInputEventForAudioJack=true
03-25 17:35:47.560  3941  3941 D InputReader: Constructor for InputReader()
03-25 17:35:47.561   624  1508 I servicemanager: Adding 'u:r:system_server:s0' service (inputflinger:3941)
03-25 17:35:47.561  3941  3941 D InputManager.ControlWakeKey: mWakeKeyRefCount(116) is increased: 1
03-25 17:35:47.561  3941  3941 D InputManager.ControlWakeKey: mWakeKeyRefCount(172) is increased: 1
03-25 17:35:47.561  3941  3941 I InputManager.ControlWakeKey: file not found: /sys/power/volkey_wakeup
03-25 17:35:47.562  3941  3941 I InputManager.ControlWakeKey: file not found: /sys/class/sec/ap_pmic/volkey_wakeup
03-25 17:35:47.562  3941  3941 D InputManager.ControlWakeKey: keyCodes in makeWakeKeyString is 116,172
03-25 17:35:47.562   791  3715 I ServiceManager: Waiting for service 'statscompanion' on '/dev/binder'...
03-25 17:35:47.562  3941  3941 I InputManager.ControlWakeKey: FileOutputStream is passed
03-25 17:35:47.562  3941  3941 I InputManager.ControlWakeKey: fosWakeKey writing is passed
03-25 17:35:47.562  3941  3941 I InputManager.ControlWakeKey: closing fosWakeKey is passed
03-25 17:35:47.563  3941  3941 D SystemServerTiming: StartInputManagerService took to complete: 6ms
03-25 17:35:47.563  3941  3941 I SystemServerTiming: SatsService: Secure AT Service
03-25 17:35:47.567  3941  3941 I DEVROOT#MGR: [android] create DeviceRootKeyServiceManager.
03-25 17:35:47.567  3941  3941 I engmode_java_manager: em library is enabled, will use library
03-25 17:35:47.567  3941  3941 I engmode_java_manager: android(1000, 0) connects to EngineeringModeNative
03-25 17:35:47.568  3941  3941 I SatsService: Initialized
03-25 17:35:47.568  3941  3941 I SatsService: AtCmdHandler called.
03-25 17:35:47.568  3941  3941 I SatsService: connect at distributor
03-25 17:35:47.568  3941  3941 I SatsService: AtCmdHandler called.
03-25 17:35:47.568  3941  3941 I SatsService: connect data distributor
03-25 17:35:47.568  3941  3941 D SystemServerTiming: SatsService: Secure AT Service took to complete:5ms
03-25 17:35:47.569  3941  3941 I SystemServerTiming: DeviceStateManagerService
03-25 17:35:47.569  3941  3941 I SystemServiceManager: Starting com.android.server.devicestate.DeviceStateManagerService
03-25 17:35:47.571  1230  1230 D AT_Distributor: InitSocketMessageHandler(): SatsService, id(8), fd(21)
03-25 17:35:47.572  3941  4287 I SatsServiceAt: Connected to daemon.
03-25 17:35:47.572  3941  4288 I SatsServiceData: Connected to daemon.
03-25 17:35:47.573  3941  3941 D DeviceStateManagerService: Committing state: DeviceState{identifier=0, name='DEFAULT'}
03-25 17:35:47.573   624  1508 I servicemanager: Adding 'u:r:system_server:s0' service (device_state:3941)
03-25 17:35:47.574  3941  3941 D SystemServerTiming: DeviceStateManagerService took to complete: 5ms
03-25 17:35:47.574  3941  3941 I SystemServerTiming: SemPrivilegeManagerService
03-25 17:35:47.574  3941  3941 I SystemServiceManager: Starting com.android.server.privilege.SemPrivilegeManagerService
03-25 17:35:47.574  3941  3941 D SemPrivilegeManagerService: onStart
03-25 17:35:47.575   624  1508 I servicemanager: Adding 'u:r:system_server:s0' service (semprivilege:3941)
03-25 17:35:47.575  3941  3941 D SystemServerTiming: SemPrivilegeManagerService took to complete: 1ms
03-25 17:35:47.575  3941  3941 I SystemServerTiming: StartSemContextService
03-25 17:35:47.575  3941  3941 I SystemServer: SemContextService Service
03-25 17:35:47.580  3941  3994 W DropBoxManagerService: Dropping: system_server_wtf (1769 > 0 bytes)
03-25 17:35:47.581  3941  3941 I SemContextVersion: getFeatureMapFromFormat() : Failed to find from 1st place.
03-25 17:35:47.581  3941  3941 I SemContextVersion: getFeatureMapFromFormat() : There is also nothingat 2nd place.
03-25 17:35:47.581  3941  3941 D SemContextVersion: initialize() : this version = 32
03-25 17:35:47.584  3941  3941 D SensorHubManager: registerListener: Listener= com.samsung.android.contextaware.dataprovider.sensorhubprovider.SensorHubParserProvider$1@bc2d0e9
03-25 17:35:47.585  3941  3941 D SensorService: Calling batch handle==1501 flags=0 rate=1000 timeout== 0
03-25 17:35:47.585  3732  3732 I sensors-hal: set_config:67, sample_period_ns is adjusted to 1000 based on min/max delay_ns
03-25 17:35:47.585  3732  3732 I sensors-hal: batch:336, com.samsung.sensor.sensorhubs/1501, period=1000000, max_latency=0 request completed
03-25 17:35:47.585  3732  3732 I sensors-hal: activate:252, com.samsung.sensor.sensorhubs/1501 en=1
03-25 17:35:47.585  3732  3732 I sensors-hal: activate:370, enable common info also
03-25 17:35:47.585  3732  3732 I sensors-hal: get_qmi_debug_flag:241, support_qmi_debug : false
03-25 17:35:47.587  3732  3732 I sensors-hal: create_sensor_config_request:52, sending common_info create_sensor_config_request
03-25 17:35:47.588  3732  3732 I sensors-hal: get_qmi_debug_flag:241, support_qmi_debug : false
03-25 17:35:47.589  3732  3732 I sensors-hal: activate:379, _offset_ns = -4008194024, curr_offset_ns = -4008197826
03-25 17:35:47.590  3732  3732 I sensors-hal: activate:270, com.samsung.sensor.sensorhubs/1501 en=1 completed
03-25 17:35:47.590  3941  3941 D SensorManager: registerListener :: 1501, SensorHub type, 200000, 0, com.samsung.android.contextaware.sensorhubmanager.SensorHubManager$SensorHubListener@ad0216e
03-25 17:35:47.591  3941  3941 I CAE     : <init>(PowerResetNotiParser.java:72) - SLPIResetObserver :start
03-25 17:35:47.594  3941  3941 D CompatibilityChangeReporter: Compat change id reported: 147600208; UID 1000; state: ENABLED
03-25 17:35:47.594  3941  3941 D CompatibilityChangeReporter: Compat change id reported: 157233955; UID 1000; state: ENABLED
03-25 17:35:47.596  3727  3734 E PerfHint: PerfHint release
03-25 17:35:47.596  3727  3734 E perfmond: [PERFMOND][BOTTLENECK_HINT]  HINT OFF  WIN=0 AVG=32
03-25 17:35:47.597  3941  3941 W CAE     : addListener(ListenerListManager.java:79) - [addListener]  com.samsung.android.contextaware.manager.ContextAwareService$Listener@f24faff
03-25 17:35:47.597  3941  3941 W CAE     : addListener(ListenerListManager.java:80) - [addListener]  1
03-25 17:35:47.597  3941  3941 W CAE     : <init>(ContextAwareService.java:166) - [ContextAwareService 1]  com.samsung.android.contextaware.ContextAwareManager$CaListenerDelegate@772c0cc
03-25 17:35:47.598  3941  3941 W CAE     : <init>(ContextAwareService.java:167) - [ContextAwareService 2]  com.samsung.android.contextaware.manager.ContextAwareService$Listener@f24faff
03-25 17:35:47.598  3941  3941 W CAE     : <init>(ContextAwareService.java:168) - [ContextAwareService 3]  com.samsung.android.contextaware.ContextAwareManager$CaListenerDelegate@772c0cc
03-25 17:35:47.598  3941  3941 D FaultDetector: FaultDetector(1.1)
03-25 17:35:47.599  3941  3941 D SemContextService: AccSensorVersion : 15932
03-25 17:35:47.599  3941  3941 V HistoricalRegistry: Interaction before persistence initialized
03-25 17:35:47.600  3941  3941 D SemContextService: SemContextService()
03-25 17:35:47.600   624  1508 I servicemanager: Adding 'u:r:system_server:s0' service (scontext:3941)
03-25 17:35:47.600  3941  3941 D SystemServerTiming: StartSemContextService took to complete: 25ms
03-25 17:35:47.600  3941  3941 I SystemServerTiming: StartCameraServiceProxy
03-25 17:35:47.600  3941  3941 I SystemServiceManager: Starting com.android.server.camera.CameraServiceProxy
03-25 17:35:47.600  3941  3941 I CameraService_proxy: CameraServiceProxy is started.
03-25 17:35:47.601   624  1508 I servicemanager: Adding 'u:r:system_server:s0' service (media.camera.proxy:3941)
03-25 17:35:47.601  3941  3941 D SystemServerTiming: StartCameraServiceProxy took to complete: 1ms
03-25 17:35:47.601  3941  3941 I SystemServerTiming: StartCameraServiceWorker
03-25 17:35:47.601  3941  3941 I SystemServiceManager: Starting com.samsung.android.camera.CameraServiceWorker
03-25 17:35:47.603  3941  3941 E libc    : Access denied finding property "vendor.camera.unihal.enable"
03-25 17:35:47.603   758   758 E audit   : type=1400 audit(1711406147.591:266): avc:  denied  { read } for  pid=3941 comm="system_server" name="u:object_r:vendor_default_prop:s0" dev="tmpfs" ino=29313 scontext=u:r:system_server:s0 tcontext=u:object_r:vendor_default_prop:s0 tclass=file permissive=0 SEPF_SM-N975U1_12_0001 audit_filtered
03-25 17:35:47.603   758   758 E audit   : type=1300 audit(1711406147.591:266): arch=c00000b7 syscall=56 success=no exit=-13 a0=ffffff9c a1=7ffba70928 a2=88000 a3=0 items=0 ppid=3721 pid=3941 auid=4294967295 uid=1000 gid=1000 euid=1000 suid=1000 fsuid=1000 egid=1000 sgid=1000 fsgid=1000 tty=(none) ses=4294967295 comm="system_server" exe="/system/bin/app_process64" subj=u:r:system_server:s0 key=(null)
03-25 17:35:47.603   758   758 E audit   : type=1327 audit(1711406147.591:266): proctitle="system_server"
03-25 17:35:47.603  3941  3941 I CameraService_worker: CameraServiceWorker is started.
03-25 17:35:47.604   624  1508 I servicemanager: Adding 'u:r:system_server:s0' service (media.camera.worker:3941)
03-25 17:35:47.604  3941  3941 D SystemServerTiming: StartCameraServiceWorker took to complete: 3ms
03-25 17:35:47.604  3941  3941 I SystemServerTiming: StartMotionRecognitionService
03-25 17:35:47.604  3941  3941 I SystemServer: PackageManager is not null!!
03-25 17:35:47.610  3941  3941 D MotionRecognitionService: mIsAvailablePocketForBixby : true
03-25 17:35:47.610  3941  3941 D MotionRecognitionService: SSP enabled : true
03-25 17:35:47.611  3941  3941 D MotionRecognitionService: Motion,  result = 1
03-25 17:35:47.611  3941  3941 D MotionRecognitionService: Motion,  result = 1
03-25 17:35:47.611  3941  3941 D MotionRecognitionService: Settings updated : 11000100100000000000000101
03-25 17:35:47.611  3941  3941 D MotionRecognitionService:   Multi-Window enabled : true
03-25 17:35:47.613  3941  3941 I MotionRecognitionService: [SAR] versionGripSensor 1025
03-25 17:35:47.613  3941  3941 I MotionRecognitionService: [SAR] Block Earjack : false , allow USB : true , block TSP : false
03-25 17:35:47.613  3941  3941 D MotionRecognitionService: [SAR] Block list: Sub1 false, Sub2 false, Sub3 false
03-25 17:35:47.613  3941  3941 D MotionRecognitionService: [SAR] Device type is phone
03-25 17:35:47.613  3941  3941 D MotionRecognitionService: [SAR] Grip motion sensor is ready
03-25 17:35:47.614  3941  3941 D SensorService: Calling batch handle==16777238 flags=0 rate=200000000timeout== 0
03-25 17:35:47.614  3732  3732 I SensorsGrip: [grip_notifier] enable: GripNotifierSensor: enable handle = 22 en = 1 mEnabled = 0
03-25 17:35:47.614  3732  3732 I SensorsGrip: [grip_notifier] enable: GripNotifierSensor: noti_enablewrite Success, return 2
03-25 17:35:47.614  3732  4013 I SensorsGrip: [grip_notifier] readEvents: GripNotifierSensor: 3
03-25 17:35:47.614  3941  3941 D SensorManager: registerListener :: 16777238, Grip Notifier Sensor, 200000, 0, com.samsung.android.gesture.MotionRecognitionSAR$3@a382856
03-25 17:35:47.614  3941  3941 D MotionRecognitionService: [SAR] Enable grip notifier sensor : true
03-25 17:35:47.616  3941  4312 D MotionRecognitionService: [SAR] Grip Notifier Listener ~
03-25 17:35:47.616  3941  4312 D MotionRecognitionService: [SAR] get notifier value 3.0
03-25 17:35:47.617  3941  4312 D SensorService: Calling batch handle==2072 flags=0 rate=0 timeout== 0
03-25 17:35:47.617  3732  3732 I sensors-hal: set_config:67, sample_period_ns is adjusted to 0 based on min/max delay_ns
03-25 17:35:47.617  3732  3732 I sensors-hal: batch:336, com.samsung.sensor.sar_backoff_motion/2072, period=1000000, max_latency=0 request completed
03-25 17:35:47.617  3732  3732 I sensors-hal: activate:252, com.samsung.sensor.sar_backoff_motion/2072 en=1
03-25 17:35:47.617  3732  3732 I sensors-hal: get_qmi_debug_flag:241, support_qmi_debug : false
03-25 17:35:47.620  3732  3732 I sensors-hal: activate:270, com.samsung.sensor.sar_backoff_motion/2072 en=1 completed
03-25 17:35:47.620  3941  4312 D SensorManager: requestTrigger :: 2072, Sar BackOff Motion  Wakeup, com.samsung.android.gesture.MotionRecognitionSAR$2@62673e2
03-25 17:35:47.620  3941  4312 D MotionRecognitionService: [SAR] Trigger start (enable)
03-25 17:35:47.620  3941  3941 D MotionRecognitionService: This type doesn't support direct call
03-25 17:35:47.620  3941  3941 D MotionRecognitionService: SemContextManager supports SmartAlert
03-25 17:35:47.621  3941  3941 E PocketLogManager: Debug file is null!
03-25 17:35:47.621  3941  3941 D PocketLogManager: LogManager : false
03-25 17:35:47.622  3941  3941 E PocketMotionManager: init activity tracker
03-25 17:35:47.623  3941  3941 D MotionRecognitionService: LightSensorVersion = 384
03-25 17:35:47.623  3941  3941 D MotionRecognitionService: mIsAvailableElevatorMode : true
03-25 17:35:47.623  3941  3941 D com.samsung.android.gesture.ElevatorModeEvent: ElevatorModeEvent Object Made
03-25 17:35:47.623   624  1508 I servicemanager: Adding 'u:r:system_server:s0' service (motion_recognition:3941)
03-25 17:35:47.624  3941  3941 I SystemServer: MotionRecognitionService Service!
03-25 17:35:47.624  3941  3941 D SystemServerTiming: StartMotionRecognitionService took to complete: 20ms
03-25 17:35:47.624  3941  3941 I SystemServerTiming: StartWindowManagerService
03-25 17:35:47.624  3941  3941 I SystemServer: !@Boot_EBS_F: Start WindowManagerService
03-25 17:35:47.624  3941  3941 I SystemServiceManager: Starting phase 200
03-25 17:35:47.624  3941  3941 I SystemServerTiming: OnBootPhase_200
03-25 17:35:47.624  3941  3941 I SystemServerTiming: OnBootPhase_200_com.android.server.security.FileIntegrityService
03-25 17:35:47.624  3941  3941 D SystemServerTiming: OnBootPhase_200_com.android.server.security.FileIntegrityService took to complete: 0ms
03-25 17:35:47.624  3941  3941 I SystemServerTiming: OnBootPhase_200_com.android.server.pm.Installer
03-25 17:35:47.624  3941  3941 D SystemServerTiming: OnBootPhase_200_com.android.server.pm.Installer took to complete: 0ms
03-25 17:35:47.624  3941  3941 I SystemServerTiming: OnBootPhase_200_com.android.server.os.DeviceIdentifiersPolicyService
03-25 17:35:47.624  3941  3941 D SystemServerTiming: OnBootPhase_200_com.android.server.os.DeviceIdentifiersPolicyService took to complete: 0ms
03-25 17:35:47.624  3941  3941 I SystemServerTiming: OnBootPhase_200_com.android.server.uri.UriGrantsManagerService$Lifecycle
03-25 17:35:47.624  3941  3941 D SystemServerTiming: OnBootPhase_200_com.android.server.uri.UriGrantsManagerService$Lifecycle took to complete: 0ms
03-25 17:35:47.624  3941  3941 I SystemServerTiming: OnBootPhase_200_com.android.server.powerstats.PowerStatsService
03-25 17:35:47.624  3941  3941 D SystemServerTiming: OnBootPhase_200_com.android.server.powerstats.PowerStatsService took to complete: 0ms
03-25 17:35:47.624  3941  3941 I SystemServerTiming: OnBootPhase_200_com.android.server.wm.ActivityTaskManagerService$Lifecycle
03-25 17:35:47.624  3941  3941 D SystemServerTiming: OnBootPhase_200_com.android.server.wm.ActivityTaskManagerService$Lifecycle took to complete: 0ms
03-25 17:35:47.624  3941  3941 I SystemServerTiming: OnBootPhase_200_com.android.server.am.ActivityManagerService$Lifecycle
03-25 17:35:47.624  3941  3941 D SystemServerTiming: OnBootPhase_200_com.android.server.am.ActivityManagerService$Lifecycle took to complete: 0ms
03-25 17:35:47.624  3941  3941 I SystemServerTiming: OnBootPhase_200_com.android.server.pm.DataLoaderManagerService
03-25 17:35:47.624  3941  3941 D SystemServerTiming: OnBootPhase_200_com.android.server.pm.DataLoaderManagerService took to complete: 0ms
03-25 17:35:47.624  3941  3941 I SystemServerTiming: OnBootPhase_200_com.android.server.power.PowerManagerService
03-25 17:35:47.624  3941  3941 D SystemServerTiming: OnBootPhase_200_com.android.server.power.PowerManagerService took to complete: 0ms
03-25 17:35:47.624  3941  3941 I SystemServerTiming: OnBootPhase_200_com.android.server.power.ThermalManagerService
03-25 17:35:47.624  3941  3941 D SystemServerTiming: OnBootPhase_200_com.android.server.power.ThermalManagerService took to complete: 0ms
03-25 17:35:47.624  3941  3941 I SystemServerTiming: OnBootPhase_200_com.android.server.power.hint.HintManagerService
03-25 17:35:47.624  3941  3941 D SystemServerTiming: OnBootPhase_200_com.android.server.power.hint.HintManagerService took to complete: 0ms
03-25 17:35:47.624  3941  3941 I SystemServerTiming: OnBootPhase_200_com.android.server.VaultKeeperService$LifeCycle
03-25 17:35:47.624  3941  3941 D VaultKeeperService$Lifecycle: [Unknown]
03-25 17:35:47.624  3941  3941 D SystemServerTiming: OnBootPhase_200_com.android.server.VaultKeeperService$LifeCycle took to complete: 0ms
03-25 17:35:47.624  3941  3941 I SystemServerTiming: OnBootPhase_200_com.android.server.PACMService
03-25 17:35:47.624  3941  3941 D SystemServerTiming: OnBootPhase_200_com.android.server.PACMService took to complete: 0ms
03-25 17:35:47.624  3941  3941 I SystemServerTiming: OnBootPhase_200_com.android.server.recoverysystem.RecoverySystemService$Lifecycle
03-25 17:35:47.624  3941  3941 D SystemServerTiming: OnBootPhase_200_com.android.server.recoverysystem.RecoverySystemService$Lifecycle took to complete: 0ms
03-25 17:35:47.624  3941  3941 I SystemServerTiming: OnBootPhase_200_com.android.server.lights.LightsService
03-25 17:35:47.624  3941  3941 D SystemServerTiming: OnBootPhase_200_com.android.server.lights.LightsService took to complete: 0ms
03-25 17:35:47.624  3941  3941 I SystemServerTiming: OnBootPhase_200_com.android.server.pdp.PdpService
03-25 17:35:47.624  3941  3941 D SystemServerTiming: OnBootPhase_200_com.android.server.pdp.PdpService took to complete: 0ms
03-25 17:35:47.624  3941  3941 I SystemServerTiming: OnBootPhase_200_com.android.server.display.DisplayManagerService
03-25 17:35:47.624  3941  3941 D SystemServerTiming: OnBootPhase_200_com.android.server.display.DisplayManagerService took to complete: 0ms
03-25 17:35:47.624  3941  3941 I SystemServerTiming: OnBootPhase_200_com.android.server.pm.verify.domain.DomainVerificationService
03-25 17:35:47.624  3941  3941 D SystemServerTiming: OnBootPhase_200_com.android.server.pm.verify.domain.DomainVerificationService took to complete: 0ms
03-25 17:35:47.624  3941  3941 I SystemServerTiming: OnBootPhase_200_com.android.server.pm.PackageInstallerService$Lifecycle
03-25 17:35:47.624  3941  3941 D SystemServerTiming: OnBootPhase_200_com.android.server.pm.PackageInstallerService$Lifecycle took to complete: 0ms
03-25 17:35:47.624  3941  3941 I SystemServerTiming: OnBootPhase_200_com.android.server.pm.UserManagerService$LifeCycle
03-25 17:35:47.624  3941  3941 D SystemServerTiming: OnBootPhase_200_com.android.server.pm.UserManagerService$LifeCycle took to complete: 0ms
03-25 17:35:47.624  3941  3941 I SystemServerTiming: OnBootPhase_200_com.android.server.om.OverlayManagerService
03-25 17:35:47.624  3941  3941 D SystemServerTiming: OnBootPhase_200_com.android.server.om.OverlayManagerService took to complete: 0ms
03-25 17:35:47.624  3941  3941 I SystemServerTiming: OnBootPhase_200_com.android.server.SensorPrivacyService
03-25 17:35:47.624  3941  3941 D SystemServerTiming: OnBootPhase_200_com.android.server.SensorPrivacyService took to complete: 0ms
03-25 17:35:47.624  3941  3941 I SystemServerTiming: OnBootPhase_200_com.android.server.sensors.SensorService
03-25 17:35:47.624  3941  3941 D SystemServerTiming: OnBootPhase_200_com.android.server.sensors.SensorService took to complete: 0ms
03-25 17:35:47.624  3941  3941 I SystemServerTiming: OnBootPhase_200_com.android.server.SystemConfigService
03-25 17:35:47.624  3941  3941 D SystemServerTiming: OnBootPhase_200_com.android.server.SystemConfigService took to complete: 0ms
03-25 17:35:47.624  3941  3941 I SystemServerTiming: OnBootPhase_200_com.android.server.BatteryService
03-25 17:35:47.624  3941  3941 D SystemServerTiming: OnBootPhase_200_com.android.server.BatteryService took to complete: 0ms
03-25 17:35:47.624  3941  3941 I SystemServerTiming: OnBootPhase_200_com.android.server.usage.UsageStatsService
03-25 17:35:47.624  3941  3941 D SystemServerTiming: OnBootPhase_200_com.android.server.usage.UsageStatsService took to complete: 0ms
03-25 17:35:47.624  3941  3941 I SystemServerTiming: OnBootPhase_200_com.android.server.webkit.WebViewUpdateService
03-25 17:35:47.624  3941  3941 D SystemServerTiming: OnBootPhase_200_com.android.server.webkit.WebViewUpdateService took to complete: 0ms
03-25 17:35:47.624  3941  3941 I SystemServerTiming: OnBootPhase_200_com.android.server.CachedDeviceStateService
03-25 17:35:47.624  3941  3941 D SystemServerTiming: OnBootPhase_200_com.android.server.CachedDeviceStateService took to complete: 0ms
03-25 17:35:47.624  3941  3941 I SystemServerTiming: OnBootPhase_200_com.android.server.BinderCallsStatsService$LifeCycle
03-25 17:35:47.624  3941  3941 D SystemServerTiming: OnBootPhase_200_com.android.server.BinderCallsStatsService$LifeCycle took to complete: 0ms
03-25 17:35:47.624  3941  3941 I SystemServerTiming: OnBootPhase_200_com.android.server.LooperStatsService$Lifecycle
03-25 17:35:47.624  3941  3941 D SystemServerTiming: OnBootPhase_200_com.android.server.LooperStatsService$Lifecycle took to complete: 0ms
03-25 17:35:47.624  3941  3941 I SystemServerTiming: OnBootPhase_200_com.android.server.rollback.RollbackManagerService
03-25 17:35:47.624  3941  3941 D SystemServerTiming: OnBootPhase_200_com.android.server.rollback.RollbackManagerService took to complete: 0ms
03-25 17:35:47.624  3941  3941 I SystemServerTiming: OnBootPhase_200_com.android.server.os.NativeTombstoneManagerService
03-25 17:35:47.624  3941  3941 D SystemServerTiming: OnBootPhase_200_com.android.server.os.NativeTombstoneManagerService took to complete: 0ms
03-25 17:35:47.624  3941  3941 I SystemServerTiming: OnBootPhase_200_com.android.server.os.BugreportManagerService
03-25 17:35:47.624  3941  3941 D SystemServerTiming: OnBootPhase_200_com.android.server.os.BugreportManagerService took to complete: 0ms
03-25 17:35:47.625  3941  3941 I SystemServerTiming: OnBootPhase_200_com.android.server.gpu.GpuService
03-25 17:35:47.625  3941  3941 D SystemServerTiming: OnBootPhase_200_com.android.server.gpu.GpuService took to complete: 0ms
03-25 17:35:47.625  3941  3941 I SystemServerTiming: OnBootPhase_200_com.android.server.security.KeyChainSystemService
03-25 17:35:47.625  3941  3941 D SystemServerTiming: OnBootPhase_200_com.android.server.security.KeyChainSystemService took to complete: 0ms
03-25 17:35:47.625  3941  3941 I SystemServerTiming: OnBootPhase_200_com.android.server.SpqrService
03-25 17:35:47.625  3941  3941 D SystemServerTiming: OnBootPhase_200_com.android.server.SpqrService took to complete: 0ms
03-25 17:35:47.625  3941  3941 I SystemServerTiming: OnBootPhase_200_com.android.server.SpegService
03-25 17:35:47.625  3941  3941 D SystemServerTiming: OnBootPhase_200_com.android.server.SpegService took to complete: 0ms
03-25 17:35:47.625  3941  3941 I SystemServerTiming: OnBootPhase_200_com.android.server.telecom.TelecomLoaderService
03-25 17:35:47.625  3941  3941 D SystemServerTiming: OnBootPhase_200_com.android.server.telecom.TelecomLoaderService took to complete: 0ms
03-25 17:35:47.625  3941  3941 I SystemServerTiming: OnBootPhase_200_com.android.server.accounts.AccountManagerService$Lifecycle
03-25 17:35:47.625  3941  3941 D SystemServerTiming: OnBootPhase_200_com.android.server.accounts.AccountManagerService$Lifecycle took to complete: 0ms
03-25 17:35:47.625  3941  3941 I SystemServerTiming: OnBootPhase_200_com.android.server.content.ContentService$Lifecycle
03-25 17:35:47.625  3941  3941 D SystemServerTiming: OnBootPhase_200_com.android.server.content.ContentService$Lifecycle took to complete: 0ms
03-25 17:35:47.625  3941  3941 I SystemServerTiming: OnBootPhase_200_com.android.server.DropBoxManagerService
03-25 17:35:47.625  3941  3941 D SystemServerTiming: OnBootPhase_200_com.android.server.DropBoxManagerService took to complete: 0ms
03-25 17:35:47.625  3941  3941 I SystemServerTiming: OnBootPhase_200_com.android.role.RoleService
03-25 17:35:47.625  3941  3941 D SystemServerTiming: OnBootPhase_200_com.android.role.RoleService took to complete: 0ms
03-25 17:35:47.625  3941  3941 I SystemServerTiming: OnBootPhase_200_com.android.server.sepunion.SemUnionMainService
03-25 17:35:47.625  3941  3941 D SEP_UNION_SemUnionMainService: onBootPhase = 200
03-25 17:35:47.625  3941  3941 D SystemServerTiming: OnBootPhase_200_com.android.server.sepunion.SemUnionMainService took to complete: 0ms
03-25 17:35:47.625  3941  3941 I SystemServerTiming: OnBootPhase_200_com.android.server.vibrator.VibratorManagerService$Lifecycle
03-25 17:35:47.625  3941  3941 D SystemServerTiming: OnBootPhase_200_com.android.server.vibrator.VibratorManagerService$Lifecycle took to complete: 0ms
03-25 17:35:47.625  3941  3941 I SystemServerTiming: OnBootPhase_200_com.android.server.ssrm.CustomFrequencyManagerService$Lifecycle
03-25 17:35:47.625  3941  3941 D SystemServerTiming: OnBootPhase_200_com.android.server.ssrm.CustomFrequencyManagerService$Lifecycle took to complete: 0ms
03-25 17:35:47.625  3941  3941 I SystemServerTiming: OnBootPhase_200_com.android.server.alarm.AlarmManagerService
03-25 17:35:47.625  3941  3941 D SystemServerTiming: OnBootPhase_200_com.android.server.alarm.AlarmManagerService took to complete: 0ms
03-25 17:35:47.625  3941  3941 I SystemServerTiming: OnBootPhase_200_com.android.server.devicestate.DeviceStateManagerService
03-25 17:35:47.625  3941  3941 D SystemServerTiming: OnBootPhase_200_com.android.server.devicestate.DeviceStateManagerService took to complete: 0ms
03-25 17:35:47.625  3941  3941 I SystemServerTiming: OnBootPhase_200_com.android.server.privilege.SemPrivilegeManagerService
03-25 17:35:47.625  3941  3941 D SystemServerTiming: OnBootPhase_200_com.android.server.privilege.SemPrivilegeManagerService took to complete: 0ms
03-25 17:35:47.625  3941  3941 I SystemServerTiming: OnBootPhase_200_com.android.server.camera.CameraServiceProxy
03-25 17:35:47.625  3941  3941 D SystemServerTiming: OnBootPhase_200_com.android.server.camera.CameraServiceProxy took to complete: 0ms
03-25 17:35:47.625  3941  3941 I SystemServerTiming: OnBootPhase_200_com.samsung.android.camera.CameraServiceWorker
03-25 17:35:47.625  3941  3941 D SystemServerTiming: OnBootPhase_200_com.samsung.android.camera.CameraServiceWorker took to complete: 0ms
03-25 17:35:47.625  3941  3941 D SystemServerTiming: OnBootPhase_200 took to complete: 1ms
03-25 17:35:47.626  3941  3941 I WindowManager: No existing display settings, starting empty
03-25 17:35:47.630  4315  4315 D ProcessState: Binder ioctl to enable oneway spam detection failed: Invalid argument
03-25 17:35:47.632  3941  3981 D TspStateManager: updateCustomValue customSetting=
03-25 17:35:47.632  3941  3981 E SystemServiceRegistry: Unknown manager requested: semcustomdump
03-25 17:35:47.632  3941  4322 D TspStateManager: update cmd=set_grip_data,0,0,0,0
03-25 17:35:47.633  3941  3994 I DropBoxManagerService: add tag=system_server_wtf isTagEnabled=true flags=0x2
03-25 17:35:47.633  3941  3994 W DropBoxManagerService: Dropping: system_server_wtf (1276 > 0 bytes)
03-25 17:35:47.634  3941  3981 I SEP_UNION_SemUnionManager: getUnionService() : semcustomdump
03-25 17:35:47.634  3941  3981 I SEP_UNION_SemCustomDumpManager: setDumpState : null
03-25 17:35:47.634  3941  3981 D SEP_UNION_SemUnionMainServiceImpl: setDumpEnabled = tspstatemanager
03-25 17:35:47.634  3941  3981 V WindowManagerServiceExt: WindowManagerServiceExt :: created
03-25 17:35:47.635  3941  3981 I WindowTracing: Setting window tracing log level to 1
03-25 17:35:47.635  3941  3981 I WindowTracing: Setting window tracing buffer capacity to 2097152bytes
03-25 17:35:47.635  3941  3981 D PowerManagerService: [api] registerLowPowerModeObserver: com.android.server.wm.WindowManagerService$6@773fb43 (uid: 1000 pid: 3941)
03-25 17:35:47.640   624   727 I servicemanager: Adding 'u:r:system_server:s0' service (window:3941)
03-25 17:35:47.640   624   727 I servicemanager: Adding 'u:r:system_server:s0' service (input:3941)
03-25 17:35:47.640  3941  3941 D SystemServerTiming: StartWindowManagerService took to complete: 17ms
03-25 17:35:47.640  3941  3941 I SystemServerTiming: SetWindowManagerService
03-25 17:35:47.641  3941  3941 E SystemServiceRegistry: SemDesktopModeManager is not supported
03-25 17:35:47.641  3941  3941 E SystemServiceRegistry: Manager wrapper not available: desktopmode
03-25 17:35:47.641  3941  3941 W DisplayManager: getDisplays: dexManager is null, category=null
03-25 17:35:47.642  3941  3994 I DropBoxManagerService: add tag=system_server_wtf isTagEnabled=true flags=0x2
03-25 17:35:47.642  3941  3994 W DropBoxManagerService: Dropping: system_server_wtf (1319 > 0 bytes)
03-25 17:35:47.642  3941  3941 I WindowManagerServiceExt: FullScreenAppsSupportMode=0x3, DisplayMaxAspectRatio2.1111112
03-25 17:35:47.643  3941  3941 D InputTransport: Input channel constructed: 'Pointer', fd=348
03-25 17:35:47.643  3941  3941 D InputTransport: Input channel constructed: 'Pointer', fd=349
03-25 17:35:47.643  3941  3941 I InputDispatcher: Created monitor PointerEventDispatcher0 for display0, gesture=false, pid=3941
03-25 17:35:47.645  3941  3941 I WindowOrientationListener: WindowOrientationListener tablet mode= false
03-25 17:35:47.646   951  3716 I SurfaceFlinger: id=102 createSurf (0x0),-1 flag=80404, Root#0
03-25 17:35:47.647   951  3716 I SurfaceFlinger: id=103 createSurf (0x0),-1 flag=80004, WindowedMagnification:0:31#0
03-25 17:35:47.647   951  3716 I SurfaceFlinger: id=104 createSurf (0x0),-1 flag=80004, HideDisplayCutout:0:16#0
03-25 17:35:47.647   951  3716 I SurfaceFlinger: id=105 createSurf (0x0),-1 flag=80004, OneHandedBackgroundPanel:0:1#0
03-25 17:35:47.647   951  3716 I SurfaceFlinger: id=106 createSurf (0x0),-1 flag=80004, OneHanded:0:1#0
03-25 17:35:47.647   951  3716 I SurfaceFlinger: id=107 createSurf (0x0),-1 flag=80004, FullscreenMagnification:0:1#0
03-25 17:35:47.648   951  3716 I SurfaceFlinger: id=108 createSurf (0x0),-1 flag=80004, Leaf:0:1#0
03-25 17:35:47.648   951  3716 I SurfaceFlinger: id=109 createSurf (0x0),-1 flag=80004, OneHanded:2:16#0
03-25 17:35:47.648   951  3716 I SurfaceFlinger: id=110 createSurf (0x0),-1 flag=80004, FullscreenMagnification:2:14#0
03-25 17:35:47.648   951  3716 I SurfaceFlinger: id=111 createSurf (0x0),-1 flag=80004, DefaultTaskDisplayArea#0
03-25 17:35:47.648   951  3716 I SurfaceFlinger: id=112 createSurf (0x0),-1 flag=80004, animationLayer#0
03-25 17:35:47.648   951  3716 I SurfaceFlinger: id=113 createSurf (0x0),-1 flag=80004, boostedAnimationLayer#0
03-25 17:35:47.649   951  3716 I SurfaceFlinger: id=114 createSurf (0x0),-1 flag=80004, homeAnimationLayer#0
03-25 17:35:47.649   951  3716 I SurfaceFlinger: id=115 createSurf (0x0),-1 flag=80004, splitScreenDividerAnchor#0
03-25 17:35:47.649   951  3716 I SurfaceFlinger: id=116 createSurf (0x0),-1 flag=80004, NaturalSwitchingAnchor#0
03-25 17:35:47.649   951  3716 I SurfaceFlinger: id=117 createSurf (0x0),-1 flag=80004, FreeformAnimationLayer#0
03-25 17:35:47.649   951  3716 I SurfaceFlinger: id=118 createSurf (0x0),-1 flag=80004, ImeAnchorInFreeformMode#0
03-25 17:35:47.649   951  3716 I SurfaceFlinger: id=119 createSurf (0x0),-1 flag=80004, Leaf:3:14#0
03-25 17:35:47.650   951  3716 I SurfaceFlinger: id=120 createSurf (0x0),-1 flag=80004, ImePlaceholder:15:16#0
03-25 17:35:47.650   951  3716 I SurfaceFlinger: id=121 createSurf (0x0),-1 flag=80004, ImeContainer#0
03-25 17:35:47.650   951  3716 I SurfaceFlinger: id=122 createSurf (0x0),-1 flag=80004, OneHanded:17:17#0
03-25 17:35:47.650   951  3716 I SurfaceFlinger: id=123 createSurf (0x0),-1 flag=80004, FullscreenMagnification:17:17#0
03-25 17:35:47.650   951  3716 I SurfaceFlinger: id=124 createSurf (0x0),-1 flag=80004, Leaf:17:17#0
03-25 17:35:47.650   951  3716 I SurfaceFlinger: id=125 createSurf (0x0),-1 flag=80004, HideDisplayCutout:18:18#0
03-25 17:35:47.651   951  3716 I SurfaceFlinger: id=126 createSurf (0x0),-1 flag=80004, OneHanded:18:18#0
03-25 17:35:47.651   951  3716 I SurfaceFlinger: id=127 createSurf (0x0),-1 flag=80004, FullscreenMagnification:18:18#0
03-25 17:35:47.651   951  3716 I SurfaceFlinger: id=128 createSurf (0x0),-1 flag=80004, Leaf:18:18#0
03-25 17:35:47.651   951  3716 I SurfaceFlinger: id=129 createSurf (0x0),-1 flag=80004, OneHanded:19:19#0
03-25 17:35:47.651   951  3716 I SurfaceFlinger: id=130 createSurf (0x0),-1 flag=80004, FullscreenMagnification:19:19#0
03-25 17:35:47.651   951  3716 I SurfaceFlinger: id=131 createSurf (0x0),-1 flag=80004, Leaf:19:19#0
03-25 17:35:47.652   951  3716 I SurfaceFlinger: id=132 createSurf (0x0),-1 flag=80004, HideDisplayCutout:20:23#0
03-25 17:35:47.652   951  3716 I SurfaceFlinger: id=133 createSurf (0x0),-1 flag=80004, OneHanded:20:23#0
03-25 17:35:47.652   951  3716 I SurfaceFlinger: id=134 createSurf (0x0),-1 flag=80004, FullscreenMagnification:20:23#0
03-25 17:35:47.652   951  3716 I SurfaceFlinger: id=135 createSurf (0x0),-1 flag=80004, Leaf:20:23#0
03-25 17:35:47.652   951  3716 I SurfaceFlinger: id=136 createSurf (0x0),-1 flag=80004, Leaf:24:25#0
03-25 17:35:47.652   951  3716 I SurfaceFlinger: id=137 createSurf (0x0),-1 flag=80004, HideDisplayCutout:26:31#0
03-25 17:35:47.652   951  3716 I SurfaceFlinger: id=138 createSurf (0x0),-1 flag=80004, OneHanded:26:31#0
03-25 17:35:47.653   951  3716 I SurfaceFlinger: id=139 createSurf (0x0),-1 flag=80004, FullscreenMagnification:26:27#0
03-25 17:35:47.653   951  3716 I SurfaceFlinger: id=140 createSurf (0x0),-1 flag=80004, Leaf:26:27#0
03-25 17:35:47.653   951  3716 I SurfaceFlinger: id=141 createSurf (0x0),-1 flag=80004, Leaf:28:28#0
03-25 17:35:47.653   951  3716 I SurfaceFlinger: id=142 createSurf (0x0),-1 flag=80004, FullscreenMagnification:29:31#0
03-25 17:35:47.654   951  3716 I SurfaceFlinger: id=143 createSurf (0x0),-1 flag=80004, Leaf:29:31#0
03-25 17:35:47.654   951  3716 I SurfaceFlinger: id=144 createSurf (0x0),-1 flag=80004, HideDisplayCutout:32:35#0
03-25 17:35:47.654   951  3716 I SurfaceFlinger: id=145 createSurf (0x0),-1 flag=80004, OneHanded:32:35#0
03-25 17:35:47.654   951  3716 I SurfaceFlinger: id=146 createSurf (0x0),-1 flag=80004, Leaf:32:32#0
03-25 17:35:47.655   951  3716 I SurfaceFlinger: id=147 createSurf (0x0),-1 flag=80004, FullscreenMagnification:33:35#0
03-25 17:35:47.655   951  3716 I SurfaceFlinger: id=148 createSurf (0x0),-1 flag=80004, Leaf:33:35#0
03-25 17:35:47.655   951  3716 I SurfaceFlinger: id=149 createSurf (0x0),-1 flag=80004, Leaf:36:36#0
03-25 17:35:47.656   951  3716 I SurfaceFlinger: id=150 createSurf (0x0),-1 flag=80404, Display Overlays#0
03-25 17:35:47.658  3941  3941 D TspStateManager: updateCustomValue customSetting=
03-25 17:35:47.662  3941  3941 D TspStateManager: updateCustomValue customSetting=
03-25 17:35:47.664  3941  3941 D TspStateManager: updateCustomValue customSetting=
03-25 17:35:47.665  3941  3941 D TspStateManager: updateCustomValue customSetting=
03-25 17:35:47.665  3941  3941 I ActivityTaskManager: Loaded persisted task ids for user 0
03-25 17:35:47.666   951  3716 I SurfaceFlinger: id=151 createSurf (0x0),-1 flag=24004, Task=1#0
03-25 17:35:47.667  3941  3941 D SystemServerTiming: SetWindowManagerService took to complete: 26ms
03-25 17:35:47.667  3941  3941 I SystemServerTiming: WindowManagerServiceOnInitReady
03-25 17:35:47.668  3941  3979 D TspStateManager: updateCustomValue customSetting=
03-25 17:35:47.673  3941  3979 I GenerationRegistry: mBackingStore.isClosed() : false
03-25 17:35:47.676  3941  3979 V Vibrator: semGetSupportedVibrationType: ret=4
03-25 17:35:47.680  3941  3979 D InputManager: checkInputFeature : features = 0x305
03-25 17:35:47.681  3941  3979 V KeyCustomizationInfoManager: loadSettingsLockedInternal
03-25 17:35:47.681  3941  3941 D SystemServerTiming: WindowManagerServiceOnInitReady took to complete: 14ms
03-25 17:35:47.681  3941  3941 I SystemServerTiming: StartVrManagerService
03-25 17:35:47.681  3941  3941 I SystemServiceManager: Starting com.android.server.vr.VrManagerService
03-25 17:35:47.681  3941  3979 D KeyCustomizationInfoManager: loadSettings duration=1 version=1.0 userId=0 userSwitching=false
03-25 17:35:47.681  3941  4325 I SystemServerTimingAsync: InitThreadPoolExec:StartHidlServices
03-25 17:35:47.681  3941  4325 I SystemServerTimingAsync: StartHidlServices
03-25 17:35:47.681   625   625 I hwservicemanager: getTransport: Cannot find entry android.hardware.vr@1.0::IVr/default in either framework or device VINTF manifest.
03-25 17:35:47.681  3941  3979 D PhoneWindowManagerExt:  updateDoublePressPowerBehavior  mPolicy.mDoublePressOnPowerBehavior : 104
03-25 17:35:47.682  3941  3941 W VrManagerService: init_native: Could not open IVr interface
03-25 17:35:47.682   624   727 I servicemanager: Adding 'u:r:system_server:s0' service (vrmanager:3941)
03-25 17:35:47.682  3941  4325 I HidlServiceManagement: Registered android.frameworks.sensorservice@1.0::ISensorManager/default
03-25 17:35:47.682  3941  3941 D SystemServerTiming: StartVrManagerService took to complete: 1ms
