03-25 17:35:47.682  3941  3941 I SystemServerTiming: StartXrManagerService
03-25 17:35:47.682  3941  3941 I SystemServiceManager: Starting com.android.server.vr.XrManagerService
03-25 17:35:47.683  3941  3941 D XrManagerService: ---- XrManagerService onStart ----
03-25 17:35:47.683  3941  4000 I CameraManagerGlobal: Connecting to camera service
03-25 17:35:47.683  3941  4325 I HidlServiceManagement: Registered android.frameworks.schedulerservice@1.0::ISchedulingPolicyService/default
03-25 17:35:47.683  3941  4325 D SystemServerTimingAsync: StartHidlServices took to complete: 2ms
03-25 17:35:47.683  3941  4325 D SystemServerTimingAsync: InitThreadPoolExec:StartHidlServices took to complete: 2ms
03-25 17:35:47.683   624  1508 I servicemanager: Adding 'u:r:system_server:s0' service (vr:3941)
03-25 17:35:47.683  3941  3941 D SystemServerTiming: StartXrManagerService took to complete: 1ms
03-25 17:35:47.684  3941  3941 I SystemServerTiming: startDesktopModeService
03-25 17:35:47.684  3941  3941 I SystemServiceManager: Starting com.android.server.desktopmode.DesktopModeService$Lifecycle
03-25 17:35:47.685  3941  4000 D VendorTagDescriptor: addVendorDescriptor: vendor tag id 14172875900359437128 added
03-25 17:35:47.685  3724  4257 D CameraService: addListenerHelper: Add listener 0xb400007080c70a20
03-25 17:35:47.686  3724  4257 D CameraService: addListenerHelper: CameraDeviceState for CameraManager
03-25 17:35:47.687  3941  4323 I CameraManagerGlobal: Camera 0 facing CAMERA_FACING_BACK state now CAMERA_STATE_CLOSED for client android.system API Level 2
03-25 17:35:47.687  3941  4323 I CameraManagerGlobal: Camera 1 facing CAMERA_FACING_FRONT state now CAMERA_STATE_CLOSED for client android.system API Level 2
03-25 17:35:47.687  3941  4323 I CameraManagerGlobal: Camera 2 facing CAMERA_FACING_BACK state now CAMERA_STATE_CLOSED for client android.system API Level 2
03-25 17:35:47.687  3941  4323 I CameraManagerGlobal: Camera 20 facing CAMERA_FACING_BACK state now CAMERA_STATE_CLOSED for client android.system API Level 2
03-25 17:35:47.687   624   727 I servicemanager: Adding 'u:r:system_server:s0' service (desktopmode:3941)
03-25 17:35:47.687  3941  4323 I CameraManagerGlobal: Camera 21 facing CAMERA_FACING_BACK state now CAMERA_STATE_CLOSED for client android.system API Level 2
03-25 17:35:47.687  3941  3941 D SystemServerTiming: startDesktopModeService took to complete: 3ms
03-25 17:35:47.687  3941  3941 I SystemServerTiming: StartRemoteAppModeService
03-25 17:35:47.687  3941  4323 I CameraManagerGlobal: Camera 23 facing CAMERA_FACING_BACK state now CAMERA_STATE_CLOSED for client android.system API Level 2
03-25 17:35:47.687  3941  3941 I SystemServiceManager: Starting com.android.server.remoteappmode.RemoteAppModeService$Lifecycle
03-25 17:35:47.687  3941  4323 I CameraManagerGlobal: Camera 3 facing CAMERA_FACING_FRONT state now CAMERA_STATE_CLOSED for client android.system API Level 2
03-25 17:35:47.687  3941  3965 I CameraManagerGlobal: Camera 4 facing CAMERA_FACING_BACK state now CAMERA_STATE_CLOSED for client android.system API Level 2
03-25 17:35:47.688  3941  3964 I CameraManagerGlobal: Camera 40 facing CAMERA_FACING_BACK state now CAMERA_STATE_CLOSED for client android.system API Level 2
03-25 17:35:47.688  3941  3964 I CameraManagerGlobal: Camera 41 facing CAMERA_FACING_FRONT state now CAMERA_STATE_CLOSED for client android.system API Level 2
03-25 17:35:47.688  3941  3964 I CameraManagerGlobal: Camera 50 facing CAMERA_FACING_BACK state now CAMERA_STATE_CLOSED for client android.system API Level 2
03-25 17:35:47.688  3941  3964 I CameraManagerGlobal: Camera 52 facing CAMERA_FACING_BACK state now CAMERA_STATE_CLOSED for client android.system API Level 2
03-25 17:35:47.688  3941  3964 I CameraManagerGlobal: Camera 80 facing CAMERA_FACING_BACK state now CAMERA_STATE_CLOSED for client android.system API Level 2
03-25 17:35:47.688  3941  4324 I CameraManagerGlobal: Camera 91 facing CAMERA_FACING_FRONT state now CAMERA_STATE_CLOSED for client android.system API Level 2
03-25 17:35:47.689   624   727 I servicemanager: Adding 'u:r:system_server:s0' service (remoteappmode:3941)
03-25 17:35:47.689  3941  3941 D SystemServerTiming: StartRemoteAppModeService took to complete: 3ms
03-25 17:35:47.689  3941  3941 I SystemServerTiming: IcccManagerService
03-25 17:35:47.689  3941  3941 D SystemServerTiming: IcccManagerService took to complete: 0ms
03-25 17:35:47.689  3941  3941 I SystemServerTiming: StartInputManager
03-25 17:35:47.690  3941  3941 I InputManager: Starting input manager
03-25 17:35:47.691  3941  4330 D EventHub: No input device configuration file found for device 'als_rear'.
03-25 17:35:47.691  3941  4330 D EventHub: No input device configuration file found for device 'grip_sensor'.
03-25 17:35:47.692  3941  4330 D EventHub: No input device configuration file found for device 'grip_notifier'.
03-25 17:35:47.692  3941  4330 D EventHub: No input device configuration file found for device 'qpnp_pon'.
03-25 17:35:47.693  3941  3941 D InputManager: write sysfs : glove_mode,0
03-25 17:35:47.693  3941  3941 D InputManager: accessibility service : com.samruston.buzzkill/com.samruston.buzzkill.background.accessibility.WorkaroundAccessibilityService:net.dinglisch.android.taskerm/net.dinglisch.android.taskerm.MyAccessibilityService:com.catchingnow.undo/com.catchingnow.undo.service.EditorPluginService:net.blumia.pineapple.lockscreen.oss/net.blumia.pineapple.accessibility.A11yService:com.balda.touchtask/com.balda.touchtask.services.ExecutorService:com.github.bmx666.appcachecleaner/com.github.bmx666.appcachecleaner.service.AppCacheCleanerService:com.buzbuz.smartautoclicker/com.buzbuz.smartautoclicker.SmartAutoClickerService:com.buzbuz.smartautoclicker.debug/com.buzbuz.smartautoclicker.SmartAutoClickerService:com.a0soft.gphone.acc.pro/com.a0soft.gphone.acc.acs.AutoAccessSrvc
03-25 17:35:47.693  3941  3941 D InputManager: talkbackEnabled : false
03-25 17:35:47.693  3941  3941 D InputDispatcher: mTalkBackMode : 0
03-25 17:35:47.694  3941  3941 D InputManager: checkInputFeature : features = 0x305
03-25 17:35:47.694  3941  3941 D InputManager: Write sysfs : aot_enable,1
03-25 17:35:47.695  3941  3941 D InputManager: Send AOT On/Off, File not found: /sys/class/lcd/panel/aot
03-25 17:35:47.695  3941  3941 I InputManager-JNI: Setting show hovering feature to enabled.
03-25 17:35:47.696  3941  3941 D InputManager: SettingNotFoundException : primary mouse button
03-25 17:35:47.696  3941  3941 I InputManager-JNI: Setting primary mouse button location as 0.
03-25 17:35:47.696  3941  3941 I InputManager-JNI: Setting scroll speed as 1.
03-25 17:35:47.696  3941  3941 I InputManager-JNI: Setting use mouse acceleration as true.
03-25 17:35:47.696  3941  3941 I InputManager-JNI: Setting secondary button behavior as 1.
03-25 17:35:47.696  3941  3941 I InputManager-JNI: Setting tertiary button behavior as 3.
03-25 17:35:47.696  3941  3941 I InputManager-JNI: Setting back button behavior as 7.
03-25 17:35:47.696  3941  3941 I InputManager-JNI: Setting forward button behavior as 4.
03-25 17:35:47.697  3941  3941 D InputManager: updateTapToClickFromSetting : 1
03-25 17:35:47.697  3941  3941 D InputManager: updateReverseSwipeFromSetting : 0
03-25 17:35:47.697  3941  3941 I InputManager: updatePointerIcon color=0xffffff size=1.0
03-25 17:35:47.697  3941  3941 I PointerIcon: Changes PoinerIcons color=0xffffff size=1.0
03-25 17:35:47.697  3941  3941 I InputManager: Disabling motion classifier because just booted: feature enabled, long press timeout = 500
03-25 17:35:47.697  3941  3941 I InputClassifier: Disabling motion classifier
03-25 17:35:47.699  3941  4330 W EventHub: Unable to disable kernel key repeat for /dev/input/event0:Function not implemented
03-25 17:35:47.699  3941  4330 I EventHub: usingClockIoctl=true
03-25 17:35:47.699  3941  4330 I EventHub: New device: id=4, fd=355, path='/dev/input/event0', name='qpnp_pon', classes=KEYBOARD, configuration='', keyLayout='/system/usr/keylayout/Generic.kl', keyCharacterMap='/system/usr/keychars/Generic.kcm', builtinKeyboard=false,
03-25 17:35:47.701  3941  4330 I EventHub: usingClockIoctl=true
03-25 17:35:47.701  3941  4330 I EventHub: New device: id=5, fd=357, path='/dev/input/event11', name='certify_hall', classes=SWITCH, configuration='/system/usr/idc/certify_hall.idc', keyLayout='', keyCharacterMap='', builtinKeyboard=false,
03-25 17:35:47.701  3941  4330 D EventHub: No input device configuration file found for device 'sec_touchpad'.
03-25 17:35:47.704  3941  4330 W EventHub: Unable to disable kernel key repeat for /dev/input/event4:Function not implemented
03-25 17:35:47.704  3941  4330 I EventHub: usingClockIoctl=true
03-25 17:35:47.704  3941  4330 I EventHub: New device: id=6, fd=358, path='/dev/input/event4', name='sec_touchpad', classes=KEYBOARD | TOUCH | TOUCH_MT, configuration='', keyLayout='/system/usr/keylayout/Generic.kl', keyCharacterMap='/system/usr/keychars/Generic.kcm', builtinKeyboard=false,
03-25 17:35:47.704  3941  4330 D EventHub: No input device configuration file found for device 'meta_event'.
03-25 17:35:47.707  3941  4330 I EventHub: usingClockIoctl=true
03-25 17:35:47.707  3941  4330 I EventHub: New device: id=8, fd=359, path='/dev/input/event10', name='hall', classes=SWITCH, configuration='/system/usr/idc/hall.idc', keyLayout='', keyCharacterMap='', builtinKeyboard=false,
03-25 17:35:47.707  3941  4330 D EventHub: No input device configuration file found for device 'sec_touchproximity'.
03-25 17:35:47.708  3941  4330 D EventHub: No input device configuration file found for device 'gpio_keys'.
03-25 17:35:47.710  3941  4330 W EventHub: Unable to disable kernel key repeat for /dev/input/event9:Function not implemented
03-25 17:35:47.710  3941  4330 I EventHub: usingClockIoctl=true
03-25 17:35:47.710  3941  4330 I EventHub: New device: id=10, fd=360, path='/dev/input/event9', name='gpio_keys', classes=KEYBOARD, configuration='', keyLayout='/system/usr/keylayout/Generic.kl', keyCharacterMap='/system/usr/keychars/Generic.kcm', builtinKeyboard=false,
03-25 17:35:47.710  3941  4330 D EventHub: No input device configuration file found for device 'sec_touchscreen'.
03-25 17:35:47.712  3941  4330 W EventHub: Unable to disable kernel key repeat for /dev/input/event3:Function not implemented
03-25 17:35:47.712  3941  4330 I EventHub: usingClockIoctl=true
03-25 17:35:47.712  3941  4330 I EventHub: New device: id=11, fd=361, path='/dev/input/event3', name='sec_touchscreen', classes=KEYBOARD | TOUCH | TOUCH_MT, configuration='', keyLayout='/system/usr/keylayout/Generic.kl', keyCharacterMap='/system/usr/keychars/Generic.kcm', builtinKeyboard=false,
03-25 17:35:47.714  3941  4330 W EventHub: Unable to disable kernel key repeat for /dev/input/event2:Function not implemented
03-25 17:35:47.714  3941  4330 I EventHub: usingClockIoctl=true
03-25 17:35:47.714  3941  4330 I EventHub: New device: id=12, fd=362, path='/dev/input/event2', name='sec_e-pen', classes=KEYBOARD | TOUCH | SWITCH, configuration='/system/usr/idc/sec_e-pen.idc', keyLayout='/system/usr/keylayout/Generic.kl', keyCharacterMap='/system/usr/keychars/Generic.kcm', builtinKeyboard=false,
03-25 17:35:47.715  3941  4330 I InputReader: Device added: id=-1, eventHubId=-1, name='Virtual', descriptor='a718a782d34bc767f4689c232d64d527998ea7fd',sources=0x00000301
03-25 17:35:47.715  3941  4330 D InputReader: Device 2: switch 0, valid 80000
03-25 17:35:47.715  3941  4330 D InputReader: switch code map : 0x0a:0x1f,0x0b:0x1b,0x0c:0x1e,0x0f:0x13,0x10:0x15
03-25 17:35:47.716  3941  4330 W InputReader: could not find default display for sec_e-pen
03-25 17:35:47.716  3941  4330 W InputReader: Can't find designated display viewport with ID 0 for pointers.
03-25 17:35:47.716  3941  4330 I InputReader: Touch device 'sec_e-pen' could not query the propertiesof its associated display.  The device will be inoperable until the display size becomes available.
03-25 17:35:47.716  3941  4330 I InputReader: Device added: id=2, eventHubId=12, name='sec_e-pen', descriptor='8d3a4578bc04c65b36fda3518c1104ce811ed68e',sources=0x80005103
03-25 17:35:47.716  3941  4330 I InputReader: support feature by TSP : 0x305
03-25 17:35:47.716  3941  4330 I InputReader: support feature by TSP : 0x305
03-25 17:35:47.716  3941  4330 I InputReader: Touch device 'sec_touchscreen' could not query the properties of its associated display.  The device will be inoperable until the display size becomes available.
03-25 17:35:47.716  3941  4330 D InputReader: MultiTouchMotionAccumulator: initial slot number is 0
03-25 17:35:47.716  3941  4330 I InputReader: Device added: id=3, eventHubId=11, name='sec_touchscreen', descriptor='0fa9d3d0d40f7f5b316320876742e00ad5eb1ba9',sources=0x00001103
03-25 17:35:47.716  3941  4330 I InputReader: Device added: id=4, eventHubId=10, name='gpio_keys', descriptor='485d69228e24f5e46da1598745890b214130dbc4',sources=0x00000101
03-25 17:35:47.716  3941  4330 D InputReader: Device 5: switch 0, valid 200000
03-25 17:35:47.716  3941  4330 D InputReader: switch code map : 0x0a:0x1f,0x0b:0x1b,0x0c:0x1e,0x0f:0x13,0x10:0x15
03-25 17:35:47.716  3941  4330 I InputReader: Device added: id=5, eventHubId=8, name='hall', descriptor='2786157a00c35a5b99a9677f95108b156b14eb18',sources=0x80000000
03-25 17:35:47.716  3941  4330 W InputReader: could not find default display for sec_touchpad
03-25 17:35:47.716  3941  4330 W InputReader: Can't find designated display viewport with ID 0 for pointers.
03-25 17:35:47.716  3941  4330 I InputReader: Touch device 'sec_touchpad' could not query the properties of its associated display.  The device will be inoperable until the display size becomes available.
03-25 17:35:47.716  3941  4330 D InputReader: MultiTouchMotionAccumulator: initial slot number is 0
03-25 17:35:47.716  3941  4330 I InputReader: Device added: id=6, eventHubId=6, name='sec_touchpad', descriptor='6bb78087f323d376bc537679f3f2a4c034fb4659',sources=0x00003103
03-25 17:35:47.716  3941  4330 D InputReader: deviceId 6 is Touchpad sec_touchpad
03-25 17:35:47.716  3941  4330 D InputDispatcher: Touchpad deviceId 6 : /dev/input/event4
03-25 17:35:47.716  3941  4330 D InputReader: Device 7: switch 0, valid 8000000
03-25 17:35:47.716  3941  4330 D InputReader: switch code map : 0x0a:0x1f,0x0b:0x1b,0x0c:0x1e,0x0f:0x13,0x10:0x15
03-25 17:35:47.716  3941  4330 I InputReader: Device added: id=7, eventHubId=5, name='certify_hall', descriptor='5a992b125b028d8005f2be21d193b9e73694f332',sources=0x80000000
03-25 17:35:47.716  3941  4330 I InputReader: Device added: id=8, eventHubId=4, name='qpnp_pon', descriptor='fb60d4f4370f5dbe8267b63d38dea852987571ab',sources=0x00000101
03-25 17:35:47.716  3941  4330 D InputReader: verified(0->0), type(-1->-1), front(-1->0), back(0->0),glove(0->0), penCover(0->0), pogo(0->0), notify(1)
03-25 17:35:47.717  3941  4330 D InputReader: TspCmd: clear_cover_mode,0
03-25 17:35:47.717  3941  4330 D InputReader: PenCmd: clear_cover_mode,0
03-25 17:35:47.717  3941  4330 D InputReader: Could not open TSP sysfs for touchkey_flip_mode
03-25 17:35:47.717  3941  4330 D InputReader: TouchkeyFlipMode: 0
03-25 17:35:47.717  3941  4330 D InputReader: Could not open TSP sysfs for touchkey_glove_mode
03-25 17:35:47.717  3941  4330 D InputReader: TouchkeyGloveMode: 0
03-25 17:35:47.717  3941  4330 D InputReader: EpenCoverMode: set_cover_type,0
03-25 17:35:47.717  3941  4330 I InputReader: Reconfiguring input devices, changes=POINTER_SPEED | SHOW_HOVERING | GENERAL_STATUS | MOUSE_BUTTON_BEHAVIOR |  360449
03-25 17:35:47.718  3941  4330 W InputReader: could not find default display for sec_touchpad
03-25 17:35:47.718  3941  4330 W InputReader: Can't find designated display viewport with ID 0 for pointers.
03-25 17:35:47.718  3941  4330 I InputReader: Touch device 'sec_touchpad' could not query the properties of its associated display.  The device will be inoperable until the display size becomes available.
03-25 17:35:47.718  3941  4330 I InputReader: Touch device 'sec_touchscreen' could not query the properties of its associated display.  The device will be inoperable until the display size becomes available.
03-25 17:35:47.718  3941  4330 W InputReader: could not find default display for sec_e-pen
03-25 17:35:47.718  3941  4330 W InputReader: Can't find designated display viewport with ID 0 for pointers.
03-25 17:35:47.718  3941  4330 I InputReader: Touch device 'sec_e-pen' could not query the propertiesof its associated display.  The device will be inoperable until the display size becomes available.
03-25 17:35:47.724  3941  3941 D SystemServerTiming: StartInputManager took to complete: 34ms
03-25 17:35:47.724  3941  3941 I SystemServer: VoIPInterfaceManager Service
03-25 17:35:47.725  3941  3941 D VoIPInterfaceManager: VoIPInterfaceManager()...
03-25 17:35:47.725  3941  3941 E BluetoothAdapter: Bluetooth binder is null
03-25 17:35:47.725  3941  3941 E VoIPInterfaceManager: BluetoothAdapter is null
03-25 17:35:47.725  3941  3941 D VoIPInterfaceManager: START VOIPINTERFACE SERVICE
03-25 17:35:47.726   624   727 I servicemanager: Adding 'u:r:system_server:s0' service (voip:3941)
03-25 17:35:47.726  3941  3941 I SystemServerTiming: DisplayManagerWindowManagerAndInputReady
03-25 17:35:47.726  3941  3941 D SystemServerTiming: DisplayManagerWindowManagerAndInputReady took tocomplete: 0ms
03-25 17:35:47.726  3941  3941 I SystemServerTiming: StartBluetoothService
03-25 17:35:47.726  3941  3981 I LogicalDisplayMapper: Requesting Transition to state: 0
03-25 17:35:47.726  3941  3941 I SystemServiceManager: Starting com.android.server.BluetoothService
03-25 17:35:47.726  3941  3981 I LogicalDisplayMapper: Applying layout: [{addr: {port=129, model=0x40446df8ca940a}, dispId: 0(ON)}], Previous layout: [{addr: {port=129, model=0x40446df8ca940a}, dispId: 0(ON)}]
03-25 17:35:47.728  3941  3941 D SecContentProvider: query(), uri = 3 selection = isBluetoothEnabled
03-25 17:35:47.729  3941  3941 D SecContentProvider: called from android.uid.system:1000
03-25 17:35:47.730  3941  3941 D SecContentProvider: query(), uri = 3 selection = isBLEAllowed
03-25 17:35:47.730  3941  3941 D SecContentProvider: called from android.uid.system:1000
03-25 17:35:47.731  3941  3941 D BluetoothManagerService: Detected SystemUiUid: 10038
03-25 17:35:47.731  3941  3941 D SystemServerTiming: StartBluetoothService took to complete: 6ms
03-25 17:35:47.731  3941  3941 I SystemServer: Hqm Service
03-25 17:35:47.735  3941  3941 I system_server: Waiting for a blocking GC ClassLinker
03-25 17:35:48.158  3941  3960 I system_server: Background concurrent copying GC freed 454051(22MB) AllocSpace objects, 20(536KB) LOS objects, 11% free, 180MB/204MB, paused 63us,50us total 505.762ms
03-25 17:35:48.159  3941  3941 I system_server: WaitForGcToComplete blocked ClassLinker on Backgroundfor 423.435ms
03-25 17:35:48.159  3941  3941 I HqmInfo::HqmManagerService: Start
03-25 17:35:48.160  3941  3941 I HqmInfo::a: log level : 10
03-25 17:35:48.160  3941  3941 I HqmInfo::HqmManagerService: Hqm - Enable
03-25 17:35:48.171  3941  3941 I HqmInfo::f: set DQ
03-25 17:35:48.179   625   625 I hwservicemanager: Since vendor.samsung.hardware.hqm@1.0::ISehHqm/default is not registered, trying to start it as a lazy HAL.
03-25 17:35:48.180   625   625 I hwservicemanager: Since vendor.samsung.hardware.hqm@1.0::ISehHqm/default is not registered, trying to start it as a lazy HAL.
03-25 17:35:48.181  3941  3941 I HidlServiceManagement: getService: Trying again for vendor.samsung.hardware.hqm@1.0::ISehHqm/default...
03-25 17:35:48.192  4335  4335 D vendor.samsung.hardware.hqm@1.0-service: SehHqm-1.0 starts
03-25 17:35:48.192  4335  4335 I vendor.samsung.hardware.hqm@1.0-service: Registering HAL: vendor.samsung.hardware.hqm@1.0::ISehHqm with name: default
03-25 17:35:48.193  4335  4335 I HidlServiceManagement: Registered vendor.samsung.hardware.hqm@1.0::ISehHqm/default
03-25 17:35:48.193  4335  4335 I HidlServiceManagement: Removing namespace from process name vendor.samsung.hardware.hqm@1.0-service to hqm@1.0-service.
03-25 17:35:48.194   625   625 I hw-BpHwBinder: onLastStrongRef automatically unlinking death recipients
03-25 17:35:48.194  3941  3941 I android_os_HwBinder: HwBinder: Starting thread pool for getting: vendor.samsung.hardware.hqm@1.0::ISehHqm/default
03-25 17:35:48.195  4335  4335 E Hqm_hidl_k: Hqm readSysfs /sys/class/scsi_host/host0/lt
03-25 17:35:48.196  4335  4335 E Hqm_hidl_k: read val : 4
03-25 17:35:48.196  4335  4335 E Hqm_hidl_k:
03-25 17:35:48.196  4335  4335 E Hqm_hidl_k: Hqm readSysfs /sys/class/scsi_host/host0/sense_err_logging
03-25 17:35:48.196  4335  4335 E Hqm_hidl_k: read val : "LBA0":"0","LBA1":"0","LBA2":"0","LBA3":"0","LBA4":"0","LBA5":"0","LBA6":"0","LBA7":"0","LBA8":"0","LBA9":"0","REGIONMAP":"0000000000000000"
03-25 17:35:48.196  4335  4335 E Hqm_hidl_k:
03-25 17:35:48.197  4335  4335 E Hqm_hidl_k: Hqm readSysfs /sys/class/scsi_host/host0/SEC_UFS_TW_info
03-25 17:35:48.197  4335  4335 E Hqm_hidl_k: read val : "TWCTRLCNT":"0","TWCTRLERRCNT":"0","TWDAILYMB":"0","TWTOTALMB":"8","H8CNT":"138","H8MS":"115824","H8CNT100MS":"62","H8MS100MS":"112797","H8MAXMS":"26283","TWhours":"0"
03-25 17:35:48.197  4335  4335 E Hqm_hidl_k:
03-25 17:35:48.197  4335  4335 E Hqm_hidl_k: Hqm readSysfs /sys/class/sec/mmc/mmc_data
03-25 17:35:48.197  4335  4335 E Hqm_hidl_k: Hqm HAL : /sys/class/sec/mmc/mmc_data is null
03-25 17:35:48.197  4335  4335 E Hqm_hidl_k: Hqm readSysfs /sys/class/sec/sddata/sd_data
03-25 17:35:48.197  4335  4335 E Hqm_hidl_k: read val : "GE":"0","CC":"0","ECC":"0","WP":"0","OOR":"0","CRC":"0","TMO":"0"
03-25 17:35:48.197  4335  4335 E Hqm_hidl_k:
03-25 17:35:48.198  4335  4335 E Hqm_hidl_k: Hqm readSysfs /sys/class/fingerprint/fingerprint/name
03-25 17:35:48.199  4335  4335 E Hqm_hidl_k: read val : QBT2000
03-25 17:35:48.199  4335  4335 E Hqm_hidl_k:
03-25 17:35:48.199  4335  4335 E Hqm_hidl_k: Hqm readSysfs /sys/class/fingerprint/fingerprint/name
03-25 17:35:48.199  4335  4335 E Hqm_hidl_k: read val : QBT2000
03-25 17:35:48.199  4335  4335 E Hqm_hidl_k:
03-25 17:35:48.199  4335  4335 E Hqm_hidl_k: Hqm readSysfs /sys/class/fingerprint/fingerprint/name
03-25 17:35:48.199  4335  4335 E Hqm_hidl_k: read val : QBT2000
03-25 17:35:48.199  4335  4335 E Hqm_hidl_k:
03-25 17:35:48.200   624   727 I servicemanager: Adding 'u:r:system_server:s0' service (HqmManagerService:3941)
03-25 17:35:48.200  3941  3941 I SystemServerTiming: HcmManagerService
03-25 17:35:48.201  3941  3941 E SystemServer: HcmManagerService ApmSwitch = 0
03-25 17:35:48.204  3941  3941 D LazyService: HcmManagerService addService
03-25 17:35:48.204  3941  3941 D SystemServerTiming: HcmManagerService took to complete: 3ms
03-25 17:35:48.204  3941  3941 I SystemServerTiming: IpConnectivityMetrics
03-25 17:35:48.204  3941  3941 I SystemServiceManager: Starting com.android.server.connectivity.IpConnectivityMetrics
03-25 17:35:48.204  3941  3941 D SystemServerTiming: IpConnectivityMetrics took to complete: 1ms
03-25 17:35:48.204  3941  3941 I SystemServerTiming: NetworkWatchlistService
03-25 17:35:48.204  3941  3941 I SystemServiceManager: Starting com.android.server.net.watchlist.NetworkWatchlistService$Lifecycle
03-25 17:35:48.205  3941  3941 I WatchlistSettings: Reload watchlist settings done
03-25 17:35:48.206  3941  4338 I WatchlistLoggingHandler: No need to aggregate record yet.
03-25 17:35:48.206  3941  4338 I WatchlistLoggingHandler: Milliseconds spent on tryAggregateRecords(): 0
03-25 17:35:48.206   624   727 I servicemanager: Adding 'u:r:system_server:s0' service (network_watchlist:3941)
03-25 17:35:48.206  3941  3941 D SystemServerTiming: NetworkWatchlistService took to complete: 1ms
03-25 17:35:48.206  3941  3941 I SystemServerTiming: PinnerService
03-25 17:35:48.206  3941  3941 I SystemServiceManager: Starting com.android.server.PinnerService
03-25 17:35:48.206  3941  3941 V HistoricalRegistry: Interaction before persistence initialized
03-25 17:35:48.207   624   727 I servicemanager: Adding 'u:r:system_server:s0' service (pinner:3941)
03-25 17:35:48.207  3941  3941 D SystemServerTiming: PinnerService took to complete: 1ms
03-25 17:35:48.207  3941  3941 I SystemServerTiming: IorapForwardingService
03-25 17:35:48.207  3941  3941 I SystemServiceManager: Starting com.google.android.startop.iorap.IorapForwardingService
03-25 17:35:48.207  3941  3941 D SystemServerTiming: IorapForwardingService took to complete: 0ms
03-25 17:35:48.207  3941  3941 I SystemServerTiming: SignedConfigService
03-25 17:35:48.207  3941  3941 D SystemServerTiming: SignedConfigService took to complete: 1ms
03-25 17:35:48.207  3941  3941 I SystemServerTiming: AppIntegrityService
03-25 17:35:48.207  3941  3941 I SystemServiceManager: Starting com.android.server.integrity.AppIntegrityManagerService
03-25 17:35:48.208  3941  3941 E IntegrityFileManager: Error creating staging and rules directory
03-25 17:35:48.209   624   727 I servicemanager: Adding 'u:r:system_server:s0' service (app_integrity:3941)
03-25 17:35:48.209  3941  3941 D SystemServerTiming: AppIntegrityService took to complete: 1ms
03-25 17:35:48.209  3941  3941 I SystemServerTiming: SecIpmManagerService
03-25 17:35:48.210  3941  3941 I SystemServiceManager: Starting com.android.server.ipm.SecIpmManagerService
03-25 17:35:48.210   624   727 I servicemanager: Adding 'u:r:system_server:s0' service (PkgPredictorService:3941)
03-25 17:35:48.210  3941  3941 D SystemServerTiming: SecIpmManagerService took to complete: 2ms
03-25 17:35:48.211  3941  3941 I SystemServerTiming: detectSafeMode
03-25 17:35:48.211  3941  3941 I SystemServer: !@Boot_EBS_D: detectSafeMode
03-25 17:35:48.211  3941  3941 I WindowManager: SAFE MODE not enabled
03-25 17:35:48.211  3941  3941 D SystemServerTiming: detectSafeMode took to complete: 0ms
03-25 17:35:48.211  3941  3941 I SystemServerTiming: StartInputMethodManagerLifecycle
03-25 17:35:48.211  3941  3941 I SystemServiceManager: Starting com.android.server.inputmethod.InputMethodManagerService$Lifecycle
03-25 17:35:48.214  3941  3941 D InputMethodManagerService: Initial default ime = com.samsung.android.honeyboard/.service.HoneyBoardService mImeSelectedOnBoot :true
03-25 17:35:48.214  3941  3941 I InputMethodManagerService: Spen input enable
03-25 17:35:48.215   624   727 I servicemanager: Adding 'u:r:system_server:s0' service (input_method:3941)
03-25 17:35:48.215  3941  3941 D SystemServerTiming: StartInputMethodManagerLifecycle took to complete: 4ms
03-25 17:35:48.215  3941  3941 I SystemServerTiming: StartAccessibilityManagerService
03-25 17:35:48.215  3941  3941 I SystemServiceManager: Starting com.android.server.accessibility.AccessibilityManagerService$Lifecycle
03-25 17:35:48.218  3941  3941 D SettingsProvider: isChangeAllowed() : name = accessibility_magnification_activated
03-25 17:35:48.219  3941  3941 I AccessibilityManagerService: register AODStateContentObserver
03-25 17:35:48.220   624   727 I servicemanager: Adding 'u:r:system_server:s0' service (accessibility:3941)
03-25 17:35:48.220  3941  3941 D SystemServerTiming: StartAccessibilityManagerService took to complete: 5ms
03-25 17:35:48.220  3941  3941 I SystemServerTiming: MakeDisplayReady
03-25 17:35:48.220  3941  3941 D SettingsProvider: isChangeAllowed() : name = display_size_forced
03-25 17:35:48.220  3941  3941 D SettingsProvider: isChangeAllowed() : name = display_density_forced
03-25 17:35:48.221  3941  3941 D TspStateManager: updateCustomValue customSetting=
03-25 17:35:48.221  3941  3941 V WindowManager: updateDisplayAndOrientation: Change 501.041x498.167dpi to 375.78073x373.62524dpi, BaseDpi=501.041x498.167, DisplayRatio=0.75x0.75
03-25 17:35:48.222  3941  3941 W InputReader: Device sec_touchpad is associated with display ADISPLAY_ID_NONE.
03-25 17:35:48.222  3941  3941 W InputReader: Device sec_touchscreen is associated with display ADISPLAY_ID_NONE.
03-25 17:35:48.222  3941  3941 W InputReader: Device sec_e-pen is associated with display ADISPLAY_ID_NONE.
03-25 17:35:48.222  3941  3941 D TspStateManager: updateCustomValue customSetting=
03-25 17:35:48.222  3941  3941 W InputReader: Device sec_touchpad is associated with display ADISPLAY_ID_NONE.
03-25 17:35:48.222  3941  3941 W InputReader: Device sec_touchscreen is associated with display ADISPLAY_ID_NONE.
03-25 17:35:48.222  3941  3941 W InputReader: Device sec_e-pen is associated with display ADISPLAY_ID_NONE.
03-25 17:35:48.222  3941  3941 D TspStateManager: updateCustomValue customSetting=
03-25 17:35:48.222  3941  3941 D TspStateManager: updateCustomValue customSetting=
03-25 17:35:48.223  3941  3941 W InputReader: Device sec_touchpad is associated with display ADISPLAY_ID_NONE.
03-25 17:35:48.223  3941  3941 W InputReader: Device sec_touchscreen is associated with display ADISPLAY_ID_NONE.
03-25 17:35:48.223  3941  3941 W InputReader: Device sec_e-pen is associated with display ADISPLAY_ID_NONE.
03-25 17:35:48.223  3941  3941 D TspStateManager: updateCustomValue customSetting=
03-25 17:35:48.224  3941  3941 I ActivityTaskManager: Config changes=20005df8 {1.0 ?mcc?mnc [en_US] ldltr sw411dp w411dp h788dp 420dpi nrml long port ?uimode ?night -touch -keyb/v/h -nav/h winConfig={ mBounds=Rect(0, 0 - 1080, 2280) mAppBounds=Rect(0, 85 - 1080, 2154) mMaxBounds=Rect(0, 0 - 1080, 2280) mWindowingMode=fullscreen mDisplayWindowingMode=fullscreen mActivityType=undefined mAlwaysOnTop=undefined mRotation=ROTATION_0 mPopOver=undefined mFreeformTaskPinningState=undefined} s.2 ?fontWeightAdjustment ff=0 bf=-1 bts=-1 desktop/d dm/n ?dc ?dcui ?dcaf enb/d themeSeq=0}
03-25 17:35:48.224  3941  3941 I WindowManager: Override config changes=60007dfc {1.0 ?mcc?mnc [en_US] ldltr sw411dp w411dp h788dp 420dpi nrml long port ?uimode ?night -touch -keyb/v/h -nav/h winConfig={mBounds=Rect(0, 0 - 1080, 2280) mAppBounds=Rect(0, 85 - 1080, 2154) mMaxBounds=Rect(0, 0 - 1080, 2280) mWindowingMode=fullscreen mDisplayWindowingMode=fullscreen mActivityType=undefined mAlwaysOnTop=undefined mRotation=ROTATION_0 mPopOver=undefined mFreeformTaskPinningState=undefined} s.2 ?fontWeightAdjustment ff=0 bf=-1 bts=-1 desktop/d dm/n ?dc ?dcui ?dcaf enb/d themeSeq=0} for displayId=0
03-25 17:35:48.225  3941  3941 D TspStateManager: updateCustomValue customSetting=
03-25 17:35:48.225  3941  3941 I MultiTaskingController: onConfigurationChangedLocked: display#0, configChanges=0x60007dfc, scaleW=0.75, scaleH=0.75, prevScreenBounds=Rect(0, 0 - 1440, 3040), nextScreenBounds=Rect(0, 0 - 1080, 2280)
03-25 17:35:48.225  3941  3941 I DecorCaptionResources: updateDisplayMetrics: base config={1.0 ?mcc?mnc [en_US] ldltr sw411dp w411dp h788dp 420dpi nrml long port ?uimode ?night -touch -keyb/v/h -nav/h winConfig={ mBounds=Rect(0, 0 - 1080, 2280) mAppBounds=Rect(0, 85 - 1080, 2154) mMaxBounds=Rect(0, 0 - 1080, 2280) mWindowingMode=fullscreen mDisplayWindowingMode=fullscreen mActivityType=undefined mAlwaysOnTop=undefined mRotation=ROTATION_0 mPopOver=undefined mFreeformTaskPinningState=undefined} s.2 ?fontWeightAdjustment ff=0 bf=-1 bts=-1 desktop/d dm/n ?dc ?dcui ?dcaf enb/d themeSeq=0}
03-25 17:35:48.225  3941  3941 I DecorCaptionResources: updateDisplayMetrics: density=2.625
03-25 17:35:48.225  3941  3941 I DecorCaptionResources: updateDisplayMetrics: packageName=android, dsf=1.0
03-25 17:35:48.225  3941  3941 I DecorCaptionResources: updateDisplayMetrics: dst=2.625, sdst=2.625
03-25 17:35:48.225  3941  3941 I DecorCaptionResources: Success. Get locale information from system: en_US
03-25 17:35:48.226  3941  3941 D SurfaceControl: setDisplayProjection, displayToken=android.os.BinderProxy@cf3fef, orientation=0, layerStackRect=Rect(0, 0 - 1080, 2280), displayRect=Rect(0, 0 - 1440, 3040)
03-25 17:35:48.228  3941  3941 V Vibrator: semGetSupportedVibrationType: ret=4
03-25 17:35:48.228  3941  3941 W InputReader: Device sec_touchpad is associated with display ADISPLAY_ID_NONE.
03-25 17:35:48.228  3941  3941 W InputReader: Device sec_touchscreen is associated with display ADISPLAY_ID_NONE.
03-25 17:35:48.228  3941  3941 W InputReader: Device sec_e-pen is associated with display ADISPLAY_ID_NONE.
03-25 17:35:48.228  3941  3941 D TspStateManager: updateCustomValue customSetting=
03-25 17:35:48.228  3941  3941 I ActivityTaskManager: Config changes=8 {1.0 ?mcc?mnc [en_US] ldltr sw411dp w411dp h788dp 420dpi nrml long port ?uimode ?night finger -keyb/v/h -nav/h winConfig={ mBounds=Rect(0, 0 - 1080, 2280) mAppBounds=Rect(0, 85 - 1080, 2154) mMaxBounds=Rect(0, 0 - 1080, 2280) mWindowingMode=fullscreen mDisplayWindowingMode=fullscreen mActivityType=undefined mAlwaysOnTop=undefined mRotation=ROTATION_0 mPopOver=undefined mFreeformTaskPinningState=undefined} s.4 ?fontWeightAdjustment ff=0 bf=-1 bts=-1 desktop/d dm/n ?dc ?dcui ?dcaf enb/d themeSeq=0}
03-25 17:35:48.229  3941  3941 I WindowManager: Override config changes=8 {1.0 ?mcc?mnc [en_US] ldltrsw411dp w411dp h788dp 420dpi nrml long port ?uimode ?night finger -keyb/v/h -nav/h winConfig={ mBounds=Rect(0, 0 - 1080, 2280) mAppBounds=Rect(0, 85 - 1080, 2154) mMaxBounds=Rect(0, 0 - 1080, 2280) mWindowingMode=fullscreen mDisplayWindowingMode=fullscreen mActivityType=undefined mAlwaysOnTop=undefined mRotation=ROTATION_0 mPopOver=undefined mFreeformTaskPinningState=undefined} s.4 ?fontWeightAdjustment ff=0 bf=-1 bts=-1 desktop/d dm/n ?dc ?dcui ?dcaf enb/d themeSeq=0} for displayId=0
03-25 17:35:48.229  3941  3941 D TspStateManager: updateCustomValue customSetting=
03-25 17:35:48.229  3941  3941 I MultiTaskingController: onConfigurationChangedLocked: display#0, configChanges=0x8, scaleW=1.0, scaleH=1.0, prevScreenBounds=Rect(0, 0 - 1080, 2280), nextScreenBounds=Rect(0, 0 - 1080, 2280)
03-25 17:35:48.230  3941  3941 D SystemServerTiming: MakeDisplayReady took to complete: 10ms
03-25 17:35:48.230  3941  3941 I SystemServerTiming: GameSDKService
03-25 17:35:48.230  3941  3941 I SystemServer: GameSDKService
03-25 17:35:48.231  3941  3981 I DynamicHiddenApp_TASK_SNAPSHOT: start update max task snapshot number
03-25 17:35:48.231  3941  3981 I DynamicHiddenApp_TASK_SNAPSHOT: update max task snapshot number, physical memory: 12, current resolution : 2
03-25 17:35:48.231  3941  3981 I DynamicHiddenApp_TASK_SNAPSHOT: TaskSnapShot : 10, CurRes : 2
03-25 17:35:48.231  3941  3981 I ActivityManager: change Max_Cached : 22
03-25 17:35:48.231  3941  3981 D InputManager-JNI: Viewport [0] type:1, displayId=0, uniqueId=local:4630947232161729153, orientation=0, logicalFrame=[0, 0][1080, 2280], physicalFrame=[0, 0][1440, 3040], deviceSize=[1440, 3040]
03-25 17:35:48.232  3941  3994 D EmergencyMode: [EmergencyManager] getBootState: init.svc.bootanim isrunning : true
03-25 17:35:48.232  3941  4330 I InputReader: Reconfiguring input devices, changes=DISPLAY_INFO |  4
03-25 17:35:48.232  3941  4310 D MotionRecognitionService:   mReceiver.onReceive : CONFIGURATION_CHANGED
03-25 17:35:48.232  3941  4310 D MotionRecognitionService: [AUTO_ROTATION] inject auto rotation : 0
03-25 17:35:48.232  3941  4310 D SensorService: Motion injection
03-25 17:35:48.232  3941  4310 D SensorService: [EAR_TOUCH] : INJECT_AUTO_ROTATION ++++
03-25 17:35:48.232  3941  4310 E SensorService: [EARPROXIMITY] getScreenRotation -  1711406148   232936
03-25 17:35:48.232  3941  4310 D MotionRecognitionService:   mReceiver.onReceive : CONFIGURATION_CHANGED
03-25 17:35:48.233  3941  4310 D MotionRecognitionService: [AUTO_ROTATION] inject auto rotation : 0
03-25 17:35:48.233  3941  4310 D SensorService: Motion injection
03-25 17:35:48.233  3941  4310 D SensorService: [EAR_TOUCH] : INJECT_AUTO_ROTATION ++++
03-25 17:35:48.233  3941  4310 E SensorService: [EARPROXIMITY] getScreenRotation -  1711406148   233063
03-25 17:35:48.233  3941  4330 D MouseCursorController: dex type: -1
03-25 17:35:48.233  3941  4330 D MouseCursorController: move pointer to default -1->-1 (0.0, 0.0)
03-25 17:35:48.233  3941  4330 D MouseCursorController: setDexViewport id=-1. type=1, logicalFrame=[0, 0][0, 0]
03-25 17:35:48.233  3941  4330 D InputManager: notifyDisplayIdChangedByUser: 0
03-25 17:35:48.233  3941  4330 D MouseCursorController: loadResourcesLocked for display 0
03-25 17:35:48.237  3941  3941 I GameSDK@LifeCycle: [SUCCESS] Success to register UsageStatsWatcher
03-25 17:35:48.237  3941  3941 I GameSDK@LifeCycle: [SUCCESS] Success to register MultiWindowEventListener
03-25 17:35:48.238   624   727 I servicemanager: Adding 'u:r:system_server:s0' service (gamesdk:3941)
03-25 17:35:48.238  3941  3941 I SystemServer: GameSDKService loaded
03-25 17:35:48.238  3941  3941 D SystemServerTiming: GameSDKService took to complete: 8ms
03-25 17:35:48.238  3941  3941 I SystemServerTiming: Bluetooth Secure Mode Manager Service
03-25 17:35:48.238  3941  3941 I SystemServer: Bluetooth Secure Mode Manager Service
03-25 17:35:48.238  3941  3941 D LazyService: bluetooth_secure_mode_manager addService
03-25 17:35:48.238  3941  3941 D SystemServerTiming: Bluetooth Secure Mode Manager Service took to complete: 0ms
03-25 17:35:48.238  3941  3941 I SystemServerTiming: GameManagerService
03-25 17:35:48.241  3941  3941 I SystemServiceManager: Starting com.samsung.android.game.GameManagerService$Lifecycle
03-25 17:35:48.242  3941  3941 I SGM:GameManager: ctor
03-25 17:35:48.243  3941  3941 I SGM:DatabaseHelper: create a DatabaseHelper
03-25 17:35:48.244  3941  3941 D SGM:PkgDataHelper: putPkgData(). com.samsung.android.game.gametools,userId = 0
03-25 17:35:48.244  3941  3941 D SGM:PkgDataHelper: putPkgData(). io.github.plastix.buzz, userId = 0
03-25 17:35:48.244  3941  3941 D SGM:PkgDataHelper: putPkgData(). com.rodocodo.codehour, userId = 0
03-25 17:35:48.244  3941  3941 D SGM:PkgDataHelper: putPkgData(). com.thevoxelagents.tc3, userId = 0
03-25 17:35:48.244  3941  3941 D SGM:PkgDataHelper: putPkgData(). smellymoo.sand, userId = 0
03-25 17:35:48.244  3941  3941 D SGM:PkgDataHelper: putPkgData(). com.giantssoftware.fs14, userId = 0
03-25 17:35:48.244  3941  3941 D SGM:PkgDataHelper: putPkgData(). com.coldvisionstudio.Scubotica, userId = 0
03-25 17:35:48.244  3941  3941 D SGM:PkgDataHelper: putPkgData(). com.pid.rotoforce, userId = 0
03-25 17:35:48.244  3941  3941 D SGM:PkgDataHelper: putPkgData(). com.nianticlabs.pokemongo, userId =0
03-25 17:35:48.244  3941  3941 D SGM:PkgDataHelper: putPkgData(). com.samsung.android.game.gamelab, userId = 0
03-25 17:35:48.244  3941  3941 D SGM:PkgDataHelper: putPkgData(). mob.play.rflx, userId = 0
03-25 17:35:48.244  3941  3941 D SGM:PkgDataHelper: putPkgData(). club.onepercent.chess, userId = 0
03-25 17:35:48.244  3941  3941 D SGM:PkgDataHelper: putPkgData(). fun.gamergarden.blumos, userId = 0
03-25 17:35:48.244  3941  3941 D SGM:PkgDataHelper: putPkgData(). com.koplagames.kopla01, userId = 0
03-25 17:35:48.244  3941  3941 D SGM:PkgDataHelper: putPkgData(). com.infinity.traffix, userId = 0
03-25 17:35:48.244  3941  3941 D SGM:PkgDataHelper: putPkgData(). com.vottzapps.wordle, userId = 0
03-25 17:35:48.244  3941  3941 D SGM:PkgDataHelper: putPkgData(). com.vido.vidosy, userId = 0
03-25 17:35:48.244  3941  3941 D SGM:PkgDataHelper: putPkgData(). com.herocraft.game.zombiederby.pixel.survival, userId = 0
03-25 17:35:48.244  3941  3941 D SGM:PkgDataHelper: putPkgData(). com.samsung.android.game.gamehome, userId = 0
03-25 17:35:48.244  3941  3941 D SGM:PkgDataHelper: putPkgData(). indie.tactixo.heptall, userId = 0
03-25 17:35:48.244  3941  3941 D SGM:PkgDataHelper: putPkgData(). com.mojang.minecraftpe, userId = 0
03-25 17:35:48.244  3941  3941 D SGM:PkgDataHelper: putPkgData(). com.kidapps.the_rat_race, userId = 0
03-25 17:35:48.244  3941  3941 D SGM:PkgDataHelper: putPkgData(). com.SyGame.Capitalism, userId = 0
03-25 17:35:48.244  3941  3941 D SGM:PkgDataHelper: putPkgData(). co.uk.exocron.android.qlango, userId = 0
03-25 17:35:48.244  3941  3941 D SGM:PkgDataHelper: putPkgData(). com.rb.neuriva, userId = 0
03-25 17:35:48.244  3941  3941 D SGM:PkgDataHelper: putPkgData(). com.chucklefish.stardewvalley, userId = 0
03-25 17:35:48.244  3941  3941 D SGM:PkgDataHelper: putPkgData(). com.sec.android.app.samsungapps, userId = 0
03-25 17:35:48.244  3941  3941 D SGM:PkgDataHelper: putPkgData(). com.samsung.accessory.popcornmgr, userId = 0
03-25 17:35:48.244  3941  3941 D SGM:PkgDataHelper: putPkgData(). com.kidapps.rat_race_2, userId = 0
03-25 17:35:48.244  3941  3941 D SGM:PkgDataHelper: putPkgData(). com.gamefirst.religioninc, userId =0
03-25 17:35:48.244  3941  3941 D SGM:PkgDataHelper: putPkgData(). it.rortos.extremelandingspro, userId = 0
03-25 17:35:48.244  3941  3941 D SGM:PkgDataHelper: putPkgData(). com.sec.android.app.popupcalculator, userId = 0
03-25 17:35:48.244  3941  3941 D SGM:PkgDataHelper: putPkgData(). com.screenshake.dominodreams, userId = 0
03-25 17:35:48.244  3941  3941 D SGM:PkgDataHelper: putPkgData(). com.luckyskeletonstudios.idlebanktycoon, userId = 0
03-25 17:35:48.244  3941  3941 D SGM:PkgDataHelper: putPkgData(). spelling.bee.queen.pangram.vermilionapps, userId = 0
03-25 17:35:48.244  3941  3941 D SGM:PkgDataHelper: putPkgData(). com.summerdoor.wordrails, userId = 0
03-25 17:35:48.244  3941  3941 D SGM:PkgDataHelper: putPkgData(). com.nickelbuddy.stringofwords, userId = 0
03-25 17:35:48.244  3941  3941 D SGM:PkgDataHelper: putPkgData(). com.android.vending, userId = 0
03-25 17:35:48.244  3941  3941 D SGM:DatabaseHelper: loadPkgDataFromDb(). entry size: 1
03-25 17:35:48.245  3941  3941 I SGM:GameManager: PkgUpdateReceiver, : ctor
03-25 17:35:48.245  3941  3941 I SGM:GameManager: SecFamilyPkgChangeReceiver, : ctor
03-25 17:35:48.245  3941  3941 D SGM:Util: isPkgEnabled(), com.samsung.android.game.gos is enabled
03-25 17:35:48.246  3941  3941 D SGM:Util: isPkgEnabled(), com.samsung.android.game.gamehome is enabled
03-25 17:35:48.246  3941  3941 D SGM:Util: isPkgInstalled(), com.samsung.android.game.gametools is installed
03-25 17:35:48.246  3941  3941 D SGM:GameManager: multi-resolution is supported
03-25 17:35:48.246  3941  3941 D SGM:GameManager: dpi: 420, longPixel: 2069, shortPixel: 1080
03-25 17:35:48.246  3941  3941 I SGM:SystemHelper: ctor
03-25 17:35:48.247  3941  3941 D SGM:GameManager$Lifecycle: onStart
03-25 17:35:48.247   624   727 I servicemanager: Adding 'u:r:system_server:s0' service (gamemanager:3941)
03-25 17:35:48.248  3941  3941 I SystemServer: GameManagerService Started
03-25 17:35:48.248  3941  3941 D SystemServerTiming: GameManagerService took to complete: 10ms
03-25 17:35:48.248  3941  3941 I SystemServerTiming: SehCodecSolutionService
03-25 17:35:48.252  3941  3941 D SehCodecSolutionService: create : 2.2
03-25 17:35:48.252  3941  3941 D CodecSolution_Logging: dma pkg: 802301000
03-25 17:35:48.253   624   727 I servicemanager: Found vendor.samsung.frameworks.codecsolution.ISehCodecSolution/default in framework VINTF manifest.
03-25 17:35:48.253   624   727 I servicemanager: Adding 'u:r:system_server:s0' service (vendor.samsung.frameworks.codecsolution.ISehCodecSolution/default:3941)
03-25 17:35:48.253  3941  3941 I SystemServer: SehCodecSolutionService loaded
03-25 17:35:48.254  3941  3941 D SystemServerTiming: SehCodecSolutionService took to complete: 6ms
03-25 17:35:48.254  3941  3941 I SystemServerTiming: SehHdrSolutionService
03-25 17:35:48.257  3941  3941 D SehHdrSolutionService: create : 1.0
03-25 17:35:48.258  3941  3941 I HdrSolution_HdrDisplayNitMapper: HdrCapability(True), Default TargetNit: 400
03-25 17:35:48.260  3941  3941 D HdrSolution_HdrDisplayNitMapper: SM8150 Support fixed target
03-25 17:35:48.260   624   727 I servicemanager: Adding 'u:r:system_server:s0' service (vendor.samsung.frameworks.hdrsolution.ISehHdrSolution/default:3941)
03-25 17:35:48.260  3941  3941 I SystemServer: SehHdrSolutionService loaded
03-25 17:35:48.261  3941  3941 D SystemServerTiming: SehHdrSolutionService took to complete: 7ms
03-25 17:35:48.261  3941  3941 I SystemServer: PerfSDKService
03-25 17:35:48.261  3941  3941 I SystemServerTiming: PerfSDKService
03-25 17:35:48.266  3941  3941 I PerfSDKService: CPU levels : 1171200 1497600 1708800 2016000 2323200
03-25 17:35:48.266  3941  3941 I PerfSDKService: GPU levels : 257 345 427 427 499
03-25 17:35:48.268  3941  3941 I PerfSDKService: BUS levels : 1017 1296 1296 1804 2092
03-25 17:35:48.268   624   727 I servicemanager: Adding 'u:r:system_server:s0' service (perfsdkservice:3941)
03-25 17:35:48.268  3941  3941 I SystemServer: PerfSDKService loaded
03-25 17:35:48.268  3941  3941 D SystemServerTiming: PerfSDKService took to complete: 8ms
03-25 17:35:48.268  3941  3941 I SystemServerTiming: StartStorageManagerService
03-25 17:35:48.268  3941  3941 I SystemServiceManager: Starting com.android.server.StorageManagerService$Lifecycle
03-25 17:35:48.271  1169  1193 D installd: Found quota mount /dev/block/bootdevice/by-name/userdata at /data
03-25 17:35:48.271  1169  1193 D installd: Found quota mount /dev/block/bootdevice/by-name/userdata at /data/user/0
03-25 17:35:48.273  3941  3941 E SFSLOG  : initParam: choose /data/log/sfslog.0.gz
03-25 17:35:48.274  3941  4330 W PointerIcon-JNI: An exception occurred while loading a pointer icon.
03-25 17:35:48.274  3941  3941 E SFSLOG  : initParam mSfSlogEnable true
03-25 17:35:48.274  3941  3941 E SFSLOG  : initParam mLinesToDump 50
03-25 17:35:48.274  3941  3941 E SFSLOG  : initParam mMaxLogFileSize 262144
03-25 17:35:48.274  3941  3941 E SFSLOG  : initParam mCurentFileSize 2543874
03-25 17:35:48.274  3941  4330 W PointerIcon-JNI: java.lang.IllegalArgumentException: x hotspot lies outside of the bitmap area
03-25 17:35:48.274  3941  4330 W PointerIcon-JNI:       at android.view.PointerIcon.validateHotSpot(PointerIcon.java:1163)
03-25 17:35:48.274  3941  4330 W PointerIcon-JNI:       at android.view.PointerIcon.loadResource(PointerIcon.java:1142)
03-25 17:35:48.274  3941  4330 W PointerIcon-JNI:       at android.view.PointerIcon.load(PointerIcon.java:874)
03-25 17:35:48.275  3941  3941 V SFSLOG  : No KERNEL_LOG_PREFIX!
03-25 17:35:48.275  3941  3941 D StorageManagerService: readSettingsLocked: /data/system/storage.xml
03-25 17:35:48.275  3941  3941 D StorageManagerService: readSettingsLocked: TAG_VOLUME rec=android.os.storage.VolumeRecord@9710154f rec.fsUuid=28FA-1A2E
03-25 17:35:48.275  3941  3941 D StorageManagerService: readSettingsLocked: TAG_VOLUME rec=android.os.storage.VolumeRecord@aa045024 rec.fsUuid=FC85-1BFF
03-25 17:35:48.276  3941  3941 D StorageManagerService: readSettingsLocked: TAG_VOLUME rec=android.os.storage.VolumeRecord@34587653 rec.fsUuid=2FF7-D010
03-25 17:35:48.276  3941  3941 D StorageManagerService: readSettingsLocked: TAG_VOLUME rec=android.os.storage.VolumeRecord@4ababc4b rec.fsUuid=A099-F289
03-25 17:35:48.276   624   727 I servicemanager: Adding 'u:r:system_server:s0' service (mount:3941)
03-25 17:35:48.277  3941  4344 D StorageManagerService: handleMessage -> H_DAEMON_CONNECTED
03-25 17:35:48.278  3941  3941 D SystemServerTiming: StartStorageManagerService took to complete: 9ms
03-25 17:35:48.278  3941  3941 I SystemServerTiming: StartStorageStatsService
03-25 17:35:48.278  3941  3941 I SystemServiceManager: Starting com.android.server.usage.StorageStatsService$Lifecycle
03-25 17:35:48.279  3941  4344 D StorageManagerService: Thinking about init, mBootCompleted=false, mDaemonConnected=true
03-25 17:35:48.279  1169  1193 D installd: Found quota mount /dev/block/bootdevice/by-name/userdata at /data
03-25 17:35:48.279  1169  1193 D installd: Found quota mount /dev/block/bootdevice/by-name/userdata at /data/user/0
03-25 17:35:48.280  1169  1193 D installd: Found quota mount /dev/block/bootdevice/by-name/userdata at /data
03-25 17:35:48.280  1169  1193 D installd: Found quota mount /dev/block/bootdevice/by-name/userdata at /data/user/0
03-25 17:35:48.281   624   727 I servicemanager: Adding 'u:r:system_server:s0' service (storagestats:3941)
03-25 17:35:48.281  3941  3941 D SystemServerTiming: StartStorageStatsService took to complete: 3ms
03-25 17:35:48.281  3941  3941 I SystemServerTiming: DirEncryptSerrvice
03-25 17:35:48.281  3941  3941 D SystemServerTiming: DirEncryptSerrvice took to complete: 0ms
03-25 17:35:48.282  3941  3941 I SystemServerTiming: StartUiModeManager
03-25 17:35:48.282  3941  3941 I SystemServiceManager: Starting com.android.server.UiModeManagerService
03-25 17:35:48.282  3941  4344 D StorageManagerService: Thinking about reset, mBootCompleted=false, mDaemonConnected=true
03-25 17:35:48.283   624   727 I servicemanager: Adding 'u:r:system_server:s0' service (uimode:3941)
03-25 17:35:48.283  3941  3941 D SystemServerTiming: StartUiModeManager took to complete: 1ms
03-25 17:35:48.283  3941  3941 I SystemServerTiming: UpdatePackagesIfNeeded
03-25 17:35:48.283  3941  3941 I SystemServer: !@Boot_EBS_D: UpdatePackagesIfNeeded
03-25 17:35:48.283  3941  3941 I Watchdog: Pausing HandlerChecker: main thread for reason: dexopt. Pause count: 1
03-25 17:35:48.283  3941  4344 D StorageManagerService: handleMessage -> H_DAEMON_CONNECTED
03-25 17:35:48.283  3941  4344 D StorageManagerService: Thinking about init, mBootCompleted=false, mDaemonConnected=true
03-25 17:35:48.283  3941  3941 I PackageManager: Failed to open pruning marker
03-25 17:35:48.283  3941  4330 D MouseCursorController: PRESENTATION_SPOT: 1000 -> 20001
03-25 17:35:48.283  3941  4344 D StorageManagerService: Thinking about reset, mBootCompleted=false, mDaemonConnected=true
03-25 17:35:48.283  3941  3941 I Watchdog: Resuming HandlerChecker: main thread for reason: dexopt. Pause count: 0
03-25 17:35:48.283  3941  3941 D SystemServerTiming: UpdatePackagesIfNeeded took to complete: 1ms
03-25 17:35:48.283  3941  3941 I SystemServerTiming: PerformFstrimIfNeeded
03-25 17:35:48.283  3941  4330 I InputReader: Device reconfigured: id=6, name='sec_touchpad', size 1080x2280, orientation 0, mode 4, display id 0
03-25 17:35:48.284  3941  4330 I InputReader: support feature by TSP : 0x305
03-25 17:35:48.284  3941  4330 I InputReader: Device reconfigured: id=3, name='sec_touchscreen', size1080x2280, orientation 0, mode 1, display id 0
