03-25 17:55:21.206 22867 22867 D OverlayManager: -> Updating overlay: target=com.berryapps.affirmations overlays=[OverlayPaths { resourceDirs = [/system/system_ext/overlay/NavigationBarMode3Button/NavigationBarMode3ButtonOverlay.apk], overlayPaths = [/system/system_ext/overlay/NavigationBarMode3Button/NavigationBarMode3ButtonOverlay.apk, /data/resource-cache/android-SemWT_G_MonetPalette-BJr5.frro] }] userId=0
03-25 17:55:21.206 22867 22867 D OverlayManager: -> Updating overlay: target=com.studio.hellohabit overlays=[OverlayPaths { resourceDirs = [/system/system_ext/overlay/NavigationBarMode3Button/NavigationBarMode3ButtonOverlay.apk], overlayPaths = [/system/system_ext/overlay/NavigationBarMode3Button/NavigationBarMode3ButtonOverlay.apk, /data/resource-cache/android-SemWT_G_MonetPalette-BJr5.frro] }] userId=0
03-25 17:55:21.206 22867 22867 D OverlayManager: -> Updating overlay: target=saldo.receiptscanner.appoverlays=[OverlayPaths { resourceDirs = [/system/system_ext/overlay/NavigationBarMode3Button/NavigationBarMode3ButtonOverlay.apk], overlayPaths = [/system/system_ext/overlay/NavigationBarMode3Button/NavigationBarMode3ButtonOverlay.apk, /data/resource-cache/android-SemWT_G_MonetPalette-BJr5.frro] }] userId=0
03-25 17:55:21.206 22867 22867 D OverlayManager: -> Updating overlay: target=com.google.android.apps.restore overlays=[OverlayPaths { resourceDirs = [/system/system_ext/overlay/NavigationBarMode3Button/NavigationBarMode3ButtonOverlay.apk], overlayPaths = [/system/system_ext/overlay/NavigationBarMode3Button/NavigationBarMode3ButtonOverlay.apk, /data/resource-cache/android-SemWT_G_MonetPalette-BJr5.frro] }] userId=0
03-25 17:55:21.206 22867 22867 D OverlayManager: -> Updating overlay: target=cc.coolline.client.pro overlays=[OverlayPaths { resourceDirs = [/system/system_ext/overlay/NavigationBarMode3Button/NavigationBarMode3ButtonOverlay.apk], overlayPaths = [/system/system_ext/overlay/NavigationBarMode3Button/NavigationBarMode3ButtonOverlay.apk, /data/resource-cache/android-SemWT_G_MonetPalette-BJr5.frro] }] userId=0
03-25 17:55:21.207 22867 22867 D SWT_OverlayManager: restoring color theme has finished, ready:389ms,commit:1640ms
03-25 17:55:21.208 22867 22867 D SystemServerTiming: StartOverlayManagerService took to complete: 3100ms
03-25 17:55:21.208 22867 22867 D SystemServerTiming: !@Boot_SystemServer: 3100ms : StartOverlayManagerService
03-25 17:55:21.208 22867 22867 I SystemServerTiming: !@Boot_EBS:   Took 3100ms by 'StartOverlayManagerService'
03-25 17:55:21.208 22867 22867 I SystemServerTiming: StartSensorPrivacyService
03-25 17:55:21.209   625   672 I servicemanager: Adding 'u:r:system_server:s0' service (sensor_privacy:22867)
03-25 17:55:21.209 22867 22867 D SystemServerTiming: StartSensorPrivacyService took to complete: 1ms
03-25 17:55:21.210 22867 22867 I SystemServerTiming: StartSensorService
03-25 17:55:21.210 22867 22867 I SystemServiceManager: Starting com.android.server.sensors.SensorService
03-25 17:55:21.210 22867 22867 D SystemServerTiming: StartSensorService took to complete: 0ms
03-25 17:55:21.210 22867 22867 D SystemServerTiming: startBootstrapServices took to complete: 34147ms
03-25 17:55:21.210 22867 22867 D SystemServerTiming: !@Boot_SystemServer: 34147ms : startBootstrapServices
03-25 17:55:21.210 22867 22867 I SystemServerTiming: !@Boot_EBS:   Took 34147ms by 'startBootstrapServices'
03-25 17:55:21.210 22867 22867 I SystemServer: !@Boot_EBS_F: startCoreServices
03-25 17:55:21.210 22867 22867 I SystemServerTiming: startCoreServices
03-25 17:55:21.210 22867 22867 I SystemServerTiming: StartSystemConfigService
03-25 17:55:21.210 22867 22867 I SystemServiceManager: Starting com.android.server.SystemConfigService
03-25 17:55:21.210 22867 23269 I SystemServerTimingAsync: InitThreadPoolExec:StartNativeSensorService
03-25 17:55:21.210 22867 23269 I SystemServerTimingAsync: StartNativeSensorService
03-25 17:55:21.210 22867 23269 D SensorService: nuSensorService starting...
03-25 17:55:21.210   625   672 I servicemanager: Adding 'u:r:system_server:s0' service (system_config:22867)
03-25 17:55:21.210 22867 22867 D SystemServerTiming: StartSystemConfigService took to complete: 1ms
03-25 17:55:21.210 22867 22867 I SystemServerTiming: StartBatteryService
03-25 17:55:21.210 22867 22867 I SystemServiceManager: Starting com.android.server.BatteryService
03-25 17:55:21.211   626   626 I hwservicemanager: getTransport: Cannot find entry android.hardware.sensors@2.1::ISensors/default in either framework or device VINTF manifest.
03-25 17:55:21.213 22867 22867 D BatteryService: !@ mAfcDisableSysFs : /sys/class/sec/switch/afc_disable
03-25 17:55:21.213 22675 22675 I sensors-hal: activate:252, android.sensor.accelerometer/11 en=0
03-25 17:55:21.213 22867 22867 E BatteryService: !@[BatteryInfo] IOException in readFromFile
03-25 17:55:21.213 22675 22675 I sensors-hal: activate:270, android.sensor.accelerometer/11 en=0 completed
03-25 17:55:21.213 22675 22675 I sensors-hal: activate:252, android.sensor.magnetic_field/21 en=0
03-25 17:55:21.213 22675 22675 I sensors-hal: activate:270, android.sensor.magnetic_field/21 en=0 completed
03-25 17:55:21.213 22675 22675 I sensors-hal: activate:252, android.sensor.gyroscope/41 en=0
03-25 17:55:21.213 22675 22675 I sensors-hal: activate:270, android.sensor.gyroscope/41 en=0 completed
03-25 17:55:21.213 22675 22675 I sensors-hal: activate:252, android.sensor.light/51 en=0
03-25 17:55:21.213 22675 22675 I sensors-hal: activate:270, android.sensor.light/51 en=0 completed
03-25 17:55:21.213 22675 22675 I sensors-hal: activate:252, android.sensor.pressure/61 en=0
03-25 17:55:21.213 22675 22675 I sensors-hal: activate:270, android.sensor.pressure/61 en=0 completed
03-25 17:55:21.213 22675 22675 I sensors-hal: activate:252, android.sensor.gravity/91 en=0
03-25 17:55:21.213 22675 22675 I sensors-hal: activate:270, android.sensor.gravity/91 en=0 completed
03-25 17:55:21.213 22675 22675 I sensors-hal: activate:252, android.sensor.linear_acceleration/101 en=0
03-25 17:55:21.213 22675 22675 I sensors-hal: activate:270, android.sensor.linear_acceleration/101 en=0 completed
03-25 17:55:21.213 22675 22675 I sensors-hal: activate:252, android.sensor.rotation_vector/111 en=0
03-25 17:55:21.213 22675 22675 I sensors-hal: activate:270, android.sensor.rotation_vector/111 en=0 completed
03-25 17:55:21.213 22675 22675 I sensors-hal: activate:252, android.sensor.magnetic_field_uncalibrated/141 en=0
03-25 17:55:21.213 22675 22675 I sensors-hal: activate:270, android.sensor.magnetic_field_uncalibrated/141 en=0 completed
03-25 17:55:21.213 22675 22675 I sensors-hal: activate:252, android.sensor.game_rotation_vector/151 en=0
03-25 17:55:21.213 22675 22675 I sensors-hal: activate:270, android.sensor.game_rotation_vector/151 en=0 completed
03-25 17:55:21.213 22675 22675 I sensors-hal: activate:252, android.sensor.gyroscope_uncalibrated/161en=0
03-25 17:55:21.213 22675 22675 I sensors-hal: activate:270, android.sensor.gyroscope_uncalibrated/161en=0 completed
03-25 17:55:21.213 22675 22675 I sensors-hal: activate:252, android.sensor.significant_motion/172 en=0
03-25 17:55:21.213 22675 22675 I sensors-hal: activate:270, android.sensor.significant_motion/172 en=0 completed
03-25 17:55:21.213 22675 22675 I sensors-hal: activate:252, android.sensor.step_detector/181 en=0
03-25 17:55:21.213 22675 22675 I sensors-hal: activate:270, android.sensor.step_detector/181 en=0 completed
03-25 17:55:21.214 22675 22675 I sensors-hal: activate:252, android.sensor.step_counter/191 en=0
03-25 17:55:21.214 22675 22675 I sensors-hal: activate:270, android.sensor.step_counter/191 en=0 completed
03-25 17:55:21.214 22675 22675 I sensors-hal: activate:252, android.sensor.tilt_detector/222 en=0
03-25 17:55:21.214 22675 22675 I sensors-hal: activate:270, android.sensor.tilt_detector/222 en=0 completed
03-25 17:55:21.214 22675 22675 I sensors-hal: activate:252, android.sensor.pick_up_gesture/252 en=0
03-25 17:55:21.214 22675 22675 I sensors-hal: activate:270, android.sensor.pick_up_gesture/252 en=0 completed
03-25 17:55:21.214 22675 22675 I sensors-hal: activate:252, android.sensor.device_orientation/271 en=0
03-25 17:55:21.214 22675 22675 I sensors-hal: deactivate:294, auto_rotation: 0, type 2
03-25 17:55:21.214 22675 22675 I sensors-hal: activate:270, android.sensor.device_orientation/271 en=0 completed
03-25 17:55:21.214 22675 22675 I sensors-hal: activate:252, android.sensor.motion_detect/301 en=0
03-25 17:55:21.214 22675 22675 I sensors-hal: activate:270, android.sensor.motion_detect/301 en=0 completed
03-25 17:55:21.214 22675 22675 I sensors-hal: activate:252, android.sensor.accelerometer_uncalibrated/351 en=0
03-25 17:55:21.214 22675 22675 I sensors-hal: activate:270, android.sensor.accelerometer_uncalibrated/351 en=0 completed
03-25 17:55:21.214 22675 22675 I sensors-hal: activate:252, com.samsung.sensor.light_ir/1421 en=0
03-25 17:55:21.214 22675 22675 I sensors-hal: activate:270, com.samsung.sensor.light_ir/1421 en=0 completed
03-25 17:55:21.214 22675 22675 I sensors-hal: activate:252, com.samsung.sensor.interrupt_gyro/1431 en=0
03-25 17:55:21.214 22675 22675 I sensors-hal: activate:270, com.samsung.sensor.interrupt_gyro/1431 en=0 completed
03-25 17:55:21.214 22675 22675 I sensors-hal: activate:252, com.samsung.sensor.proximity_iris/1461 en=0
03-25 17:55:21.214 22675 22675 I sensors-hal: activate:270, com.samsung.sensor.proximity_iris/1461 en=0 completed
03-25 17:55:21.214 22675 22675 I sensors-hal: activate:252, com.samsung.sensor.sensorhubs/1501 en=0
03-25 17:55:21.214 22675 22675 I sensors-hal: activate:270, com.samsung.sensor.sensorhubs/1501 en=0 completed
03-25 17:55:21.214 22675 22675 I sensors-hal: activate:252, com.samsung.sensor.light_cct/1511 en=0
03-25 17:55:21.214 22675 22675 I sensors-hal: activate:270, com.samsung.sensor.light_cct/1511 en=0 completed
03-25 17:55:21.214 22675 22675 I sensors-hal: activate:252, com.samsung.sensor.wake_up_motion/1542 en=0
03-25 17:55:21.214 22675 22675 I sensors-hal: activate:270, com.samsung.sensor.wake_up_motion/1542 en=0 completed
03-25 17:55:21.214 22675 22675 I sensors-hal: activate:252, com.samsung.sensor.physical_proximity/1562 en=0
03-25 17:55:21.214 22675 22675 I sensors-hal: activate:270, com.samsung.sensor.physical_proximity/1562 en=0 completed
03-25 17:55:21.214 22675 22675 I sensors-hal: activate:252, com.samsung.sensor.call_gesture/1582 en=0
03-25 17:55:21.214 22675 22675 I sensors-hal: activate:270, com.samsung.sensor.call_gesture/1582 en=0completed
03-25 17:55:21.214 22675 22675 I sensors-hal: activate:252, com.samsung.sensor.physical_light/1621 en=0
03-25 17:55:21.214 22675 22675 I sensors-hal: activate:270, com.samsung.sensor.physical_light/1621 en=0 completed
03-25 17:55:21.214 22675 22675 I sensors-hal: activate:252, com.samsung.sensor.pocket_mode/1692 en=0
03-25 17:55:21.214 22675 22675 I sensors-hal: activate:270, com.samsung.sensor.pocket_mode/1692 en=0 completed
03-25 17:55:21.214 22675 22675 I sensors-hal: activate:252, com.samsung.sensor.led_cover_event/1702 en=0
03-25 17:55:21.214 22675 22675 I sensors-hal: activate:270, com.samsung.sensor.led_cover_event/1702 en=0 completed
03-25 17:55:21.214 22675 22675 I sensors-hal: activate:252, com.samsung.sensor.sar_backoff_motion/2072 en=0
03-25 17:55:21.214 22675 22675 I sensors-hal: activate:270, com.samsung.sensor.sar_backoff_motion/2072 en=0 completed
03-25 17:55:21.214 22675 22675 I SensorsGrip: [grip_sensor] enable: GripSensor: enable handle = 11 en= 0
03-25 17:55:21.214 22867 22867 I android_os_HwBinder: HwBinder: Starting thread pool for getting: android.hardware.health@2.0::IHealth/default
03-25 17:55:21.215   876   876 W android.hardware.health@2.1-service-samsung: registerCallback
03-25 17:55:21.215 22675 22675 I SensorsGrip: TouchProximity::enable: 0 0
03-25 17:55:21.215 22675 22675 I SensorsGrip: HALL IC::enable: 0 0
03-25 17:55:21.215 22675 22675 I SensorsGrip: [grip_notifier] enable: GripNotifierSensor: enable handle = 22 en = 0 mEnabled = 1
03-25 17:55:21.216 22675 22675 I SensorsGrip: [grip_notifier] enable: GripNotifierSensor: noti_enablewrite Success, return 2
03-25 17:55:21.216 22675 22675 D android.hardware.sensors@2.0-service.multihal: Als_common::enable, handle : 1, mode : 1, en : 0
03-25 17:55:21.216 22675 22675 D android.hardware.sensors@2.0-service.multihal: Als_common::enable, Sensor already off
03-25 17:55:21.216 22675 22675 I sensors-hal: initialize:166, initialize sensors sub-hal
03-25 17:55:21.216 22675 22675 I Sensors : initialize sub GripHal
03-25 17:55:21.216 22675 22675 I SensorsHrm: initialize sub HrmHal
03-25 17:55:21.217 22675 22675 E SensorsMultiHal: For SS, operation mode:5555
03-25 17:55:21.217 22675 22675 E SensorsMultiHal: setOperationMode failed for SubHal: QTI-SubHAL
03-25 17:55:21.217 22867 23269 D SensorService: setOperationMode vendor list : false
03-25 17:55:21.217 22867 23269 W SensorService: AK09918 Magnetometer's max range 4912.000000000000 isnot a multiple of the resolution 0.150000005960 - updated to 4912.050292968750
03-25 17:55:21.217 22867 23269 W SensorService: LSM6DSO Gyroscope's max range 17.452777862549 is not a multiple of the resolution 0.000610847259 - updated to 17.452516555786
03-25 17:55:21.217 22867 23269 W SensorService: AK09918 Magnetometer-Uncalibrated's max range 4912.000000000000 is not a multiple of the resolution 0.150000005960 - updated to 4912.050292968750
03-25 17:55:21.217 22867 23269 W SensorService: LSM6DSO Gyroscope-Uncalibrated's max range 17.452777862549 is not a multiple of the resolution 0.000610847259 - updated to 17.452516555786
03-25 17:55:21.217 22867 23269 I SensorService: smd  Wakeup's reported power 0.000000 invalid, clamped to 0.001000
03-25 17:55:21.217 22867 23269 I SensorService: step_detector  Non-wakeup's reported power 0.000000 invalid, clamped to 0.001000
03-25 17:55:21.217 22867 23269 I SensorService: step_counter  Non-wakeup's reported power 0.000000 invalid, clamped to 0.001000
03-25 17:55:21.217 22867 23269 I SensorService: Tilt Detector  Wakeup's reported power 0.000000 invalid, clamped to 0.001000
03-25 17:55:21.217 22867 23269 I SensorService: Pick Up Gesture  Wakeup's reported power 0.000000 invalid, clamped to 0.001000
03-25 17:55:21.217 22867 23269 I SensorService: Screen Orientation Sensor's reported power 0.000000 invalid, clamped to 0.001000
03-25 17:55:21.217 22867 23269 I SensorService: interrupt_gyro  Non-wakeup's reported power 0.000000 invalid, clamped to 0.001000
03-25 17:55:21.217   876   876 I android.hardware.health@2.1-service-samsung: updateLrpSysfs: write: 453
03-25 17:55:21.217 22867 23269 I SensorService: SensorHub type's reported power 0.000000 invalid, clamped to 0.001000
03-25 17:55:21.217 22867 23269 I SensorService: Wake Up Motion  Wakeup's reported power 0.000000 invalid, clamped to 0.001000
03-25 17:55:21.217 22867 23269 I SensorService: call_gesture  Wakeup's reported power 0.000000 invalid, clamped to 0.001000
03-25 17:55:21.217 22867 23269 I SensorService: Pocket mode  Wakeup's reported power 0.000000 invalid, clamped to 0.001000
03-25 17:55:21.217 22867 23269 I SensorService: Led Cover Event  Wakeup's reported power 0.000000 invalid, clamped to 0.001000
03-25 17:55:21.217 22867 23269 I SensorService: Sar BackOff Motion  Wakeup's reported power 0.000000 invalid, clamped to 0.001000
03-25 17:55:21.218 22867 22913 D BatteryService: Sending ACTION_BATTERY_CHANGED. scale:100, info:{.chargerAcOnline = false, .chargerUsbOnline = true, .chargerWirelessOnline = false, .maxChargingCurrent =0, .maxChargingVoltage = 0, .batteryStatus = CHARGING, .batteryHealth = GOOD, .batteryPresent = true,.batteryLevel = 47, .batteryVoltage = 3776, .batteryTemperature = 424, .batteryCurrent = -583, .batteryCycleCount = 0, .batteryFullCharge = 4300000, .batteryChargeCounter = 788240, .batteryTechnology = Li-ion}
03-25 17:55:21.218 22867 22913 D BatteryService: online:4, current avg:-422, charge type:1, POGO powered:false, power sharing:false, high voltage charger:true, charger_type:1, capacity:280000, misc_event:0x0, current_event:0x20, current_now:-583
03-25 17:55:21.219 22867 22930 D BatteryExternalStatsWorker: update stats : wakelock-change (1)
03-25 17:55:21.221 22867 23269 W SensorService: [ACC] accel sensor version 0x3e3c, sampling rate is chagned 200Hz(5ms)
03-25 17:55:21.221   876   876 I android.hardware.health@2.1-service-samsung: updateLrpSysfs: write: 453
03-25 17:55:21.223   876   876 I android.hardware.health@2.1-service-samsung: updateLrpSysfs: write: 453
03-25 17:55:21.224 22867 22930 D BatteryExternalStatsWorker: done updateExternalStatsLocked
03-25 17:55:21.224 22867 22930 D BatteryExternalStatsWorker: update stats : wakelock-change (1)
03-25 17:55:21.225 22867 22930 D BatteryExternalStatsWorker: done updateExternalStatsLocked
03-25 17:55:21.229 22867 22867 I android_os_HwBinder: HwBinder: Starting thread pool for getting: android.hidl.manager@1.0::IServiceManager/default
03-25 17:55:21.231 22867 22867 I HealthServiceWrapper: health: HealthServiceWrapper listening to instance default : vendor.samsung.hardware.health@2.0::ISehHealth@Proxy
03-25 17:55:21.233 22666 22666 I CameraService: SensorPrivacyPolicy: Registered with SensorPrivacyManager
03-25 17:55:21.233 22867 23269 W SensorService: [EARPROXY] SensorHub was found!
03-25 17:55:21.234 22867 22895 I ActivityTaskManager: updateAssetConfiguration() called with: processes = [[ProcessRecord{8e7a0a0 22867:system/1000}]], updateFrameworkRes = [true], avoidRecreate = [false]
03-25 17:55:21.234 22867 22895 W ActivityTaskManager: Skip updateConfiguration because mWindowManagerisn't set
03-25 17:55:21.234 22867 22895 I ActivityTaskManager: updateAssetConfiguration(): assetSeq = [2], isActivityConfigOverrideAllowed = [false], hasActivities = [false]
03-25 17:55:21.234 22867 22895 I SWT_OverlayManager: skip overlay changed broadcast for color theme
03-25 17:55:21.234 22867 23269 W SensorService: [EARPROXY] physical proximity sensor was found! 384
03-25 17:55:21.235 22867 23269 W SensorService: [REARLIGHT] light sensor for rear light was found!
03-25 17:55:21.235 22666 22666 I HidlServiceManagement: Registered android.frameworks.cameraservice.service@2.2::ICameraService/default
03-25 17:55:21.235 22666 22666 I CameraService: CameraService pinged cameraservice proxy
03-25 17:55:21.235 22666 22666 I CameraService: CameraSerivce pinged cameraservice worker
03-25 17:55:21.235 22666 22666 I CameraService: clearCamConnRef: ref=0
03-25 17:55:21.235 22867 23269 W SensorService: [EARPROXY] Touch proximity was found! 1
03-25 17:55:21.236 22666 22666 I CameraService: clearCamConnRef: service.camera.running set to 0
03-25 17:55:21.236   625   629 I servicemanager: Adding 'u:r:cameraserver:s0' service (media.camera:22666)
03-25 17:55:21.236 22666 22666 I cameraserver: ServiceManager: 0xb40000741e100b50 done instantiate
03-25 17:55:21.236 22867 23269 D SensorService: [VIRT_PROX] Virt Prox Type: 19
03-25 17:55:21.236 22867 23269 I SensorService: [EARPROXIMITY] Support sensor fusion
03-25 17:55:21.236 22867 23269 I SensorService: [EARPROXIMITY] Get product model ++
03-25 17:55:21.236 22867 23269 I SensorService: [EARPROXIMITY] Get product model --
03-25 17:55:21.237 22867 23269 I SensorService: path : /sys/class/sec/tsp/ear_detect_enable, : 3, disable : 1
03-25 17:55:21.237 22867 23275 D SensorService: [EARPROXIMITY] new thread EarThread
03-25 17:55:21.237 22867 23269 D SensorService: [VIRT_PROX] TYPE: EARTOUCH registered
03-25 17:55:21.237 22867 23269 D SensorService: OrientationSensor2 Registered!!!!
03-25 17:55:21.237 22867 23269 D SensorService: [CALIBRATEDLUX] registered
03-25 17:55:21.237 22867 23269 I SensorService: [CALIBRATEDLUX] Support calibrated lux
03-25 17:55:21.237 22867 23269 I SensorService: [CALIBRATEDLUX] SENSOR_TYPE_LIGHT
03-25 17:55:21.237 22867 23269 W SensorService: [FLICKERLIGHT] register RearFlickerSensor!
03-25 17:55:21.237 22867 23269 I SensorService: [REARLIGHT] Support sensor fusion
03-25 17:55:21.237 22867 23269 I SensorService: [REARLIGHT] SENSOR_TYPE_CALL_GESTURE
03-25 17:55:21.237 22867 23269 I SensorService: [REARLIGHT] SENSOR_TYPE_PHYSICAL_LIGHT
03-25 17:55:21.237 22867 23269 I SensorService: [REARLIGHT] SENSOR_TYPE_BIO_ALC
03-25 17:55:21.237 22867 23276 D SensorService: new thread SensorEventAckReceiver
03-25 17:55:21.237 22867 23277 D SensorService: nuSensorService thread starting...
03-25 17:55:21.238 22867 23269 V HistoricalRegistry: Interaction before persistence initialized
03-25 17:55:21.238   625   673 I servicemanager: Adding 'u:r:system_server:s0' service (sensorservice:22867)
03-25 17:55:21.238 22867 23269 D SystemServerTimingAsync: StartNativeSensorService took to complete: 29ms
03-25 17:55:21.238 22867 23269 D SystemServerTimingAsync: InitThreadPoolExec:StartNativeSensorServicetook to complete: 29ms
03-25 17:55:21.328 22867 22927 I CameraManagerGlobal: Connecting to camera service
03-25 17:55:21.330 22867 22927 D VendorTagDescriptor: addVendorDescriptor: vendor tag id 14172875900359437128 added
03-25 17:55:21.330 22666 23274 D CameraService: addListenerHelper: Add listener 0xb40000743e10a340
03-25 17:55:21.331 22666 23274 D CameraService: addListenerHelper: CameraDeviceState for CameraManager
03-25 17:55:21.331 22867 22890 I CameraManagerGlobal: Camera 0 facing CAMERA_FACING_BACK state now CAMERA_STATE_CLOSED for client android.system API Level 2
03-25 17:55:21.331 22867 22889 I CameraManagerGlobal: Camera 1 facing CAMERA_FACING_FRONT state now CAMERA_STATE_CLOSED for client android.system API Level 2
03-25 17:55:21.332 22867 22889 I CameraManagerGlobal: Camera 2 facing CAMERA_FACING_BACK state now CAMERA_STATE_CLOSED for client android.system API Level 2
03-25 17:55:21.332 22867 22889 I CameraManagerGlobal: Camera 20 facing CAMERA_FACING_BACK state now CAMERA_STATE_CLOSED for client android.system API Level 2
03-25 17:55:21.332 22867 22889 I CameraManagerGlobal: Camera 21 facing CAMERA_FACING_BACK state now CAMERA_STATE_CLOSED for client android.system API Level 2
03-25 17:55:21.332 22867 22889 I CameraManagerGlobal: Camera 23 facing CAMERA_FACING_BACK state now CAMERA_STATE_CLOSED for client android.system API Level 2
03-25 17:55:21.332 22867 22889 I CameraManagerGlobal: Camera 3 facing CAMERA_FACING_FRONT state now CAMERA_STATE_CLOSED for client android.system API Level 2
03-25 17:55:21.332 22867 22889 I CameraManagerGlobal: Camera 4 facing CAMERA_FACING_BACK state now CAMERA_STATE_CLOSED for client android.system API Level 2
03-25 17:55:21.332 22867 22889 I CameraManagerGlobal: Camera 40 facing CAMERA_FACING_BACK state now CAMERA_STATE_CLOSED for client android.system API Level 2
03-25 17:55:21.332 22867 22889 I CameraManagerGlobal: Camera 41 facing CAMERA_FACING_FRONT state now CAMERA_STATE_CLOSED for client android.system API Level 2
03-25 17:55:21.332 22867 22889 I CameraManagerGlobal: Camera 50 facing CAMERA_FACING_BACK state now CAMERA_STATE_CLOSED for client android.system API Level 2
03-25 17:55:21.332 22867 22889 I CameraManagerGlobal: Camera 52 facing CAMERA_FACING_BACK state now CAMERA_STATE_CLOSED for client android.system API Level 2
03-25 17:55:21.332 22867 22889 I CameraManagerGlobal: Camera 80 facing CAMERA_FACING_BACK state now CAMERA_STATE_CLOSED for client android.system API Level 2
03-25 17:55:21.332 22867 22889 I CameraManagerGlobal: Camera 91 facing CAMERA_FACING_FRONT state now CAMERA_STATE_CLOSED for client android.system API Level 2
03-25 17:55:21.423 22867 22913 D BatteryService: WIRELESS_ENABLE_SYSFS_PATH_FOR_EPEN false
03-25 17:55:21.423 22867 22867 W system_server: Long monitor contention with owner HwBinder:22867_1 (22913) at void com.android.server.BatteryService.update(vendor.samsung.hardware.health.V2_0.SehHealthInfo)(BatteryService.java:2009) waiters=0 in void com.android.server.BatteryService.registerHealthCallback() for 193ms
03-25 17:55:21.424 22867 22867 I BatteryService: health: Waited 193ms and received the update.
03-25 17:55:21.424   625   673 I servicemanager: Adding 'u:r:system_server:s0' service (battery:22867)
03-25 17:55:21.424   625   673 I servicemanager: Adding 'u:r:system_server:s0' service (batteryproperties:22867)
03-25 17:55:21.424 22867 23273 I android_os_HwBinder: HwBinder: Starting thread pool for getting: android.hardware.health@2.0::IHealth/default
03-25 17:55:21.425 22867 22867 D BatteryService: !@[BatteryInfo] readFromFile /efs/FactoryApp/batt_after_manufactured: 223
03-25 17:55:21.425 22867 22867 D BatteryService: !@[LLB] Write weeklyDiff EFS ->  Sys : 223
03-25 17:55:21.425 22867 22867 I BatteryService: fileWriteInt : /sys/class/power_supply/battery/batt_after_manufactured  value : 223
03-25 17:55:21.425 22867 22867 W SystemServiceManager: Service com.android.server.BatteryService took211 ms in onStart
03-25 17:55:21.425 22867 22867 D SystemServerTiming: StartBatteryService took to complete: 214ms
03-25 17:55:21.425 22867 22867 D SystemServerTiming: !@Boot_SystemServer: 214ms : StartBatteryService
03-25 17:55:21.425 22867 22867 I SystemServerTiming: !@Boot_EBS:   Took 214ms by 'StartBatteryService'
03-25 17:55:21.425 22867 22867 I SystemServerTiming: StartUsageService
03-25 17:55:21.425 22867 22867 I SystemServiceManager: Starting com.android.server.usage.UsageStatsService
03-25 17:55:21.427   625   673 I servicemanager: Adding 'u:r:system_server:s0' service (usagestats:22867)
03-25 17:55:21.427 22867 22867 D SystemServerTiming: StartUsageService took to complete: 2ms
03-25 17:55:21.427 22867 22867 I SystemServerTiming: StartWebViewUpdateService
03-25 17:55:21.427 22867 22867 I SystemServiceManager: Starting com.android.server.webkit.WebViewUpdateService
03-25 17:55:21.428   625   673 I servicemanager: Adding 'u:r:system_server:s0' service (webviewupdate:22867)
03-25 17:55:21.428 22867 22867 D SystemServerTiming: StartWebViewUpdateService took to complete: 1ms
03-25 17:55:21.428 22867 22867 I SystemServerTiming: StartCachedDeviceStateService
03-25 17:55:21.428 22867 22867 I SystemServiceManager: Starting com.android.server.CachedDeviceStateService
03-25 17:55:21.429 22867 22867 D SystemServerTiming: StartCachedDeviceStateService took to complete: 0ms
03-25 17:55:21.429 22867 22867 I SystemServerTiming: StartBinderCallsStatsService
03-25 17:55:21.429 22867 22867 I SystemServiceManager: Starting com.android.server.BinderCallsStatsService$LifeCycle
03-25 17:55:21.429   625   673 I servicemanager: Adding 'u:r:system_server:s0' service (binder_calls_stats:22867)
03-25 17:55:21.429 22867 22867 D SystemServerTiming: StartBinderCallsStatsService took to complete: 0ms
03-25 17:55:21.429 22867 22867 I SystemServerTiming: StartLooperStatsService
03-25 17:55:21.429 22867 22867 I SystemServiceManager: Starting com.android.server.LooperStatsService$Lifecycle
03-25 17:55:21.429   625   673 I servicemanager: Adding 'u:r:system_server:s0' service (looper_stats:22867)
03-25 17:55:21.429 22867 22867 D SystemServerTiming: StartLooperStatsService took to complete: 0ms
03-25 17:55:21.429 22867 22867 I SystemServerTiming: StartRollbackManagerService
03-25 17:55:21.429 22867 22867 I SystemServiceManager: Starting com.android.server.rollback.RollbackManagerService
03-25 17:55:21.430  1168  1168 D installd: Found quota mount /dev/block/bootdevice/by-name/userdata at /data
03-25 17:55:21.430  1168  1168 D installd: Found quota mount /dev/block/bootdevice/by-name/userdata at /data/user/0
03-25 17:55:21.432   625   673 I servicemanager: Adding 'u:r:system_server:s0' service (rollback:22867)
03-25 17:55:21.432 22867 22867 D SystemServerTiming: StartRollbackManagerService took to complete: 2ms
03-25 17:55:21.432 22867 22867 I SystemServerTiming: StartNativeTombstoneManagerService
03-25 17:55:21.432 22867 22867 I SystemServiceManager: Starting com.android.server.os.NativeTombstoneManagerService
03-25 17:55:21.432 22867 22867 D SystemServerTiming: StartNativeTombstoneManagerService took to complete: 1ms
03-25 17:55:21.432 22867 22867 I SystemServerTiming: StartBugreportManagerService
03-25 17:55:21.432 22867 22867 I SystemServiceManager: Starting com.android.server.os.BugreportManagerService
03-25 17:55:21.433   625   673 I servicemanager: Adding 'u:r:system_server:s0' service (bugreport:22867)
03-25 17:55:21.433 22867 22867 D SystemServerTiming: StartBugreportManagerService took to complete: 0ms
03-25 17:55:21.433 22867 22867 I SystemServerTiming: GpuService
03-25 17:55:21.433 22867 22867 I SystemServiceManager: Starting com.android.server.gpu.GpuService
03-25 17:55:21.433 22867 22867 D SystemServerTiming: GpuService took to complete: 0ms
03-25 17:55:21.433 22867 22867 D SystemServerTiming: startCoreServices took to complete: 223ms
03-25 17:55:21.433 22867 22867 D SystemServerTiming: !@Boot_SystemServer: 223ms : startCoreServices
03-25 17:55:21.433 22867 22867 I SystemServerTiming: !@Boot_EBS:   Took 223ms by 'startCoreServices'
03-25 17:55:21.433 22867 22867 I SystemServer: !@Boot_EBS_F: startOtherServices
03-25 17:55:21.433 22867 22867 I SystemServerTiming: startOtherServices
03-25 17:55:21.433 22867 22867 I SystemServerTiming: lazy_service
03-25 17:55:21.434   625   673 I servicemanager: Adding 'u:r:system_server:s0' service (lazy_service:22867)
03-25 17:55:21.434 22867 22867 D SystemServerTiming: lazy_service took to complete: 0ms
03-25 17:55:21.434 22867 22867 I SystemServerTiming: StartKeyAttestationApplicationIdProviderService
03-25 17:55:21.434 22867 23285 I SystemServerTimingAsync: InitThreadPoolExec:SecondaryZygotePreload
03-25 17:55:21.434 22867 23285 I SystemServer: SecondaryZygotePreload
03-25 17:55:21.434   625   673 I servicemanager: Adding 'u:r:system_server:s0' service (sec_key_att_app_id_provider:22867)
03-25 17:55:21.434 22867 23285 I SystemServerTimingAsync: SecondaryZygotePreload
03-25 17:55:21.434 22867 22867 D SystemServerTiming: StartKeyAttestationApplicationIdProviderService took to complete: 1ms
03-25 17:55:21.434 22867 22867 I SystemServerTiming: StartKeyChainSystemService
03-25 17:55:21.434 22867 22867 I SystemServiceManager: Starting com.android.server.security.KeyChainSystemService
03-25 17:55:21.434 22867 22867 D SystemServerTiming: StartKeyChainSystemService took to complete: 0ms
03-25 17:55:21.434 22867 22867 I SystemServerTiming: StartSchedulingPolicyService
03-25 17:55:21.435 22867 23286 I SystemServerTimingAsync: InitThreadPoolExec:SchedulingPolicyService.<init>
03-25 17:55:21.435   625   673 I servicemanager: Adding 'u:r:system_server:s0' service (scheduling_policy:22867)
03-25 17:55:21.435 22867 22867 D SystemServerTiming: StartSchedulingPolicyService took to complete: 0ms
03-25 17:55:21.435 22867 22867 I SystemServerTiming: StartSpqrService
03-25 17:55:21.435 22867 22867 I SystemServiceManager: Starting com.android.server.SpqrService
03-25 17:55:21.435 22867 22867 I SpqrService: SPQR native service found successfully
03-25 17:55:21.435 22867 22867 D SystemServerTiming: StartSpqrService took to complete: 1ms
03-25 17:55:21.435 22867 22867 I SystemServerTiming: StartSpegService
03-25 17:55:21.435 22867 22867 I SystemServiceManager: Starting com.android.server.SpegService
03-25 17:55:21.436 22867 22867 I SpegService: speg_helper found successfully
03-25 17:55:21.436 22867 22867 D SystemServerTiming: StartSpegService took to complete: 0ms
03-25 17:55:21.436 22867 22867 I SystemServerTiming: UCM Policy Service
03-25 17:55:21.437 22664 22664 I Zygote  : Lazily preloading resources.
03-25 17:55:21.437 22664 22664 D Zygote  : begin preload
03-25 17:55:21.437 22664 22664 I Zygote  : Calling ZygoteHooks.beginPreload()
03-25 17:55:21.443 22867 23286 I SchedulingPolicyService: Moving 1212 back to group default
03-25 17:55:21.444 22867 23286 D SystemServerTimingAsync: InitThreadPoolExec:SchedulingPolicyService.<init> took to complete: 10ms
03-25 17:55:21.449 22867 22867 I UniversalCredentialManagerService: getActivePlugin ..
03-25 17:55:21.452 22664 22664 D ZygoteInitTiming_lazy: BeginPreload took to complete: 15ms
03-25 17:55:21.452 22664 22664 I Zygote  : Preloading classes...
03-25 17:55:21.452 22867 22867 D EdmStorageProvider: getCount(UniversalCredentialWhiteListTable) - 0
03-25 17:55:21.453 22867 22867 D EdmStorageProvider: getCount(UniversalCredentialCertificateTable) - 0
03-25 17:55:21.453   625   673 I servicemanager: Adding 'u:r:system_server:s0' service (knox_ucsm_policy:22867)
03-25 17:55:21.453 22867 22867 D SystemServerTiming: UCM Policy Service took to complete: 17ms
03-25 17:55:21.453 22867 22867 I SystemServerTiming: CredentialManagerService Service
03-25 17:55:21.454 22867 22867 D UcmServiceODE: updateOdeStatus [0]
03-25 17:55:21.461 22664 22664 W Zygote  : Class not found for preloading: android.app.SystemServiceRegistry$18
03-25 17:55:21.468 22664 22664 D SemCscFeature: Encoded
03-25 17:55:21.471 22867 22867 D EmergencyMode: [EmergencyManager] android createPackageContext successful: android
03-25 17:55:21.472 22867 22867 D EmergencyMode: [EmergencyManager] Settings Provider is not ready e :java.lang.IllegalStateException: Cannot access system provider: 'settings' before system providers are installed!
03-25 17:55:21.472 22867 22867 I UcmService: readPersistentAppletsInfoLocked is called...
03-25 17:55:21.472 22867 22867 I UcmService: mPersistentAppletInfoFile not exist...
03-25 17:55:21.472 22867 22867 I UcmService: fbe is enabled
03-25 17:55:21.472 22867 22867 I UcmService: deleteODEConfigInFileIfExist
03-25 17:55:21.472 22867 22867 I UcmService: ODE config file does not exist
03-25 17:55:21.473 22867 22867 I UcmService: updateKeyguardConfig
03-25 17:55:21.473 22867 22867 I UcmService: getKeyguardStorageForCurrentUser : 0
03-25 17:55:21.473 22867 22867 I UcmService: remove useless keyguard config file
03-25 17:55:21.473 22867 22867 I UcmService: keyguard config file does not exist
03-25 17:55:21.474 22867 22867 I UcmService: registerPersonaObserver is called...
03-25 17:55:21.475   625   673 I servicemanager: Adding 'u:r:system_server:s0' service (com.samsung.ucs.ucsservice:22867)
03-25 17:55:21.475 22867 22867 I SystemServerTiming: credentialManagerServiceReady
03-25 17:55:21.475 22867 22867 I UcmService: systemReady is called...
03-25 17:55:21.476 22867 22867 I UcmService.UcmServiceAgentManager: check eSE Permission : 1000
03-25 17:55:21.476 22867 22867 I UcmService.UcmServiceAgentManager: check eSE Permission : 10080
03-25 17:55:21.476 22867 22867 I UcmService.UcmServiceAgentManager: checkESEPermission
03-25 17:55:21.476 22867 22867 I UcmService.UcmServiceAgentManager: check eSE Permission : 10084
03-25 17:55:21.476 22867 22867 I UcmService.UcmServiceAgentManager: checkESEPermission
03-25 17:55:21.476 22867 22867 I UcmService.UcmServiceAgentManager: check eSE Permission : 10410
03-25 17:55:21.477 22867 22867 I UcmService.UcmServiceAgentManager: checkESEPermission
03-25 17:55:21.477 22867 22867 I UcmService.UcmServiceAgentManager: check eSE Permission : 10418
03-25 17:55:21.477 22867 22867 I UcmService.UcmServiceAgentManager: checkESEPermission
03-25 17:55:21.477 22867 22867 I UcmService.UcmServiceAgentManager: check eSE Permission : 10526
03-25 17:55:21.477 22867 22867 I UcmService.UcmServiceAgentManager: checkESEPermission
03-25 17:55:21.477 22867 22867 I UcmService.UcmServiceAgentManager: check eSE Permission : 11162
03-25 17:55:21.477 22867 22867 I UcmService.UcmServiceAgentManager: checkESEPermission
03-25 17:55:21.477 22867 22867 D SystemServerTiming: credentialManagerServiceReady took to complete: 2ms
03-25 17:55:21.477 22867 22867 D SystemServerTiming: CredentialManagerService Service took to complete: 24ms
03-25 17:55:21.477 22867 22867 I SystemServer: ActivationTeeService
03-25 17:55:21.477 22867 22867 I SystemServerTiming: SEAMS
03-25 17:55:21.478 22867 23287 I UcmService.UcmServiceAgentManager: *****refreshAgentList is called***
03-25 17:55:21.478 22867 23287 I UcmService.UcmServiceAgentManager: resolveAllowedAgents for user 0
03-25 17:55:21.478 22867 23287 I UcmService.UcmServiceAgentManager: found com.samsung.ucs.agent.ese
03-25 17:55:21.478 22867 23287 I UcmService.UcmServiceAgentManager: *****refreshAgentListInternal userId-0 is called***
03-25 17:55:21.479 22867 23287 I UcmService.UcmServiceAgentManager: -------Processing started for agentPackageName------com.samsung.ucs.agent.ese
03-25 17:55:21.479 22867 23287 I UcmService.UcmServiceAgentManager:   agentPackageName -com.samsung.ucs.agent.ese is an active plugin
03-25 17:55:21.479 22867 23287 I UcmService.UcmServiceAgentManager:   Check if caller has UCS Plugin permission...
03-25 17:55:21.479 22867 23287 I UcmService.UcmServiceAgentManager:   Agent has UCS PLUGIN permission. Processing further...
03-25 17:55:21.479 22867 23287 I UcmService.UcmServiceAgentManager:   agentPackageName com.samsung.ucs.agent.ese is system storage. Checking system signature
03-25 17:55:21.479 22867 23287 D UcmServiceUtil:   Signature match
03-25 17:55:21.479   625   673 I servicemanager: Adding 'u:r:system_server:s0' service (SEAMService:22867)
03-25 17:55:21.479 22867 23287 I UcmService.UcmServiceAgentManager:   Valid system storage found is com.samsung.ucs.agent.ese
03-25 17:55:21.479 22867 22867 D SystemServerTiming: SEAMS took to complete: 2ms
03-25 17:55:21.480 22867 22867 I SystemServerTiming: StartTelecomLoaderService
03-25 17:55:21.480 22867 22867 I SystemServiceManager: Starting com.android.server.telecom.TelecomLoaderService
03-25 17:55:21.480 22867 22867 D SystemServerTiming: StartTelecomLoaderService took to complete: 0ms
03-25 17:55:21.480 22867 22867 I SystemServerTiming: StartTelephonyRegistry
03-25 17:55:21.480   625   673 I servicemanager: Adding 'u:r:system_server:s0' service (telephony.registry:22867)
03-25 17:55:21.480 22867 22867 D SystemServerTiming: StartTelephonyRegistry took to complete: 1ms
03-25 17:55:21.481 22867 22867 I SystemServerTiming: StartEntropyMixer
03-25 17:55:21.481 22867 23287 I UcmService.UcmServiceAgentManager: Do not need to bind eSE Service
03-25 17:55:21.481 22867 22867 I EntropyMixer: Writing entropy...
03-25 17:55:21.485 22867 22867 D SystemServerTiming: StartEntropyMixer took to complete: 4ms
03-25 17:55:21.485 22867 22867 I SystemServer: Reactive Service
03-25 17:55:21.490 22867 22867 W libc    : Unable to set property "ro.security.reactive.version" to "2.0.13": error code: 0xb, try count : 1
03-25 17:55:21.490 22867 22867 W libc    : Unable to set property "ro.security.reactive.version" to "2.0.13": error code: 0xb, try count : 2
03-25 17:55:21.490 22867 22867 W libc    : Unable to set property "ro.security.reactive.version" to "2.0.13": error code: 0xb, try count : 3
03-25 17:55:21.490 22867 22867 W terrier : Failed to set RL status
03-25 17:55:21.492   625   673 I servicemanager: Adding 'u:r:system_server:s0' service (ReactiveService:22867)
03-25 17:55:21.492 22867 22867 I SystemServerTiming: StartPersonaManager
03-25 17:55:21.492 22867 22867 I SystemServer: Persona Service
03-25 17:55:21.492   625   673 I servicemanager: Adding 'u:r:system_server:s0' service (persona:22867)
03-25 17:55:21.492 22867 22867 I SystemServer: KnoxMUMContainerPolicy Service
03-25 17:55:21.494 22867 22867 D KnoxMUMContainerPolicy: reading from xml file
03-25 17:55:21.494 22867 22867 D KnoxConfigurationType: setDefaultConfigType: isDefaultConfigType true
03-25 17:55:21.494 22867 22867 D KnoxConfigurationType: setDefaultContainerLayout: layoutType 1
03-25 17:55:21.494 22867 22867 D KnoxConfigurationType: allowLayoutSwitching: allowSwitch true
03-25 17:55:21.495 22867 22867 D KnoxConfigurationType: setBiometricAuthenticationEnabled : bioAuth =3, enabled : true
03-25 17:55:21.495 22867 22867 D KnoxConfigurationType: setting ecname Custom
03-25 17:55:21.495 22867 22867 D KnoxConfigurationType: setDefaultConfigType: isDefaultConfigType false
03-25 17:55:21.495 22867 22867 D KnoxConfigurationType: allowLayoutSwitching: allowSwitch true
03-25 17:55:21.495 22867 22867 D KnoxConfigurationType: setting ecname Custom
03-25 17:55:21.495 22867 22867 D KnoxConfigurationType: setDefaultConfigType: isDefaultConfigType false
03-25 17:55:21.495 22867 22867 D KnoxConfigurationType: allowLayoutSwitching: allowSwitch true
03-25 17:55:21.495 22867 22867 D KnoxConfigurationType: setting ecname Custom
03-25 17:55:21.495 22867 22867 D KnoxConfigurationType: setDefaultConfigType: isDefaultConfigType true
03-25 17:55:21.495 22867 22867 D KnoxConfigurationType: setDefaultContainerLayout: layoutType 1
03-25 17:55:21.495 22867 22867 D KnoxConfigurationType: allowLayoutSwitching: allowSwitch true
03-25 17:55:21.495 22867 22867 D KnoxConfigurationType: setBiometricAuthenticationEnabled : bioAuth =3, enabled : true
03-25 17:55:21.496 22867 22867 D SecureFolderConfigurationType: COM config dump START:
03-25 17:55:21.496 22867 22867 D SecureFolderConfigurationType: mAllowSettingsChanges : true
03-25 17:55:21.496 22867 22867 D SecureFolderConfigurationType: mAllowStatusBarExpansion : true
03-25 17:55:21.496 22867 22867 D SecureFolderConfigurationType: mAllowHomeKey : true
03-25 17:55:21.496 22867 22867 D SecureFolderConfigurationType: mAllowClearAllNotification : false
03-25 17:55:21.496 22867 22867 D SecureFolderConfigurationType: mHideSystemBar : false
03-25 17:55:21.496 22867 22867 D SecureFolderConfigurationType: mWipeRecentTasks : false
03-25 17:55:21.496 22867 22867 D SecureFolderConfigurationType: COM config dump END.
03-25 17:55:21.496 22867 22867 D KnoxConfigurationType: setDefaultConfigType: isDefaultConfigType false
03-25 17:55:21.496 22867 22867 D KnoxConfigurationType: allowLayoutSwitching: allowSwitch false
03-25 17:55:21.496 22867 22867 D KnoxConfigurationType: setBiometricAuthenticationEnabled : bioAuth =3, enabled : true
03-25 17:55:21.496 22867 22867 D KnoxConfigurationType: setting ecname Custom
03-25 17:55:21.496 22867 22867 D ContainerModeConfigurationType: COM config dump START:
03-25 17:55:21.496 22867 22867 D ContainerModeConfigurationType: mAllowSettingsChanges : true
03-25 17:55:21.496 22867 22867 D ContainerModeConfigurationType: mAllowStatusBarExpansion : true
03-25 17:55:21.496 22867 22867 D ContainerModeConfigurationType: mAllowHomeKey : true
03-25 17:55:21.496 22867 22867 D ContainerModeConfigurationType: mAllowClearAllNotification : true
03-25 17:55:21.496 22867 22867 D ContainerModeConfigurationType: mHideSystemBar : false
03-25 17:55:21.496 22867 22867 D ContainerModeConfigurationType: mWipeRecentTasks : true
03-25 17:55:21.496 22867 22867 D ContainerModeConfigurationType: COM config dump END.
03-25 17:55:21.496 22867 22867 D KnoxConfigurationType: setDefaultConfigType: isDefaultConfigType false
03-25 17:55:21.496 22867 22867 D KnoxConfigurationType: allowLayoutSwitching: allowSwitch false
03-25 17:55:21.496 22867 22867 D KnoxConfigurationType: setBiometricAuthenticationEnabled : bioAuth =3, enabled : true
03-25 17:55:21.496 22867 22867 D KnoxConfigurationType: setting ecname Custom
03-25 17:55:21.502 23290 23290 W idmap2  : failed to create idmap
03-25 17:55:21.519 22867 22867 D LightweightConfigurationType: Lightweight config dump START:
03-25 17:55:21.519 22867 22867 D LightweightConfigurationType: mFolderHeaderIcon : null
03-25 17:55:21.519 22867 22867 D LightweightConfigurationType: mFolderHeaderTitle : null
03-25 17:55:21.519 22867 22867 D LightweightConfigurationType: mFolderDisabledChangeLayout : true
03-25 17:55:21.519 22867 22867 D LightweightConfigurationType: Lightweight config dump END.
03-25 17:55:21.519 22867 22867 D KnoxMUMContainerPolicy: isFOTARequired currentversion:N975U1UES8HWG1
03-25 17:55:21.519 22867 22867 I KnoxMUMContainerPolicy: 1. pdaVersion = N975U1UES8HWG1
03-25 17:55:21.519 22867 22867 D KnoxMUMContainerPolicy: trimHiddenVersion(N975U1UES8HWG1)
03-25 17:55:21.519 22867 22867 I KnoxMUMContainerPolicy: 2. pdaVersion = N975U1UES8HWG1
03-25 17:55:21.519 22867 22867 D KnoxMUMContainerPolicy: isFOTARequired currentversion:N975U1UES8HWG1
03-25 17:55:21.519 22867 22867 D KnoxMUMContainerPolicy: isFOTARequired currentversion:N975U1UES8HWG1
03-25 17:55:21.519 22867 22867 D KnoxMUMContainerPolicy: isFOTARequired currentversion:N975U1UES8HWG1
03-25 17:55:21.519 22867 22867 D KnoxMUMContainerPolicy: isFOTARequired currentversion:N975U1UES8HWG1
03-25 17:55:21.519 22867 22867 D KnoxMUMContainerPolicy: isFOTARequired currentversion:N975U1UES8HWG1
03-25 17:55:21.520   625   673 I servicemanager: Adding 'u:r:system_server:s0' service (mum_container_policy:22867)
03-25 17:55:21.520 22867 22867 D SystemServerTiming: StartPersonaManager took to complete: 27ms
03-25 17:55:21.520 22867 22867 D SystemServer: startRCPService | original value for enabledContainer : true
03-25 17:55:21.520 22867 22867 D SystemServer: startRCPService | KnoxPresentInDevice : false, DoEnabled : false
03-25 17:55:21.520 22867 22867 I SystemServerTiming: RCPManagerService
03-25 17:55:21.520 22867 22867 D SystemServerTiming: RCPManagerService took to complete: 0ms
03-25 17:55:21.520 22867 22867 I SystemServerTiming: KnoxMUMRCPPolicyService
03-25 17:55:21.520 22867 22867 D SystemServer: startRCPService | add Lazy Service : KnoxMUMRCPPolicyService , mumrcppolicy
03-25 17:55:21.520 22867 22867 D LazyService: mum_container_rcp_policy addService
03-25 17:55:21.520 22867 22867 D SystemServerTiming: KnoxMUMRCPPolicyService took to complete: 0ms
03-25 17:55:21.520 22867 22867 I SystemServerTiming: DualAppManagerService
03-25 17:55:21.520 22867 22867 D SystemServer: startDualAppManagerService | add Service : startDualAppManagerService
03-25 17:55:21.521   625   673 I servicemanager: Adding 'u:r:system_server:s0' service (dual_app:22867)
03-25 17:55:21.521 22867 22867 D SystemServerTiming: DualAppManagerService took to complete: 0ms
03-25 17:55:21.521 22867 22867 I SystemServerTiming: StartAccountManagerService
03-25 17:55:21.521 22867 22867 I SystemServiceManager: Starting com.android.server.accounts.AccountManagerService$Lifecycle
03-25 17:55:21.523 22664 22664 E libc    : Access denied finding property "ro.vendor.mtk_model"
03-25 17:55:21.523   761   761 E audit   : type=1400 audit(1711407321.511:475): avc:  denied  { read } for  pid=22664 comm="main" name="u:object_r:vendor_default_prop:s0" dev="tmpfs" ino=21996 scontext=u:r:zygote:s0 tcontext=u:object_r:vendor_default_prop:s0 tclass=file permissive=0 SEPF_SM-N975U1_12_0001 audit_filtered
03-25 17:55:21.523   761   761 E audit   : type=1300 audit(1711407321.511:475): arch=40000028 syscall=322 per=8 success=no exit=-13 a0=ffffff9c a1=ffb5b1a8 a2=a8000 a3=0 items=0 ppid=1 pid=22664 auid=4294967295 uid=0 gid=0 euid=9999 suid=9999 fsuid=9999 egid=9999 sgid=9999 fsgid=9999 tty=(none) ses=4294967295 comm="main" exe="/system/bin/app_process32" subj=u:r:zygote:s0 key=(null)
03-25 17:55:21.523   761   761 E audit   : type=1327 audit(1711407321.511:475): proctitle="zygote"
03-25 17:55:21.523 22867 22867 D CompatibilityChangeReporter: Compat change id reported: 148180766; UID 1000; state: ENABLED
03-25 17:55:21.524   625   673 I servicemanager: Adding 'u:r:system_server:s0' service (account:22867)
03-25 17:55:21.524 22867 22867 D SystemServerTiming: StartAccountManagerService took to complete: 4ms
03-25 17:55:21.524 22867 22867 I SystemServerTiming: StartContentService
03-25 17:55:21.524 22867 22867 I SystemServiceManager: Starting com.android.server.content.ContentService$Lifecycle
03-25 17:55:21.524 22664 22664 D SecIpmManagerFrameworkInitializer:  initial
03-25 17:55:21.525   625   673 I servicemanager: Adding 'u:r:system_server:s0' service (content:22867)
03-25 17:55:21.525 22867 22867 D SystemServerTiming: StartContentService took to complete: 0ms
03-25 17:55:21.525 22867 22867 I SystemServerTiming: InstallSystemProviders
03-25 17:55:21.549 22664 22664 I Typeface: Preloading /system/fonts/Roboto-Regular.ttf
03-25 17:55:21.561 22867 22867 I SettingsProvider: onCreate(com.android.providers.settings.SettingsProvider@1dc79e0)
03-25 17:55:21.561 22867 22867 I SettingsProvider: java.lang.RuntimeException
03-25 17:55:21.561 22867 22867 I SettingsProvider:      at com.samsung.android.providers.settings.LogMsg.writeCallStackLog(LogMsg.java:53)
03-25 17:55:21.561 22867 22867 I SettingsProvider:      at com.android.providers.settings.SettingsProvider.onCreate(SettingsProvider.java:503)
03-25 17:55:21.561 22867 22867 I SettingsProvider:      at android.content.ContentProvider.attachInfo(ContentProvider.java:2516)
03-25 17:55:21.561 22867 22867 I SettingsProvider:      at android.content.ContentProvider.attachInfo(ContentProvider.java:2486)
03-25 17:55:21.561 22867 22867 I SettingsProvider:      at android.app.ActivityThread.installProvider(ActivityThread.java:8220)
03-25 17:55:21.561 22867 22867 I SettingsProvider:      at android.app.ActivityThread.installContentProviders(ActivityThread.java:7728)
03-25 17:55:21.561 22867 22867 I SettingsProvider:      at android.app.ActivityThread.installSystemProviders(ActivityThread.java:8407)
03-25 17:55:21.561 22867 22867 I SettingsProvider:      at com.android.server.am.ContentProviderHelper.installSystemProviders(ContentProviderHelper.java:1408)
03-25 17:55:21.561 22867 22867 I SettingsProvider:      at com.android.server.SystemServer.startOtherServices(SystemServer.java:2059)
03-25 17:55:21.561 22867 22867 I SettingsProvider:      at com.android.server.SystemServer.run(SystemServer.java:1223)
03-25 17:55:21.561 22867 22867 I SettingsProvider:      at com.android.server.SystemServer.main(SystemServer.java:944)
03-25 17:55:21.561 22867 22867 I SettingsProvider:      at java.lang.reflect.Method.invoke(Native Method)
03-25 17:55:21.561 22867 22867 I SettingsProvider:      at com.android.internal.os.RuntimeInit$MethodAndArgsCaller.run(RuntimeInit.java:567)
03-25 17:55:21.561 22867 22867 I SettingsProvider:      at com.android.internal.os.ZygoteInit.main(ZygoteInit.java:1113)
03-25 17:55:21.563 22867 22867 I SettingsProvider: new SettingsRegistry (com.android.providers.settings.SettingsProvider$SettingsRegistry@75aa155)
03-25 17:55:21.590 22867 22867 I SettingsProvider: Start migrateAllLegacySettingsIfNeeded()
03-25 17:55:21.591 22867 22867 I SettingsProvider: Check Whether Global File or Backup file exist
