03-25 17:33:38.101  2685  2685 I SystemServer: SehCodecSolutionService loaded
03-25 17:33:38.102  2685  2685 D SystemServerTiming: SehCodecSolutionService took to complete: 5ms
03-25 17:33:38.102  2685  2685 I SystemServerTiming: SehHdrSolutionService
03-25 17:33:38.105  2685  2685 D SehHdrSolutionService: create : 1.0
03-25 17:33:38.106  2685  2685 I HdrSolution_HdrDisplayNitMapper: HdrCapability(True), Default TargetNit: 400
03-25 17:33:38.108  2685  2685 D HdrSolution_HdrDisplayNitMapper: SM8150 Support fixed target
03-25 17:33:38.108   624   727 I servicemanager: Adding 'u:r:system_server:s0' service (vendor.samsung.frameworks.hdrsolution.ISehHdrSolution/default:2685)
03-25 17:33:38.108  2685  2685 I SystemServer: SehHdrSolutionService loaded
03-25 17:33:38.109  2685  2685 D SystemServerTiming: SehHdrSolutionService took to complete: 7ms
03-25 17:33:38.109  2685  2685 I SystemServer: PerfSDKService
03-25 17:33:38.109  2685  2685 I SystemServerTiming: PerfSDKService
03-25 17:33:38.115  2685  2685 I PerfSDKService: CPU levels : 1171200 1497600 1708800 2016000 2323200
03-25 17:33:38.116  2685  2685 I PerfSDKService: GPU levels : 257 345 427 427 499
03-25 17:33:38.117  2685  2685 I PerfSDKService: BUS levels : 1017 1296 1296 1804 2092
03-25 17:33:38.117   624   727 I servicemanager: Adding 'u:r:system_server:s0' service (perfsdkservice:2685)
03-25 17:33:38.117  2685  2685 I SystemServer: PerfSDKService loaded
03-25 17:33:38.117  2685  2685 D SystemServerTiming: PerfSDKService took to complete: 9ms
03-25 17:33:38.117  2685  2685 I SystemServerTiming: StartStorageManagerService
03-25 17:33:38.117  2685  2685 I SystemServiceManager: Starting com.android.server.StorageManagerService$Lifecycle
03-25 17:33:38.119  2685  3159 W PointerIcon-JNI: An exception occurred while loading a pointer icon.
03-25 17:33:38.120  2685  3159 W PointerIcon-JNI: java.lang.IllegalArgumentException: x hotspot lies outside of the bitmap area
03-25 17:33:38.120  2685  3159 W PointerIcon-JNI:       at android.view.PointerIcon.validateHotSpot(PointerIcon.java:1163)
03-25 17:33:38.120  2685  3159 W PointerIcon-JNI:       at android.view.PointerIcon.loadResource(PointerIcon.java:1142)
03-25 17:33:38.120  2685  3159 W PointerIcon-JNI:       at android.view.PointerIcon.load(PointerIcon.java:874)
03-25 17:33:38.120  1169  1169 D installd: Found quota mount /dev/block/bootdevice/by-name/userdata at /data
03-25 17:33:38.120  1169  1169 D installd: Found quota mount /dev/block/bootdevice/by-name/userdata at /data/user/0
03-25 17:33:38.121  2685  2685 E SFSLOG  : initParam: choose /data/log/sfslog.0.gz
03-25 17:33:38.121  2685  2685 E SFSLOG  : initParam mSfSlogEnable true
03-25 17:33:38.121  2685  2685 E SFSLOG  : initParam mLinesToDump 50
03-25 17:33:38.121  2685  2685 E SFSLOG  : initParam mMaxLogFileSize 262144
03-25 17:33:38.121  2685  2685 E SFSLOG  : initParam mCurentFileSize 2543874
03-25 17:33:38.122  2685  2685 V SFSLOG  : No KERNEL_LOG_PREFIX!
03-25 17:33:38.122  2685  2685 D StorageManagerService: readSettingsLocked: /data/system/storage.xml
03-25 17:33:38.122  2685  2685 D StorageManagerService: readSettingsLocked: TAG_VOLUME rec=android.os.storage.VolumeRecord@9710154f rec.fsUuid=28FA-1A2E
03-25 17:33:38.123  2685  2685 D StorageManagerService: readSettingsLocked: TAG_VOLUME rec=android.os.storage.VolumeRecord@aa045024 rec.fsUuid=FC85-1BFF
03-25 17:33:38.123  2685  2685 D StorageManagerService: readSettingsLocked: TAG_VOLUME rec=android.os.storage.VolumeRecord@34587653 rec.fsUuid=2FF7-D010
03-25 17:33:38.123  2685  2685 D StorageManagerService: readSettingsLocked: TAG_VOLUME rec=android.os.storage.VolumeRecord@4ababc4b rec.fsUuid=A099-F289
03-25 17:33:38.124   624   727 I servicemanager: Adding 'u:r:system_server:s0' service (mount:2685)
03-25 17:33:38.124  2685  3173 D StorageManagerService: handleMessage -> H_DAEMON_CONNECTED
03-25 17:33:38.125  2685  3173 D StorageManagerService: Thinking about init, mBootCompleted=false, mDaemonConnected=true
03-25 17:33:38.125  2685  2685 D SystemServerTiming: StartStorageManagerService took to complete: 7ms
03-25 17:33:38.125  2685  2685 I SystemServerTiming: StartStorageStatsService
03-25 17:33:38.125  2685  2685 I SystemServiceManager: Starting com.android.server.usage.StorageStatsService$Lifecycle
03-25 17:33:38.125  2685  3173 D StorageManagerService: Thinking about reset, mBootCompleted=false, mDaemonConnected=true
03-25 17:33:38.126  2685  3173 D StorageManagerService: handleMessage -> H_DAEMON_CONNECTED
03-25 17:33:38.126  1169  1169 D installd: Found quota mount /dev/block/bootdevice/by-name/userdata at /data
03-25 17:33:38.126  2685  3173 D StorageManagerService: Thinking about init, mBootCompleted=false, mDaemonConnected=true
03-25 17:33:38.126  1169  1169 D installd: Found quota mount /dev/block/bootdevice/by-name/userdata at /data/user/0
03-25 17:33:38.127  2685  3173 D StorageManagerService: Thinking about reset, mBootCompleted=false, mDaemonConnected=true
03-25 17:33:38.127  1169  1169 D installd: Found quota mount /dev/block/bootdevice/by-name/userdata at /data
03-25 17:33:38.127  1169  1169 D installd: Found quota mount /dev/block/bootdevice/by-name/userdata at /data/user/0
03-25 17:33:38.128   624   727 I servicemanager: Adding 'u:r:system_server:s0' service (storagestats:2685)
03-25 17:33:38.128  2685  2685 D SystemServerTiming: StartStorageStatsService took to complete: 3ms
03-25 17:33:38.128  2685  2685 I SystemServerTiming: DirEncryptSerrvice
03-25 17:33:38.128  2685  3159 D MouseCursorController: PRESENTATION_SPOT: 1000 -> 20001
03-25 17:33:38.128  2685  2685 D SystemServerTiming: DirEncryptSerrvice took to complete: 1ms
03-25 17:33:38.129  2685  2685 I SystemServerTiming: StartUiModeManager
03-25 17:33:38.129  2685  2685 I SystemServiceManager: Starting com.android.server.UiModeManagerService
03-25 17:33:38.129  2685  3159 I InputReader: Device reconfigured: id=6, name='sec_touchpad', size 1080x2280, orientation 0, mode 4, display id 0
03-25 17:33:38.129  2685  3159 I InputReader: support feature by TSP : 0x305
03-25 17:33:38.129  2685  3159 I InputReader: Device reconfigured: id=3, name='sec_touchscreen', size1080x2280, orientation 0, mode 1, display id 0
03-25 17:33:38.129  2685  3159 I InputReader: Device reconfigured: id=2, name='sec_e-pen', size 1080x2280, orientation 0, mode 4, display id 0
03-25 17:33:38.129  2685  3174 I SystemServerTimingAsync: InitThreadPoolExec:UiModeManager.onStart
03-25 17:33:38.129   624   727 I servicemanager: Adding 'u:r:system_server:s0' service (uimode:2685)
03-25 17:33:38.130  2685  2685 D SystemServerTiming: StartUiModeManager took to complete: 1ms
03-25 17:33:38.130  2685  2685 I SystemServerTiming: UpdatePackagesIfNeeded
03-25 17:33:38.130  2685  2685 I SystemServer: !@Boot_EBS_D: UpdatePackagesIfNeeded
03-25 17:33:38.130  2685  2685 I Watchdog: Pausing HandlerChecker: main thread for reason: dexopt. Pause count: 1
03-25 17:33:38.130  2685  2685 I PackageManager: Failed to open pruning marker
03-25 17:33:38.130  2685  2685 I Watchdog: Resuming HandlerChecker: main thread for reason: dexopt. Pause count: 0
03-25 17:33:38.130  2685  2685 D SystemServerTiming: UpdatePackagesIfNeeded took to complete: 1ms
03-25 17:33:38.130  2685  2685 I SystemServerTiming: PerformFstrimIfNeeded
03-25 17:33:38.131  2685  2685 D SystemServerTiming: PerformFstrimIfNeeded took to complete: 0ms
03-25 17:33:38.131  2685  2685 I SystemServerTiming: StartLockSettingsService
03-25 17:33:38.131  2685  2685 I SystemServiceManager: Starting com.android.server.locksettings.LockSettingsService$Lifecycle
03-25 17:33:38.135   624   727 I servicemanager: Adding 'u:r:system_server:s0' service (lock_settings:2685)
03-25 17:33:38.135  2685  2685 D SystemServerTiming: StartLockSettingsService took to complete: 5ms
03-25 17:33:38.135  2685  2685 I SystemServerTiming: StartPersistentDataBlock
03-25 17:33:38.135  2685  2685 I SystemServiceManager: Starting com.android.server.PersistentDataBlockService
03-25 17:33:38.136  2685  2685 D SystemServerTiming: StartPersistentDataBlock took to complete: 0ms
03-25 17:33:38.136  2685  2685 I SystemServerTiming: StartTestHarnessMode
03-25 17:33:38.136  2685  2685 I SystemServiceManager: Starting com.android.server.testharness.TestHarnessModeService
03-25 17:33:38.136  2685  3176 I SystemServerTimingAsync: InitThreadPoolExec:PersistentDataBlockService.onStart
03-25 17:33:38.136   624   727 I servicemanager: Adding 'u:r:system_server:s0' service (testharness:2685)
03-25 17:33:38.136  2685  2685 D SystemServerTiming: StartTestHarnessMode took to complete: 0ms
03-25 17:33:38.136  2685  2685 I SystemServerTiming: StartOemLockService
03-25 17:33:38.136  2685  2685 I SystemServiceManager: Starting com.android.server.oemlock.OemLockService
03-25 17:33:38.136  2685  3174 I UiModeManager: updateNightModeFromSettings : 2 userID : -2
03-25 17:33:38.136  2685  3174 D SettingsProvider: isChangeAllowed() : name = display_night_theme
03-25 17:33:38.136   625   625 I hwservicemanager: getTransport: Cannot find entry android.hardware.oemlock@1.0::IOemLock/default in either framework or device VINTF manifest.
03-25 17:33:38.137  2685  2685 I OemLock : OemLock HAL not present on device
03-25 17:33:38.137  2685  2685 I OemLock : Using persistent data block based lock
03-25 17:33:38.137   624   727 I servicemanager: Adding 'u:r:system_server:s0' service (oem_lock:2685)
03-25 17:33:38.137  2685  2685 D SystemServerTiming: StartOemLockService took to complete: 1ms
03-25 17:33:38.137  2685  2685 I SystemServerTiming: StartDeviceIdleController
03-25 17:33:38.137  2685  2685 I SystemServiceManager: Starting com.android.server.DeviceIdleController
03-25 17:33:38.140   624   727 I servicemanager: Adding 'u:r:system_server:s0' service (deviceidle:2685)
03-25 17:33:38.140  2685  2685 D SystemServerTiming: StartDeviceIdleController took to complete: 4ms
03-25 17:33:38.140  2685  2685 I SystemServerTiming: StartDevicePolicyManager
03-25 17:33:38.141  2685  2685 I SystemServiceManager: Starting com.android.server.devicepolicy.DevicePolicyManagerService$Lifecycle
03-25 17:33:38.148  2685  3174 D SystemServerTimingAsync: InitThreadPoolExec:UiModeManager.onStart took to complete: 18ms
03-25 17:33:38.150   624   727 I servicemanager: Adding 'u:r:system_server:s0' service (persistent_data_block:2685)
03-25 17:33:38.150  2685  3176 D SystemServerTimingAsync: InitThreadPoolExec:PersistentDataBlockService.onStart took to complete: 15ms
03-25 17:33:38.151  2685  2685 D SLog    : static_init took to complete: 1ms
03-25 17:33:38.151  2685  2685 I DevicePolicyManager: Set persist.sys.knox.device_owner property to false
03-25 17:33:38.152   624   727 I servicemanager: Adding 'u:r:system_server:s0' service (device_policy:2685)
03-25 17:33:38.152  2685  2685 D SystemServerTiming: StartDevicePolicyManager took to complete: 11ms
03-25 17:33:38.152  2685  2685 I SystemServerTiming: StartStatusBarManagerService
03-25 17:33:38.152  2685  2685 I SemDesktopModeManager: registerListener: com.android.server.statusbar.StatusBarManagerService$1@fea6d9b
03-25 17:33:38.152   624   727 I servicemanager: Adding 'u:r:system_server:s0' service (statusbar:2685)
03-25 17:33:38.152  2685  2685 D SystemServerTiming: StartStatusBarManagerService took to complete: 1ms
03-25 17:33:38.152  2685  2685 I SystemServerTiming: StartEnterpriseDeviceManagerService
03-25 17:33:38.152  2685  2685 I SystemServiceManager: Starting com.android.server.enterprise.EnterpriseDeviceManagerServiceImpl$Lifecycle
03-25 17:33:38.153  2685  2685 I EnterpriseDeviceManagerService: isPackageInstalled() : package is not present. application : com.samsung.android.email.provider
03-25 17:33:38.155  2685  2685 I EnterpriseDeviceManagerService: handleDowngrade: Checking Downgrade...
03-25 17:33:38.158  2685  2685 E SQLiteLog: (5) statement aborts at 1: [PRAGMA journal_mode=TRUNCATE]database is locked
03-25 17:33:38.158  2685  2685 W SQLiteConnection: Could not change the database journal mode of '/data/system/enterprise.db' from 'wal' to 'TRUNCATE' because the database is locked.  This usually means that there are other open connections to the database which prevents the database from enabling or disabling write-ahead logging mode.  Proceeding without changing the journal mode.
03-25 17:33:38.160  2685  2685 D EnterpriseDeviceManagerService: Android API Level is 31
03-25 17:33:38.164  2685  2685 D knoxsdk/filelog: init success
03-25 17:33:38.165  2685  2685 I ApplicationPolicy: registerNetworkChangeReceiver
03-25 17:33:38.166  2685  2685 D ApplicationPolicy: registerNetworkChangeReceiver() : Done
03-25 17:33:38.166   624   727 I servicemanager: Adding 'u:r:system_server:s0' service (application_policy:2685)
03-25 17:33:38.169  2685  2685 I LocalProxyManager: Initializing LocalProxyManager
03-25 17:33:38.169  2685  2685 W PhoneRestrictionPolicy:  >>> PhoneRestrictionPolicy.PhoneRestrictionPolicy()
03-25 17:33:38.170  2685  2685 D RemoteInjection: mCurrentDisplayWidth : 1080, mCurrentDisplayHeight : 2280
03-25 17:33:38.173  2685  2685 D RestrictionPolicy: isHomeKeyEnabledInDb : true
03-25 17:33:38.174   624   727 I servicemanager: Adding 'u:r:system_server:s0' service (restriction_policy:2685)
03-25 17:33:38.175  2685  2685 D PasswordPolicy: SEC_PRODUCT_FEATURE_COMMON_SUPPORT_KNOX_DESKTOP is true
03-25 17:33:38.175  2685  2685 I SemDesktopModeManager: registerListener: com.android.server.enterprise.security.PasswordPolicy$3@58ede96
03-25 17:33:38.176   624   727 I servicemanager: Adding 'u:r:system_server:s0' service (edm_proxy:2685)
03-25 17:33:38.177   624   727 I servicemanager: Adding 'u:r:system_server:s0' service (enterprise_policy:2685)
03-25 17:33:38.177  2685  2685 I SystemServer: Enterprise Policy manager service created...
03-25 17:33:38.177  2685  2685 D SystemServerTiming: StartEnterpriseDeviceManagerService took to complete: 25ms
03-25 17:33:38.178  2685  2685 I SystemServerTiming: [KnoxAnalytics] System Service
03-25 17:33:38.178  2685  2685 I SystemServiceManager: Starting com.samsung.android.knox.analytics.service.KnoxAnalyticsSystemService
03-25 17:33:38.178  2685  2685 D SystemServerTiming: [KnoxAnalytics] System Service took to complete:0ms
03-25 17:33:38.178  2685  2685 I SystemServerTiming: KnoxCustom Policy
03-25 17:33:38.181  2685  2685 D LazyService: enterprise_license_policy getService
03-25 17:33:38.181  2685  2685 D EnterpriseService: addLazySystemService : enterprise_license_policy
03-25 17:33:38.181   624   637 I servicemanager: Adding 'u:r:system_server:s0' service (enterprise_license_policy:2685)
03-25 17:33:38.181  2685  2685 D LazyService: 0ms
03-25 17:33:38.183   643   670 I vold    : Read from block
03-25 17:33:38.185   624   637 I servicemanager: Adding 'u:r:system_server:s0' service (knoxcustom:2685)
03-25 17:33:38.185  2685  2685 I SystemServer: KnoxCustom Policy added.
03-25 17:33:38.185  2685  2685 D SystemServerTiming: KnoxCustom Policy took to complete: 8ms
03-25 17:33:38.185  2685  2685 I SystemServer: DarManagerService
03-25 17:33:38.185  2685  2685 I SystemServerTiming: DarManagerService
03-25 17:33:38.186  2685  2685 D LazyService: dar addService
03-25 17:33:38.186  2685  2685 D SystemServerTiming: DarManagerService took to complete: 0ms
03-25 17:33:38.186  2685  2685 D SystemServer: MusicRecognitionManagerService not defined by OEM or disabled by flag
03-25 17:33:38.186  2685  2685 I SystemServerTiming: StartContentCaptureService
03-25 17:33:38.186  2685  2685 I SystemServiceManager: Starting com.android.server.contentcapture.ContentCaptureManagerService
03-25 17:33:38.187  2685  2685 I ContentCaptureHelper: Setting logging level to OFF
03-25 17:33:38.187   624   637 I servicemanager: Adding 'u:r:system_server:s0' service (content_capture:2685)
03-25 17:33:38.187  2685  2685 D SystemServerTiming: StartContentCaptureService took to complete: 2ms
03-25 17:33:38.187  2685  2685 D SystemServer: AttentionService is not configured on this device
03-25 17:33:38.187  2685  2685 D SystemServer: RotationResolverService is not configured on this device
03-25 17:33:38.187  2685  2685 I SystemServerTiming: StartSystemCaptionsManagerService
03-25 17:33:38.188  2685  2685 I SystemServiceManager: Starting com.android.server.systemcaptions.SystemCaptionsManagerService
03-25 17:33:38.188  2685  2685 D SystemServerTiming: StartSystemCaptionsManagerService took to complete: 0ms
03-25 17:33:38.188  2685  2685 I SystemServerTiming: StartTextToSpeechManagerService
03-25 17:33:38.188  2685  2685 I SystemServiceManager: Starting com.android.server.texttospeech.TextToSpeechManagerService
03-25 17:33:38.188   624   637 I servicemanager: Adding 'u:r:system_server:s0' service (texttospeech:2685)
03-25 17:33:38.188  2685  2685 D SystemServerTiming: StartTextToSpeechManagerService took to complete: 0ms
03-25 17:33:38.188  2685  2685 I SystemServerTiming: StartSpeechRecognitionManagerService
03-25 17:33:38.188  2685  2685 I SystemServiceManager: Starting com.android.server.speech.SpeechRecognitionManagerService
03-25 17:33:38.188   624   637 I servicemanager: Adding 'u:r:system_server:s0' service (speech_recognition:2685)
03-25 17:33:38.189  2685  2685 D SystemServerTiming: StartSpeechRecognitionManagerService took to complete: 0ms
03-25 17:33:38.189  2685  2685 I SystemServerTiming: StartAppPredictionService
03-25 17:33:38.189  2685  2685 I SystemServiceManager: Starting com.android.server.appprediction.AppPredictionManagerService
03-25 17:33:38.189   624   637 I servicemanager: Adding 'u:r:system_server:s0' service (app_prediction:2685)
03-25 17:33:38.189  2685  2685 D SystemServerTiming: StartAppPredictionService took to complete: 0ms
03-25 17:33:38.189  2685  2685 D SystemServer: ContentSuggestionsService not defined by OEM
03-25 17:33:38.189  2685  2685 I SystemServerTiming: SemClipboardService
03-25 17:33:38.189  2685  2685 I SystemServer: SemClipboardService
03-25 17:33:38.189  2685  2685 D SEM_CLIP_SemClipboardService: SemClipboardService start
03-25 17:33:38.197  2685  2685 D SecContentProvider: query(), uri = 15 selection = isClipboardAllowedAsUser
03-25 17:33:38.197  2685  2685 D SecContentProvider: called from android.uid.system:1000
03-25 17:33:38.197  2685  2685 D RestrictionPolicy: isClipboardAllowed : true
03-25 17:33:38.197  2685  2685 D SecContentProvider: SemKnoxPolicyContract.RestrictionPolicy.CLIPBOARD_ALLOWED_AS_USER return = true
03-25 17:33:38.197  2685  2685 D SecContentProvider: query(), uri = 15 selection = isClipboardShareAllowedAsUser
03-25 17:33:38.197  2685  2685 D SecContentProvider: called from android.uid.system:1000
03-25 17:33:38.197  2685  2685 D RestrictionPolicy: isClipboardShareAllowed : true
03-25 17:33:38.198   624   637 I servicemanager: Adding 'u:r:system_server:s0' service (semclipboard:2685)
03-25 17:33:38.198  2685  2685 D SystemServerTiming: SemClipboardService took to complete: 10ms
03-25 17:33:38.198  2685  2685 I SystemServerTiming: StartSearchUiService
03-25 17:33:38.199  2685  2685 I SystemServiceManager: Starting com.android.server.searchui.SearchUiManagerService
03-25 17:33:38.199   624   637 I servicemanager: Adding 'u:r:system_server:s0' service (search_ui:2685)
03-25 17:33:38.199  2685  2685 D SystemServerTiming: StartSearchUiService took to complete: 0ms
03-25 17:33:38.199  2685  2685 I SystemServerTiming: StartSmartspaceService
03-25 17:33:38.199  2685  2685 I SystemServiceManager: Starting com.android.server.smartspace.SmartspaceManagerService
03-25 17:33:38.199   624   637 I servicemanager: Adding 'u:r:system_server:s0' service (smartspace:2685)
03-25 17:33:38.199  2685  2685 D SystemServerTiming: StartSmartspaceService took to complete: 1ms
03-25 17:33:38.199  2685  2685 I SystemServerTiming: InitConnectivityModuleConnector
03-25 17:33:38.199  2685  2685 D ConnectivityModuleConnector: Network stack init
03-25 17:33:38.200  2685  2685 D SystemServerTiming: InitConnectivityModuleConnector took to complete: 0ms
03-25 17:33:38.200  2685  2685 I SystemServerTiming: InitNetworkStackClient
03-25 17:33:38.200  2685  2685 D SystemServerTiming: InitNetworkStackClient took to complete: 0ms
03-25 17:33:38.200  2685  2685 I SystemServerTiming: StartNetworkManagementService
03-25 17:33:38.204   624   637 I servicemanager: Adding 'u:r:system_server:s0' service (network_management:2685)
03-25 17:33:38.204  2685  2685 D SystemServerTiming: StartNetworkManagementService took to complete: 4ms
03-25 17:33:38.204  2685  2685 I SystemServerTiming: StartIpSecService
03-25 17:33:38.204   624   637 I servicemanager: Adding 'u:r:system_server:s0' service (ipsec:2685)
03-25 17:33:38.204  2685  2685 D SystemServerTiming: StartIpSecService took to complete: 1ms
03-25 17:33:38.204  2685  2685 I SystemServerTiming: StartFontManagerService
03-25 17:33:38.207   624   727 I servicemanager: Adding 'u:r:system_server:s0' service (font:2685)
03-25 17:33:38.208  2685  2685 D SystemServerTiming: StartFontManagerService took to complete: 3ms
03-25 17:33:38.208  2685  2685 I SystemServerTiming: StartTextServicesManager
03-25 17:33:38.208  2685  2685 I SystemServiceManager: Starting com.android.server.textservices.TextServicesManagerService$Lifecycle
03-25 17:33:38.208   624   727 I servicemanager: Adding 'u:r:system_server:s0' service (textservices:2685)
03-25 17:33:38.208  2685  2685 D SystemServerTiming: StartTextServicesManager took to complete: 1ms
03-25 17:33:38.208  2685  2685 I SystemServerTiming: StartTextClassificationManagerService
03-25 17:33:38.208  2685  2685 I SystemServiceManager: Starting com.android.server.textclassifier.TextClassificationManagerService$Lifecycle
03-25 17:33:38.209   624   727 I servicemanager: Adding 'u:r:system_server:s0' service (textclassification:2685)
03-25 17:33:38.209  2685  2685 D SystemServerTiming: StartTextClassificationManagerService took to complete: 0ms
03-25 17:33:38.209  2685  2685 I SystemServerTiming: StartNetworkScoreService
03-25 17:33:38.209  2685  2685 I SystemServiceManager: Starting com.android.server.NetworkScoreService$Lifecycle
03-25 17:33:38.209  2685  2685 I NetworkScoreService: Registering network_score
03-25 17:33:38.210   624   727 I servicemanager: Adding 'u:r:system_server:s0' service (network_score:2685)
03-25 17:33:38.210  2685  2685 D SystemServerTiming: StartNetworkScoreService took to complete: 0ms
03-25 17:33:38.210  2685  2685 I SystemServerTiming: StartNetworkStatsService
03-25 17:33:38.211   624   727 I servicemanager: Adding 'u:r:system_server:s0' service (netstats:2685)
03-25 17:33:38.211  2685  2685 D SystemServerTiming: StartNetworkStatsService took to complete: 1ms
03-25 17:33:38.211  2685  2685 I SystemServerTiming: StartNetworkPolicyManagerService
03-25 17:33:38.212  2498  2498 I ServiceManager: Waiting for service 'perfsdkservice' on '/dev/binder' successful after waiting 3215ms
03-25 17:33:38.213  2498  2498 D perfsdkserver: [Interface] BpPerfSDKService::BpPerfSDKService()
03-25 17:33:38.213  2498  2498 E perfsdkserver: [Interface] BpPerfSDKService::getHighBoostingLevel()
03-25 17:33:38.213  2498  2498 I perfsdkserver: [High boost Level] update high Boosting Levels
03-25 17:33:38.213  2498  2498 I perfsdkserver: [High boost Level] CPU Levels : 1171200, 1497600, 1708800, 2016000, 2323200
03-25 17:33:38.213  2498  2498 I perfsdkserver: [High boost Level] GPU Levels : 257, 345, 427, 427, 499
03-25 17:33:38.213  2498  2498 I perfsdkserver: [High boost Level] BUS Levels : 1017, 1296, 1296, 1804, 2092
03-25 17:33:38.213  2498  2498 E perfsdkserver: [Interface] BpPerfSDKService::getLowBoostingLevel()
03-25 17:33:38.213  2498  2498 I perfsdkserver: [Low boost Level] update low Boosting Levels
03-25 17:33:38.213  2498  2498 I perfsdkserver: [Low boost Level] CPU Levels : 1171200, 1497600, 1708800
03-25 17:33:38.213  2498  2498 I perfsdkserver: [Low boost Level] GPU Levels : 257, 345, 427
03-25 17:33:38.213  2498  2498 I perfsdkserver: [Low boost Level] BUS Levels : 1017, 1296, 1296
03-25 17:33:38.213  2498  2498 E perfsdkserver: [Interface] BpPerfSDKService::getThermalTable()
03-25 17:33:38.213  2498  2498 I perfsdkserver: [Thermal Table] update Thermal Table
03-25 17:33:38.213  2498  2498 I perfsdkserver: [Thermal Table] CPU Levels : 1, start_idx : 0
03-25 17:33:38.213  2498  2498 I perfsdkserver: [Thermal Table]           rel = 470, warn = 480, trig= 500
03-25 17:33:38.213  2498  2498 I perfsdkserver: [Thermal Table] GPU Levels : 1, start_idx : 0
03-25 17:33:38.213  2498  2498 I perfsdkserver: [Thermal Table]           rel = 470, warn = 480, trig= 500
03-25 17:33:38.213  2498  2498 I perfsdkserver: [Thermal Table] finished
03-25 17:33:38.213  2498  2498 E perfsdkserver: [Init] finish init
03-25 17:33:38.213  2498  2498 I perfsdkserver: Server: request to connection
03-25 17:33:38.213   624   727 I servicemanager: Adding 'u:r:system_server:s0' service (netpolicy:2685)
03-25 17:33:38.213  2498  2532 I perfsdkserver: Request connection
03-25 17:33:38.213  2685  3082 I PerfSDKService: Start to connect to perfsdkserver
03-25 17:33:38.213  2685  2685 D SystemServerTiming: StartNetworkPolicyManagerService took to complete: 3ms
03-25 17:33:38.213  2685  2685 I SystemServerTiming: StartUrspService
03-25 17:33:38.214  2498  2532 E perfsdkserver: [Interface] BpPerfSDKService::connectionRequest()
03-25 17:33:38.214  2498  2532 I perfsdkserver: serviceConnection is done
03-25 17:33:38.214  2498  2498 I perfsdkserver: perfsdkservice is connected (fd = 6)
03-25 17:33:38.214   624   727 I servicemanager: Adding 'u:r:system_server:s0' service (urspservice:2685)
03-25 17:33:38.214  2685  2685 D SystemServerTiming: StartUrspService took to complete: 1ms
03-25 17:33:38.214  2685  2685 I SystemServerTiming: StartWifi
03-25 17:33:38.218  2685  2685 I SystemServiceManager: Starting com.android.server.wifi.WifiService
03-25 17:33:38.221  2685  2685 I WifiContext: Found Wifi Resources APK at: com.android.wifi.resources
03-25 17:33:38.223  2685  2685 V NetworkScoreManager: registerNetworkScoreCallback: callback=com.android.server.wifi.WifiNetworkScoreCache@da40a7, executor=com.android.wifi.x.android.os.HandlerExecutor@4ca9954
03-25 17:33:38.245  2685  2685 D ScanMetrics: Settings package: com.android.settings
03-25 17:33:38.245  2685  2685 D ScanMetrics: Settings package: com.samsung.android.knox.containeragent
03-25 17:33:38.245  2685  2685 D ScanMetrics: GMS uid: 10080
03-25 17:33:38.251  2685  2685 I WifiCoexManager: Default coex algorithm is disabled.
03-25 17:33:38.252  2685  2685 D libmdf  : libmdf v3.0.0.0 On 64bit PLATFORM
03-25 17:33:38.266  2685  2685 D WifiOpenNetworkNotifier: Settings toggle enabled=false
03-25 17:33:38.269  2685  2685 D WifiNl80211Manager: registerCountryCodeEventListener called
03-25 17:33:38.269  2685  2685 D WifiCountryCode: Default country code from system property ro.boot.wificountrycode is null
03-25 17:33:38.272  2685  2685 D WakeupController: WifiWake disabled
03-25 17:33:38.272  2685  2685 V HistoricalRegistry: Interaction before persistence initialized
03-25 17:33:38.274  2487  2487 I wificond: New wificond event callback registered
03-25 17:33:38.275  2685  2685 I WifiService: Registering wifi
03-25 17:33:38.275   624   727 I servicemanager: Adding 'u:r:system_server:s0' service (wifi:2685)
03-25 17:33:38.275  2685  2685 D SystemServerTiming: StartWifi took to complete: 61ms
03-25 17:33:38.275  2685  2685 I SystemServerTiming: StartWifiScanning
03-25 17:33:38.275  2685  2685 I SystemServiceManager: Starting com.android.server.wifi.scanner.WifiScanningService
03-25 17:33:38.275  2685  2685 I WifiScanningService: Creating wifiscanner
03-25 17:33:38.278  2685  2685 I WifiScanningService: Publishing wifiscanner
03-25 17:33:38.278   624   637 I servicemanager: Adding 'u:r:system_server:s0' service (wifiscanner:2685)
03-25 17:33:38.278  2685  2685 D SystemServerTiming: StartWifiScanning took to complete: 3ms
03-25 17:33:38.278  2685  2685 I SystemServerTiming: StartRttService
03-25 17:33:38.279  2685  2685 I SystemServiceManager: Starting com.android.server.wifi.rtt.RttService
03-25 17:33:38.279  2685  2685 I RttService: Registering wifirtt
03-25 17:33:38.279   624   637 I servicemanager: Adding 'u:r:system_server:s0' service (wifirtt:2685)
03-25 17:33:38.279  2685  2685 D SystemServerTiming: StartRttService took to complete: 1ms
03-25 17:33:38.279  2685  2685 I SystemServerTiming: StartWifiAware
03-25 17:33:38.279  2685  2685 I SystemServiceManager: Starting com.android.server.wifi.aware.WifiAwareService
03-25 17:33:38.280  2685  2685 I WifiAwareService: Registering wifiaware
03-25 17:33:38.281   624   637 I servicemanager: Adding 'u:r:system_server:s0' service (wifiaware:2685)
03-25 17:33:38.281  2685  2685 D SystemServerTiming: StartWifiAware took to complete: 1ms
03-25 17:33:38.281  2685  2685 I SystemServerTiming: StartWifiP2P
03-25 17:33:38.281  2685  2685 I SystemServiceManager: Starting com.android.server.wifi.p2p.WifiP2pService
03-25 17:33:38.283  2685  2685 I WifiContext: Found Wifi Resources APK at: com.android.wifi.resources
03-25 17:33:38.283  2685  3188 I WifiP2pService: makeP2pHwMac: wifihwmac is empty
03-25 17:33:38.284  2685  2685 I WifiP2pService: Registering wifip2p
03-25 17:33:38.284   624   637 I servicemanager: Adding 'u:r:system_server:s0' service (wifip2p:2685)
03-25 17:33:38.284  2685  2685 D SystemServerTiming: StartWifiP2P took to complete: 3ms
03-25 17:33:38.284  2685  2685 I SystemServerTiming: StartEthernet
03-25 17:33:38.284  2685  2685 I SystemServiceManager: Starting com.android.server.ethernet.EthernetService
03-25 17:33:38.285  2685  2685 I EthernetService: Registering service ethernet
03-25 17:33:38.285   624   637 I servicemanager: Adding 'u:r:system_server:s0' service (ethernet:2685)
03-25 17:33:38.285  2685  2685 D SystemServerTiming: StartEthernet took to complete: 2ms
03-25 17:33:38.285  2685  2685 I SystemServerTiming: StartPacProxyService
03-25 17:33:38.286   624   637 I servicemanager: Adding 'u:r:system_server:s0' service (pac_proxy:2685)
03-25 17:33:38.286  2685  2685 D SystemServerTiming: StartPacProxyService took to complete: 0ms
03-25 17:33:38.286  2685  2685 I SystemServerTiming: StartIntelligentBatterySaverService
03-25 17:33:38.289  2685  2685 W System.err: android.content.pm.PackageManager$NameNotFoundException:com.samsung.android.packageinstaller
03-25 17:33:38.289  2685  2685 W System.err:    at android.app.ApplicationPackageManager.getApplicationInfoAsUser(ApplicationPackageManager.java:539)
03-25 17:33:38.289  2685  2685 W System.err:    at android.app.ApplicationPackageManager.getApplicationInfo(ApplicationPackageManager.java:492)
03-25 17:33:38.289  2685  2685 W System.err:    at com.android.server.ibs.dnba.NetSpeedUtil.getUidForPackageName(NetSpeedUtil.java:29)
03-25 17:33:38.289  2685  2685 W System.err:    at com.android.server.ibs.dnba.NetSpeedAllowList.<init>(NetSpeedAllowList.java:68)
03-25 17:33:38.289  2685  2685 W System.err:    at com.android.server.ibs.dnba.NetSpeedMonitor.<init>(NetSpeedMonitor.java:160)
03-25 17:33:38.289  2685  2685 W System.err:    at com.android.server.ibs.IntelligentBatterySaverService.<init>(IntelligentBatterySaverService.java:106)
03-25 17:33:38.289  2685  2685 W System.err:    at com.android.server.SystemServer.startOtherServices(SystemServer.java:3027)
03-25 17:33:38.289  2685  2685 W System.err:    at com.android.server.SystemServer.run(SystemServer.java:1223)
03-25 17:33:38.289  2685  2685 W System.err:    at com.android.server.SystemServer.main(SystemServer.java:944)
03-25 17:33:38.289  2685  2685 W System.err:    at java.lang.reflect.Method.invoke(Native Method)
03-25 17:33:38.289  2685  2685 W System.err:    at com.android.internal.os.RuntimeInit$MethodAndArgsCaller.run(RuntimeInit.java:567)
03-25 17:33:38.289  2685  2685 W System.err:    at com.android.internal.os.ZygoteInit.main(ZygoteInit.java:1113)
03-25 17:33:38.290   624   637 I servicemanager: Adding 'u:r:system_server:s0' service (IntelligentBatterySaverService:2685)
03-25 17:33:38.290  2685  2685 D SystemServerTiming: StartIntelligentBatterySaverService took to complete: 4ms
03-25 17:33:38.290  2685  2685 I SystemServerTiming: StartKnoxGuard
03-25 17:33:38.291  2685  2685 D KG.Utils: getRlcState.
03-25 17:33:38.291  2685  2685 I KgvManager: query(void)
03-25 17:33:38.291  2685  2685 I VaultKeeperService: read
03-25 17:33:38.291  2685  2685 I VaultKeeperService: Get service instance by (2685/1000)
03-25 17:33:38.292  2685  2685 I VaultKeeperService: Client info : system_server
03-25 17:33:38.294  2685  2685 I Vaultkeeper_MGR_system: Got instance of VaultKeeperManager
03-25 17:33:38.295  2685  2685 I Vaultkeeper_MGR_system: Got service of ISehVaultKeeper
03-25 17:33:38.295   733   733 I VaultKeeper_HIDL_Service: System client (//1000/2685)
03-25 17:33:38.295   732   732 I VaultKeeper_COMMON: VK 4.3.0 [Client] system_server. => [Vault] KnoxGuard. [CMD NO.] 691
03-25 17:33:38.295   732   732 I VaultKeeper_COMMON: [CMD:CHECK_CLIENT_REGISTERED]
03-25 17:33:38.297   732   732 D QSEECOMAPI: QSEECom_get_handle sb_length = 0x1ae40
03-25 17:33:38.297   732   732 D QSEECOMAPI: App is not loaded in QSEE
03-25 17:33:38.297   732   732 D QSEECOMAPI: app_arch = 1, total_files = 9
03-25 17:33:38.326   732   732 D QSEECOMAPI: Loaded image: APP id = 38
03-25 17:33:38.348   732   732 D QSEECOMAPI: QSEECom_dealloc_memory
03-25 17:33:38.348   732   732 D QSEECOMAPI: QSEECom_shutdown_app, app_id = 38
03-25 17:33:38.348   732   732 I vaultkeeper: runCommand Success.(TA ret = 0)
03-25 17:33:38.349   732   732 I VaultKeeper_COMMON: VK 4.3.0 [Client] system_server. => [Vault] KnoxGuard. [CMD NO.] 4973
03-25 17:33:38.349   732   732 I VaultKeeper_COMMON: [CMD:READ_UNSHELTERED]
03-25 17:33:38.350   732   732 D QSEECOMAPI: QSEECom_get_handle sb_length = 0x1ae40
03-25 17:33:38.350   732   732 D QSEECOMAPI: App is not loaded in QSEE
03-25 17:33:38.350   732   732 D QSEECOMAPI: app_arch = 1, total_files = 9
03-25 17:33:38.379   732   732 D QSEECOMAPI: Loaded image: APP id = 39
03-25 17:33:38.402   732   732 D QSEECOMAPI: QSEECom_dealloc_memory
03-25 17:33:38.402   732   732 D QSEECOMAPI: QSEECom_shutdown_app, app_id = 39
03-25 17:33:38.403   732   732 I vaultkeeper: runCommand Success.(TA ret = 0)
03-25 17:33:38.403  2685  2685 I Vaultkeeper_MGR_system: ~VaultKeeperManager
03-25 17:33:38.403  2685  2685 D KG.Utils: getRlcState rlcState :
03-25 17:33:38.403  2685  2685 I KG.IntegrityUtil: setInitialState
03-25 17:33:38.404  2685  2685 D KG.IntegrityUtil: pkgInfo : PackageInfo{3443821 com.samsung.android.kgclient}
03-25 17:33:38.404  2685  2685 I KG.IntegrityUtil: KG Client signature match with platform.
03-25 17:33:38.404   624   637 I servicemanager: Adding 'u:r:system_server:s0' service (knoxguard_service:2685)
03-25 17:33:38.404  2685  2685 D SystemServerTiming: StartKnoxGuard took to complete: 114ms
03-25 17:33:38.404  2685  2685 I SystemServerTiming: StartConnectivityService
03-25 17:33:38.408  2685  2685 I SystemServiceManager: Starting com.android.server.ConnectivityServiceInitializer
03-25 17:33:38.413  2685  2685 D ConnectivityService: ConnectivityService starting up
03-25 17:33:38.420  2685  2685 D CompatibilityChangeReporter: Compat change id reported: 182478738; UID 1000; state: ENABLED
03-25 17:33:38.422  2685  2685 I ConnectivityServiceInitializer: Registering connectivity
03-25 17:33:38.422   624   637 I servicemanager: Adding 'u:r:system_server:s0' service (connectivity:2685)
03-25 17:33:38.422  2685  2685 D SystemServerTiming: StartConnectivityService took to complete: 19ms
03-25 17:33:38.422  2685  2685 I SystemServerTiming: StartVpnManagerService
03-25 17:33:38.423  2685  2685 D VpnManagerService: VpnManagerService starting up
03-25 17:33:38.424   624   637 I servicemanager: Adding 'u:r:system_server:s0' service (vpn_management:2685)
03-25 17:33:38.424  2685  2685 D SystemServerTiming: StartVpnManagerService took to complete: 1ms
03-25 17:33:38.424  2685  2685 I SystemServerTiming: KnoxVpnService
03-25 17:33:38.424  2685  2685 I SystemServerTiming: Adding KnoxVpnEngineService
03-25 17:33:38.424  2685  2685 I SystemServer: Adding KnoxVpnEngineService
03-25 17:33:38.424  2685  2685 D KnoxVpnEngineService: Initializing in constructor
03-25 17:33:38.426  2685  2685 W Binder  : Outgoing transactions from this process must be FLAG_ONEWAY
03-25 17:33:38.426  2685  2685 W Binder  : java.lang.Throwable
03-25 17:33:38.426  2685  2685 W Binder  :      at android.os.BinderProxy.transact(BinderProxy.java:545)
03-25 17:33:38.426  2685  2685 W Binder  :      at com.android.internal.net.IOemNetd$Stub$Proxy.runKnoxFirewallRulesCommand(IOemNetd.java:1975)
03-25 17:33:38.426  2685  2685 W Binder  :      at com.android.server.NetworkManagementService.runKnoxFirewallRulesCommand(NetworkManagementService.java:2779)
03-25 17:33:38.426  2685  2685 W Binder  :      at com.android.server.enterprise.vpn.knoxvpn.KnoxVpnFirewallHelper.runShellCommand(KnoxVpnFirewallHelper.java:3412)
03-25 17:33:38.426  2685  2685 W Binder  :      at com.android.server.enterprise.vpn.knoxvpn.KnoxVpnFirewallHelper.runIptablesRestoreCmd(KnoxVpnFirewallHelper.java:3405)
03-25 17:33:38.426  2685  2685 W Binder  :      at com.android.server.enterprise.vpn.knoxvpn.KnoxVpnFirewallHelper.createChainsInTable(KnoxVpnFirewallHelper.java:2562)
03-25 17:33:38.426  2685  2685 W Binder  :      at com.android.server.enterprise.vpn.knoxvpn.KnoxVpnFirewallHelper.createIpTableChains(KnoxVpnFirewallHelper.java:2554)
03-25 17:33:38.426  2685  2685 W Binder  :      at com.android.server.enterprise.vpn.knoxvpn.KnoxVpnFirewallHelper.<init>(KnoxVpnFirewallHelper.java:324)
03-25 17:33:38.426  2685  2685 W Binder  :      at com.android.server.enterprise.vpn.knoxvpn.KnoxVpnFirewallHelper.getInstance(KnoxVpnFirewallHelper.java:305)
03-25 17:33:38.426  2685  2685 W Binder  :      at com.android.server.enterprise.vpn.knoxvpn.KnoxVpnTetherAuthentication.<init>(KnoxVpnTetherAuthentication.java:71)
03-25 17:33:38.426  2685  2685 W Binder  :      at com.android.server.enterprise.vpn.knoxvpn.KnoxVpnTetherAuthentication.getInstance(KnoxVpnTetherAuthentication.java:176)
03-25 17:33:38.426  2685  2685 W Binder  :      at com.android.server.enterprise.vpn.knoxvpn.KnoxVpnEngineService.<init>(KnoxVpnEngineService.java:324)
03-25 17:33:38.426  2685  2685 W Binder  :      at com.android.server.enterprise.vpn.knoxvpn.KnoxVpnEngineService.<init>(KnoxVpnEngineService.java:305)
03-25 17:33:38.426  2685  2685 W Binder  :      at com.android.server.SystemServer.startOtherServices(SystemServer.java:3074)
03-25 17:33:38.426  2685  2685 W Binder  :      at com.android.server.SystemServer.run(SystemServer.java:1223)
03-25 17:33:38.426  2685  2685 W Binder  :      at com.android.server.SystemServer.main(SystemServer.java:944)
03-25 17:33:38.426  2685  2685 W Binder  :      at java.lang.reflect.Method.invoke(Native Method)
03-25 17:33:38.426  2685  2685 W Binder  :      at com.android.internal.os.RuntimeInit$MethodAndArgsCaller.run(RuntimeInit.java:567)
03-25 17:33:38.426  2685  2685 W Binder  :      at com.android.internal.os.ZygoteInit.main(ZygoteInit.java:1113)
03-25 17:33:38.426  2480  2480 D IptablesRestoreController: [iptables debug]iptables-restore execute *mangle
03-25 17:33:38.426  2480  2480 D IptablesRestoreController: :knox_vpn_no_uid -
03-25 17:33:38.426  2480  2480 D IptablesRestoreController: :knox_vpn_OUTPUT -
03-25 17:33:38.426  2480  2480 D IptablesRestoreController: :knox_vpn_proxy_accept -
03-25 17:33:38.426  2480  2480 D IptablesRestoreController: :knox_vpn_mangle_exempt_dl -
03-25 17:33:38.426  2480  2480 D IptablesRestoreController: :knox_vpn_mangle_exempt_cp -
03-25 17:33:38.426  2480  2480 D IptablesRestoreController: :knox_vpn_EXEMPT -
03-25 17:33:38.426  2480  2480 D IptablesRestoreController: :knox_vpn_tether_exempt -
03-25 17:33:38.426  2480  2480 D IptablesRestoreController: -D OUTPUT -j knox_vpn_no_uid
03-25 17:33:38.426  2480  2480 D IptablesRestoreController: -D OUTPUT -j knox_vpn_OUTPUT
03-25 17:33:38.426  2480  2480 D IptablesRestoreController: -D OUTPUT -j knox_vpn_proxy_accept
03-25 17:33:38.426  2480  2480 D IptablesRestoreController: -D OUTPUT -j knox_vpn_mangle_exempt_dl
03-25 17:33:38.426  2480  2480 D IptablesRestoreController: -D OUTPUT -j knox_vpn_mangle_exempt_cp
03-25 17:33:38.426  2480  2480 D IptablesRestoreController: -D OUTPUT -j knox_vpn_EXEMPT
03-25 17:33:38.426  2480  2480 D IptablesRestoreController: -D OUTPUT -j knox_vpn_tether_exempt
03-25 17:33:38.426  2480  2480 D IptablesRestoreController: -X knox_vpn_no_uid
03-25 17:33:38.426  2480  2480 D IptablesRestoreController: -X knox_vpn_OUTPUT
03-25 17:33:38.426  2480  2480 D IptablesRestoreController: -X knox_vpn_proxy_accept
03-25 17:33:38.426  2480  2480 D IptablesRestoreController: -X knox_vpn_mangle_exempt_dl
03-25 17:33:38.426  2480  2480 D IptablesRestoreController: -X knox_vpn_mangle_exempt_cp
03-25 17:33:38.426  2480  2480 D IptablesRestoreController: -X knox_vpn_EXEMPT
03-25 17:33:38.426  2480  2480 D IptablesRestoreController: -X knox_vpn_tether_exempt
03-25 17:33:38.426  2480  2480 D IptablesRestoreController: COMMIT
03-25 17:33:38.427  2480  2480 D IptablesRestoreController: [iptables debug]iptables-restore execute done, res : 0
03-25 17:33:38.427  2480  2480 D IptablesRestoreController: [iptables debug]iptables-restore execute *mangle
03-25 17:33:38.427  2480  2480 D IptablesRestoreController: :knox_vpn_no_uid -
03-25 17:33:38.427  2480  2480 D IptablesRestoreController: :knox_vpn_OUTPUT -
03-25 17:33:38.427  2480  2480 D IptablesRestoreController: :knox_vpn_proxy_accept -
03-25 17:33:38.427  2480  2480 D IptablesRestoreController: :knox_vpn_mangle_exempt_dl -
03-25 17:33:38.427  2480  2480 D IptablesRestoreController: :knox_vpn_mangle_exempt_cp -
03-25 17:33:38.427  2480  2480 D IptablesRestoreController: :knox_vpn_EXEMPT -
03-25 17:33:38.427  2480  2480 D IptablesRestoreController: :knox_vpn_tether_exempt -
03-25 17:33:38.427  2480  2480 D IptablesRestoreController: -I OUTPUT -j knox_vpn_no_uid
03-25 17:33:38.427  2480  2480 D IptablesRestoreController: -I OUTPUT -j knox_vpn_OUTPUT
03-25 17:33:38.427  2480  2480 D IptablesRestoreController: -I OUTPUT -j knox_vpn_proxy_accept
03-25 17:33:38.427  2480  2480 D IptablesRestoreController: -I OUTPUT -j knox_vpn_mangle_exempt_dl
03-25 17:33:38.427  2480  2480 D IptablesRestoreController: -I OUTPUT -j knox_vpn_mangle_exempt_cp
03-25 17:33:38.427  2480  2480 D IptablesRestoreController: -I OUTPUT -j knox_vpn_EXEMPT
03-25 17:33:38.427  2480  2480 D IptablesRestoreController: -I OUTPUT -j knox_vpn_tether_exempt
03-25 17:33:38.427  2480  2480 D IptablesRestoreController: COMMIT
03-25 17:33:38.428  2480  2480 D IptablesRestoreController: [iptables debug]iptables-restore execute done, res : 0
03-25 17:33:38.428  2480  2480 D IptablesRestoreController: [iptables debug]iptables-restore execute *filter
03-25 17:33:38.428  2480  2480 D IptablesRestoreController: :knox_vpn_filter_input_drop -
03-25 17:33:38.428  2480  2480 D IptablesRestoreController: :knox_vpn_tether_exempt -
03-25 17:33:38.428  2480  2480 D IptablesRestoreController: :knox_vpn_filter_output_drop -
03-25 17:33:38.428  2480  2480 D IptablesRestoreController: :knox_vpn_filter_output_act -
03-25 17:33:38.428  2480  2480 D IptablesRestoreController: :knox_vpn_filter_tether_fwd -
03-25 17:33:38.428  2480  2480 D IptablesRestoreController: -D INPUT -j knox_vpn_filter_input_drop
03-25 17:33:38.428  2480  2480 D IptablesRestoreController: -D INPUT -j knox_vpn_tether_exempt
03-25 17:33:38.428  2480  2480 D IptablesRestoreController: -D OUTPUT -j knox_vpn_filter_output_drop
03-25 17:33:38.428  2480  2480 D IptablesRestoreController: -D OUTPUT -j knox_vpn_filter_output_act
03-25 17:33:38.428  2480  2480 D IptablesRestoreController: -D FORWARD -j knox_vpn_filter_tether_fwd
03-25 17:33:38.428  2480  2480 D IptablesRestoreController: -X knox_vpn_filter_input_drop
03-25 17:33:38.428  2480  2480 D IptablesRestoreController: -X knox_vpn_tether_exempt
03-25 17:33:38.428  2480  2480 D IptablesRestoreController: -X knox_vpn_filter_output_drop
03-25 17:33:38.428  2480  2480 D IptablesRestoreController: -X knox_vpn_filter_output_act
03-25 17:33:38.428  2480  2480 D IptablesRestoreController: -X knox_vpn_filter_tether_fwd
03-25 17:33:38.428  2480  2480 D IptablesRestoreController: COMMIT
03-25 17:33:38.429  2480  2480 W IptablesRestoreController: iptables-restore process 2492 terminated status=256
03-25 17:33:38.430  2480  2480 W IptablesRestoreController: iptables-restore process 2494 terminated status=256
03-25 17:33:38.430  2480  2480 D IptablesRestoreController: [iptables debug]iptables-restore execute done, res : -1
03-25 17:33:38.430  2685  2685 E FW-KnoxVpnFirewallHelper: Failed to run command. Result=Error (Operation not permitted)
03-25 17:33:38.430  2685  2685 E FW-KnoxVpnFirewallHelper: command=*filter
03-25 17:33:38.430  2685  2685 E FW-KnoxVpnFirewallHelper: :knox_vpn_filter_input_drop -
03-25 17:33:38.430  2685  2685 E FW-KnoxVpnFirewallHelper: :knox_vpn_tether_exempt -
03-25 17:33:38.430  2685  2685 E FW-KnoxVpnFirewallHelper: :knox_vpn_filter_output_drop -
03-25 17:33:38.430  2685  2685 E FW-KnoxVpnFirewallHelper: :knox_vpn_filter_output_act -
03-25 17:33:38.430  2685  2685 E FW-KnoxVpnFirewallHelper: :knox_vpn_filter_tether_fwd -
03-25 17:33:38.430  2685  2685 E FW-KnoxVpnFirewallHelper: -D INPUT -j knox_vpn_filter_input_drop
03-25 17:33:38.430  2685  2685 E FW-KnoxVpnFirewallHelper: -D INPUT -j knox_vpn_tether_exempt
03-25 17:33:38.430  2685  2685 E FW-KnoxVpnFirewallHelper: -D OUTPUT -j knox_vpn_filter_output_drop
03-25 17:33:38.430  2685  2685 E FW-KnoxVpnFirewallHelper: -D OUTPUT -j knox_vpn_filter_output_act
03-25 17:33:38.430  2685  2685 E FW-KnoxVpnFirewallHelper: -D FORWARD -j knox_vpn_filter_tether_fwd
03-25 17:33:38.430  2685  2685 E FW-KnoxVpnFirewallHelper: -X knox_vpn_filter_input_drop
03-25 17:33:38.430  2685  2685 E FW-KnoxVpnFirewallHelper: -X knox_vpn_tether_exempt
03-25 17:33:38.430  2685  2685 E FW-KnoxVpnFirewallHelper: -X knox_vpn_filter_output_drop
03-25 17:33:38.430  2685  2685 E FW-KnoxVpnFirewallHelper: -X knox_vpn_filter_output_act
03-25 17:33:38.430  2685  2685 E FW-KnoxVpnFirewallHelper: -X knox_vpn_filter_tether_fwd
03-25 17:33:38.430  2685  2685 E FW-KnoxVpnFirewallHelper: COMMIT
03-25 17:33:38.430  2480  2480 D IptablesRestoreController: [iptables debug]iptables-restore execute *filter
03-25 17:33:38.430  2480  2480 D IptablesRestoreController: :knox_vpn_filter_input_drop -
03-25 17:33:38.430  2480  2480 D IptablesRestoreController: :knox_vpn_tether_exempt -
03-25 17:33:38.430  2480  2480 D IptablesRestoreController: :knox_vpn_filter_output_drop -
03-25 17:33:38.430  2480  2480 D IptablesRestoreController: :knox_vpn_filter_output_act -
03-25 17:33:38.430  2480  2480 D IptablesRestoreController: :knox_vpn_filter_tether_fwd -
03-25 17:33:38.430  2480  2480 D IptablesRestoreController: -I INPUT -j knox_vpn_filter_input_drop
03-25 17:33:38.430  2480  2480 D IptablesRestoreController: -I INPUT -j knox_vpn_tether_exempt
03-25 17:33:38.430  2480  2480 D IptablesRestoreController: -I OUTPUT -j knox_vpn_filter_output_drop
03-25 17:33:38.430  2480  2480 D IptablesRestoreController: -I OUTPUT -j knox_vpn_filter_output_act
03-25 17:33:38.430  2480  2480 D IptablesRestoreController: -I FORWARD -j knox_vpn_filter_tether_fwd
03-25 17:33:38.430  2480  2480 D IptablesRestoreController: COMMIT
03-25 17:33:38.443  2480  2480 D IptablesRestoreController: [iptables debug]iptables-restore execute done, res : 0
03-25 17:33:38.444  2480  2480 D IptablesRestoreController: [iptables debug]iptables-restore execute *nat
03-25 17:33:38.444  2480  2480 D IptablesRestoreController: :knox_vpn_nat_preroute -
03-25 17:33:38.444  2480  2480 D IptablesRestoreController: -D PREROUTING -j knox_vpn_nat_preroute
03-25 17:33:38.444  2480  2480 D IptablesRestoreController: -X knox_vpn_nat_preroute
03-25 17:33:38.444  2480  2480 D IptablesRestoreController: COMMIT
03-25 17:33:38.444  2480  2480 W IptablesRestoreController: iptables-restore process 3198 terminated status=256
03-25 17:33:38.444  2480  2480 E IptablesRestoreController: iptables error:
03-25 17:33:38.444  2480  2480 E IptablesRestoreController: ------- COMMAND -------
03-25 17:33:38.444  2480  2480 E IptablesRestoreController: *nat
03-25 17:33:38.444  2480  2480 E IptablesRestoreController: :knox_vpn_nat_preroute -
03-25 17:33:38.444  2480  2480 E IptablesRestoreController: -D PREROUTING -j knox_vpn_nat_preroute
03-25 17:33:38.444  2480  2480 E IptablesRestoreController: -X knox_vpn_nat_preroute
03-25 17:33:38.444  2480  2480 E IptablesRestoreController: COMMIT
03-25 17:33:38.444  2480  2480 E IptablesRestoreController:
03-25 17:33:38.444  2480  2480