03-25 17:55:21.947   987  1028 I SurfaceFlinger: id=177 createSurf (0x0),-1 flag=80004, ImeContainer#0
03-25 17:55:21.947   987  1028 I SurfaceFlinger: id=178 createSurf (0x0),-1 flag=80004, OneHanded:17:17#0
03-25 17:55:21.947   987  1028 I SurfaceFlinger: id=179 createSurf (0x0),-1 flag=80004, FullscreenMagnification:17:17#0
03-25 17:55:21.948   987  1028 I SurfaceFlinger: id=180 createSurf (0x0),-1 flag=80004, Leaf:17:17#0
03-25 17:55:21.948   987  1028 I SurfaceFlinger: id=181 createSurf (0x0),-1 flag=80004, HideDisplayCutout:18:18#0
03-25 17:55:21.948   987  1028 I SurfaceFlinger: id=182 createSurf (0x0),-1 flag=80004, OneHanded:18:18#0
03-25 17:55:21.949   987  1028 I SurfaceFlinger: id=183 createSurf (0x0),-1 flag=80004, FullscreenMagnification:18:18#0
03-25 17:55:21.949   987  1028 I SurfaceFlinger: id=184 createSurf (0x0),-1 flag=80004, Leaf:18:18#0
03-25 17:55:21.950   987  1028 I SurfaceFlinger: id=185 createSurf (0x0),-1 flag=80004, OneHanded:19:19#0
03-25 17:55:21.950   987  1028 I SurfaceFlinger: id=186 createSurf (0x0),-1 flag=80004, FullscreenMagnification:19:19#0
03-25 17:55:21.950   987  1028 I SurfaceFlinger: id=187 createSurf (0x0),-1 flag=80004, Leaf:19:19#0
03-25 17:55:21.951   987  1028 I SurfaceFlinger: id=188 createSurf (0x0),-1 flag=80004, HideDisplayCutout:20:23#0
03-25 17:55:21.951   987  1028 I SurfaceFlinger: id=189 createSurf (0x0),-1 flag=80004, OneHanded:20:23#0
03-25 17:55:21.951   987  1028 I SurfaceFlinger: id=190 createSurf (0x0),-1 flag=80004, FullscreenMagnification:20:23#0
03-25 17:55:21.954   987  1028 I SurfaceFlinger: id=191 createSurf (0x0),-1 flag=80004, Leaf:20:23#0
03-25 17:55:21.955   987  1028 I SurfaceFlinger: id=192 createSurf (0x0),-1 flag=80004, Leaf:24:25#0
03-25 17:55:21.955   987  1028 I SurfaceFlinger: id=193 createSurf (0x0),-1 flag=80004, HideDisplayCutout:26:31#0
03-25 17:55:21.955   987  1028 I SurfaceFlinger: id=194 createSurf (0x0),-1 flag=80004, OneHanded:26:31#0
03-25 17:55:21.956   987  1028 I SurfaceFlinger: id=195 createSurf (0x0),-1 flag=80004, FullscreenMagnification:26:27#0
03-25 17:55:21.956   987  1028 I SurfaceFlinger: id=196 createSurf (0x0),-1 flag=80004, Leaf:26:27#0
03-25 17:55:21.956   987  1028 I SurfaceFlinger: id=197 createSurf (0x0),-1 flag=80004, Leaf:28:28#0
03-25 17:55:21.956   987  1028 I SurfaceFlinger: id=198 createSurf (0x0),-1 flag=80004, FullscreenMagnification:29:31#0
03-25 17:55:21.956   987  1028 I SurfaceFlinger: id=199 createSurf (0x0),-1 flag=80004, Leaf:29:31#0
03-25 17:55:21.957   987  1028 I SurfaceFlinger: id=200 createSurf (0x0),-1 flag=80004, HideDisplayCutout:32:35#0
03-25 17:55:21.957   987  1028 I SurfaceFlinger: id=201 createSurf (0x0),-1 flag=80004, OneHanded:32:35#0
03-25 17:55:21.957   987  1028 I SurfaceFlinger: id=202 createSurf (0x0),-1 flag=80004, Leaf:32:32#0
03-25 17:55:21.957   987  1028 I SurfaceFlinger: id=203 createSurf (0x0),-1 flag=80004, FullscreenMagnification:33:35#0
03-25 17:55:21.957   987  1028 I SurfaceFlinger: id=204 createSurf (0x0),-1 flag=80004, Leaf:33:35#0
03-25 17:55:21.958   987  1028 I SurfaceFlinger: id=205 createSurf (0x0),-1 flag=80004, Leaf:36:36#0
03-25 17:55:21.958   987  1028 I SurfaceFlinger: id=206 createSurf (0x0),-1 flag=80404, Display Overlays#0
03-25 17:55:21.960 22867 22867 D TspStateManager: updateCustomValue customSetting=
03-25 17:55:21.960 22867 22867 D TspStateManager: updateCustomValue customSetting=
03-25 17:55:21.962 22867 22867 D TspStateManager: updateCustomValue customSetting=
03-25 17:55:21.963 22867 22867 D TspStateManager: updateCustomValue customSetting=
03-25 17:55:21.963 22867 22867 I ActivityTaskManager: Loaded persisted task ids for user 0
03-25 17:55:21.965   987 15393 I SurfaceFlinger: id=207 createSurf (0x0),-1 flag=24004, Task=1#0
03-25 17:55:21.965 22867 22867 D SystemServerTiming: SetWindowManagerService took to complete: 32ms
03-25 17:55:21.965 22867 22867 I SystemServerTiming: WindowManagerServiceOnInitReady
03-25 17:55:21.966 22867 22896 D TspStateManager: updateCustomValue customSetting=
03-25 17:55:21.974 22867 22896 I GenerationRegistry: mBackingStore.isClosed() : false
03-25 17:55:21.977 22867 22896 V Vibrator: semGetSupportedVibrationType: ret=4
03-25 17:55:21.979 22867 22896 D InputManager: checkInputFeature : features = 0x305
03-25 17:55:21.980 22664 22664 I Zygote  : ...preloaded 13901 classes in 527ms.
03-25 17:55:21.980 22664 22664 D ZygoteInitTiming_lazy: PreloadClasses took to complete: 528ms
03-25 17:55:21.981 22867 22896 V KeyCustomizationInfoManager: loadSettingsLockedInternal
03-25 17:55:21.981 22867 22867 D SystemServerTiming: WindowManagerServiceOnInitReady took to complete: 15ms
03-25 17:55:21.981 22867 22867 I SystemServerTiming: StartVrManagerService
03-25 17:55:21.981 22867 22867 I SystemServiceManager: Starting com.android.server.vr.VrManagerService
03-25 17:55:21.982 22867 23333 I SystemServerTimingAsync: InitThreadPoolExec:StartHidlServices
03-25 17:55:21.982 22867 23333 I SystemServerTimingAsync: StartHidlServices
03-25 17:55:21.982   626   626 I hwservicemanager: getTransport: Cannot find entry android.hardware.vr@1.0::IVr/default in either framework or device VINTF manifest.
03-25 17:55:21.982 22867 22867 W VrManagerService: init_native: Could not open IVr interface
03-25 17:55:21.982 22867 22896 D KeyCustomizationInfoManager: loadSettings duration=2 version=1.0 userId=0 userSwitching=false
03-25 17:55:21.983   625   673 I servicemanager: Adding 'u:r:system_server:s0' service (vrmanager:22867)
03-25 17:55:21.983 22867 22896 D PhoneWindowManagerExt:  updateDoublePressPowerBehavior  mPolicy.mDoublePressOnPowerBehavior : 104
03-25 17:55:21.983 22867 23333 I HidlServiceManagement: Registered android.frameworks.sensorservice@1.0::ISensorManager/default
03-25 17:55:21.983 22867 22867 D SystemServerTiming: StartVrManagerService took to complete: 1ms
03-25 17:55:21.983 22867 22867 I SystemServerTiming: StartXrManagerService
03-25 17:55:21.983 22867 22867 I SystemServiceManager: Starting com.android.server.vr.XrManagerService
03-25 17:55:21.983 22867 22867 D XrManagerService: ---- XrManagerService onStart ----
03-25 17:55:21.984 22664 22664 D ApplicationLoaders: Created zygote-cached class loader: /system/framework/android.hidl.base-V1.0-java.jar
03-25 17:55:21.985   625   673 I servicemanager: Adding 'u:r:system_server:s0' service (vr:22867)
03-25 17:55:21.985 22867 22867 D SystemServerTiming: StartXrManagerService took to complete: 2ms
03-25 17:55:21.985 22867 22867 I SystemServerTiming: startDesktopModeService
03-25 17:55:21.985 22867 23333 I HidlServiceManagement: Registered android.frameworks.schedulerservice@1.0::ISchedulingPolicyService/default
03-25 17:55:21.985 22867 22867 I SystemServiceManager: Starting com.android.server.desktopmode.DesktopModeService$Lifecycle
03-25 17:55:21.985 22867 23333 D SystemServerTimingAsync: StartHidlServices took to complete: 4ms
03-25 17:55:21.985 22867 23333 D SystemServerTimingAsync: InitThreadPoolExec:StartHidlServices took to complete: 4ms
03-25 17:55:21.987 22664 22664 D ApplicationLoaders: Created zygote-cached class loader: /system/framework/android.hidl.manager-V1.0-java.jar
03-25 17:55:21.990 22664 22664 D ApplicationLoaders: Created zygote-cached class loader: /system/framework/android.test.base.jar
03-25 17:55:21.990 22664 22664 D ZygoteInitTiming_lazy: CacheNonBootClasspathClassLoaders took to complete: 9ms
03-25 17:55:21.990 22664 22664 I Zygote  : Preloading resources...
03-25 17:55:21.990   625   673 I servicemanager: Adding 'u:r:system_server:s0' service (desktopmode:22867)
03-25 17:55:21.990 22867 22867 D SystemServerTiming: startDesktopModeService took to complete: 6ms
03-25 17:55:21.990 22867 22867 I SystemServerTiming: StartRemoteAppModeService
03-25 17:55:21.990 22867 22867 I SystemServiceManager: Starting com.android.server.remoteappmode.RemoteAppModeService$Lifecycle
03-25 17:55:21.992   625   673 I servicemanager: Adding 'u:r:system_server:s0' service (remoteappmode:22867)
03-25 17:55:21.992 22867 22867 D SystemServerTiming: StartRemoteAppModeService took to complete: 1ms
03-25 17:55:21.992 22867 22867 I SystemServerTiming: IcccManagerService
03-25 17:55:21.992 22867 22867 D SystemServerTiming: IcccManagerService took to complete: 0ms
03-25 17:55:21.992 22867 22867 I SystemServerTiming: StartInputManager
03-25 17:55:21.992 22867 22867 I InputManager: Starting input manager
03-25 17:55:21.993 22867 23337 D EventHub: No input device configuration file found for device 'als_rear'.
03-25 17:55:21.994 22664 22664 W Resources: Preloaded drawable resource #0x108029e (android:drawable/dialog_background_material) that varies with configuration!!
03-25 17:55:21.995 22867 23337 D EventHub: No input device configuration file found for device 'grip_sensor'.
03-25 17:55:21.996 22867 22867 D InputManager: write sysfs : glove_mode,0
03-25 17:55:21.996 22867 23337 D EventHub: No input device configuration file found for device 'qpnp_pon'.
03-25 17:55:21.997 22867 22867 D InputManager: accessibility service : com.samruston.buzzkill/com.samruston.buzzkill.background.accessibility.WorkaroundAccessibilityService:net.dinglisch.android.taskerm/net.dinglisch.android.taskerm.MyAccessibilityService:com.catchingnow.undo/com.catchingnow.undo.service.EditorPluginService:net.blumia.pineapple.lockscreen.oss/net.blumia.pineapple.accessibility.A11yService:com.balda.touchtask/com.balda.touchtask.services.ExecutorService:com.github.bmx666.appcachecleaner/com.github.bmx666.appcachecleaner.service.AppCacheCleanerService:com.buzbuz.smartautoclicker/com.buzbuz.smartautoclicker.SmartAutoClickerService:com.buzbuz.smartautoclicker.debug/com.buzbuz.smartautoclicker.SmartAutoClickerService:com.a0soft.gphone.acc.pro/com.a0soft.gphone.acc.acs.AutoAccessSrvc
03-25 17:55:21.997 22867 22867 D InputManager: talkbackEnabled : false
03-25 17:55:21.997 22867 22867 D InputDispatcher: mTalkBackMode : 0
03-25 17:55:21.997 22867 22867 D InputManager: checkInputFeature : features = 0x305
03-25 17:55:21.997 22867 22867 D InputManager: Write sysfs : aot_enable,1
03-25 17:55:21.999 22867 22867 D InputManager: Send AOT On/Off, File not found: /sys/class/lcd/panel/aot
03-25 17:55:21.999 22867 22867 I InputManager-JNI: Setting show hovering feature to enabled.
03-25 17:55:22.000 22867 22867 D InputManager: SettingNotFoundException : primary mouse button
03-25 17:55:22.000 22867 22867 I InputManager-JNI: Setting primary mouse button location as 0.
03-25 17:55:22.000 22867 22867 I InputManager-JNI: Setting scroll speed as 1.
03-25 17:55:22.001 22867 22867 I InputManager-JNI: Setting use mouse acceleration as true.
03-25 17:55:22.001 22867 22867 I InputManager-JNI: Setting secondary button behavior as 1.
03-25 17:55:22.001 22867 22867 I InputManager-JNI: Setting tertiary button behavior as 3.
03-25 17:55:22.001 22867 22867 I InputManager-JNI: Setting back button behavior as 7.
03-25 17:55:22.001 22867 22867 I InputManager-JNI: Setting forward button behavior as 4.
03-25 17:55:22.001 22867 22867 D InputManager: updateTapToClickFromSetting : 1
03-25 17:55:22.001 22867 22867 D InputManager: updateReverseSwipeFromSetting : 0
03-25 17:55:22.001 22867 22867 I InputManager: updatePointerIcon color=0xffffff size=1.0
03-25 17:55:22.001 22867 22867 I PointerIcon: Changes PoinerIcons color=0xffffff size=1.0
03-25 17:55:22.002 22867 23337 W EventHub: Unable to disable kernel key repeat for /dev/input/event0:Function not implemented
03-25 17:55:22.002 22867 23337 I EventHub: usingClockIoctl=true
03-25 17:55:22.002 22867 23337 I EventHub: New device: id=3, fd=355, path='/dev/input/event0', name='qpnp_pon', classes=KEYBOARD, configuration='', keyLayout='/system/usr/keylayout/Generic.kl', keyCharacterMap='/system/usr/keychars/Generic.kcm', builtinKeyboard=false,
03-25 17:55:22.003 22664 22664 I Zygote  : ...preloaded 64 resources in 13ms.
03-25 17:55:22.003 22867 22867 I InputManager: Disabling motion classifier because just booted: feature enabled, long press timeout = 500
03-25 17:55:22.003 22867 22867 I InputClassifier: Disabling motion classifier
03-25 17:55:22.005 22867 23337 I EventHub: usingClockIoctl=true
03-25 17:55:22.005 22867 23337 I EventHub: New device: id=4, fd=356, path='/dev/input/event11', name='certify_hall', classes=SWITCH, configuration='/system/usr/idc/certify_hall.idc', keyLayout='', keyCharacterMap='', builtinKeyboard=false,
03-25 17:55:22.005 22867 23337 D EventHub: No input device configuration file found for device 'sec_touchpad'.
03-25 17:55:22.005 22664 22664 I Zygote  : ...preloaded 41 resources in 3ms.
03-25 17:55:22.005 22664 22664 D ZygoteInitTiming_lazy: PreloadResources took to complete: 16ms
03-25 17:55:22.008 22867 23337 W EventHub: Unable to disable kernel key repeat for /dev/input/event4:Function not implemented
03-25 17:55:22.008 22867 23337 I EventHub: usingClockIoctl=true
03-25 17:55:22.008 22867 23337 I EventHub: New device: id=5, fd=358, path='/dev/input/event4', name='sec_touchpad', classes=KEYBOARD | TOUCH | TOUCH_MT, configuration='', keyLayout='/system/usr/keylayout/Generic.kl', keyCharacterMap='/system/usr/keychars/Generic.kcm', builtinKeyboard=false,
03-25 17:55:22.008 22867 23337 D EventHub: No input device configuration file found for device 'meta_event'.
03-25 17:55:22.010 22867 23337 I EventHub: usingClockIoctl=true
03-25 17:55:22.010 22867 23337 I EventHub: New device: id=7, fd=359, path='/dev/input/event10', name='hall', classes=SWITCH, configuration='/system/usr/idc/hall.idc', keyLayout='', keyCharacterMap='', builtinKeyboard=false,
03-25 17:55:22.011 22867 23337 D EventHub: No input device configuration file found for device 'sec_touchproximity'.
03-25 17:55:22.011 22867 23337 D EventHub: No input device configuration file found for device 'gpio_keys'.
03-25 17:55:22.014 22867 23337 W EventHub: Unable to disable kernel key repeat for /dev/input/event9:Function not implemented
03-25 17:55:22.014 22867 23337 I EventHub: usingClockIoctl=true
03-25 17:55:22.014 22867 23337 I EventHub: New device: id=9, fd=360, path='/dev/input/event9', name='gpio_keys', classes=KEYBOARD, configuration='', keyLayout='/system/usr/keylayout/Generic.kl', keyCharacterMap='/system/usr/keychars/Generic.kcm', builtinKeyboard=false,
03-25 17:55:22.014 22867 23337 D EventHub: No input device configuration file found for device 'grip_notifier'.
03-25 17:55:22.015 22867 22867 D SystemServerTiming: StartInputManager took to complete: 23ms
03-25 17:55:22.015 22867 22867 I SystemServer: VoIPInterfaceManager Service
03-25 17:55:22.016 22867 23337 D EventHub: No input device configuration file found for device 'sec_touchscreen'.
03-25 17:55:22.016 22867 22867 D VoIPInterfaceManager: VoIPInterfaceManager()...
03-25 17:55:22.016 22664 22664 D libEGL  : loaded /vendor/lib/egl/libEGL_adreno.so
03-25 17:55:22.016 22867 22867 E BluetoothAdapter: Bluetooth binder is null
03-25 17:55:22.016 22867 22867 E VoIPInterfaceManager: BluetoothAdapter is null
03-25 17:55:22.016 22867 22867 D VoIPInterfaceManager: START VOIPINTERFACE SERVICE
03-25 17:55:22.017   625   673 I servicemanager: Adding 'u:r:system_server:s0' service (voip:22867)
03-25 17:55:22.017 22867 22867 I SystemServerTiming: DisplayManagerWindowManagerAndInputReady
03-25 17:55:22.017 22867 22867 D SystemServerTiming: DisplayManagerWindowManagerAndInputReady took tocomplete: 1ms
03-25 17:55:22.017 22867 22867 I SystemServerTiming: StartBluetoothService
03-25 17:55:22.017 22867 22867 I SystemServiceManager: Starting com.android.server.BluetoothService
03-25 17:55:22.017 22867 22899 I LogicalDisplayMapper: Requesting Transition to state: 0
03-25 17:55:22.017 22867 22899 I LogicalDisplayMapper: Applying layout: [{addr: {port=129, model=0x40446df8ca940a}, dispId: 0(ON)}], Previous layout: [{addr: {port=129, model=0x40446df8ca940a}, dispId: 0(ON)}]
03-25 17:55:22.018 22867 23337 W EventHub: Unable to disable kernel key repeat for /dev/input/event3:Function not implemented
03-25 17:55:22.018 22867 23337 I EventHub: usingClockIoctl=true
03-25 17:55:22.018 22867 23337 I EventHub: New device: id=11, fd=357, path='/dev/input/event3', name='sec_touchscreen', classes=KEYBOARD | TOUCH | TOUCH_MT, configuration='', keyLayout='/system/usr/keylayout/Generic.kl', keyCharacterMap='/system/usr/keychars/Generic.kcm', builtinKeyboard=false,
03-25 17:55:22.019 22867 22867 D SecContentProvider: query(), uri = 3 selection = isBluetoothEnabled
03-25 17:55:22.019 22867 22867 D SecContentProvider: called from android.uid.system:1000
03-25 17:55:22.019 22664 22664 D libEGL  : loaded /vendor/lib/egl/libGLESv1_CM_adreno.so
03-25 17:55:22.019 22867 22867 D SecContentProvider: query(), uri = 3 selection = isBLEAllowed
03-25 17:55:22.019 22867 22867 D SecContentProvider: called from android.uid.system:1000
03-25 17:55:22.020 22867 23337 W EventHub: Unable to disable kernel key repeat for /dev/input/event2:Function not implemented
03-25 17:55:22.020 22867 23337 I EventHub: usingClockIoctl=true
03-25 17:55:22.020 22867 23337 I EventHub: New device: id=12, fd=361, path='/dev/input/event2', name='sec_e-pen', classes=KEYBOARD | TOUCH | SWITCH, configuration='/system/usr/idc/sec_e-pen.idc', keyLayout='/system/usr/keylayout/Generic.kl', keyCharacterMap='/system/usr/keychars/Generic.kcm', builtinKeyboard=false,
03-25 17:55:22.020 22867 22867 D BluetoothManagerService: Detected SystemUiUid: 10038
03-25 17:55:22.020 22867 22867 D SystemServerTiming: StartBluetoothService took to complete: 3ms
03-25 17:55:22.020 22867 22867 I SystemServer: Hqm Service
03-25 17:55:22.022 22867 23337 I InputReader: Device added: id=-1, eventHubId=-1, name='Virtual', descriptor='a718a782d34bc767f4689c232d64d527998ea7fd',sources=0x00000301
03-25 17:55:22.022 22867 23337 D InputReader: Device 2: switch 0, valid 80000
03-25 17:55:22.022 22867 23337 D InputReader: switch code map : 0x0a:0x1f,0x0b:0x1b,0x0c:0x1e,0x0f:0x13,0x10:0x15
03-25 17:55:22.023 22867 23337 W InputReader: could not find default display for sec_e-pen
03-25 17:55:22.023 22867 23337 W InputReader: Can't find designated display viewport with ID 0 for pointers.
03-25 17:55:22.023 22867 23337 I InputReader: Touch device 'sec_e-pen' could not query the propertiesof its associated display.  The device will be inoperable until the display size becomes available.
03-25 17:55:22.023 22867 23337 I InputReader: Device added: id=2, eventHubId=12, name='sec_e-pen', descriptor='8d3a4578bc04c65b36fda3518c1104ce811ed68e',sources=0x80005103
03-25 17:55:22.023 22867 23337 I InputReader: support feature by TSP : 0x305
03-25 17:55:22.023 22867 23337 I InputReader: support feature by TSP : 0x305
03-25 17:55:22.023 22867 23337 I InputReader: Touch device 'sec_touchscreen' could not query the properties of its associated display.  The device will be inoperable until the display size becomes available.
03-25 17:55:22.023 22867 23337 D InputReader: MultiTouchMotionAccumulator: initial slot number is 1
03-25 17:55:22.023 22867 23337 I InputReader: Device added: id=3, eventHubId=11, name='sec_touchscreen', descriptor='0fa9d3d0d40f7f5b316320876742e00ad5eb1ba9',sources=0x00001103
03-25 17:55:22.023 22867 23337 I InputReader: Device added: id=4, eventHubId=9, name='gpio_keys', descriptor='485d69228e24f5e46da1598745890b214130dbc4',sources=0x00000101
03-25 17:55:22.023 22867 23337 D InputReader: Device 5: switch 0, valid 200000
03-25 17:55:22.024 22867 23337 D InputReader: switch code map : 0x0a:0x1f,0x0b:0x1b,0x0c:0x1e,0x0f:0x13,0x10:0x15
03-25 17:55:22.024 22867 23337 I InputReader: Device added: id=5, eventHubId=7, name='hall', descriptor='2786157a00c35a5b99a9677f95108b156b14eb18',sources=0x80000000
03-25 17:55:22.024 22867 23337 W InputReader: could not find default display for sec_touchpad
03-25 17:55:22.024 22867 23337 W InputReader: Can't find designated display viewport with ID 0 for pointers.
03-25 17:55:22.024 22867 23337 I InputReader: Touch device 'sec_touchpad' could not query the properties of its associated display.  The device will be inoperable until the display size becomes available.
03-25 17:55:22.024 22867 23337 D InputReader: MultiTouchMotionAccumulator: initial slot number is 0
03-25 17:55:22.024 22867 23337 I InputReader: Device added: id=6, eventHubId=5, name='sec_touchpad', descriptor='6bb78087f323d376bc537679f3f2a4c034fb4659',sources=0x00003103
03-25 17:55:22.024 22867 23337 D InputReader: deviceId 6 is Touchpad sec_touchpad
03-25 17:55:22.024 22867 23337 D InputDispatcher: Touchpad deviceId 6 : /dev/input/event4
03-25 17:55:22.024 22867 23337 D InputReader: Device 7: switch 0, valid 8000000
03-25 17:55:22.024 22867 23337 D InputReader: switch code map : 0x0a:0x1f,0x0b:0x1b,0x0c:0x1e,0x0f:0x13,0x10:0x15
03-25 17:55:22.024 22867 23337 I InputReader: Device added: id=7, eventHubId=4, name='certify_hall', descriptor='5a992b125b028d8005f2be21d193b9e73694f332',sources=0x80000000
03-25 17:55:22.024 22867 23337 I InputReader: Device added: id=8, eventHubId=3, name='qpnp_pon', descriptor='fb60d4f4370f5dbe8267b63d38dea852987571ab',sources=0x00000101
03-25 17:55:22.024 22867 23337 D InputReader: verified(0->0), type(-1->-1), front(-1->0), back(0->0),glove(0->0), penCover(0->0), pogo(0->0), notify(1)
03-25 17:55:22.024 22867 23337 D InputReader: TspCmd: clear_cover_mode,0
03-25 17:55:22.024 22867 23337 D InputReader: PenCmd: clear_cover_mode,0
03-25 17:55:22.024 22867 23337 D InputReader: Could not open TSP sysfs for touchkey_flip_mode
03-25 17:55:22.024 22867 23337 D InputReader: TouchkeyFlipMode: 0
03-25 17:55:22.024 22867 23337 D InputReader: Could not open TSP sysfs for touchkey_glove_mode
03-25 17:55:22.024 22867 23337 D InputReader: TouchkeyGloveMode: 0
03-25 17:55:22.024 22867 23337 D InputReader: EpenCoverMode: set_cover_type,0
03-25 17:55:22.025 22867 23337 I InputReader: Reconfiguring input devices, changes=POINTER_SPEED | SHOW_HOVERING | GENERAL_STATUS | MOUSE_BUTTON_BEHAVIOR |  360449
03-25 17:55:22.025 22867 23337 W InputReader: could not find default display for sec_touchpad
03-25 17:55:22.025 22867 23337 W InputReader: Can't find designated display viewport with ID 0 for pointers.
03-25 17:55:22.025 22867 23337 I InputReader: Touch device 'sec_touchpad' could not query the properties of its associated display.  The device will be inoperable until the display size becomes available.
03-25 17:55:22.025 22867 23337 I InputReader: Touch device 'sec_touchscreen' could not query the properties of its associated display.  The device will be inoperable until the display size becomes available.
03-25 17:55:22.025 22867 23337 W InputReader: could not find default display for sec_e-pen
03-25 17:55:22.025 22867 23337 W InputReader: Can't find designated display viewport with ID 0 for pointers.
03-25 17:55:22.025 22867 23337 I InputReader: Touch device 'sec_e-pen' could not query the propertiesof its associated display.  The device will be inoperable until the display size becomes available.
03-25 17:55:22.025 22867 22867 I HqmInfo::HqmManagerService: Start
03-25 17:55:22.026 22867 22867 I HqmInfo::a: log level : 10
03-25 17:55:22.026 22867 22867 I HqmInfo::HqmManagerService: Hqm - Enable
03-25 17:55:22.027 22664 22664 D libEGL  : loaded /vendor/lib/egl/libGLESv2_adreno.so
03-25 17:55:22.038 22867 22867 I HqmInfo::f: set DQ
03-25 17:55:22.045   626   626 I hwservicemanager: Since vendor.samsung.hardware.hqm@1.0::ISehHqm/default is not registered, trying to start it as a lazy HAL.
03-25 17:55:22.046   626   626 I hwservicemanager: Since vendor.samsung.hardware.hqm@1.0::ISehHqm/default is not registered, trying to start it as a lazy HAL.
03-25 17:55:22.046 22867 22867 I HidlServiceManagement: getService: Trying again for vendor.samsung.hardware.hqm@1.0::ISehHqm/default...
03-25 17:55:22.059 23342 23342 D vendor.samsung.hardware.hqm@1.0-service: SehHqm-1.0 starts
03-25 17:55:22.060 23342 23342 I vendor.samsung.hardware.hqm@1.0-service: Registering HAL: vendor.samsung.hardware.hqm@1.0::ISehHqm with name: default
03-25 17:55:22.061 22664 22664 E libEGL  : dlopen("libSEC_EGL.so") failed: dlopen failed: library "libSEC_EGL.so" not found
03-25 17:55:22.062 22664 22664 I Zygote  : Preloading shared libraries...
03-25 17:55:22.063 23342 23342 I HidlServiceManagement: Registered vendor.samsung.hardware.hqm@1.0::ISehHqm/default
03-25 17:55:22.064 23342 23342 I HidlServiceManagement: Removing namespace from process name vendor.samsung.hardware.hqm@1.0-service to hqm@1.0-service.
03-25 17:55:22.064   626   626 I hw-BpHwBinder: onLastStrongRef automatically unlinking death recipients
03-25 17:55:22.064 22867 22867 I android_os_HwBinder: HwBinder: Starting thread pool for getting: vendor.samsung.hardware.hqm@1.0::ISehHqm/default
03-25 17:55:22.065 23342 23342 E Hqm_hidl_k: Hqm readSysfs /sys/class/scsi_host/host0/lt
03-25 17:55:22.066 23342 23342 E Hqm_hidl_k: read val : 4
03-25 17:55:22.066 23342 23342 E Hqm_hidl_k:
03-25 17:55:22.067 22664 22664 I Zygote  : Called ZygoteHooks.endPreload()
03-25 17:55:22.067 23342 23342 E Hqm_hidl_k: Hqm readSysfs /sys/class/scsi_host/host0/sense_err_logging
03-25 17:55:22.067 22664 22664 I Zygote  : Installed AndroidKeyStoreProvider in 1ms.
03-25 17:55:22.067 23342 23342 E Hqm_hidl_k: read val : "LBA0":"0","LBA1":"0","LBA2":"0","LBA3":"0","LBA4":"0","LBA5":"0","LBA6":"0","LBA7":"0","LBA8":"0","LBA9":"0","REGIONMAP":"0000000000000000"
03-25 17:55:22.067 23342 23342 E Hqm_hidl_k:
03-25 17:55:22.068 23342 23342 E Hqm_hidl_k: Hqm readSysfs /sys/class/scsi_host/host0/SEC_UFS_TW_info
03-25 17:55:22.068 23342 23342 E Hqm_hidl_k: read val : "TWCTRLCNT":"10","TWCTRLERRCNT":"0","TWDAILYMB":"103","TWTOTALMB":"1377","H8CNT":"177","H8MS":"94014","H8CNT100MS":"68","H8MS100MS":"89651","H8MAXMS":"3971","TWhours":"0"
03-25 17:55:22.068 23342 23342 E Hqm_hidl_k:
03-25 17:55:22.068 23342 23342 E Hqm_hidl_k: Hqm readSysfs /sys/class/sec/mmc/mmc_data
03-25 17:55:22.068 23342 23342 E Hqm_hidl_k: Hqm HAL : /sys/class/sec/mmc/mmc_data is null
03-25 17:55:22.069 23342 23342 E Hqm_hidl_k: Hqm readSysfs /sys/class/sec/sddata/sd_data
03-25 17:55:22.069 23342 23342 E Hqm_hidl_k: read val : "GE":"0","CC":"0","ECC":"0","WP":"0","OOR":"0","CRC":"0","TMO":"0"
03-25 17:55:22.069 23342 23342 E Hqm_hidl_k:
03-25 17:55:22.070 23342 23342 E Hqm_hidl_k: Hqm readSysfs /sys/class/fingerprint/fingerprint/name
03-25 17:55:22.070 23342 23342 E Hqm_hidl_k: read val : QBT2000
03-25 17:55:22.070 23342 23342 E Hqm_hidl_k:
03-25 17:55:22.071 23342 23342 E Hqm_hidl_k: Hqm readSysfs /sys/class/fingerprint/fingerprint/name
03-25 17:55:22.071 22664 22664 I Zygote  : Warmed up JCA providers in 3ms.
03-25 17:55:22.071 22664 22664 D Zygote  : end preload
03-25 17:55:22.071 23342 23342 E Hqm_hidl_k: read val : QBT2000
03-25 17:55:22.071 23342 23342 E Hqm_hidl_k:
03-25 17:55:22.071 23342 23342 E Hqm_hidl_k: Hqm readSysfs /sys/class/fingerprint/fingerprint/name
03-25 17:55:22.071 23342 23342 E Hqm_hidl_k: read val : QBT2000
03-25 17:55:22.071 23342 23342 E Hqm_hidl_k:
03-25 17:55:22.071 22867 23285 D SystemServerTimingAsync: SecondaryZygotePreload took to complete: 637ms
03-25 17:55:22.071 22867 23285 D SystemServerTimingAsync: InitThreadPoolExec:SecondaryZygotePreload took to complete: 637ms
03-25 17:55:22.072   697   697 D io_stats: !@   8,0 r 441832 8837476 w 119929 2807724 d 0 0 f 0 0 iot77100 0 th 0 0 0 pt 0 inp 0 0 690.068
03-25 17:55:22.073   625   673 I servicemanager: Adding 'u:r:system_server:s0' service (HqmManagerService:22867)
03-25 17:55:22.073 22867 22867 I SystemServerTiming: HcmManagerService
03-25 17:55:22.073 22867 22867 E SystemServer: HcmManagerService ApmSwitch = 0
03-25 17:55:22.077 22867 22867 D LazyService: HcmManagerService addService
03-25 17:55:22.077 22867 22867 D SystemServerTiming: HcmManagerService took to complete: 3ms
03-25 17:55:22.077 22867 22867 I SystemServerTiming: IpConnectivityMetrics
03-25 17:55:22.077 22867 22867 I SystemServiceManager: Starting com.android.server.connectivity.IpConnectivityMetrics
03-25 17:55:22.077 22867 22867 D SystemServerTiming: IpConnectivityMetrics took to complete: 0ms
03-25 17:55:22.077 22867 22867 I SystemServerTiming: NetworkWatchlistService
03-25 17:55:22.077 22867 22867 I SystemServiceManager: Starting com.android.server.net.watchlist.NetworkWatchlistService$Lifecycle
03-25 17:55:22.078 22867 22867 I WatchlistSettings: Reload watchlist settings done
03-25 17:55:22.079 22867 23345 I WatchlistLoggingHandler: No need to aggregate record yet.
03-25 17:55:22.079 22867 23345 I WatchlistLoggingHandler: Milliseconds spent on tryAggregateRecords(): 0
03-25 17:55:22.079   625   673 I servicemanager: Adding 'u:r:system_server:s0' service (network_watchlist:22867)
03-25 17:55:22.079 22867 22867 D SystemServerTiming: NetworkWatchlistService took to complete: 1ms
03-25 17:55:22.079 22867 22867 I SystemServerTiming: PinnerService
03-25 17:55:22.079 22867 22867 I SystemServiceManager: Starting com.android.server.PinnerService
03-25 17:55:22.079 22867 22867 V HistoricalRegistry: Interaction before persistence initialized
03-25 17:55:22.080   625   673 I servicemanager: Adding 'u:r:system_server:s0' service (pinner:22867)
03-25 17:55:22.080 22867 22867 D SystemServerTiming: PinnerService took to complete: 1ms
03-25 17:55:22.080 22867 22867 I SystemServerTiming: IorapForwardingService
03-25 17:55:22.080 22867 22867 I SystemServiceManager: Starting com.google.android.startop.iorap.IorapForwardingService
03-25 17:55:22.080 22867 22867 D SystemServerTiming: IorapForwardingService took to complete: 1ms
03-25 17:55:22.080 22867 22867 I SystemServerTiming: SignedConfigService
03-25 17:55:22.080 22867 22867 D SystemServerTiming: SignedConfigService took to complete: 0ms
03-25 17:55:22.080 22867 22867 I SystemServerTiming: AppIntegrityService
03-25 17:55:22.080 22867 22867 I SystemServiceManager: Starting com.android.server.integrity.AppIntegrityManagerService
03-25 17:55:22.080 22867 22867 E IntegrityFileManager: Error creating staging and rules directory
03-25 17:55:22.081   625   673 I servicemanager: Adding 'u:r:system_server:s0' service (app_integrity:22867)
03-25 17:55:22.081 22867 22867 D SystemServerTiming: AppIntegrityService took to complete: 1ms
03-25 17:55:22.081 22867 22867 I SystemServerTiming: SecIpmManagerService
03-25 17:55:22.082 22867 22867 I SystemServiceManager: Starting com.android.server.ipm.SecIpmManagerService
03-25 17:55:22.083   625   673 I servicemanager: Adding 'u:r:system_server:s0' service (PkgPredictorService:22867)
03-25 17:55:22.083 22867 22867 D SystemServerTiming: SecIpmManagerService took to complete: 2ms
03-25 17:55:22.083 22867 22867 I SystemServerTiming: detectSafeMode
03-25 17:55:22.083 22867 22867 I SystemServer: !@Boot_EBS_D: detectSafeMode
03-25 17:55:22.084 22867 22867 I WindowManager: SAFE MODE not enabled
03-25 17:55:22.084 22867 22867 D SystemServerTiming: detectSafeMode took to complete: 0ms
03-25 17:55:22.084 22867 22867 I SystemServerTiming: StartInputMethodManagerLifecycle
03-25 17:55:22.084 22867 22867 I SystemServiceManager: Starting com.android.server.inputmethod.InputMethodManagerService$Lifecycle
03-25 17:55:22.087 22867 22867 D InputMethodManagerService: Initial default ime = com.samsung.android.honeyboard/.service.HoneyBoardService mImeSelectedOnBoot :true
03-25 17:55:22.087 22867 22867 I InputMethodManagerService: Spen input enable
03-25 17:55:22.088   625   673 I servicemanager: Adding 'u:r:system_server:s0' service (input_method:22867)
03-25 17:55:22.088 22867 22867 D SystemServerTiming: StartInputMethodManagerLifecycle took to complete: 4ms
03-25 17:55:22.088 22867 22867 I SystemServerTiming: StartAccessibilityManagerService
03-25 17:55:22.088 22867 22867 I SystemServiceManager: Starting com.android.server.accessibility.AccessibilityManagerService$Lifecycle
03-25 17:55:22.091 22867 22867 D SettingsProvider: isChangeAllowed() : name = accessibility_magnification_activated
03-25 17:55:22.093 22867 22867 I AccessibilityManagerService: register AODStateContentObserver
03-25 17:55:22.093   625   673 I servicemanager: Adding 'u:r:system_server:s0' service (accessibility:22867)
03-25 17:55:22.094 22867 22867 D SystemServerTiming: StartAccessibilityManagerService took to complete: 6ms
03-25 17:55:22.094 22867 22867 I SystemServerTiming: MakeDisplayReady
03-25 17:55:22.094 22867 22867 D SettingsProvider: isChangeAllowed() : name = display_size_forced
03-25 17:55:22.094 22867 22867 D SettingsProvider: isChangeAllowed() : name = display_density_forced
03-25 17:55:22.094 22867 22867 D TspStateManager: updateCustomValue customSetting=
03-25 17:55:22.095 22867 22867 V WindowManager: updateDisplayAndOrientation: Change 501.041x498.167dpi to 375.78073x373.62524dpi, BaseDpi=501.041x498.167, DisplayRatio=0.75x0.75
03-25 17:55:22.095 22867 22867 W InputReader: Device sec_touchpad is associated with display ADISPLAY_ID_NONE.
03-25 17:55:22.095 22867 22867 W InputReader: Device sec_touchscreen is associated with display ADISPLAY_ID_NONE.
03-25 17:55:22.095 22867 22867 W InputReader: Device sec_e-pen is associated with display ADISPLAY_ID_NONE.
03-25 17:55:22.095 22867 22867 D TspStateManager: updateCustomValue customSetting=
03-25 17:55:22.096 22867 22867 W InputReader: Device sec_touchpad is associated with display ADISPLAY_ID_NONE.
03-25 17:55:22.096 22867 22867 W InputReader: Device sec_touchscreen is associated with display ADISPLAY_ID_NONE.
03-25 17:55:22.096 22867 22867 W InputReader: Device sec_e-pen is associated with display ADISPLAY_ID_NONE.
03-25 17:55:22.096 22867 22867 D TspStateManager: updateCustomValue customSetting=
03-25 17:55:22.096 22867 22867 D TspStateManager: updateCustomValue customSetting=
03-25 17:55:22.097 22867 22867 W InputReader: Device sec_touchpad is associated with display ADISPLAY_ID_NONE.
03-25 17:55:22.097 22867 22867 W InputReader: Device sec_touchscreen is associated with display ADISPLAY_ID_NONE.
03-25 17:55:22.097 22867 22867 W InputReader: Device sec_e-pen is associated with display ADISPLAY_ID_NONE.
03-25 17:55:22.097 22867 22867 D TspStateManager: updateCustomValue customSetting=
03-25 17:55:22.097 22867 22867 I ActivityTaskManager: Config changes=20005df8 {1.0 ?mcc?mnc [en_US] ldltr sw411dp w411dp h788dp 420dpi nrml long port ?uimode ?night -touch -keyb/v/h -nav/h winConfig={ mBounds=Rect(0, 0 - 1080, 2280) mAppBounds=Rect(0, 85 - 1080, 2154) mMaxBounds=Rect(0, 0 - 1080, 2280) mWindowingMode=fullscreen mDisplayWindowingMode=fullscreen mActivityType=undefined mAlwaysOnTop=undefined mRotation=ROTATION_0 mPopOver=undefined mFreeformTaskPinningState=undefined} s.2 ?fontWeightAdjustment ff=0 bf=-1 bts=-1 desktop/d dm/n ?dc ?dcui ?dcaf enb/d themeSeq=0}
03-25 17:55:22.098 22867 22867 I WindowManager: Override config changes=60007dfc {1.0 ?mcc?mnc [en_US] ldltr sw411dp w411dp h788dp 420dpi nrml long port ?uimode ?night -touch -keyb/v/h -nav/h winConfig={mBounds=Rect(0, 0 - 1080, 2280) mAppBounds=Rect(0, 85 - 1080, 2154) mMaxBounds=Rect(0, 0 - 1080, 2280) mWindowingMode=fullscreen mDisplayWindowingMode=fullscreen mActivityType=undefined mAlwaysOnTop=undefined mRotation=ROTATION_0 mPopOver=undefined mFreeformTaskPinningState=undefined} s.2 ?fontWeightAdjustment ff=0 bf=-1 bts=-1 desktop/d dm/n ?dc ?dcui ?dcaf enb/d themeSeq=0} for displayId=0
03-25 17:55:22.098 22867 22867 D TspStateManager: updateCustomValue customSetting=
03-25 17:55:22.099 22867 22867 I MultiTaskingController: onConfigurationChangedLocked: display#0, configChanges=0x60007dfc, scaleW=0.75, scaleH=0.75, prevScreenBounds=Rect(0, 0 - 1440, 3040), nextScreenBounds=Rect(0, 0 - 1080, 2280)
03-25 17:55:22.099 22867 22867 I DecorCaptionResources: updateDisplayMetrics: base config={1.0 ?mcc?mnc [en_US] ldltr sw411dp w411dp h788dp 420dpi nrml long port ?uimode ?night -touch -keyb/v/h -nav/h winConfig={ mBounds=Rect(0, 0 - 1080, 2280) mAppBounds=Rect(0, 85 - 1080, 2154) mMaxBounds=Rect(0, 0 - 1080, 2280) mWindowingMode=fullscreen mDisplayWindowingMode=fullscreen mActivityType=undefined mAlwaysOnTop=undefined mRotation=ROTATION_0 mPopOver=undefined mFreeformTaskPinningState=undefined} s.2 ?fontWeightAdjustment ff=0 bf=-1 bts=-1 desktop/d dm/n ?dc ?dcui ?dcaf enb/d themeSeq=0}
03-25 17:55:22.099 22867 22867 I DecorCaptionResources: updateDisplayMetrics: density=2.625
03-25 17:55:22.099 22867 22867 I DecorCaptionResources: updateDisplayMetrics: packageName=android, dsf=1.0
03-25 17:55:22.099 22867 22867 I DecorCaptionResources: updateDisplayMetrics: dst=2.625, sdst=2.625
03-25 17:55:22.099 22867 22867 I DecorCaptionResources: Success. Get locale information from system: en_US
03-25 17:55:22.099 22867 22867 D SurfaceControl: setDisplayProjection, displayToken=android.os.BinderProxy@93ef087, orientation=0, layerStackRect=Rect(0, 0 - 1080, 2280), displayRect=Rect(0, 0 - 1440, 3040)
03-25 17:55:22.101 22867 22867 V Vibrator: semGetSupportedVibrationType: ret=4
03-25 17:55:22.102 22867 22867 W InputReader: Device sec_touchpad is associated with display ADISPLAY_ID_NONE.
03-25 17:55:22.102 22867 22867 W InputReader: Device sec_touchscreen is associated with display ADISPLAY_ID_NONE.
03-25 17:55:22.102 22867 22867 W InputReader: Device sec_e-pen is associated with display ADISPLAY_ID_NONE.
03-25 17:55:22.102 22867 22867 D TspStateManager: updateCustomValue customSetting=
03-25 17:55:22.102 22867 22867 I ActivityTaskManager: Config changes=8 {1.0 ?mcc?mnc [en_US] ldltr sw411dp w411dp h788dp 420dpi nrml long port ?uimode ?night finger -keyb/v/h -nav/h winConfig={ mBounds=Rect(0, 0 - 1080, 2280) mAppBounds=Rect(0, 85 - 1080, 2154) mMaxBounds=Rect(0, 0 - 1080, 2280) mWindowingMode=fullscreen mDisplayWindowingMode=fullscreen mActivityType=undefined mAlwaysOnTop=undefined mRotation=ROTATION_0 mPopOver=undefined mFreeformTaskPinningState=undefined} s.4 ?fontWeightAdjustment ff=0 bf=-1 bts=-1 desktop/d dm/n ?dc ?dcui ?dcaf enb/d themeSeq=0}
03-25 17:55:22.103 22867 22867 I WindowManager: Override config changes=8 {1.0 ?mcc?mnc [en_US] ldltrsw411dp w411dp h788dp 420dpi nrml long port ?uimode ?night finger -keyb/v/h -nav/h winConfig={ mBounds=Rect(0, 0 - 1080, 2280) mAppBounds=Rect(0, 85 - 1080, 2154) mMaxBounds=Rect(0, 0 - 1080, 2280) mWindowingMode=fullscreen mDisplayWindowingMode=fullscreen mActivityType=undefined mAlwaysOnTop=undefined mRotation=ROTATION_0 mPopOver=undefined mFreeformTaskPinningState=undefined} s.4 ?fontWeightAdjustment ff=0 bf=-1 bts=-1 desktop/d dm/n ?dc ?dcui ?dcaf enb/d themeSeq=0} for displayId=0
03-25 17:55:22.103 22867 22899 I DynamicHiddenApp_TASK_SNAPSHOT: start update max task snapshot number
03-25 17:55:22.103 22867 22899 I DynamicHiddenApp_TASK_SNAPSHOT: update max task snapshot number, physical memory: 12, current resolution : 2
03-25 17:55:22.103 22867 22899 I DynamicHiddenApp_TASK_SNAPSHOT: TaskSnapShot : 10, CurRes : 2
03-25 17:55:22.103 22867 22899 I ActivityManager: change Max_Cached : 22
03-25 17:55:22.104 22867 22867 D TspStateManager: updateCustomValue customSetting=
03-25 17:55:22.104 22867 22899 D InputManager-JNI: Viewport [0] type:1, displayId=0, uniqueId=local:4630947232161729153, orientation=0, logicalFrame=[0, 0][1080, 2280], physicalFrame=[0, 0][1440, 3040], deviceSize=[1440, 3040]
03-25 17:55:22.104 22867 22867 I MultiTaskingController: onConfigurationChangedLocked: display#0, configChanges=0x8, scaleW=1.0, scaleH=1.0, prevScreenBounds=Rect(0, 0 - 1080, 2280), nextScreenBounds=Rect(0, 0 - 1080, 2280)
03-25 17:55:22.104 22867 22915 D EmergencyMode: [EmergencyManager] getBootState: init.svc.bootanim isrunning : true
03-25 17:55:22.104 22867 23322 D MotionRecognitionService:   mReceiver.onReceive : CONFIGURATION_CHANGED
03-25 17:55:22.104 22867 22867 D SystemServerTiming: MakeDisplayReady took to complete: 11ms
03-25 17:55:22.104 22867 22867 I SystemServerTiming: GameSDKService
03-25 17:55:22.104 22867 22867 I SystemServer: GameSDKService
03-25 17:55:22.104 22867 23322 D MotionRecognitionService: [AUTO_ROTATION] inject auto rotation : 0
03-25 17:55:22.104 22867 23322 D SensorService: Motion injection
03-25 17:55:22.104 22867 23322 D SensorService: [EAR_TOUCH] : INJECT_AUTO_ROTATION ++++
03-25 17:55:22.104 22867 23322 E SensorService: [EARPROXIMITY] getScreenRotation -  1711407322   104863
03-25 17:55:22.106 22867 23337 I InputReader: Reconfiguring input devices, changes=DISPLAY_INFO |  4
03-25 17:55:22.106 22867 23322 D MotionRecognitionService:   mReceiver.onReceive : CONFIGURATION_CHANGED
03-25 17:55:22.106 22867 23322 D MotionRecognitionService: [AUTO_ROTATION] inject auto rotation : 0
03-25 17:55:22.106 22867 23337 D MouseCursorController: dex type: -1
03-25 17:55:22.106 22867 23322 D SensorService: Motion injection
03-25 17:55:22.106 22867 23322 D SensorService: [EAR_TOUCH] : INJECT_AUTO_ROTATION ++++
03-25 17:55:22.106 22867 23322 E SensorService: [EARPROXIMITY] getScreenRotation -  1711407322   106948
03-25 17:55:22.106 22867 23337 D MouseCursorController: move pointer to default -1->-1 (0.0, 0.0)
03-25 17:55:22.107 22867 23337 D MouseCursorController: setDexViewport id=-1. type=1, logicalFrame=[0, 0][0, 0]
03-25 17:55:22.107 22867 23337 D InputManager: notifyDisplayIdChangedByUser: 0
03-25 17:55:22.107 22867 23337 D MouseCursorController: loadResourcesLocked for display 0
03-25 17:55:22.112 22867 22867 I GameSDK@LifeCycle: [SUCCESS] Success to register UsageStatsWatcher
03-25 17:55:22.112 22867 22867 I GameSDK@LifeCycle: [SUCCESS] Success to register MultiWindowEventListener
03-25 17:55:22.113   625   673 I servicemanager: Adding 'u:r:system_server:s0' service (gamesdk:22867)
03-25 17:55:22.113 22867 22867 I SystemServer: GameSDKService loaded
03-25 17:55:22.113 22867 22867 D SystemServerTiming: GameSDKService took to complete: 8ms
03-25 17:55:22.113 22867 22867 I SystemServerTiming: Bluetooth Secure Mode Manager Service
03-25 17:55:22.113 22867 22867 I SystemServer: Bluetooth Secure Mode Manager Service
03-25 17:55:22.113 22867 22867 D LazyService: bluetooth_secure_mode_manager addService
03-25 17:55:22.113 22867 22867 D SystemServerTiming: Bluetooth Secure Mode Manager Service took to complete: 1ms
03-25 17:55:22.113 22867 22867 I SystemServerTiming: GameManagerService
03-25 17:55:22.117 22867 22867 I SystemServiceManager: Starting com.samsung.android.game.GameManagerService$Lifecycle
03-25 17:55:22.118 22867 22867 I SGM:GameManager: ctor
03-25 17:55:22.118 22867 22867 I SGM:DatabaseHelper: create a DatabaseHelper
03-25 17:55:22.120 22867 22867 D SGM:PkgDataHelper: putPkgData(). com.samsung.android.game.gametools,userId = 0
03-25 17:55:22.120 22867 22867 D SGM:PkgDataHelper: putPkgData(). io.github.plastix.buzz, userId = 0
03-25 17:55:22.120 22867 22867 D SGM:PkgDataHelper: putPkgData(). com.rodocodo.codehour, userId = 0
03-25 17:55:22.120 22867 22867 D SGM:PkgDataHelper: putPkgData(). com.thevoxelagents.tc3, userId = 0
03-25 17:55:22.120 22867 22867 D SGM:PkgDataHelper: putPkgData(). smellymoo.sand, userId = 0
03-25 17:55:22.120 22867 22867 D SGM:PkgDataHelper: putPkgData(). com.giantssoftware.fs14, userId = 0
03-25 17:55:22.120 22867 22867 D SGM:PkgDataHelper: putPkgData(). com.coldvisionstudio.Scubotica, userId = 0
03-25 17:55:22.120 22867 22867 D SGM:PkgDataHelper: putPkgData(). com.pid.rotoforce, userId = 0
03-25 17:55:22.120 22867 22867 D SGM:PkgDataHelper: putPkgData(). com.nianticlabs.pokemongo, userId =0
03-25 17:55:22.120 22867 22867 D SGM:PkgDataHelper: putPkgData(). com.samsung.android.game.gamelab, userId = 0
03-25 17:55:22.120 22867 22867 D SGM:PkgDataHelper: putPkgData(). mob.play.rflx, userId = 0
03-25 17:55:22.120 22867 22867 D SGM:PkgDataHelper: putPkgData(). club.onepercent.chess, userId = 0
03-25 17:55:22.120 22867 22867 D SGM:PkgDataHelper: putPkgData(). fun.gamergarden.blumos, userId = 0
03-25 17:55:22.120 22867 22867 D SGM:PkgDataHelper: putPkgData(). com.koplagames.kopla01, userId = 0
03-25 17:55:22.120 22867 22867 D SGM:PkgDataHelper: putPkgData(). com.infinity.traffix, userId = 0
03-25 17:55:22.120 22867 22867 D SGM:PkgDataHelper: putPkgData(). com.vottzapps.wordle, userId = 0
03-25 17:55:22.120 22867 22867 D SGM:PkgDataHelper: putPkgData(). com.vido.vidosy, userId = 0
03-25 17:55:22.120 22867 22867 D SGM:PkgDataHelper: putPkgData(). com.herocraft.game.zombiederby.pixel.survival, userId = 0
03-25 17:55:22.120 22867 22867 D SGM:PkgDataHelper: putPkgData(). com.samsung.android.game.gamehome, userId = 0
03-25 17:55:22.120 22867 22867 D SGM:PkgDataHelper: putPkgData(). indie.tactixo.heptall, userId = 0
03-25 17:55:22.120 22867 22867 D SGM:PkgDataHelper: putPkgData(). com.mojang.minecraftpe, userId = 0
03-25 17:55:22.120 22867 22867 D SGM:PkgDataHelper: putPkgData(). com.kidapps.the_rat_race, userId = 0
03-25 17:55:22.120 22867 22867 D SGM:PkgDataHelper: putPkgData(). com.SyGame.Capitalism, userId = 0
03-25 17:55:22.120 22867 22867 D SGM:PkgDataHelper: putPkgData(). co.uk.exocron.android.qlango, userId = 0
03-25 17:55:22.120 22867 22867 D SGM:PkgDataHelper: putPkgData(). com.rb.neuriva, userId = 0
03-25 17:55:22.120 22867 22867 D SGM:PkgDataHelper: putPkgData(). com.chucklefish.stardewvalley, userId = 0
03-25 17:55:22.120 22867 22867 D SGM:PkgDataHelper: putPkgData(). com.sec.android.app.samsungapps, userId = 0
03-25 17:55:22.120 22867 22867 D SGM:PkgDataHelper: putPkgData(). com.samsung.accessory.popcornmgr, userId = 0
03-25 17:55:22.120 22867 22867 D SGM:PkgDataHelper: putPkgData(). com.kidapps.rat_race_2, userId = 0
03-25 17:55:22.120 22867 22867 D SGM:PkgDataHelper: putPkgData(). com.gamefirst.religioninc, userId =0
03-25 17:55:22.121 22867 22867 D SGM:PkgDataHelper: putPkgData(). it.rortos.extremelandingspro, userId = 0
03-25 17:55:22.121 22867 22867 D SGM:PkgDataHelper: putPkgData(). com.sec.android.app.popupcalculator, userId = 0
03-25 17:55:22.121 22867 22867 D SGM:PkgDataHelper: putPkgData(). com.screenshake.dominodreams, userId = 0
03-25 17:55:22.121 22867 22867 D SGM:PkgDataHelper: putPkgData(). com.luckyskeletonstudios.idlebanktycoon, userId = 0
03-25 17:55:22.121 22867 22867 D SGM:PkgDataHelper: putPkgData(). spelling.bee.queen.pangram.vermilionapps, userId = 0
03-25 17:55:22.121 22867 22867 D SGM:PkgDataHelper: putPkgData(). com.summerdoor.wordrails, userId = 0
03-25 17:55:22.121 22867 22867 D SGM:PkgDataHelper: putPkgData(). com.nickelbuddy.stringofwords, userId = 0
03-25 17:55:22.121 22867 22867 D SGM:PkgDataHelper: putPkgData(). com.android.vending, userId = 0
03-25 17:55:22.121 22867 22867 D SGM:DatabaseHelper: loadPkgDataFromDb(). entry size: 1
03-25 17:55:22.122 22867 22867 I SGM:GameManager: PkgUpdateReceiver, : ctor
03-25 17:55:22.122 22867 22867 I SGM:GameManager: SecFamilyPkgChangeReceiver, : ctor
03-25 17:55:22.122 22867 22867 D SGM:Util: isPkgEnabled(), com.samsung.android.game.gos is enabled
03-25 17:55:22.122 22867 22867 D SGM:Util: isPkgEnabled(), com.samsung.android.game.gamehome is enabled
03-25 17:55:22.122 22867 22867 D SGM:Util: isPkgInstalled(), com.samsung.android.game.gametools is installed
03-25 17:55:22.122 22867 22867 D SGM:GameManager: multi-resolution is supported
03-25 17:55:22.122 22867 22867 D SGM:GameManager: dpi: 420, longPixel: 2069, shortPixel: 1080
03-25 17:55:22.123 22867 22867 I SGM:SystemHelper: ctor
03-25 17:55:22.124 22867 22867 D SGM:GameManager$Lifecycle: onStart
03-25 17:55:22.125   625   673 I servicemanager: Adding 'u:r:system_server:s0' service (gamemanager:22867)
03-25 17:55:22.125 22867 22867 I SystemServer: GameManagerService Started
03-25 17:55:22.125 22867 22867 D SystemServerTiming: GameManagerService took to complete: 12ms
03-25 17:55:22.125 22867 22867 I SystemServerTiming: SehCodecSolutionService
03-25 17:55:22.130 22867 22867 D SehCodecSolutionService: create : 2.2
03-25 17:55:22.131 22867 22867 D CodecSolution_Logging: dma pkg: 802301000
03-25 17:55:22.132   625   673 I servicemanager: Found vendor.samsung.frameworks.codecsolution.ISehCodecSolution/default in framework VINTF manifest.
03-25 17:55:22.132   625   673 I servicemanager: Adding 'u:r:system_server:s0' service (vendor.samsung.frameworks.codecsolution.ISehCodecSolution/default:22867)
03-25 17:55:22.132 22867 22867 I SystemServer: SehCodecSolutionService loaded
03-25 17:55:22.132 22867 22867 D SystemServerTiming: SehCodecSolutionService took to complete: 7ms
03-25 17:55:22.132 22867 22867 I SystemServerTiming: SehHdrSolutionService
03-25 17:55:22.136 22867 22867 D SehHdrSolutionService: create : 1.0
03-25 17:55:22.137 22867 22867 I HdrSolution_HdrDisplayNitMapper: HdrCapability(True), Default TargetNit: 400
03-25 17:55:22.138 22867 22867 D HdrSolution_HdrDisplayNitMapper: SM8150 Support fixed target
03-25 17:55:22.139   625   673 I servicemanager: Adding 'u:r:system_server:s0' service (vendor.samsung.frameworks.hdrsolution.ISehHdrSolution/default:22867)
03-25 17:55:22.139 22867 22867 I SystemServer: SehHdrSolutionService loaded
03-25 17:55:22.139 22867 22867 D SystemServerTiming: SehHdrSolutionService took to complete: 7ms
03-25 17:55:22.139 22867 22867 I SystemServer: PerfSDKService
03-25 17:55:22.139 22867 22867 I SystemServerTiming: PerfSDKService
03-25 17:55:22.144 22867 23337 W PointerIcon-JNI: An exception occurred while loading a pointer icon.
03-25 17:55:22.144 22867 23337 W PointerIcon-JNI: java.lang.IllegalArgumentException: x hotspot lies outside of the bitmap area
03-25 17:55:22.144 22867 23337 W PointerIcon-JNI:       at android.view.PointerIcon.validateHotSpot(PointerIcon.java:1163)
03-25 17:55:22.144 22867 23337 W PointerIcon-JNI:       at android.view.PointerIcon.loadResource(PointerIcon.java:1142)
03-25 17:55:22.144 22867 23337 W PointerIcon-JNI:       at android.view.PointerIcon.load(PointerIcon.java:874)
03-25 17:55:22.146 22867 22867 I PerfSDKService: CPU levels : 1171200 1497600 1708800 2016000 2323200
03-25 17:55:22.147 22867 22867 I PerfSDKService: GPU levels : 257 345 427 427 499
03-25 17:55:22.148 22867 22867 I PerfSDKService: BUS levels : 1017 1296 1296 1804 2092
03-25 17:55:22.148   625   673 I servicemanager: Adding 'u:r:system_server:s0' service (perfsdkservice:22867)
03-25 17:55:22.148 22867 22867 I SystemServer: PerfSDKService loaded
03-25 17:55:22.148 22867 22867 D SystemServerTiming: PerfSDKService took to complete: 9ms
