03-25 17:50:26.224 19058 19058 W SQLiteConnection: Could not change the database journal mode of '/data/system/enterprise.db' from 'wal' to 'TRUNCATE' because the database is locked.  This usually means that there are other open connections to the database which prevents the database from enabling or disabling write-ahead logging mode.  Proceeding without changing the journal mode.
03-25 17:50:26.226 19058 19058 D EnterpriseDeviceManagerService: Android API Level is 31
03-25 17:50:26.230 19058 19058 D knoxsdk/filelog: init success
03-25 17:50:26.232 19058 19058 I ApplicationPolicy: registerNetworkChangeReceiver
03-25 17:50:26.232 19058 19058 D ApplicationPolicy: registerNetworkChangeReceiver() : Done
03-25 17:50:26.233   625   673 I servicemanager: Adding 'u:r:system_server:s0' service (application_policy:19058)
03-25 17:50:26.235 19058 19058 I LocalProxyManager: Initializing LocalProxyManager
03-25 17:50:26.236 19058 19058 W PhoneRestrictionPolicy:  >>> PhoneRestrictionPolicy.PhoneRestrictionPolicy()
03-25 17:50:26.237 19058 19058 D RemoteInjection: mCurrentDisplayWidth : 1080, mCurrentDisplayHeight : 2280
03-25 17:50:26.240 19058 19058 D RestrictionPolicy: isHomeKeyEnabledInDb : true
03-25 17:50:26.240   625   673 I servicemanager: Adding 'u:r:system_server:s0' service (restriction_policy:19058)
03-25 17:50:26.242 19058 19058 D PasswordPolicy: SEC_PRODUCT_FEATURE_COMMON_SUPPORT_KNOX_DESKTOP is true
03-25 17:50:26.242 19058 19058 I SemDesktopModeManager: registerListener: com.android.server.enterprise.security.PasswordPolicy$3@a3f0116
03-25 17:50:26.243   625   673 I servicemanager: Adding 'u:r:system_server:s0' service (edm_proxy:19058)
03-25 17:50:26.244   625   673 I servicemanager: Adding 'u:r:system_server:s0' service (enterprise_policy:19058)
03-25 17:50:26.244 19058 19058 I SystemServer: Enterprise Policy manager service created...
03-25 17:50:26.244 19058 19058 D SystemServerTiming: StartEnterpriseDeviceManagerService took to complete: 25ms
03-25 17:50:26.244 19058 19058 I SystemServerTiming: [KnoxAnalytics] System Service
03-25 17:50:26.244 19058 19058 I SystemServiceManager: Starting com.samsung.android.knox.analytics.service.KnoxAnalyticsSystemService
03-25 17:50:26.244 19058 19058 D SystemServerTiming: [KnoxAnalytics] System Service took to complete:1ms
03-25 17:50:26.244 19058 19058 I SystemServerTiming: KnoxCustom Policy
03-25 17:50:26.248 19058 19058 D LazyService: enterprise_license_policy getService
03-25 17:50:26.248 19058 19058 D EnterpriseService: addLazySystemService : enterprise_license_policy
03-25 17:50:26.248   625   673 I servicemanager: Adding 'u:r:system_server:s0' service (enterprise_license_policy:19058)
03-25 17:50:26.248 19058 19058 D LazyService: 0ms
03-25 17:50:26.250   642   669 I vold    : Read from block
03-25 17:50:26.252   625   673 I servicemanager: Adding 'u:r:system_server:s0' service (knoxcustom:19058)
03-25 17:50:26.252 19058 19058 I SystemServer: KnoxCustom Policy added.
03-25 17:50:26.253 19058 19058 D SystemServerTiming: KnoxCustom Policy took to complete: 8ms
03-25 17:50:26.253 19058 19058 I SystemServer: DarManagerService
03-25 17:50:26.253 19058 19058 I SystemServerTiming: DarManagerService
03-25 17:50:26.253 19058 19058 D LazyService: dar addService
03-25 17:50:26.253 19058 19058 D SystemServerTiming: DarManagerService took to complete: 0ms
03-25 17:50:26.253 19058 19058 D SystemServer: MusicRecognitionManagerService not defined by OEM or disabled by flag
03-25 17:50:26.253 19058 19058 I SystemServerTiming: StartContentCaptureService
03-25 17:50:26.254 19058 19058 I SystemServiceManager: Starting com.android.server.contentcapture.ContentCaptureManagerService
03-25 17:50:26.254 19058 19058 I ContentCaptureHelper: Setting logging level to OFF
03-25 17:50:26.255   625   673 I servicemanager: Adding 'u:r:system_server:s0' service (content_capture:19058)
03-25 17:50:26.255 19058 19058 D SystemServerTiming: StartContentCaptureService took to complete: 1ms
03-25 17:50:26.255 19058 19058 D SystemServer: AttentionService is not configured on this device
03-25 17:50:26.255 19058 19058 D SystemServer: RotationResolverService is not configured on this device
03-25 17:50:26.255 19058 19058 I SystemServerTiming: StartSystemCaptionsManagerService
03-25 17:50:26.255 19058 19058 I SystemServiceManager: Starting com.android.server.systemcaptions.SystemCaptionsManagerService
03-25 17:50:26.255 19058 19058 D SystemServerTiming: StartSystemCaptionsManagerService took to complete: 0ms
03-25 17:50:26.255 19058 19058 I SystemServerTiming: StartTextToSpeechManagerService
03-25 17:50:26.255 19058 19058 I SystemServiceManager: Starting com.android.server.texttospeech.TextToSpeechManagerService
03-25 17:50:26.256   625   673 I servicemanager: Adding 'u:r:system_server:s0' service (texttospeech:19058)
03-25 17:50:26.256 19058 19058 D SystemServerTiming: StartTextToSpeechManagerService took to complete: 0ms
03-25 17:50:26.256 19058 19058 I SystemServerTiming: StartSpeechRecognitionManagerService
03-25 17:50:26.256 19058 19058 I SystemServiceManager: Starting com.android.server.speech.SpeechRecognitionManagerService
03-25 17:50:26.256   625   673 I servicemanager: Adding 'u:r:system_server:s0' service (speech_recognition:19058)
03-25 17:50:26.256 19058 19058 D SystemServerTiming: StartSpeechRecognitionManagerService took to complete: 1ms
03-25 17:50:26.256 19058 19058 I SystemServerTiming: StartAppPredictionService
03-25 17:50:26.256 19058 19058 I SystemServiceManager: Starting com.android.server.appprediction.AppPredictionManagerService
03-25 17:50:26.256   625   673 I servicemanager: Adding 'u:r:system_server:s0' service (app_prediction:19058)
03-25 17:50:26.257 19058 19058 D SystemServerTiming: StartAppPredictionService took to complete: 0ms
03-25 17:50:26.257 19058 19058 D SystemServer: ContentSuggestionsService not defined by OEM
03-25 17:50:26.257 19058 19058 I SystemServerTiming: SemClipboardService
03-25 17:50:26.257 19058 19058 I SystemServer: SemClipboardService
03-25 17:50:26.257 19058 19058 D SEM_CLIP_SemClipboardService: SemClipboardService start
03-25 17:50:26.265 19058 19058 D SecContentProvider: query(), uri = 15 selection = isClipboardAllowedAsUser
03-25 17:50:26.265 19058 19058 D SecContentProvider: called from android.uid.system:1000
03-25 17:50:26.265 19058 19058 D RestrictionPolicy: isClipboardAllowed : true
03-25 17:50:26.265 19058 19058 D SecContentProvider: SemKnoxPolicyContract.RestrictionPolicy.CLIPBOARD_ALLOWED_AS_USER return = true
03-25 17:50:26.265 19058 19058 D SecContentProvider: query(), uri = 15 selection = isClipboardShareAllowedAsUser
03-25 17:50:26.265 19058 19058 D SecContentProvider: called from android.uid.system:1000
03-25 17:50:26.265 19058 19058 D RestrictionPolicy: isClipboardShareAllowed : true
03-25 17:50:26.266   625   673 I servicemanager: Adding 'u:r:system_server:s0' service (semclipboard:19058)
03-25 17:50:26.266 19058 19058 D SystemServerTiming: SemClipboardService took to complete: 9ms
03-25 17:50:26.266 19058 19058 I SystemServerTiming: StartSearchUiService
03-25 17:50:26.266 19058 19058 I SystemServiceManager: Starting com.android.server.searchui.SearchUiManagerService
03-25 17:50:26.266   625   673 I servicemanager: Adding 'u:r:system_server:s0' service (search_ui:19058)
03-25 17:50:26.266 19058 19058 D SystemServerTiming: StartSearchUiService took to complete: 1ms
03-25 17:50:26.266 19058 19058 I SystemServerTiming: StartSmartspaceService
03-25 17:50:26.266 19058 19058 I SystemServiceManager: Starting com.android.server.smartspace.SmartspaceManagerService
03-25 17:50:26.267   625   673 I servicemanager: Adding 'u:r:system_server:s0' service (smartspace:19058)
03-25 17:50:26.267 19058 19058 D SystemServerTiming: StartSmartspaceService took to complete: 0ms
03-25 17:50:26.267 19058 19058 I SystemServerTiming: InitConnectivityModuleConnector
03-25 17:50:26.267 19058 19058 D ConnectivityModuleConnector: Network stack init
03-25 17:50:26.267 19058 19058 D SystemServerTiming: InitConnectivityModuleConnector took to complete: 0ms
03-25 17:50:26.267 19058 19058 I SystemServerTiming: InitNetworkStackClient
03-25 17:50:26.267 19058 19058 D SystemServerTiming: InitNetworkStackClient took to complete: 0ms
03-25 17:50:26.267 19058 19058 I SystemServerTiming: StartNetworkManagementService
03-25 17:50:26.271   625   673 I servicemanager: Adding 'u:r:system_server:s0' service (network_management:19058)
03-25 17:50:26.271 19058 19058 D SystemServerTiming: StartNetworkManagementService took to complete: 4ms
03-25 17:50:26.271 19058 19058 I SystemServerTiming: StartIpSecService
03-25 17:50:26.272   625   673 I servicemanager: Adding 'u:r:system_server:s0' service (ipsec:19058)
03-25 17:50:26.272 19058 19058 D SystemServerTiming: StartIpSecService took to complete: 0ms
03-25 17:50:26.272 19058 19058 I SystemServerTiming: StartFontManagerService
03-25 17:50:26.275   625   672 I servicemanager: Adding 'u:r:system_server:s0' service (font:19058)
03-25 17:50:26.275 19058 19058 D SystemServerTiming: StartFontManagerService took to complete: 3ms
03-25 17:50:26.275 19058 19058 I SystemServerTiming: StartTextServicesManager
03-25 17:50:26.275 19058 19058 I SystemServiceManager: Starting com.android.server.textservices.TextServicesManagerService$Lifecycle
03-25 17:50:26.276   625   672 I servicemanager: Adding 'u:r:system_server:s0' service (textservices:19058)
03-25 17:50:26.276 19058 19058 D SystemServerTiming: StartTextServicesManager took to complete: 0ms
03-25 17:50:26.276 19058 19058 I SystemServerTiming: StartTextClassificationManagerService
03-25 17:50:26.276 19058 19058 I SystemServiceManager: Starting com.android.server.textclassifier.TextClassificationManagerService$Lifecycle
03-25 17:50:26.276   625   672 I servicemanager: Adding 'u:r:system_server:s0' service (textclassification:19058)
03-25 17:50:26.277 19058 19058 D SystemServerTiming: StartTextClassificationManagerService took to complete: 1ms
03-25 17:50:26.277 19058 19058 I SystemServerTiming: StartNetworkScoreService
03-25 17:50:26.277 19058 19058 I SystemServiceManager: Starting com.android.server.NetworkScoreService$Lifecycle
03-25 17:50:26.277 19058 19058 I NetworkScoreService: Registering network_score
03-25 17:50:26.277   625   672 I servicemanager: Adding 'u:r:system_server:s0' service (network_score:19058)
03-25 17:50:26.277 19058 19058 D SystemServerTiming: StartNetworkScoreService took to complete: 1ms
03-25 17:50:26.277 19058 19058 I SystemServerTiming: StartNetworkStatsService
03-25 17:50:26.278   625   672 I servicemanager: Adding 'u:r:system_server:s0' service (netstats:19058)
03-25 17:50:26.278 19058 19058 D SystemServerTiming: StartNetworkStatsService took to complete: 1ms
03-25 17:50:26.278 19058 19058 I SystemServerTiming: StartNetworkPolicyManagerService
03-25 17:50:26.280   625   672 I servicemanager: Adding 'u:r:system_server:s0' service (netpolicy:19058)
03-25 17:50:26.280 19058 19058 D SystemServerTiming: StartNetworkPolicyManagerService took to complete: 2ms
03-25 17:50:26.280 19058 19058 I SystemServerTiming: StartUrspService
03-25 17:50:26.281   625   672 I servicemanager: Adding 'u:r:system_server:s0' service (urspservice:19058)
03-25 17:50:26.281 19058 19058 D SystemServerTiming: StartUrspService took to complete: 1ms
03-25 17:50:26.281 19058 19058 I SystemServerTiming: StartWifi
03-25 17:50:26.285 19058 19058 I SystemServiceManager: Starting com.android.server.wifi.WifiService
03-25 17:50:26.288 19058 19058 I WifiContext: Found Wifi Resources APK at: com.android.wifi.resources
03-25 17:50:26.290 19058 19058 V NetworkScoreManager: registerNetworkScoreCallback: callback=com.android.server.wifi.WifiNetworkScoreCache@5dfd127, executor=com.android.wifi.x.android.os.HandlerExecutor@d301fd4
03-25 17:50:26.311 19058 19058 D ScanMetrics: Settings package: com.android.settings
03-25 17:50:26.311 19058 19058 D ScanMetrics: Settings package: com.samsung.android.knox.containeragent
03-25 17:50:26.311 19058 19058 D ScanMetrics: GMS uid: 10080
03-25 17:50:26.317 19058 19058 I WifiCoexManager: Default coex algorithm is disabled.
03-25 17:50:26.318 19058 19058 D libmdf  : libmdf v3.0.0.0 On 64bit PLATFORM
03-25 17:50:26.331 19058 19058 D WifiOpenNetworkNotifier: Settings toggle enabled=false
03-25 17:50:26.334 19058 19058 D WifiNl80211Manager: registerCountryCodeEventListener called
03-25 17:50:26.334 19058 19058 D WifiCountryCode: Default country code from system property ro.boot.wificountrycode is null
03-25 17:50:26.334 18818 18818 I wificond: New wificond event callback registered
03-25 17:50:26.336 19058 19058 D WakeupController: WifiWake disabled
03-25 17:50:26.337 19058 19058 V HistoricalRegistry: Interaction before persistence initialized
03-25 17:50:26.339 19058 19058 I WifiService: Registering wifi
03-25 17:50:26.339   625   672 I servicemanager: Adding 'u:r:system_server:s0' service (wifi:19058)
03-25 17:50:26.339 19058 19058 D SystemServerTiming: StartWifi took to complete: 58ms
03-25 17:50:26.339 19058 19058 I SystemServerTiming: StartWifiScanning
03-25 17:50:26.340 19058 19058 I SystemServiceManager: Starting com.android.server.wifi.scanner.WifiScanningService
03-25 17:50:26.340 19058 19058 I WifiScanningService: Creating wifiscanner
03-25 17:50:26.342 19058 19058 I WifiScanningService: Publishing wifiscanner
03-25 17:50:26.342   625   672 I servicemanager: Adding 'u:r:system_server:s0' service (wifiscanner:19058)
03-25 17:50:26.342 19058 19058 D SystemServerTiming: StartWifiScanning took to complete: 3ms
03-25 17:50:26.342 19058 19058 I SystemServerTiming: StartRttService
03-25 17:50:26.343 19058 19058 I SystemServiceManager: Starting com.android.server.wifi.rtt.RttService
03-25 17:50:26.343 19058 19058 I RttService: Registering wifirtt
03-25 17:50:26.344   625   672 I servicemanager: Adding 'u:r:system_server:s0' service (wifirtt:19058)
03-25 17:50:26.344 19058 19058 D SystemServerTiming: StartRttService took to complete: 1ms
03-25 17:50:26.344 19058 19058 I SystemServerTiming: StartWifiAware
03-25 17:50:26.344 19058 19058 I SystemServiceManager: Starting com.android.server.wifi.aware.WifiAwareService
03-25 17:50:26.344 19058 19058 I WifiAwareService: Registering wifiaware
03-25 17:50:26.345   625   672 I servicemanager: Adding 'u:r:system_server:s0' service (wifiaware:19058)
03-25 17:50:26.345 19058 19058 D SystemServerTiming: StartWifiAware took to complete: 1ms
03-25 17:50:26.345 19058 19058 I SystemServerTiming: StartWifiP2P
03-25 17:50:26.345 19058 19058 I SystemServiceManager: Starting com.android.server.wifi.p2p.WifiP2pService
03-25 17:50:26.348 19058 19058 I WifiContext: Found Wifi Resources APK at: com.android.wifi.resources
03-25 17:50:26.348 19058 19752 I WifiP2pService: makeP2pHwMac: wifihwmac is empty
03-25 17:50:26.348 19058 19058 I WifiP2pService: Registering wifip2p
03-25 17:50:26.348   625   672 I servicemanager: Adding 'u:r:system_server:s0' service (wifip2p:19058)
03-25 17:50:26.348 19058 19058 D SystemServerTiming: StartWifiP2P took to complete: 4ms
03-25 17:50:26.349 19058 19058 I SystemServerTiming: StartEthernet
03-25 17:50:26.349 19058 19058 I SystemServiceManager: Starting com.android.server.ethernet.EthernetService
03-25 17:50:26.349 19058 19058 I EthernetService: Registering service ethernet
03-25 17:50:26.350   625   672 I servicemanager: Adding 'u:r:system_server:s0' service (ethernet:19058)
03-25 17:50:26.350 19058 19058 D SystemServerTiming: StartEthernet took to complete: 1ms
03-25 17:50:26.350 19058 19058 I SystemServerTiming: StartPacProxyService
03-25 17:50:26.351   625   672 I servicemanager: Adding 'u:r:system_server:s0' service (pac_proxy:19058)
03-25 17:50:26.351 19058 19058 D SystemServerTiming: StartPacProxyService took to complete: 0ms
03-25 17:50:26.351 19058 19058 I SystemServerTiming: StartIntelligentBatterySaverService
03-25 17:50:26.355 19058 19058 W System.err: android.content.pm.PackageManager$NameNotFoundException:com.samsung.android.packageinstaller
03-25 17:50:26.355 19058 19058 W System.err:    at android.app.ApplicationPackageManager.getApplicationInfoAsUser(ApplicationPackageManager.java:539)
03-25 17:50:26.355 19058 19058 W System.err:    at android.app.ApplicationPackageManager.getApplicationInfo(ApplicationPackageManager.java:492)
03-25 17:50:26.355 19058 19058 W System.err:    at com.android.server.ibs.dnba.NetSpeedUtil.getUidForPackageName(NetSpeedUtil.java:29)
03-25 17:50:26.355 19058 19058 W System.err:    at com.android.server.ibs.dnba.NetSpeedAllowList.<init>(NetSpeedAllowList.java:68)
03-25 17:50:26.355 19058 19058 W System.err:    at com.android.server.ibs.dnba.NetSpeedMonitor.<init>(NetSpeedMonitor.java:160)
03-25 17:50:26.355 19058 19058 W System.err:    at com.android.server.ibs.IntelligentBatterySaverService.<init>(IntelligentBatterySaverService.java:106)
03-25 17:50:26.355 19058 19058 W System.err:    at com.android.server.SystemServer.startOtherServices(SystemServer.java:3027)
03-25 17:50:26.355 19058 19058 W System.err:    at com.android.server.SystemServer.run(SystemServer.java:1223)
03-25 17:50:26.355 19058 19058 W System.err:    at com.android.server.SystemServer.main(SystemServer.java:944)
03-25 17:50:26.355 19058 19058 W System.err:    at java.lang.reflect.Method.invoke(Native Method)
03-25 17:50:26.355 19058 19058 W System.err:    at com.android.internal.os.RuntimeInit$MethodAndArgsCaller.run(RuntimeInit.java:567)
03-25 17:50:26.355 19058 19058 W System.err:    at com.android.internal.os.ZygoteInit.main(ZygoteInit.java:1113)
03-25 17:50:26.355   625   672 I servicemanager: Adding 'u:r:system_server:s0' service (IntelligentBatterySaverService:19058)
03-25 17:50:26.355 19058 19058 D SystemServerTiming: StartIntelligentBatterySaverService took to complete: 5ms
03-25 17:50:26.355 19058 19058 I SystemServerTiming: StartKnoxGuard
03-25 17:50:26.356 19058 19058 D KG.Utils: getRlcState.
03-25 17:50:26.356 19058 19058 I KgvManager: query(void)
03-25 17:50:26.356 19058 19058 I VaultKeeperService: read
03-25 17:50:26.356 19058 19058 I VaultKeeperService: Get service instance by (19058/1000)
03-25 17:50:26.358 19058 19058 I VaultKeeperService: Client info : system_server
03-25 17:50:26.359 19058 19058 I Vaultkeeper_MGR_system: Got instance of VaultKeeperManager
03-25 17:50:26.360 19058 19058 I Vaultkeeper_MGR_system: Got service of ISehVaultKeeper
03-25 17:50:26.360   736   736 I VaultKeeper_HIDL_Service: System client (//1000/19058)
03-25 17:50:26.360   735   735 I VaultKeeper_COMMON: VK 4.3.0 [Client] system_server. => [Vault] KnoxGuard. [CMD NO.] 1916
03-25 17:50:26.360   735   735 I VaultKeeper_COMMON: [CMD:CHECK_CLIENT_REGISTERED]
03-25 17:50:26.362   735   735 D QSEECOMAPI: QSEECom_get_handle sb_length = 0x1ae40
03-25 17:50:26.363   735   735 D QSEECOMAPI: App is not loaded in QSEE
03-25 17:50:26.363   735   735 D QSEECOMAPI: app_arch = 1, total_files = 9
03-25 17:50:26.393   735   735 D QSEECOMAPI: Loaded image: APP id = 41
03-25 17:50:26.416   735   735 D QSEECOMAPI: QSEECom_dealloc_memory
03-25 17:50:26.416   735   735 D QSEECOMAPI: QSEECom_shutdown_app, app_id = 41
03-25 17:50:26.417   735   735 I vaultkeeper: runCommand Success.(TA ret = 0)
03-25 17:50:26.417   735   735 I VaultKeeper_COMMON: VK 4.3.0 [Client] system_server. => [Vault] KnoxGuard. [CMD NO.] 2278
03-25 17:50:26.417   735   735 I VaultKeeper_COMMON: [CMD:READ_UNSHELTERED]
03-25 17:50:26.418   735   735 D QSEECOMAPI: QSEECom_get_handle sb_length = 0x1ae40
03-25 17:50:26.418   735   735 D QSEECOMAPI: App is not loaded in QSEE
03-25 17:50:26.418   735   735 D QSEECOMAPI: app_arch = 1, total_files = 9
03-25 17:50:26.448   735   735 D QSEECOMAPI: Loaded image: APP id = 42
03-25 17:50:26.470   735   735 D QSEECOMAPI: QSEECom_dealloc_memory
03-25 17:50:26.470   735   735 D QSEECOMAPI: QSEECom_shutdown_app, app_id = 42
03-25 17:50:26.471   735   735 I vaultkeeper: runCommand Success.(TA ret = 0)
03-25 17:50:26.471 19058 19058 I Vaultkeeper_MGR_system: ~VaultKeeperManager
03-25 17:50:26.471 19058 19058 D KG.Utils: getRlcState rlcState :
03-25 17:50:26.472 19058 19058 I KG.IntegrityUtil: setInitialState
03-25 17:50:26.472 19058 19058 D KG.IntegrityUtil: pkgInfo : PackageInfo{1ef74a1 com.samsung.android.kgclient}
03-25 17:50:26.472 19058 19058 I KG.IntegrityUtil: KG Client signature match with platform.
03-25 17:50:26.472   625   672 I servicemanager: Adding 'u:r:system_server:s0' service (knoxguard_service:19058)
03-25 17:50:26.472 19058 19058 D SystemServerTiming: StartKnoxGuard took to complete: 117ms
03-25 17:50:26.472 19058 19058 I SystemServerTiming: StartConnectivityService
03-25 17:50:26.476 19058 19058 I SystemServiceManager: Starting com.android.server.ConnectivityServiceInitializer
03-25 17:50:26.480 19058 19058 D ConnectivityService: ConnectivityService starting up
03-25 17:50:26.487 19058 19058 D CompatibilityChangeReporter: Compat change id reported: 182478738; UID 1000; state: ENABLED
03-25 17:50:26.488 19058 19058 I ConnectivityServiceInitializer: Registering connectivity
03-25 17:50:26.489   625   672 I servicemanager: Adding 'u:r:system_server:s0' service (connectivity:19058)
03-25 17:50:26.489 19058 19058 D SystemServerTiming: StartConnectivityService took to complete: 17ms
03-25 17:50:26.489 19058 19058 I SystemServerTiming: StartVpnManagerService
03-25 17:50:26.490 19058 19058 D VpnManagerService: VpnManagerService starting up
03-25 17:50:26.490   625   672 I servicemanager: Adding 'u:r:system_server:s0' service (vpn_management:19058)
03-25 17:50:26.490 19058 19058 D SystemServerTiming: StartVpnManagerService took to complete: 1ms
03-25 17:50:26.490 19058 19058 I SystemServerTiming: KnoxVpnService
03-25 17:50:26.491 19058 19058 I SystemServerTiming: Adding KnoxVpnEngineService
03-25 17:50:26.491 19058 19058 I SystemServer: Adding KnoxVpnEngineService
03-25 17:50:26.491 19058 19058 D KnoxVpnEngineService: Initializing in constructor
03-25 17:50:26.492 19058 19058 W Binder  : Outgoing transactions from this process must be FLAG_ONEWAY
03-25 17:50:26.492 19058 19058 W Binder  : java.lang.Throwable
03-25 17:50:26.492 19058 19058 W Binder  :      at android.os.BinderProxy.transact(BinderProxy.java:545)
03-25 17:50:26.492 19058 19058 W Binder  :      at com.android.internal.net.IOemNetd$Stub$Proxy.runKnoxFirewallRulesCommand(IOemNetd.java:1975)
03-25 17:50:26.492 19058 19058 W Binder  :      at com.android.server.NetworkManagementService.runKnoxFirewallRulesCommand(NetworkManagementService.java:2779)
03-25 17:50:26.492 19058 19058 W Binder  :      at com.android.server.enterprise.vpn.knoxvpn.KnoxVpnFirewallHelper.runShellCommand(KnoxVpnFirewallHelper.java:3412)
03-25 17:50:26.492 19058 19058 W Binder  :      at com.android.server.enterprise.vpn.knoxvpn.KnoxVpnFirewallHelper.runIptablesRestoreCmd(KnoxVpnFirewallHelper.java:3405)
03-25 17:50:26.492 19058 19058 W Binder  :      at com.android.server.enterprise.vpn.knoxvpn.KnoxVpnFirewallHelper.createChainsInTable(KnoxVpnFirewallHelper.java:2562)
03-25 17:50:26.492 19058 19058 W Binder  :      at com.android.server.enterprise.vpn.knoxvpn.KnoxVpnFirewallHelper.createIpTableChains(KnoxVpnFirewallHelper.java:2554)
03-25 17:50:26.492 19058 19058 W Binder  :      at com.android.server.enterprise.vpn.knoxvpn.KnoxVpnFirewallHelper.<init>(KnoxVpnFirewallHelper.java:324)
03-25 17:50:26.492 19058 19058 W Binder  :      at com.android.server.enterprise.vpn.knoxvpn.KnoxVpnFirewallHelper.getInstance(KnoxVpnFirewallHelper.java:305)
03-25 17:50:26.492 19058 19058 W Binder  :      at com.android.server.enterprise.vpn.knoxvpn.KnoxVpnTetherAuthentication.<init>(KnoxVpnTetherAuthentication.java:71)
03-25 17:50:26.492 19058 19058 W Binder  :      at com.android.server.enterprise.vpn.knoxvpn.KnoxVpnTetherAuthentication.getInstance(KnoxVpnTetherAuthentication.java:176)
03-25 17:50:26.492 19058 19058 W Binder  :      at com.android.server.enterprise.vpn.knoxvpn.KnoxVpnEngineService.<init>(KnoxVpnEngineService.java:324)
03-25 17:50:26.492 19058 19058 W Binder  :      at com.android.server.enterprise.vpn.knoxvpn.KnoxVpnEngineService.<init>(KnoxVpnEngineService.java:305)
03-25 17:50:26.492 19058 19058 W Binder  :      at com.android.server.SystemServer.startOtherServices(SystemServer.java:3074)
03-25 17:50:26.492 19058 19058 W Binder  :      at com.android.server.SystemServer.run(SystemServer.java:1223)
03-25 17:50:26.492 19058 19058 W Binder  :      at com.android.server.SystemServer.main(SystemServer.java:944)
03-25 17:50:26.492 19058 19058 W Binder  :      at java.lang.reflect.Method.invoke(Native Method)
03-25 17:50:26.492 19058 19058 W Binder  :      at com.android.internal.os.RuntimeInit$MethodAndArgsCaller.run(RuntimeInit.java:567)
03-25 17:50:26.492 19058 19058 W Binder  :      at com.android.internal.os.ZygoteInit.main(ZygoteInit.java:1113)
03-25 17:50:26.493 18815 18884 D IptablesRestoreController: [iptables debug]iptables-restore execute *mangle
03-25 17:50:26.493 18815 18884 D IptablesRestoreController: :knox_vpn_no_uid -
03-25 17:50:26.493 18815 18884 D IptablesRestoreController: :knox_vpn_OUTPUT -
03-25 17:50:26.493 18815 18884 D IptablesRestoreController: :knox_vpn_proxy_accept -
03-25 17:50:26.493 18815 18884 D IptablesRestoreController: :knox_vpn_mangle_exempt_dl -
03-25 17:50:26.493 18815 18884 D IptablesRestoreController: :knox_vpn_mangle_exempt_cp -
03-25 17:50:26.493 18815 18884 D IptablesRestoreController: :knox_vpn_EXEMPT -
03-25 17:50:26.493 18815 18884 D IptablesRestoreController: :knox_vpn_tether_exempt -
03-25 17:50:26.493 18815 18884 D IptablesRestoreController: -D OUTPUT -j knox_vpn_no_uid
03-25 17:50:26.493 18815 18884 D IptablesRestoreController: -D OUTPUT -j knox_vpn_OUTPUT
03-25 17:50:26.493 18815 18884 D IptablesRestoreController: -D OUTPUT -j knox_vpn_proxy_accept
03-25 17:50:26.493 18815 18884 D IptablesRestoreController: -D OUTPUT -j knox_vpn_mangle_exempt_dl
03-25 17:50:26.493 18815 18884 D IptablesRestoreController: -D OUTPUT -j knox_vpn_mangle_exempt_cp
03-25 17:50:26.493 18815 18884 D IptablesRestoreController: -D OUTPUT -j knox_vpn_EXEMPT
03-25 17:50:26.493 18815 18884 D IptablesRestoreController: -D OUTPUT -j knox_vpn_tether_exempt
03-25 17:50:26.493 18815 18884 D IptablesRestoreController: -X knox_vpn_no_uid
03-25 17:50:26.493 18815 18884 D IptablesRestoreController: -X knox_vpn_OUTPUT
03-25 17:50:26.493 18815 18884 D IptablesRestoreController: -X knox_vpn_proxy_accept
03-25 17:50:26.493 18815 18884 D IptablesRestoreController: -X knox_vpn_mangle_exempt_dl
03-25 17:50:26.493 18815 18884 D IptablesRestoreController: -X knox_vpn_mangle_exempt_cp
03-25 17:50:26.493 18815 18884 D IptablesRestoreController: -X knox_vpn_EXEMPT
03-25 17:50:26.493 18815 18884 D IptablesRestoreController: -X knox_vpn_tether_exempt
03-25 17:50:26.493 18815 18884 D IptablesRestoreController: COMMIT
03-25 17:50:26.494 18815 18884 D IptablesRestoreController: [iptables debug]iptables-restore execute done, res : 0
03-25 17:50:26.494 18815 18884 D IptablesRestoreController: [iptables debug]iptables-restore execute *mangle
03-25 17:50:26.494 18815 18884 D IptablesRestoreController: :knox_vpn_no_uid -
03-25 17:50:26.494 18815 18884 D IptablesRestoreController: :knox_vpn_OUTPUT -
03-25 17:50:26.494 18815 18884 D IptablesRestoreController: :knox_vpn_proxy_accept -
03-25 17:50:26.494 18815 18884 D IptablesRestoreController: :knox_vpn_mangle_exempt_dl -
03-25 17:50:26.494 18815 18884 D IptablesRestoreController: :knox_vpn_mangle_exempt_cp -
03-25 17:50:26.494 18815 18884 D IptablesRestoreController: :knox_vpn_EXEMPT -
03-25 17:50:26.494 18815 18884 D IptablesRestoreController: :knox_vpn_tether_exempt -
03-25 17:50:26.494 18815 18884 D IptablesRestoreController: -I OUTPUT -j knox_vpn_no_uid
03-25 17:50:26.494 18815 18884 D IptablesRestoreController: -I OUTPUT -j knox_vpn_OUTPUT
03-25 17:50:26.494 18815 18884 D IptablesRestoreController: -I OUTPUT -j knox_vpn_proxy_accept
03-25 17:50:26.494 18815 18884 D IptablesRestoreController: -I OUTPUT -j knox_vpn_mangle_exempt_dl
03-25 17:50:26.494 18815 18884 D IptablesRestoreController: -I OUTPUT -j knox_vpn_mangle_exempt_cp
03-25 17:50:26.494 18815 18884 D IptablesRestoreController: -I OUTPUT -j knox_vpn_EXEMPT
03-25 17:50:26.494 18815 18884 D IptablesRestoreController: -I OUTPUT -j knox_vpn_tether_exempt
03-25 17:50:26.494 18815 18884 D IptablesRestoreController: COMMIT
03-25 17:50:26.495 18815 18884 D IptablesRestoreController: [iptables debug]iptables-restore execute done, res : 0
03-25 17:50:26.495 18815 18884 D IptablesRestoreController: [iptables debug]iptables-restore execute *filter
03-25 17:50:26.495 18815 18884 D IptablesRestoreController: :knox_vpn_filter_input_drop -
03-25 17:50:26.495 18815 18884 D IptablesRestoreController: :knox_vpn_tether_exempt -
03-25 17:50:26.495 18815 18884 D IptablesRestoreController: :knox_vpn_filter_output_drop -
03-25 17:50:26.495 18815 18884 D IptablesRestoreController: :knox_vpn_filter_output_act -
03-25 17:50:26.495 18815 18884 D IptablesRestoreController: :knox_vpn_filter_tether_fwd -
03-25 17:50:26.495 18815 18884 D IptablesRestoreController: -D INPUT -j knox_vpn_filter_input_drop
03-25 17:50:26.495 18815 18884 D IptablesRestoreController: -D INPUT -j knox_vpn_tether_exempt
03-25 17:50:26.495 18815 18884 D IptablesRestoreController: -D OUTPUT -j knox_vpn_filter_output_drop
03-25 17:50:26.495 18815 18884 D IptablesRestoreController: -D OUTPUT -j knox_vpn_filter_output_act
03-25 17:50:26.495 18815 18884 D IptablesRestoreController: -D FORWARD -j knox_vpn_filter_tether_fwd
03-25 17:50:26.495 18815 18884 D IptablesRestoreController: -X knox_vpn_filter_input_drop
03-25 17:50:26.495 18815 18884 D IptablesRestoreController: -X knox_vpn_tether_exempt
03-25 17:50:26.495 18815 18884 D IptablesRestoreController: -X knox_vpn_filter_output_drop
03-25 17:50:26.495 18815 18884 D IptablesRestoreController: -X knox_vpn_filter_output_act
03-25 17:50:26.495 18815 18884 D IptablesRestoreController: -X knox_vpn_filter_tether_fwd
03-25 17:50:26.495 18815 18884 D IptablesRestoreController: COMMIT
03-25 17:50:26.496 18815 18884 W IptablesRestoreController: iptables-restore process 18823 terminatedstatus=256
03-25 17:50:26.497 18815 18884 W IptablesRestoreController: iptables-restore process 18824 terminatedstatus=256
03-25 17:50:26.497 18815 18884 D IptablesRestoreController: [iptables debug]iptables-restore execute done, res : -1
03-25 17:50:26.497 19058 19058 E FW-KnoxVpnFirewallHelper: Failed to run command. Result=Error (Operation not permitted)
03-25 17:50:26.497 19058 19058 E FW-KnoxVpnFirewallHelper: command=*filter
03-25 17:50:26.497 19058 19058 E FW-KnoxVpnFirewallHelper: :knox_vpn_filter_input_drop -
03-25 17:50:26.497 19058 19058 E FW-KnoxVpnFirewallHelper: :knox_vpn_tether_exempt -
03-25 17:50:26.497 19058 19058 E FW-KnoxVpnFirewallHelper: :knox_vpn_filter_output_drop -
03-25 17:50:26.497 19058 19058 E FW-KnoxVpnFirewallHelper: :knox_vpn_filter_output_act -
03-25 17:50:26.497 19058 19058 E FW-KnoxVpnFirewallHelper: :knox_vpn_filter_tether_fwd -
03-25 17:50:26.497 19058 19058 E FW-KnoxVpnFirewallHelper: -D INPUT -j knox_vpn_filter_input_drop
03-25 17:50:26.497 19058 19058 E FW-KnoxVpnFirewallHelper: -D INPUT -j knox_vpn_tether_exempt
03-25 17:50:26.497 19058 19058 E FW-KnoxVpnFirewallHelper: -D OUTPUT -j knox_vpn_filter_output_drop
03-25 17:50:26.497 19058 19058 E FW-KnoxVpnFirewallHelper: -D OUTPUT -j knox_vpn_filter_output_act
03-25 17:50:26.497 19058 19058 E FW-KnoxVpnFirewallHelper: -D FORWARD -j knox_vpn_filter_tether_fwd
03-25 17:50:26.497 19058 19058 E FW-KnoxVpnFirewallHelper: -X knox_vpn_filter_input_drop
03-25 17:50:26.497 19058 19058 E FW-KnoxVpnFirewallHelper: -X knox_vpn_tether_exempt
03-25 17:50:26.497 19058 19058 E FW-KnoxVpnFirewallHelper: -X knox_vpn_filter_output_drop
03-25 17:50:26.497 19058 19058 E FW-KnoxVpnFirewallHelper: -X knox_vpn_filter_output_act
03-25 17:50:26.497 19058 19058 E FW-KnoxVpnFirewallHelper: -X knox_vpn_filter_tether_fwd
03-25 17:50:26.497 19058 19058 E FW-KnoxVpnFirewallHelper: COMMIT
03-25 17:50:26.497 18815 18884 D IptablesRestoreController: [iptables debug]iptables-restore execute *filter
03-25 17:50:26.497 18815 18884 D IptablesRestoreController: :knox_vpn_filter_input_drop -
03-25 17:50:26.497 18815 18884 D IptablesRestoreController: :knox_vpn_tether_exempt -
03-25 17:50:26.497 18815 18884 D IptablesRestoreController: :knox_vpn_filter_output_drop -
03-25 17:50:26.497 18815 18884 D IptablesRestoreController: :knox_vpn_filter_output_act -
03-25 17:50:26.497 18815 18884 D IptablesRestoreController: :knox_vpn_filter_tether_fwd -
03-25 17:50:26.497 18815 18884 D IptablesRestoreController: -I INPUT -j knox_vpn_filter_input_drop
03-25 17:50:26.497 18815 18884 D IptablesRestoreController: -I INPUT -j knox_vpn_tether_exempt
03-25 17:50:26.497 18815 18884 D IptablesRestoreController: -I OUTPUT -j knox_vpn_filter_output_drop
03-25 17:50:26.497 18815 18884 D IptablesRestoreController: -I OUTPUT -j knox_vpn_filter_output_act
03-25 17:50:26.497 18815 18884 D IptablesRestoreController: -I FORWARD -j knox_vpn_filter_tether_fwd
03-25 17:50:26.497 18815 18884 D IptablesRestoreController: COMMIT
03-25 17:50:26.510 18815 18884 D IptablesRestoreController: [iptables debug]iptables-restore execute done, res : 0
03-25 17:50:26.511 18815 18884 D IptablesRestoreController: [iptables debug]iptables-restore execute *nat
03-25 17:50:26.511 18815 18884 D IptablesRestoreController: :knox_vpn_nat_preroute -
03-25 17:50:26.511 18815 18884 D IptablesRestoreController: -D PREROUTING -j knox_vpn_nat_preroute
03-25 17:50:26.511 18815 18884 D IptablesRestoreController: -X knox_vpn_nat_preroute
03-25 17:50:26.511 18815 18884 D IptablesRestoreController: COMMIT
03-25 17:50:26.511 18815 18884 W IptablesRestoreController: iptables-restore process 19762 terminatedstatus=256
03-25 17:50:26.511 18815 18884 E IptablesRestoreController: iptables error:
03-25 17:50:26.511 18815 18884 E IptablesRestoreController: ------- COMMAND -------
03-25 17:50:26.511 18815 18884 E IptablesRestoreController: *nat
03-25 17:50:26.511 18815 18884 E IptablesRestoreController: :knox_vpn_nat_preroute -
03-25 17:50:26.511 18815 18884 E IptablesRestoreController: -D PREROUTING -j knox_vpn_nat_preroute
03-25 17:50:26.511 18815 18884 E IptablesRestoreController: -X knox_vpn_nat_preroute
03-25 17:50:26.511 18815 18884 E IptablesRestoreController: COMMIT
03-25 17:50:26.511 18815 18884 E IptablesRestoreController:
03-25 17:50:26.511 18815 18884 E IptablesRestoreController: -------  ERROR -------
03-25 17:50:26.511 18815 18884 E IptablesRestoreController: iptables-restore: line 16 failed
03-25 17:50:26.511 18815 18884 E IptablesRestoreController: ----------------------
03-25 17:50:26.512 18815 18884 D IptablesRestoreController: [iptables debug]iptables-restore execute done, res : -1
03-25 17:50:26.512 19058 19058 E FW-KnoxVpnFirewallHelper: Failed to run command. Result=Error (Operation not permitted)
03-25 17:50:26.512 19058 19058 E FW-KnoxVpnFirewallHelper: command=*nat
03-25 17:50:26.512 19058 19058 E FW-KnoxVpnFirewallHelper: :knox_vpn_nat_preroute -
03-25 17:50:26.512 19058 19058 E FW-KnoxVpnFirewallHelper: -D PREROUTING -j knox_vpn_nat_preroute
03-25 17:50:26.512 19058 19058 E FW-KnoxVpnFirewallHelper: -X knox_vpn_nat_preroute
03-25 17:50:26.512 19058 19058 E FW-KnoxVpnFirewallHelper: COMMIT
03-25 17:50:26.512 18815 18884 D IptablesRestoreController: [iptables debug]iptables-restore execute *nat
03-25 17:50:26.512 18815 18884 D IptablesRestoreController: :knox_vpn_nat_preroute -
03-25 17:50:26.512 18815 18884 D IptablesRestoreController: -I PREROUTING -j knox_vpn_nat_preroute
03-25 17:50:26.512 18815 18884 D IptablesRestoreController: COMMIT
03-25 17:50:26.518 18815 18884 D IptablesRestoreController: [iptables debug]iptables-restore execute done, res : 0
03-25 17:50:26.519 19058 19058 D KnoxVpnEngineService: initializeHashtable
03-25 17:50:26.520 19058 19058 D FW-KnoxVpnHelper: checkIfProfileListEmpty:profileListEmpty value is true
03-25 17:50:26.520 19058 19058 D KnoxVpnVersion: writeVersionInProperties : 2.3.0
03-25 17:50:26.522   625   672 I servicemanager: Adding 'u:r:system_server:s0' service (knox_vpn_policy:19058)
03-25 17:50:26.522 19058 19058 D SystemServerTiming: Adding KnoxVpnEngineService took to complete: 31ms
03-25 17:50:26.522 19058 19058 D SystemServerTiming: KnoxVpnService took to complete: 31ms
03-25 17:50:26.522 19058 19058 I SystemServerTiming: StartVcnManagementService
03-25 17:50:26.529   625   672 I servicemanager: Adding 'u:r:system_server:s0' service (vcn_management:19058)
03-25 17:50:26.529 19058 19058 D SystemServerTiming: StartVcnManagementService took to complete: 8ms
03-25 17:50:26.529 19058 19058 I SystemServerTiming: StartNsdService
03-25 17:50:26.530 19058 19058 D NsdService: Network service discovery is enabled
03-25 17:50:26.531   625   672 I servicemanager: Adding 'u:r:system_server:s0' service (servicediscovery:19058)
03-25 17:50:26.531 19058 19058 D SystemServerTiming: StartNsdService took to complete: 2ms
03-25 17:50:26.531 19058 19058 I SystemServerTiming: StartSystemUpdateManagerService
03-25 17:50:26.532 19058 19058 I SystemUpdateManagerService: No existing info file /data/system/system-update-info.xml
03-25 17:50:26.532   625   672 I servicemanager: Adding 'u:r:system_server:s0' service (system_update:19058)
03-25 17:50:26.532 19058 19058 D SystemServerTiming: StartSystemUpdateManagerService took to complete: 1ms
03-25 17:50:26.532 19058 19058 I SystemServerTiming: StartUpdateLockService
03-25 17:50:26.532   625   672 I servicemanager: Adding 'u:r:system_server:s0' service (updatelock:19058)
03-25 17:50:26.533 19058 19058 D SystemServerTiming: StartUpdateLockService took to complete: 0ms
03-25 17:50:26.533 19058 19058 I SystemServerTiming: StartNotificationManager
03-25 17:50:26.533 19058 19058 I SystemServiceManager: Starting com.android.server.notification.NotificationManagerService
03-25 17:50:26.535 19058 19058 D EdgeLightingPolicyManager: heads up is enabled
03-25 17:50:26.538 19058 19058 D ConditionProviders.SCP: new ScheduleConditionProvider()
03-25 17:50:26.540 19058 19058 D SettingsProvider: isChangeAllowed() : name = zen_settings_updated
03-25 17:50:26.540 19058 19058 D ZenModeHelper: Snoozing reset for condition://android/schedule?days=1.2.3.4.5.6.7&start=22.0&end=7.0&exitAtAlarm=false
03-25 17:50:26.560 19058 19058 E NotificationPrefHelper: createDefaultChannelIfNeededLocked - Exception: android.content.pm.PackageManager$NameNotFoundException: com.samsung.android.coldwalletservice
03-25 17:50:26.564 19058 19058 I NotificationListeners: Read notification listener permissions from xml
03-25 17:50:26.564 19058 19058 I NotificationAssistants: Read notification assistant permissions fromxml
03-25 17:50:26.564 19058 19058 I ConditionProviders: Read condition provider permissions from xml
03-25 17:50:26.565 19058 19058 I ConditionProviders: Read condition provider permissions from xml
03-25 17:50:26.565 19058 19058 D NotificationAssistants: Approving default notification assistant foruser 0
03-25 17:50:26.565 19058 19058 I ConditionProviders:  Allowing condition provider com.google.android.ext.services/android.ext.services.notification.Assistant (userSet: true)
03-25 17:50:26.566 19058 19058 D SettingsProvider: isChangeAllowed() : name = zen_mode
03-25 17:50:26.568   625   672 I servicemanager: Adding 'u:r:system_server:s0' service (notification:19058)
03-25 17:50:26.568 19058 19058 D SmartAlertController: setSmartAlertEnabled:true pre:false
03-25 17:50:26.569 19058 19058 D MotionRecognitionManager: motionService = com.samsung.android.gesture.MotionRecognitionService@f1c16f7
03-25 17:50:26.569 19058 19058 D MotionRecognitionService:  ssp status : true
03-25 17:50:26.569 19058 19058 D EasyMuteController: EasyMute updated 1.true 2.true
03-25 17:50:26.570 19058 19058 D SystemServerTiming: StartNotificationManager took to complete: 38ms
03-25 17:50:26.570 19058 19058 I SystemServerTiming: StartDeviceMonitor
03-25 17:50:26.570 19058 19058 I SystemServiceManager: Starting com.android.server.storage.DeviceStorageMonitorService
03-25 17:50:26.571 19058 19058 D DeviceStorageMonitorYuva: constructor is called
03-25 17:50:26.571 19058 19058 D DeviceStorageMonitorYuva: user spcific threshold is calculated ->48998248448
03-25 17:50:26.571 19058 19058 D DeviceStorageMonitorYuva: user spcific threshold is calculated ->36748686336
03-25 17:50:26.571 19058 19058 D DeviceStorageMonitorYuva: device does not support YUVA
03-25 17:50:26.571   625   672 I servicemanager: Adding 'u:r:system_server:s0' service (devicestoragemonitor:19058)
03-25 17:50:26.572 19058 19058 D SystemServerTiming: StartDeviceMonitor took to complete: 1ms
03-25 17:50:26.572 19058 19058 I SystemServerTiming: StartLocationManagerService
03-25 17:50:26.572 19058 19773 D DeviceStorageMonitorService: check() STORAGE TOTAL > 64G
03-25 17:50:26.572 19058 19058 I SystemServiceManager: Starting com.android.server.location.LocationManagerService$Lifecycle
03-25 17:50:26.572 19058 19058 I NSConnectionHelper: constructor
03-25 17:50:26.572 19058 19058 I NSPermissionHelper: constructor
03-25 17:50:26.572 19058 19058 V HistoricalRegistry: Interaction before persistence initialized
03-25 17:50:26.572 19058 19773 W DeviceStorageMonitorService: check(/data) freeStorage = 615985152
03-25 17:50:26.572 19058 19058 I SystemUserInfoHelper: Success to registerUidObserver
03-25 17:50:26.572 19058 19058 I NSLocationProviderHelper: constructor
03-25 17:50:26.573  1168  1180 D installd: Device /data has 615985152 free; requested 1048576000; needed 432590848
03-25 17:50:26.573  1168  1180 W installd: Failed to find storage mount for /data/media
03-25 17:50:26.574 19058 19058 D LocationManagerService: [u0] passive provider enabled = true
03-25 17:50:26.575   625   672 I servicemanager: Adding 'u:r:system_server:s0' service (location:19058)
03-25 17:50:26.575 19058 19058 D SystemServerTiming: StartLocationManagerService took to complete: 3ms
03-25 17:50:26.575 19058 19058 I SystemServerTiming: StartSLocationService
03-25 17:50:26.575 19058 19058 I SystemServer: SLocation Manager
03-25 17:50:26.582   625   672 I servicemanager: Adding 'u:r:system_server:s0' service (sec_location:19058)
03-25 17:50:26.582 19058 19058 D SystemServerTiming: StartSLocationService took to complete: 6ms
03-25 17:50:26.583 19058 19058 I SystemServerTiming: StartCountryDetectorService
03-25 17:50:26.583   625   672 I servicemanager: Adding 'u:r:system_server:s0' service (country_detector:19058)
03-25 17:50:26.583 19058 19058 D SystemServerTiming: StartCountryDetectorService took to complete: 1ms
03-25 17:50:26.583 19058 19058 I SystemServerTiming: StartTimeDetectorService
03-25 17:50:26.583 19058 19058 I SystemServiceManager: Starting com.android.server.timedetector.TimeDetectorService$Lifecycle
03-25 17:50:26.584   625   672 I servicemanager: Adding 'u:r:system_server:s0' service (time_detector:19058)
03-25 17:50:26.584 19058 19058 D SystemServerTiming: StartTimeDetectorService took to complete: 1ms
03-25 17:50:26.584 19058 19058 I SystemServerTiming: StartTimeZoneDetectorService
03-25 17:50:26.584 19058 19058 I SystemServiceManager: Starting com.android.server.timezonedetector.TimeZoneDetectorService$Lifecycle
03-25 17:50:26.585   625   672 I servicemanager: Adding 'u:r:system_server:s0' service (time_zone_detector:19058)
03-25 17:50:26.585 19058 19058 D SystemServerTiming: StartTimeZoneDetectorService took to complete: 1ms
03-25 17:50:26.586 19058 19058 I SystemServerTiming: StartLocationTimeZoneManagerService
03-25 17:50:26.586 19058 19058 I SystemServiceManager: Starting com.android.server.timezonedetector.location.LocationTimeZoneManagerService$Lifecycle
03-25 17:50:26.586   625   672 I servicemanager: Adding 'u:r:system_server:s0' service (location_time_zone_manager:19058)
03-25 17:50:26.586 19058 19058 D SystemServerTiming: StartLocationTimeZoneManagerService took to complete: 1ms
03-25 17:50:26.586 19058 19058 I SystemServerTiming: StartSearchManagerService
03-25 17:50:26.586 19058 19058 I SystemServiceManager: Starting com.android.server.search.SearchManagerService$Lifecycle
03-25 17:50:26.588   625   672 I servicemanager: Adding 'u:r:system_server:s0' service (search:19058)
03-25 17:50:26.588 19058 19058 D SystemServerTiming: StartSearchManagerService took to complete: 1ms
03-25 17:50:26.588 19058 19058 I SystemServerTiming: StartWallpaperManagerService
03-25 17:50:26.588 19058 19058 I SystemServiceManager: Starting com.android.server.wallpaper.WallpaperManagerService$Lifecycle
03-25 17:50:26.588 19058 19058 D WALLPAPER_SVC:WallpaperManagerService: WallpaperService startup (support sub display ? false)
03-25 17:50:26.590 19058 19058 I WallpaperResourcesInfo: parsingJson: [{"isDefault":true,"index":0,"which":1,"screen":0,"type":0,"filename":"wallpaper_001.png","frame_no":-1,"cmf_info":["zs"]},{"isDefault":true,"index":1,"which":2,"screen":0,"type":8,"filename":"video_silver.mp4","frame_no":230,"cmf_info":[""]},{"isDefault":false,"index":2,"which":2,"screen":0,"type":8,"filename":"video_essential.mp4","frame_no":230,"cmf_info":[""]},{"isDefault":false,"index":3,"which":1,"screen":0,"type":0,"filename":"wallpaper_002.png","frame_no":-1,"cmf_info":["zs"]},{"isDefault":false,"index":4,"which":1,"screen":0,"type":0,"filename":"wallpaper_003.png","frame_no":-1,"cmf_info":["zw"]},{"isDefault":false,"index":5,"which":1,"screen":0,"type":0,"filename":"wallpaper_004.png","frame_no":-1,"cmf_info":["zw"]},{"isDefault":false,"index":6,"which":1,"screen":0,"type":0,"filename":"wallpaper_005.png","frame_no":-1,"cmf_info":["zk"]},{"isDefault":false,"index":7,"which":1,"screen":0,"type":0,"filename":"wallpaper_006.png","frame_no":-1,"cmf_info":["zk"]},{"isDefault":false,"index":8,"which":1,"screen":0,"type":0,"filename":"wallpaper_007.png","frame_no":-1,"cmf_info":["zb"]},{"isDefault":false,"index":9,"which":1,"screen":0,"type":0,"filename":"wallpaper_008.png","frame_no":-1,"cmf_info":["zb"]},{"isDefault":false,"index":10,"which":1,"screen":0,"type":0,"filename":"wallpaper_009.png","frame_no":-1,"cmf_info":["zi"]},{"isDefault":false,"index":11,"which":1,"screen":0,"type":0,"filename":"wallpaper_010.png","frame_no":-1,"cmf_info":["zi"]},{"isDefault":false,"index":12,"which":1,"screen":0,"type":0,"filename":"wallpaper_011.png","frame_no":-1,"cmf_info":[""]},{"isDefault":false,"index":13,"which":1,"screen":0,"type":0,"filename":"wallpaper_012.png","frame_no":-1,"cmf_info":[""]}]
03-25 17:50:26.590 19058 19058 D WALLPAPER_SVC:SemWallpaperManagerService: SemWallpaperManagerService
03-25 17:50:26.591 19058 19058 D WALLPAPER_SVC:DefaultWallpaper: DefaultWallpaper
03-25 17:50:26.591 19058 19058 D WALLPAPER_SVC:CMFWallpaper: CMFWallpaper
03-25 17:50:26.591 19058 19058 D WALLPAPER_SVC:OMCWallpaper: OMCWallpaper
03-25 17:50:26.591 19058 19058 D WALLPAPER_SVC:LockWallpaper: LockWallpaper
03-25 17:50:26.591 19058 19058 D WALLPAPER_SVC:DesktopMode: DesktopMode
03-25 17:50:26.591 19058 19058 I SemDesktopModeManager: registerListener: com.samsung.server.wallpaper.DesktopMode$1@805cd7
03-25 17:50:26.591 19058 19058 D WALLPAPER_SVC:SubDisplayMode: SubDisplayMode
03-25 17:50:26.592 19058 19058 D WALLPAPER_SVC:LegibilityColor: LegibilityColor
03-25 17:50:26.592 19058 19058 D WALLPAPER_SVC:Knox: Knox
03-25 17:50:26.594   625   672 I servicemanager: Adding 'u:r:system_server:s0' service (wallpaper:19058)
03-25 17:50:26.594 19058 19058 D SystemServerTiming: StartWallpaperManagerService took to complete: 6ms
03-25 17:50:26.594 19058 19058 I SystemServerTiming: StartAudioService
03-25 17:50:26.594 19058 19058 I SystemServiceManager: Starting com.android.server.audio.AudioService$Lifecycle
03-25 17:50:26.597 19058 19058 I AS.AudioService: use default ro.config.vc_call_vol_steps 8
03-25 17:50:26.599 19058 19058 I android_os_HwBinder: HwBinder: Starting thread pool for getting: android.hidl.manager@1.0::IServiceManager/default
03-25 17:50:26.602 18806 19039 W AudioFlinger: no wake lock to update, system not ready yet
03-25 17:50:26.602 18806 19072 W AudioFlinger: no wake lock to update, system not ready yet
03-25 17:50:26.603 18806 19103 W AudioFlinger: no wake lock to update, system not ready yet
03-25 17:50:26.603 18806 19096 W AudioFlinger: no wake lock to update, system not ready yet
03-25 17:50:26.603 18806 19089 W AudioFlinger: no wake lock to update, system not ready yet
03-25 17:50:26.604 19058 19058 V AS.AudioDeviceBroker: requestedCommunicationDevice, device: null mode owner pid: 0
03-25 17:50:26.605 18806 18806 D PermissionCache: checking android.permission.MODIFY_AUDIO_ROUTING 