03-25 17:50:25.521 18805 18805 D ApplicationLoaders: Created zygote-cached class loader: /system/framework/android.test.base.jar
03-25 17:50:25.521 18805 18805 D ZygoteInitTiming_lazy: CacheNonBootClasspathClassLoaders took to complete: 10ms
03-25 17:50:25.521 18805 18805 I Zygote  : Preloading resources...
03-25 17:50:25.525 18805 18805 W Resources: Preloaded drawable resource #0x108029e (android:drawable/dialog_background_material) that varies with configuration!!
03-25 17:50:25.536 18805 18805 I Zygote  : ...preloaded 64 resources in 15ms.
03-25 17:50:25.539 18805 18805 I Zygote  : ...preloaded 41 resources in 3ms.
03-25 17:50:25.539 18805 18805 D ZygoteInitTiming_lazy: PreloadResources took to complete: 18ms
03-25 17:50:25.551 18805 18805 D libEGL  : loaded /vendor/lib/egl/libEGL_adreno.so
03-25 17:50:25.555 18805 18805 D libEGL  : loaded /vendor/lib/egl/libGLESv1_CM_adreno.so
03-25 17:50:25.559 19676 19676 D ProcessState: Binder ioctl to enable oneway spam detection failed: Invalid argument
03-25 17:50:25.561 19058 19668 W PackageManager: ApplicationPolicy is null
03-25 17:50:25.561 19058 19668 D PackageManager: setEnabledSetting : userId = 0 packageName = AutomateIt.mainPackage cmp = null newState = 3 callingPackage = shell:1000
03-25 17:50:25.562 18805 18805 D libEGL  : loaded /vendor/lib/egl/libGLESv2_adreno.so
03-25 17:50:25.591 18831 18831 I perfsdkserver: Server: try to get perfsdkservice
03-25 17:50:25.592 18831 18831 I ServiceManager: Waiting for service 'perfsdkservice' on '/dev/binder'...
03-25 17:50:25.601 18805 18805 E libEGL  : dlopen("libSEC_EGL.so") failed: dlopen failed: library "libSEC_EGL.so" not found
03-25 17:50:25.602 18805 18805 I Zygote  : Preloading shared libraries...
03-25 17:50:25.607 18805 18805 I Zygote  : Called ZygoteHooks.endPreload()
03-25 17:50:25.608 18805 18805 I Zygote  : Installed AndroidKeyStoreProvider in 0ms.
03-25 17:50:25.612 18805 18805 I Zygote  : Warmed up JCA providers in 4ms.
03-25 17:50:25.612 18805 18805 D Zygote  : end preload
03-25 17:50:25.612 19058 19658 D SystemServerTimingAsync: SecondaryZygotePreload took to complete: 617ms
03-25 17:50:25.612 19058 19658 D SystemServerTimingAsync: InitThreadPoolExec:SecondaryZygotePreload took to complete: 617ms
03-25 17:50:25.639 19681 19681 D ProcessState: Binder ioctl to enable oneway spam detection failed: Invalid argument
03-25 17:50:25.841 19058 19076 I system_server: Background concurrent copying GC freed 483720(23MB) AllocSpace objects, 21(4528KB) LOS objects, 11% free, 180MB/204MB, paused 60us,39us total 562.240ms
03-25 17:50:25.841 19058 19058 I system_server: WaitForGcToComplete blocked ClassLinker on Backgroundfor 496.335ms
03-25 17:50:25.841 19058 19058 I SystemServiceManager: Starting com.android.server.ssrm.CustomFrequencyManagerService$Lifecycle
03-25 17:50:25.905 19058 19058 E SystemServiceRegistry: Failed to get custom frequency manager service.
03-25 17:50:25.906   625   629 I servicemanager: Found vendor.samsung.hardware.hyper.ISehHyPer/default in device VINTF manifest.
03-25 17:50:25.907 19058 19125 I DropBoxManagerService: add tag=system_server_wtf isTagEnabled=true flags=0x2
03-25 17:50:25.911   625   672 I servicemanager: Adding 'u:r:system_server:s0' service (CustomFrequencyManagerService:19058)
03-25 17:50:25.911 19058 19058 W SystemServiceManager: Service com.android.server.ssrm.CustomFrequencyManagerService$Lifecycle took 69 ms in onStart
03-25 17:50:25.911 19058 19058 D SystemServerTiming: SSRM Service took to complete: 570ms
03-25 17:50:25.911 19058 19058 D SystemServerTiming: !@Boot_SystemServer: 570ms : SSRM Service
03-25 17:50:25.911 19058 19058 I SystemServerTiming: !@Boot_EBS:   Took 570ms by 'SSRM Service'
03-25 17:50:25.911 19058 19058 I SystemServerTiming: StartAlarmManagerService
03-25 17:50:25.911 19058 19058 I SystemServiceManager: Starting com.android.server.alarm.AlarmManagerService
03-25 17:50:25.911 19058 19058 V SamsungAlarmManager: SamsungAlarmManagerService created.
03-25 17:50:25.920 19058 19058 D AlarmManagerService: Kernel timezone updated to 300 minutes west of GMT
03-25 17:50:25.920 19058 19058 D CompatibilityChangeReporter: Compat change id reported: 160794467; UID 1000; state: ENABLED
03-25 17:50:25.921   625   672 I servicemanager: Adding 'u:r:system_server:s0' service (alarm:19058)
03-25 17:50:25.921 19058 19058 D SystemServerTiming: StartAlarmManagerService took to complete: 10ms
03-25 17:50:25.921 19058 19058 I SystemServerTiming: StartInputManagerService
03-25 17:50:25.922 19058 19058 I InputManager: Initializing input manager, mUseDevInputEventForAudioJack=true
03-25 17:50:25.924   792   796 I ServiceManager: Waiting for service 'statscompanion' on '/dev/binder'...
03-25 17:50:25.924 19058 19058 D InputReader: Constructor for InputReader()
03-25 17:50:25.924   625   673 I servicemanager: Adding 'u:r:system_server:s0' service (inputflinger:19058)
03-25 17:50:25.924 19058 19058 D InputManager.ControlWakeKey: mWakeKeyRefCount(116) is increased: 1
03-25 17:50:25.924 19058 19058 D InputManager.ControlWakeKey: mWakeKeyRefCount(172) is increased: 1
03-25 17:50:25.925 19058 19058 I InputManager.ControlWakeKey: file not found: /sys/power/volkey_wakeup
03-25 17:50:25.925 19058 19058 I InputManager.ControlWakeKey: file not found: /sys/class/sec/ap_pmic/volkey_wakeup
03-25 17:50:25.925 19058 19058 D InputManager.ControlWakeKey: keyCodes in makeWakeKeyString is 116,172
03-25 17:50:25.925 19058 19058 I InputManager.ControlWakeKey: FileOutputStream is passed
03-25 17:50:25.925 19058 19058 I InputManager.ControlWakeKey: fosWakeKey writing is passed
03-25 17:50:25.925 19058 19058 I InputManager.ControlWakeKey: closing fosWakeKey is passed
03-25 17:50:25.926 19058 19058 D SystemServerTiming: StartInputManagerService took to complete: 4ms
03-25 17:50:25.926 19058 19058 I SystemServerTiming: SatsService: Secure AT Service
03-25 17:50:25.927 19058 19125 W DropBoxManagerService: Dropping: system_server_wtf (1769 > 0 bytes)
03-25 17:50:25.932 19058 19058 I DEVROOT#MGR: [android] create DeviceRootKeyServiceManager.
03-25 17:50:25.932 19058 19058 I engmode_java_manager: em library is enabled, will use library
03-25 17:50:25.932 19058 19058 I engmode_java_manager: android(1000, 0) connects to EngineeringModeNative
03-25 17:50:25.932 19058 19058 I SatsService: Initialized
03-25 17:50:25.932 19058 19058 I SatsService: AtCmdHandler called.
03-25 17:50:25.932 19058 19058 I SatsService: connect at distributor
03-25 17:50:25.932 19058 19058 I SatsService: AtCmdHandler called.
03-25 17:50:25.932 19058 19058 I SatsService: connect data distributor
03-25 17:50:25.933 19058 19058 D SystemServerTiming: SatsService: Secure AT Service took to complete:7ms
03-25 17:50:25.933 19058 19058 I SystemServerTiming: DeviceStateManagerService
03-25 17:50:25.933 19058 19058 I SystemServiceManager: Starting com.android.server.devicestate.DeviceStateManagerService
03-25 17:50:25.933  1230  1230 D AT_Distributor: InitSocketMessageHandler(): SatsService, id(8), fd(21)
03-25 17:50:25.933 19058 19686 I SatsServiceAt: Connected to daemon.
03-25 17:50:25.933 19058 19687 I SatsServiceData: Connected to daemon.
03-25 17:50:25.935 19058 19058 D DeviceStateManagerService: Committing state: DeviceState{identifier=0, name='DEFAULT'}
03-25 17:50:25.935   625   673 I servicemanager: Adding 'u:r:system_server:s0' service (device_state:19058)
03-25 17:50:25.935 19058 19058 D SystemServerTiming: DeviceStateManagerService took to complete: 3ms
03-25 17:50:25.935 19058 19058 I SystemServerTiming: SemPrivilegeManagerService
03-25 17:50:25.935 19058 19058 I SystemServiceManager: Starting com.android.server.privilege.SemPrivilegeManagerService
03-25 17:50:25.936 19058 19058 D SemPrivilegeManagerService: onStart
03-25 17:50:25.936   625   673 I servicemanager: Adding 'u:r:system_server:s0' service (semprivilege:19058)
03-25 17:50:25.936 19058 19058 D SystemServerTiming: SemPrivilegeManagerService took to complete: 1ms
03-25 17:50:25.936 19058 19058 I SystemServerTiming: StartSemContextService
03-25 17:50:25.936 19058 19058 I SystemServer: SemContextService Service
03-25 17:50:25.942 19058 19058 I SemContextVersion: getFeatureMapFromFormat() : Failed to find from 1st place.
03-25 17:50:25.942 19058 19058 I SemContextVersion: getFeatureMapFromFormat() : There is also nothingat 2nd place.
03-25 17:50:25.942 19058 19058 D SemContextVersion: initialize() : this version = 32
03-25 17:50:25.945 19058 19058 D SensorHubManager: registerListener: Listener= com.samsung.android.contextaware.dataprovider.sensorhubprovider.SensorHubParserProvider$1@aa5c072
03-25 17:50:25.946 19058 19058 D SensorService: Calling batch handle==1501 flags=0 rate=1000 timeout== 0
03-25 17:50:25.946 18820 18820 I sensors-hal: set_config:67, sample_period_ns is adjusted to 1000 based on min/max delay_ns
03-25 17:50:25.946 18820 18820 I sensors-hal: batch:336, com.samsung.sensor.sensorhubs/1501, period=1000000, max_latency=0 request completed
03-25 17:50:25.946 18820 18820 I sensors-hal: activate:252, com.samsung.sensor.sensorhubs/1501 en=1
03-25 17:50:25.946 18820 18820 I sensors-hal: activate:370, enable common info also
03-25 17:50:25.947 18820 18820 I sensors-hal: get_qmi_debug_flag:241, support_qmi_debug : false
03-25 17:50:25.949 18820 18820 I sensors-hal: create_sensor_config_request:52, sending common_info create_sensor_config_request
03-25 17:50:25.949 18820 18820 I sensors-hal: get_qmi_debug_flag:241, support_qmi_debug : false
03-25 17:50:25.952 18820 18820 I sensors-hal: activate:379, _offset_ns = -3997203171, curr_offset_ns = -3997207182
03-25 17:50:25.952 18820 18820 I sensors-hal: activate:270, com.samsung.sensor.sensorhubs/1501 en=1 completed
03-25 17:50:25.952 19058 19058 D SensorManager: registerListener :: 1501, SensorHub type, 200000, 0, com.samsung.android.contextaware.sensorhubmanager.SensorHubManager$SensorHubListener@361dcc3
03-25 17:50:25.954 19058 19058 I CAE     : <init>(PowerResetNotiParser.java:72) - SLPIResetObserver :start
03-25 17:50:25.957 19058 19058 D CompatibilityChangeReporter: Compat change id reported: 147600208; UID 1000; state: ENABLED
03-25 17:50:25.958 19058 19058 D CompatibilityChangeReporter: Compat change id reported: 157233955; UID 1000; state: ENABLED
03-25 17:50:25.961 19058 19058 W CAE     : addListener(ListenerListManager.java:79) - [addListener]  com.samsung.android.contextaware.manager.ContextAwareService$Listener@8637cb3
03-25 17:50:25.961 19058 19058 W CAE     : addListener(ListenerListManager.java:80) - [addListener]  1
03-25 17:50:25.961 19058 19058 W CAE     : <init>(ContextAwareService.java:166) - [ContextAwareService 1]  com.samsung.android.contextaware.ContextAwareManager$CaListenerDelegate@7ccd270
03-25 17:50:25.961 19058 19058 W CAE     : <init>(ContextAwareService.java:167) - [ContextAwareService 2]  com.samsung.android.contextaware.manager.ContextAwareService$Listener@8637cb3
03-25 17:50:25.961 19058 19058 W CAE     : <init>(ContextAwareService.java:168) - [ContextAwareService 3]  com.samsung.android.contextaware.ContextAwareManager$CaListenerDelegate@7ccd270
03-25 17:50:25.961 19058 19058 D FaultDetector: FaultDetector(1.1)
03-25 17:50:25.962 19058 19058 D SemContextService: AccSensorVersion : 15932
03-25 17:50:25.962 19058 19058 V HistoricalRegistry: Interaction before persistence initialized
03-25 17:50:25.963 19058 19058 D SemContextService: SemContextService()
03-25 17:50:25.963   625   673 I servicemanager: Adding 'u:r:system_server:s0' service (scontext:19058)
03-25 17:50:25.964 19058 19058 D SystemServerTiming: StartSemContextService took to complete: 27ms
03-25 17:50:25.964 19058 19058 I SystemServerTiming: StartCameraServiceProxy
03-25 17:50:25.964 19058 19058 I SystemServiceManager: Starting com.android.server.camera.CameraServiceProxy
03-25 17:50:25.964 19058 19058 I CameraService_proxy: CameraServiceProxy is started.
03-25 17:50:25.964   625   673 I servicemanager: Adding 'u:r:system_server:s0' service (media.camera.proxy:19058)
03-25 17:50:25.964 19058 19058 D SystemServerTiming: StartCameraServiceProxy took to complete: 1ms
03-25 17:50:25.964 19058 19058 I SystemServerTiming: StartCameraServiceWorker
03-25 17:50:25.965 19058 19058 I SystemServiceManager: Starting com.samsung.android.camera.CameraServiceWorker
03-25 17:50:25.966   761   761 E audit   : type=1400 audit(1711407025.961:254): avc:  denied  { read } for  pid=19058 comm="system_server" name="u:object_r:vendor_default_prop:s0" dev="tmpfs" ino=21996 scontext=u:r:system_server:s0 tcontext=u:object_r:vendor_default_prop:s0 tclass=file permissive=0 SEPF_SM-N975U1_12_0001 audit_filtered
03-25 17:50:25.966 19058 19058 E libc    : Access denied finding property "vendor.camera.unihal.enable"
03-25 17:50:25.966   761   761 E audit   : type=1300 audit(1711407025.961:254): arch=c00000b7 syscall=56 success=no exit=-13 a0=ffffff9c a1=7ff5d9de68 a2=88000 a3=0 items=0 ppid=18802 pid=19058 auid=4294967295 uid=1000 gid=1000 euid=1000 suid=1000 fsuid=1000 egid=1000 sgid=1000 fsgid=1000 tty=(none) ses=4294967295 comm="system_server" exe="/system/bin/app_process64" subj=u:r:system_server:s0 key=(null)
03-25 17:50:25.966   761   761 E audit   : type=1327 audit(1711407025.961:254): proctitle="system_server"
03-25 17:50:25.967 19058 19058 I CameraService_worker: CameraServiceWorker is started.
03-25 17:50:25.967   625   673 I servicemanager: Adding 'u:r:system_server:s0' service (media.camera.worker:19058)
03-25 17:50:25.967 19058 19058 D SystemServerTiming: StartCameraServiceWorker took to complete: 3ms
03-25 17:50:25.967 19058 19058 I SystemServerTiming: StartMotionRecognitionService
03-25 17:50:25.967 19058 19058 I SystemServer: PackageManager is not null!!
03-25 17:50:25.972 19058 19058 D MotionRecognitionService: mIsAvailablePocketForBixby : true
03-25 17:50:25.972 19058 19058 D MotionRecognitionService: SSP enabled : true
03-25 17:50:25.973 19058 19058 D MotionRecognitionService: Motion,  result = 1
03-25 17:50:25.973 19058 19058 D MotionRecognitionService: Motion,  result = 1
03-25 17:50:25.973 19058 19058 D MotionRecognitionService: Settings updated : 11000100100000000000000101
03-25 17:50:25.973 19058 19058 D MotionRecognitionService:   Multi-Window enabled : true
03-25 17:50:25.974 19058 19058 I MotionRecognitionService: [SAR] versionGripSensor 1025
03-25 17:50:25.974 19058 19058 I MotionRecognitionService: [SAR] Block Earjack : false , allow USB : true , block TSP : false
03-25 17:50:25.974 19058 19058 D MotionRecognitionService: [SAR] Block list: Sub1 false, Sub2 false, Sub3 false
03-25 17:50:25.974 19058 19058 D MotionRecognitionService: [SAR] Device type is phone
03-25 17:50:25.974 19058 19058 D MotionRecognitionService: [SAR] Grip motion sensor is ready
03-25 17:50:25.974 19058 19058 D SensorService: Calling batch handle==16777238 flags=0 rate=200000000timeout== 0
03-25 17:50:25.975 18820 18820 I SensorsGrip: [grip_notifier] enable: GripNotifierSensor: enable handle = 22 en = 1 mEnabled = 0
03-25 17:50:25.975 18820 18820 I SensorsGrip: [grip_notifier] enable: GripNotifierSensor: noti_enablewrite Success, return 2
03-25 17:50:25.975 18820 19159 I SensorsGrip: [grip_notifier] readEvents: GripNotifierSensor: 3
03-25 17:50:25.975 19058 19058 D SensorManager: registerListener :: 16777238, Grip Notifier Sensor, 200000, 0, com.samsung.android.gesture.MotionRecognitionSAR$3@9469eda
03-25 17:50:25.975 19058 19058 D MotionRecognitionService: [SAR] Enable grip notifier sensor : true
03-25 17:50:25.977 19058 19709 D MotionRecognitionService: [SAR] Grip Notifier Listener ~
03-25 17:50:25.977 19058 19709 D MotionRecognitionService: [SAR] get notifier value 3.0
03-25 17:50:25.977 19058 19709 D SensorService: Calling batch handle==2072 flags=0 rate=0 timeout== 0
03-25 17:50:25.978 18820 18820 I sensors-hal: set_config:67, sample_period_ns is adjusted to 0 based on min/max delay_ns
03-25 17:50:25.978 18820 18820 I sensors-hal: batch:336, com.samsung.sensor.sar_backoff_motion/2072, period=1000000, max_latency=0 request completed
03-25 17:50:25.978 18820 18820 I sensors-hal: activate:252, com.samsung.sensor.sar_backoff_motion/2072 en=1
03-25 17:50:25.978 18820 18820 I sensors-hal: get_qmi_debug_flag:241, support_qmi_debug : false
03-25 17:50:25.980 18820 18820 I sensors-hal: activate:270, com.samsung.sensor.sar_backoff_motion/2072 en=1 completed
03-25 17:50:25.981 19058 19709 D SensorManager: requestTrigger :: 2072, Sar BackOff Motion  Wakeup, com.samsung.android.gesture.MotionRecognitionSAR$2@75661e8
03-25 17:50:25.981 19058 19709 D MotionRecognitionService: [SAR] Trigger start (enable)
03-25 17:50:25.983 18817 19596 I ServiceManager: Waiting for service 'CustomFrequencyManagerService' on '/dev/binder' successful after waiting 5022ms
03-25 17:50:25.983 18817 19596 D NativeCustomFrequencyManager: [NativeCFMS] BpCustomFrequencyManager::BpCustomFrequencyManager()
03-25 17:50:25.983 18817 19596 D NativeSemDvfsManager: NativeSemDvfsManager:: New instance is createdfor perfmond , type = 301993985
03-25 17:50:25.983 18817 19596 D NativeSemDvfsManager: NativeSemDvfsCpuManager
03-25 17:50:25.983 18817 19596 D NativeSemDvfsManager: getSupportedFrequency:: type - 301993985
03-25 17:50:25.983 18817 19596 D NativeSemDvfsManager: getSupportedFrequency:: type - 301993985
03-25 17:50:25.983 18817 19596 E NativeCustomFrequencyManager: [NativeCFMS] BpCustomFrequencyManager::getSupportedFrequency() start
03-25 17:50:25.983 19058 19058 D MotionRecognitionService: This type doesn't support direct call
03-25 17:50:25.983 19058 19058 D MotionRecognitionService: SemContextManager supports SmartAlert
03-25 17:50:25.983 18817 19596 E NativeCustomFrequencyManager: [NativeCFMS] BpCustomFrequencyManager::getSupportedFrequency()
03-25 17:50:25.983 18817 19596 E PerfHint: PerfHint init
03-25 17:50:25.983 18817 19596 E PerfHint: PerfHint acquire
03-25 17:50:25.983 18817 19596 D NativeSemDvfsManager: acquire:: timeout = 3000 mIsAcquired = 0  mTagName : perfmond
03-25 17:50:25.984 18817 19596 E NativeCustomFrequencyManager: [NativeCFMS] BpCustomFrequencyManager::acquire()
03-25 17:50:25.984 19058 19058 E PocketLogManager: Debug file is null!
03-25 17:50:25.984 19058 19058 D PocketLogManager: LogManager : false
03-25 17:50:25.984 18817 19596 E PerfHint: REPORT_BOTTLENECK_HINT_TRANSACTION :: name = perfmond
03-25 17:50:25.984 18817 19596 I PerfHint: REPORT_BOTTLENECK_HINT_TRANSACTION :: param = 1000
03-25 17:50:25.984 18817 19596 I PerfHint: REPORT_BOTTLENECK_HINT_TRANSACTION :: param = 1
03-25 17:50:25.984 18817 19596 I PerfHint: REPORT_BOTTLENECK_HINT_TRANSACTION :: param = LOCKCONTENTION
03-25 17:50:25.984 18817 19596 I PerfHint: REPORT_BOTTLENECK_HINT_TRANSACTION :: param = not_owner_void com.android.server.pm.PackageManagerService$PackageHandler.doHandleMessage(android.os.Message)
03-25 17:50:25.984 19058 19668 D ActivityManager: BOTTLENECK_HINT_TRANSACTION onTransact() from uid =1000 with avg = 1
03-25 17:50:25.985 18846 18864 I HYPER-HAL: [RequestManager.cpp]acquire(): Acquired ID : 196367653  [18817 / 1000]    HINT :      list : [CPUMinFreq / 2649600] [TIMEOUT / 3000]
03-25 17:50:25.985 19058 19668 W ContextImpl: Calling a method in the system process without a qualified user: android.app.ContextImpl.sendBroadcast:1242 com.android.server.am.ActivityManagerService.onTransact:3005 android.os.Binder.execTransactInternal:1220 android.os.Binder.execTransact:1179 <bottom ofcall stack>
03-25 17:50:25.985 19058 19668 E ActivityManager: Attempt to launch receivers of broadcast intent Intent { act=com.samsung.BOTTLENECK_HINT_FOR_CHIMERA pkg=android } before boot completion
03-25 17:50:25.985 19058 19058 E PocketMotionManager: init activity tracker
03-25 17:50:25.985 18817 19596 E PerfHint: 9516 module caught exception -129
03-25 17:50:25.985 19058 19058 D MotionRecognitionService: LightSensorVersion = 384
03-25 17:50:25.985 19058 19058 D MotionRecognitionService: mIsAvailableElevatorMode : true
03-25 17:50:25.986 19058 19058 D com.samsung.android.gesture.ElevatorModeEvent: ElevatorModeEvent Object Made
03-25 17:50:25.986   625   673 I servicemanager: Adding 'u:r:system_server:s0' service (motion_recognition:19058)
03-25 17:50:25.986 19058 19058 I SystemServer: MotionRecognitionService Service!
03-25 17:50:25.986 19058 19058 D SystemServerTiming: StartMotionRecognitionService took to complete: 19ms
03-25 17:50:25.986 19058 19058 I SystemServerTiming: StartWindowManagerService
03-25 17:50:25.986 19058 19058 I SystemServer: !@Boot_EBS_F: Start WindowManagerService
03-25 17:50:25.986 19058 19058 I SystemServiceManager: Starting phase 200
03-25 17:50:25.986 19058 19058 I SystemServerTiming: OnBootPhase_200
03-25 17:50:25.986 19058 19058 I SystemServerTiming: OnBootPhase_200_com.android.server.security.FileIntegrityService
03-25 17:50:25.986 19058 19058 D SystemServerTiming: OnBootPhase_200_com.android.server.security.FileIntegrityService took to complete: 0ms
03-25 17:50:25.986 19058 19058 I SystemServerTiming: OnBootPhase_200_com.android.server.pm.Installer
03-25 17:50:25.986 19058 19058 D SystemServerTiming: OnBootPhase_200_com.android.server.pm.Installer took to complete: 0ms
03-25 17:50:25.986 19058 19058 I SystemServerTiming: OnBootPhase_200_com.android.server.os.DeviceIdentifiersPolicyService
03-25 17:50:25.986 19058 19058 D SystemServerTiming: OnBootPhase_200_com.android.server.os.DeviceIdentifiersPolicyService took to complete: 0ms
03-25 17:50:25.986 19058 19058 I SystemServerTiming: OnBootPhase_200_com.android.server.uri.UriGrantsManagerService$Lifecycle
03-25 17:50:25.986 19058 19058 D SystemServerTiming: OnBootPhase_200_com.android.server.uri.UriGrantsManagerService$Lifecycle took to complete: 0ms
03-25 17:50:25.986 19058 19058 I SystemServerTiming: OnBootPhase_200_com.android.server.powerstats.PowerStatsService
03-25 17:50:25.986 19058 19058 D SystemServerTiming: OnBootPhase_200_com.android.server.powerstats.PowerStatsService took to complete: 0ms
03-25 17:50:25.986 19058 19058 I SystemServerTiming: OnBootPhase_200_com.android.server.wm.ActivityTaskManagerService$Lifecycle
03-25 17:50:25.986 19058 19058 D SystemServerTiming: OnBootPhase_200_com.android.server.wm.ActivityTaskManagerService$Lifecycle took to complete: 0ms
03-25 17:50:25.986 19058 19058 I SystemServerTiming: OnBootPhase_200_com.android.server.am.ActivityManagerService$Lifecycle
03-25 17:50:25.986 19058 19058 D SystemServerTiming: OnBootPhase_200_com.android.server.am.ActivityManagerService$Lifecycle took to complete: 0ms
03-25 17:50:25.986 19058 19058 I SystemServerTiming: OnBootPhase_200_com.android.server.pm.DataLoaderManagerService
03-25 17:50:25.986 19058 19058 D SystemServerTiming: OnBootPhase_200_com.android.server.pm.DataLoaderManagerService took to complete: 0ms
03-25 17:50:25.986 19058 19058 I SystemServerTiming: OnBootPhase_200_com.android.server.power.PowerManagerService
03-25 17:50:25.986 19058 19058 D SystemServerTiming: OnBootPhase_200_com.android.server.power.PowerManagerService took to complete: 0ms
03-25 17:50:25.986 19058 19058 I SystemServerTiming: OnBootPhase_200_com.android.server.power.ThermalManagerService
03-25 17:50:25.986 19058 19058 D SystemServerTiming: OnBootPhase_200_com.android.server.power.ThermalManagerService took to complete: 0ms
03-25 17:50:25.986 19058 19058 I SystemServerTiming: OnBootPhase_200_com.android.server.power.hint.HintManagerService
03-25 17:50:25.987 19058 19058 D SystemServerTiming: OnBootPhase_200_com.android.server.power.hint.HintManagerService took to complete: 0ms
03-25 17:50:25.987 19058 19058 I SystemServerTiming: OnBootPhase_200_com.android.server.VaultKeeperService$LifeCycle
03-25 17:50:25.987 19058 19058 D VaultKeeperService$Lifecycle: [Unknown]
03-25 17:50:25.987 19058 19058 D SystemServerTiming: OnBootPhase_200_com.android.server.VaultKeeperService$LifeCycle took to complete: 0ms
03-25 17:50:25.987 19058 19058 I SystemServerTiming: OnBootPhase_200_com.android.server.PACMService
03-25 17:50:25.987 19058 19058 D SystemServerTiming: OnBootPhase_200_com.android.server.PACMService took to complete: 0ms
03-25 17:50:25.987 19058 19058 I SystemServerTiming: OnBootPhase_200_com.android.server.recoverysystem.RecoverySystemService$Lifecycle
03-25 17:50:25.987 19058 19058 D SystemServerTiming: OnBootPhase_200_com.android.server.recoverysystem.RecoverySystemService$Lifecycle took to complete: 0ms
03-25 17:50:25.987 19058 19058 I SystemServerTiming: OnBootPhase_200_com.android.server.lights.LightsService
03-25 17:50:25.987 19058 19058 D SystemServerTiming: OnBootPhase_200_com.android.server.lights.LightsService took to complete: 0ms
03-25 17:50:25.987 19058 19058 I SystemServerTiming: OnBootPhase_200_com.android.server.pdp.PdpService
03-25 17:50:25.987 19058 19058 D SystemServerTiming: OnBootPhase_200_com.android.server.pdp.PdpService took to complete: 0ms
03-25 17:50:25.987 19058 19058 I SystemServerTiming: OnBootPhase_200_com.android.server.display.DisplayManagerService
03-25 17:50:25.987 19058 19058 D SystemServerTiming: OnBootPhase_200_com.android.server.display.DisplayManagerService took to complete: 0ms
03-25 17:50:25.987 19058 19058 I SystemServerTiming: OnBootPhase_200_com.android.server.pm.verify.domain.DomainVerificationService
03-25 17:50:25.987 19058 19058 D SystemServerTiming: OnBootPhase_200_com.android.server.pm.verify.domain.DomainVerificationService took to complete: 0ms
03-25 17:50:25.987 19058 19058 I SystemServerTiming: OnBootPhase_200_com.android.server.pm.PackageInstallerService$Lifecycle
03-25 17:50:25.987 19058 19058 D SystemServerTiming: OnBootPhase_200_com.android.server.pm.PackageInstallerService$Lifecycle took to complete: 0ms
03-25 17:50:25.987 19058 19058 I SystemServerTiming: OnBootPhase_200_com.android.server.pm.UserManagerService$LifeCycle
03-25 17:50:25.987 19058 19058 D SystemServerTiming: OnBootPhase_200_com.android.server.pm.UserManagerService$LifeCycle took to complete: 0ms
03-25 17:50:25.987 19058 19058 I SystemServerTiming: OnBootPhase_200_com.android.server.om.OverlayManagerService
03-25 17:50:25.987 19058 19058 D SystemServerTiming: OnBootPhase_200_com.android.server.om.OverlayManagerService took to complete: 0ms
03-25 17:50:25.987 19058 19058 I SystemServerTiming: OnBootPhase_200_com.android.server.SensorPrivacyService
03-25 17:50:25.987 19058 19058 D SystemServerTiming: OnBootPhase_200_com.android.server.SensorPrivacyService took to complete: 0ms
03-25 17:50:25.987 19058 19058 I SystemServerTiming: OnBootPhase_200_com.android.server.sensors.SensorService
03-25 17:50:25.987 19058 19058 D SystemServerTiming: OnBootPhase_200_com.android.server.sensors.SensorService took to complete: 0ms
03-25 17:50:25.987 19058 19058 I SystemServerTiming: OnBootPhase_200_com.android.server.SystemConfigService
03-25 17:50:25.987 19058 19058 D SystemServerTiming: OnBootPhase_200_com.android.server.SystemConfigService took to complete: 0ms
03-25 17:50:25.987 19058 19058 I SystemServerTiming: OnBootPhase_200_com.android.server.BatteryService
03-25 17:50:25.987 19058 19058 D SystemServerTiming: OnBootPhase_200_com.android.server.BatteryService took to complete: 0ms
03-25 17:50:25.987 19058 19058 I SystemServerTiming: OnBootPhase_200_com.android.server.usage.UsageStatsService
03-25 17:50:25.987 19058 19058 D SystemServerTiming: OnBootPhase_200_com.android.server.usage.UsageStatsService took to complete: 0ms
03-25 17:50:25.987 19058 19058 I SystemServerTiming: OnBootPhase_200_com.android.server.webkit.WebViewUpdateService
03-25 17:50:25.987 19058 19058 D SystemServerTiming: OnBootPhase_200_com.android.server.webkit.WebViewUpdateService took to complete: 0ms
03-25 17:50:25.987 19058 19058 I SystemServerTiming: OnBootPhase_200_com.android.server.CachedDeviceStateService
03-25 17:50:25.987 19058 19058 D SystemServerTiming: OnBootPhase_200_com.android.server.CachedDeviceStateService took to complete: 0ms
03-25 17:50:25.987 19058 19058 I SystemServerTiming: OnBootPhase_200_com.android.server.BinderCallsStatsService$LifeCycle
03-25 17:50:25.987 19058 19058 D SystemServerTiming: OnBootPhase_200_com.android.server.BinderCallsStatsService$LifeCycle took to complete: 0ms
03-25 17:50:25.987 19058 19058 I SystemServerTiming: OnBootPhase_200_com.android.server.LooperStatsService$Lifecycle
03-25 17:50:25.987 19058 19058 D SystemServerTiming: OnBootPhase_200_com.android.server.LooperStatsService$Lifecycle took to complete: 0ms
03-25 17:50:25.987 19058 19058 I SystemServerTiming: OnBootPhase_200_com.android.server.rollback.RollbackManagerService
03-25 17:50:25.987 19058 19058 D SystemServerTiming: OnBootPhase_200_com.android.server.rollback.RollbackManagerService took to complete: 0ms
03-25 17:50:25.987 19058 19058 I SystemServerTiming: OnBootPhase_200_com.android.server.os.NativeTombstoneManagerService
03-25 17:50:25.987 19058 19058 D SystemServerTiming: OnBootPhase_200_com.android.server.os.NativeTombstoneManagerService took to complete: 0ms
03-25 17:50:25.987 19058 19058 I SystemServerTiming: OnBootPhase_200_com.android.server.os.BugreportManagerService
03-25 17:50:25.987 19058 19058 D SystemServerTiming: OnBootPhase_200_com.android.server.os.BugreportManagerService took to complete: 0ms
03-25 17:50:25.987 19058 19058 I SystemServerTiming: OnBootPhase_200_com.android.server.gpu.GpuService
03-25 17:50:25.987 19058 19058 D SystemServerTiming: OnBootPhase_200_com.android.server.gpu.GpuService took to complete: 0ms
03-25 17:50:25.987 19058 19058 I SystemServerTiming: OnBootPhase_200_com.android.server.security.KeyChainSystemService
03-25 17:50:25.987 19058 19058 D SystemServerTiming: OnBootPhase_200_com.android.server.security.KeyChainSystemService took to complete: 0ms
03-25 17:50:25.987 19058 19058 I SystemServerTiming: OnBootPhase_200_com.android.server.SpqrService
03-25 17:50:25.987 19058 19058 D SystemServerTiming: OnBootPhase_200_com.android.server.SpqrService took to complete: 0ms
03-25 17:50:25.987 19058 19058 I SystemServerTiming: OnBootPhase_200_com.android.server.SpegService
03-25 17:50:25.987 19058 19058 D SystemServerTiming: OnBootPhase_200_com.android.server.SpegService took to complete: 0ms
03-25 17:50:25.987 19058 19058 I SystemServerTiming: OnBootPhase_200_com.android.server.telecom.TelecomLoaderService
03-25 17:50:25.987 19058 19058 D SystemServerTiming: OnBootPhase_200_com.android.server.telecom.TelecomLoaderService took to complete: 0ms
03-25 17:50:25.987 19058 19058 I SystemServerTiming: OnBootPhase_200_com.android.server.accounts.AccountManagerService$Lifecycle
03-25 17:50:25.987 19058 19058 D SystemServerTiming: OnBootPhase_200_com.android.server.accounts.AccountManagerService$Lifecycle took to complete: 0ms
03-25 17:50:25.987 19058 19058 I SystemServerTiming: OnBootPhase_200_com.android.server.content.ContentService$Lifecycle
03-25 17:50:25.987 19058 19058 D SystemServerTiming: OnBootPhase_200_com.android.server.content.ContentService$Lifecycle took to complete: 0ms
03-25 17:50:25.987 19058 19058 I SystemServerTiming: OnBootPhase_200_com.android.server.DropBoxManagerService
03-25 17:50:25.987 19058 19058 D SystemServerTiming: OnBootPhase_200_com.android.server.DropBoxManagerService took to complete: 0ms
03-25 17:50:25.987 19058 19058 I SystemServerTiming: OnBootPhase_200_com.android.role.RoleService
03-25 17:50:25.987 19058 19058 D SystemServerTiming: OnBootPhase_200_com.android.role.RoleService took to complete: 0ms
03-25 17:50:25.987 19058 19058 I SystemServerTiming: OnBootPhase_200_com.android.server.sepunion.SemUnionMainService
03-25 17:50:25.987 19058 19058 D SEP_UNION_SemUnionMainService: onBootPhase = 200
03-25 17:50:25.987 19058 19058 D SystemServerTiming: OnBootPhase_200_com.android.server.sepunion.SemUnionMainService took to complete: 0ms
03-25 17:50:25.987 19058 19058 I SystemServerTiming: OnBootPhase_200_com.android.server.vibrator.VibratorManagerService$Lifecycle
03-25 17:50:25.987 19058 19058 D SystemServerTiming: OnBootPhase_200_com.android.server.vibrator.VibratorManagerService$Lifecycle took to complete: 0ms
03-25 17:50:25.987 19058 19058 I SystemServerTiming: OnBootPhase_200_com.android.server.ssrm.CustomFrequencyManagerService$Lifecycle
03-25 17:50:25.987 19058 19058 D SystemServerTiming: OnBootPhase_200_com.android.server.ssrm.CustomFrequencyManagerService$Lifecycle took to complete: 0ms
03-25 17:50:25.988 19058 19058 I SystemServerTiming: OnBootPhase_200_com.android.server.alarm.AlarmManagerService
03-25 17:50:25.988 19058 19058 D SystemServerTiming: OnBootPhase_200_com.android.server.alarm.AlarmManagerService took to complete: 0ms
03-25 17:50:25.988 19058 19058 I SystemServerTiming: OnBootPhase_200_com.android.server.devicestate.DeviceStateManagerService
03-25 17:50:25.988 19058 19058 D SystemServerTiming: OnBootPhase_200_com.android.server.devicestate.DeviceStateManagerService took to complete: 0ms
03-25 17:50:25.988 19058 19058 I SystemServerTiming: OnBootPhase_200_com.android.server.privilege.SemPrivilegeManagerService
03-25 17:50:25.988 19058 19058 D SystemServerTiming: OnBootPhase_200_com.android.server.privilege.SemPrivilegeManagerService took to complete: 0ms
03-25 17:50:25.988 19058 19058 I SystemServerTiming: OnBootPhase_200_com.android.server.camera.CameraServiceProxy
03-25 17:50:25.988 19058 19058 D SystemServerTiming: OnBootPhase_200_com.android.server.camera.CameraServiceProxy took to complete: 0ms
03-25 17:50:25.988 19058 19058 I SystemServerTiming: OnBootPhase_200_com.samsung.android.camera.CameraServiceWorker
03-25 17:50:25.988 19058 19058 D SystemServerTiming: OnBootPhase_200_com.samsung.android.camera.CameraServiceWorker took to complete: 0ms
03-25 17:50:25.988 19058 19058 D SystemServerTiming: OnBootPhase_200 took to complete: 1ms
03-25 17:50:25.988 19058 19058 I WindowManager: No existing display settings, starting empty
03-25 17:50:25.994 19058 19107 D TspStateManager: updateCustomValue customSetting=
03-25 17:50:25.994 19058 19107 E SystemServiceRegistry: Unknown manager requested: semcustomdump
03-25 17:50:25.994 19058 19717 D TspStateManager: update cmd=set_grip_data,0,0,0,0
03-25 17:50:25.995 19058 19107 I SEP_UNION_SemUnionManager: getUnionService() : semcustomdump
03-25 17:50:25.995 19058 19125 I DropBoxManagerService: add tag=system_server_wtf isTagEnabled=true flags=0x2
03-25 17:50:25.995 19058 19107 I SEP_UNION_SemCustomDumpManager: setDumpState : null
03-25 17:50:25.995 19058 19125 W DropBoxManagerService: Dropping: system_server_wtf (1276 > 0 bytes)
03-25 17:50:25.995 19058 19107 D SEP_UNION_SemUnionMainServiceImpl: setDumpEnabled = tspstatemanager
03-25 17:50:25.995 19058 19107 V WindowManagerServiceExt: WindowManagerServiceExt :: created
03-25 17:50:25.996 19058 19107 I WindowTracing: Setting window tracing log level to 1
03-25 17:50:25.996 19058 19107 I WindowTracing: Setting window tracing buffer capacity to 2097152bytes
03-25 17:50:25.996 19058 19107 D PowerManagerService: [api] registerLowPowerModeObserver: com.android.server.wm.WindowManagerService$6@81098db (uid: 1000 pid: 19058)
03-25 17:50:26.000   625   672 I servicemanager: Adding 'u:r:system_server:s0' service (window:19058)
03-25 17:50:26.000   625   672 I servicemanager: Adding 'u:r:system_server:s0' service (input:19058)
03-25 17:50:26.000 19058 19058 D SystemServerTiming: StartWindowManagerService took to complete: 14ms
03-25 17:50:26.000 19058 19058 I SystemServerTiming: SetWindowManagerService
03-25 17:50:26.001 19058 19058 E SystemServiceRegistry: SemDesktopModeManager is not supported
03-25 17:50:26.001 19058 19058 E SystemServiceRegistry: Manager wrapper not available: desktopmode
03-25 17:50:26.001 19058 19058 W DisplayManager: getDisplays: dexManager is null, category=null
03-25 17:50:26.002 19058 19125 I DropBoxManagerService: add tag=system_server_wtf isTagEnabled=true flags=0x2
03-25 17:50:26.002 19058 19125 W DropBoxManagerService: Dropping: system_server_wtf (1319 > 0 bytes)
03-25 17:50:26.002 19058 19058 I WindowManagerServiceExt: FullScreenAppsSupportMode=0x3, DisplayMaxAspectRatio2.1111112
03-25 17:50:26.003 19058 19058 D InputTransport: Input channel constructed: 'Pointer', fd=340
03-25 17:50:26.003 19058 19058 D InputTransport: Input channel constructed: 'Pointer', fd=341
03-25 17:50:26.003 19058 19058 I InputDispatcher: Created monitor PointerEventDispatcher0 for display0, gesture=false, pid=19058
03-25 17:50:26.004 19058 19058 I WindowOrientationListener: WindowOrientationListener tablet mode= false
03-25 17:50:26.005   987  1028 I SurfaceFlinger: id=58 createSurf (0x0),-1 flag=80404, Root#0
03-25 17:50:26.005   987  1028 I SurfaceFlinger: id=59 createSurf (0x0),-1 flag=80004, WindowedMagnification:0:31#0
03-25 17:50:26.006   987  1028 I SurfaceFlinger: id=60 createSurf (0x0),-1 flag=80004, HideDisplayCutout:0:16#0
03-25 17:50:26.006   987  1028 I SurfaceFlinger: id=61 createSurf (0x0),-1 flag=80004, OneHandedBackgroundPanel:0:1#0
03-25 17:50:26.006   987  1028 I SurfaceFlinger: id=62 createSurf (0x0),-1 flag=80004, OneHanded:0:1#0
03-25 17:50:26.006   987  1028 I SurfaceFlinger: id=63 createSurf (0x0),-1 flag=80004, FullscreenMagnification:0:1#0
03-25 17:50:26.006   987  1028 I SurfaceFlinger: id=64 createSurf (0x0),-1 flag=80004, Leaf:0:1#0
03-25 17:50:26.007   987  1028 I SurfaceFlinger: id=65 createSurf (0x0),-1 flag=80004, OneHanded:2:16#0
03-25 17:50:26.007   987  1028 I SurfaceFlinger: id=66 createSurf (0x0),-1 flag=80004, FullscreenMagnification:2:14#0
03-25 17:50:26.007   987  1028 I SurfaceFlinger: id=67 createSurf (0x0),-1 flag=80004, DefaultTaskDisplayArea#0
03-25 17:50:26.007   987  1028 I SurfaceFlinger: id=68 createSurf (0x0),-1 flag=80004, animationLayer#0
03-25 17:50:26.007   987  1028 I SurfaceFlinger: id=69 createSurf (0x0),-1 flag=80004, boostedAnimationLayer#0
03-25 17:50:26.007   987  1028 I SurfaceFlinger: id=70 createSurf (0x0),-1 flag=80004, homeAnimationLayer#0
03-25 17:50:26.007   987  1028 I SurfaceFlinger: id=71 createSurf (0x0),-1 flag=80004, splitScreenDividerAnchor#0
03-25 17:50:26.008   987  1028 I SurfaceFlinger: id=72 createSurf (0x0),-1 flag=80004, NaturalSwitchingAnchor#0
03-25 17:50:26.008   987  1028 I SurfaceFlinger: id=73 createSurf (0x0),-1 flag=80004, FreeformAnimationLayer#0
03-25 17:50:26.008   987  1028 I SurfaceFlinger: id=74 createSurf (0x0),-1 flag=80004, ImeAnchorInFreeformMode#0
03-25 17:50:26.008   987  1028 I SurfaceFlinger: id=75 createSurf (0x0),-1 flag=80004, Leaf:3:14#0
03-25 17:50:26.008   987  1028 I SurfaceFlinger: id=76 createSurf (0x0),-1 flag=80004, ImePlaceholder:15:16#0
03-25 17:50:26.008   987  1028 I SurfaceFlinger: id=77 createSurf (0x0),-1 flag=80004, ImeContainer#0
03-25 17:50:26.009   987  1028 I SurfaceFlinger: id=78 createSurf (0x0),-1 flag=80004, OneHanded:17:17#0
03-25 17:50:26.009   987  1028 I SurfaceFlinger: id=79 createSurf (0x0),-1 flag=80004, FullscreenMagnification:17:17#0
03-25 17:50:26.009   987  1028 I SurfaceFlinger: id=80 createSurf (0x0),-1 flag=80004, Leaf:17:17#0
03-25 17:50:26.009   987  1028 I SurfaceFlinger: id=81 createSurf (0x0),-1 flag=80004, HideDisplayCutout:18:18#0
03-25 17:50:26.009   987  1028 I SurfaceFlinger: id=82 createSurf (0x0),-1 flag=80004, OneHanded:18:18#0
03-25 17:50:26.010   987  1028 I SurfaceFlinger: id=83 createSurf (0x0),-1 flag=80004, FullscreenMagnification:18:18#0
03-25 17:50:26.010   987  1028 I SurfaceFlinger: id=84 createSurf (0x0),-1 flag=80004, Leaf:18:18#0
03-25 17:50:26.010   987  1028 I SurfaceFlinger: id=85 createSurf (0x0),-1 flag=80004, OneHanded:19:19#0
03-25 17:50:26.010   987  1028 I SurfaceFlinger: id=86 createSurf (0x0),-1 flag=80004, FullscreenMagnification:19:19#0
03-25 17:50:26.010   987  1028 I SurfaceFlinger: id=87 createSurf (0x0),-1 flag=80004, Leaf:19:19#0
03-25 17:50:26.010   987  1028 I SurfaceFlinger: id=88 createSurf (0x0),-1 flag=80004, HideDisplayCutout:20:23#0
03-25 17:50:26.011   987  1028 I SurfaceFlinger: id=89 createSurf (0x0),-1 flag=80004, OneHanded:20:23#0
03-25 17:50:26.011   987  1028 I SurfaceFlinger: id=90 createSurf (0x0),-1 flag=80004, FullscreenMagnification:20:23#0
03-25 17:50:26.011   987  1028 I SurfaceFlinger: id=91 createSurf (0x0),-1 flag=80004, Leaf:20:23#0
03-25 17:50:26.011   987  1028 I SurfaceFlinger: id=92 createSurf (0x0),-1 flag=80004, Leaf:24:25#0
03-25 17:50:26.011   987  1028 I SurfaceFlinger: id=93 createSurf (0x0),-1 flag=80004, HideDisplayCutout:26:31#0
03-25 17:50:26.012   987  1028 I SurfaceFlinger: id=94 createSurf (0x0),-1 flag=80004, OneHanded:26:31#0
03-25 17:50:26.012   987  1028 I SurfaceFlinger: id=95 createSurf (0x0),-1 flag=80004, FullscreenMagnification:26:27#0
03-25 17:50:26.012   987  1028 I SurfaceFlinger: id=96 createSurf (0x0),-1 flag=80004, Leaf:26:27#0
03-25 17:50:26.012   987  1028 I SurfaceFlinger: id=97 createSurf (0x0),-1 flag=80004, Leaf:28:28#0
03-25 17:50:26.012   987  1028 I SurfaceFlinger: id=98 createSurf (0x0),-1 flag=80004, FullscreenMagnification:29:31#0
03-25 17:50:26.012   987  1028 I SurfaceFlinger: id=99 createSurf (0x0),-1 flag=80004, Leaf:29:31#0
03-25 17:50:26.013   987  1028 I SurfaceFlinger: id=100 createSurf (0x0),-1 flag=80004, HideDisplayCutout:32:35#0
03-25 17:50:26.013   987  1028 I SurfaceFlinger: id=101 createSurf (0x0),-1 flag=80004, OneHanded:32:35#0
03-25 17:50:26.013   987  1028 I SurfaceFlinger: id=102 createSurf (0x0),-1 flag=80004, Leaf:32:32#0
03-25 17:50:26.013   987  1028 I SurfaceFlinger: id=103 createSurf (0x0),-1 flag=80004, FullscreenMagnification:33:35#0
03-25 17:50:26.013   987  1028 I SurfaceFlinger: id=104 createSurf (0x0),-1 flag=80004, Leaf:33:35#0
03-25 17:50:26.013   987  1028 I SurfaceFlinger: id=105 createSurf (0x0),-1 flag=80004, Leaf:36:36#0
03-25 17:50:26.014   987  1028 I SurfaceFlinger: id=106 createSurf (0x0),-1 flag=80404, Display Overlays#0
03-25 17:50:26.014   697   697 D io_stats: !@   8,0 r 437370 8704272 w 84999 2102096 d 0 0 f 0 0 iot 69180 0 th 0 0 0 pt 0 inp 0 0 394.011
03-25 17:50:26.015 19058 19058 D TspStateManager: updateCustomValue customSetting=
03-25 17:50:26.016 19058 19058 D TspStateManager: updateCustomValue customSetting=
03-25 17:50:26.017 19058 19058 D TspStateManager: updateCustomValue customSetting=
03-25 17:50:26.018 19058 19058 D TspStateManager: updateCustomValue customSetting=
03-25 17:50:26.020 19058 19058 I ActivityTaskManager: Loaded persisted task ids for user 0
03-25 17:50:26.021   987  1028 I SurfaceFlinger: id=107 createSurf (0x0),-1 flag=24004, Task=1#0
03-25 17:50:26.022 19058 19058 D SystemServerTiming: SetWindowManagerService took to complete: 22ms
03-25 17:50:26.022 19058 19058 I SystemServerTiming: WindowManagerServiceOnInitReady
03-25 17:50:26.023 19058 19105 D TspStateManager: updateCustomValue customSetting=
03-25 17:50:26.026 19058 19105 I GenerationRegistry: mBackingStore.isClosed() : false
03-25 17:50:26.028 19058 19105 V Vibrator: semGetSupportedVibrationType: ret=4
03-25 17:50:26.030 19058 19105 D InputManager: checkInputFeature : features = 0x305
03-25 17:50:26.030 19058 19105 V KeyCustomizationInfoManager: loadSettingsLockedInternal
03-25 17:50:26.030 19058 19058 D SystemServerTiming: WindowManagerServiceOnInitReady took to complete: 8ms
03-25 17:50:26.030 19058 19058 I SystemServerTiming: StartVrManagerService
03-25 17:50:26.030 19058 19058 I SystemServiceManager: Starting com.android.server.vr.VrManagerService
03-25 17:50:26.031 19058 19718 I SystemServerTimingAsync: InitThreadPoolExec:StartHidlServices
03-25 17:50:26.031 19058 19718 I SystemServerTimingAsync: StartHidlServices
03-25 17:50:26.031   626   626 I hwservicemanager: getTransport: Cannot find entry android.hardware.vr@1.0::IVr/default in either framework or device VINTF manifest.
03-25 17:50:26.031 19058 19058 W VrManagerService: init_native: Could not open IVr interface
03-25 17:50:26.031   625   672 I servicemanager: Adding 'u:r:system_server:s0' service (vrmanager:19058)
03-25 17:50:26.031 19058 19718 I HidlServiceManagement: Registered android.frameworks.sensorservice@1.0::ISensorManager/default
03-25 17:50:26.032 19058 19058 D SystemServerTiming: StartVrManagerService took to complete: 1ms
03-25 17:50:26.032 19058 19058 I SystemServerTiming: StartXrManagerService
03-25 17:50:26.032 19058 19058 I SystemServiceManager: Starting com.android.server.vr.XrManagerService
03-25 17:50:26.032 19058 19058 D XrManagerService: ---- XrManagerService onStart ----
03-25 17:50:26.032 19058 19105 D KeyCustomizationInfoManager: loadSettings duration=2 version=1.0 userId=0 userSwitching=false
03-25 17:50:26.032 19058 19105 D PhoneWindowManagerExt:  updateDoublePressPowerBehavior  mPolicy.mDoublePressOnPowerBehavior : 104
03-25 17:50:26.032 19058 19718 I HidlServiceManagement: Registered android.frameworks.schedulerservice@1.0::ISchedulingPolicyService/default
03-25 17:50:26.032 19058 19718 D SystemServerTimingAsync: StartHidlServices took to complete: 2ms
03-25 17:50:26.032 19058 19718 D SystemServerTimingAsync: InitThreadPoolExec:StartHidlServices took to complete: 2ms
03-25 17:50:26.033   625   672 I servicemanager: Adding 'u:r:system_server:s0' service (vr:19058)
03-25 17:50:26.033 19058 19058 D SystemServerTiming: StartXrManagerService took to complete: 1ms
03-25 17:50:26.033 19058 19058 I SystemServerTiming: startDesktopModeService
03-25 17:50:26.033 19058 19058 I SystemServiceManager: Starting com.android.server.desktopmode.DesktopModeService$Lifecycle
03-25 17:50:26.035   625   672 I servicemanager: Adding 'u:r:system_server:s0' service (desktopmode:19058)
03-25 17:50:26.035 19058 19058 D SystemServerTiming: startDesktopModeService took to complete: 3ms
03-25 17:50:26.035 19058 19058 I SystemServerTiming: StartRemoteAppModeService
03-25 17:50:26.036 19058 19058 I SystemServiceManager: Starting com.android.server.remoteappmode.RemoteAppModeService$Lifecycle
03-25 17:50:26.037   625   672 I servicemanager: Adding 'u:r:system_server:s0' service (remoteappmode:19058)
03-25 17:50:26.037 19058 19058 D SystemServerTiming: StartRemoteAppModeService took to complete: 1ms
03-25 17:50:26.037 19058 19058 I SystemServerTiming: IcccManagerService
03-25 17:50:26.037 19058 19058 D SystemServerTiming: IcccManagerService took to complete: 0ms
03-25 17:50:26.037 19058 19058 I SystemServerTiming: StartInputManager
03-25 17:50:26.037 19058 19058 I InputManager: Starting input manager
03-25 17:50:26.038 19058 19722 D EventHub: No input device configuration file found for device 'als_rear'.
03-25 17:50:26.039 19058 19722 D EventHub: No input device configuration file found for device 'grip_sensor'.
03-25 17:50:26.039 19058 19722 D EventHub: No input device configuration file found for device 'qpnp_pon'.
03-25 17:50:26.039 19058 19058 D InputManager: write sysfs : glove_mode,0
03-25 17:50:26.040 19058 19058 D InputManager: accessibility service : com.samruston.buzzkill/com.samruston.buzzkill.background.accessibility.WorkaroundAccessibilityService:net.dinglisch.android.taskerm/net.dinglisch.android.taskerm.MyAccessibilityService:com.catchingnow.undo/com.catchingnow.undo.service.EditorPluginService:net.blumia.pineapple.lockscreen.oss/net.blumia.pineapple.accessibility.A11yService:com.balda.touchtask/com.balda.touchtask.services.ExecutorService:com.github.bmx666.appcachecleaner/com.github.bmx666.appcachecleaner.service.AppCacheCleanerService:com.buzbuz.smartautoclicker/com.buzbuz.smartautoclicker.SmartAutoClickerService:com.buzbuz.smartautoclicker.debug/com.buzbuz.smartautoclicker.SmartAutoClickerService:com.a0soft.gphone.acc.pro/com.a0soft.gphone.acc.acs.AutoAccessSrvc
03-25 17:50:26.040 19058 19058 D InputManager: talkbackEnabled : false
03-25 17:50:26.040 19058 19058 D InputDispatcher: mTalkBackMode : 0
03-25 17:50:26.040 19058 19058 D InputManager: checkInputFeature : features = 0x305
03-25 17:50:26.040 19058 19058 D InputManager: Write sysfs : aot_enable,1
03-25 17:50:26.041 19058 19058 D InputManager: Send AOT On/Off, File not found: /sys/class/lcd/panel/aot
03-25 17:50:26.041 19058 19058 I InputManager-JNI: Setting show hovering feature to enabled.
03-25 17:50:26.042 19058 19058 D InputManager: SettingNotFoundException : primary mouse button
03-25 17:50:26.042 19058 19058 I InputManager-JNI: Setting primary mouse button location as 0.
03-25 17:50:26.042 19058 19058 I InputManager-JNI: Setting scroll speed as 1.
03-25 17:50:26.042 19058 19058 I InputManager-JNI: Setting use mouse acceleration as true.
03-25 17:50:26.042 19058 19058 I InputManager-JNI: Setting secondary button behavior as 1.
03-25 17:50:26.043 19058 19058 I InputManager-JNI: Setting tertiary button behavior as 3.
03-25 17:50:26.043 19058 19058 I InputManager-JNI: Setting back button behavior as 7.
03-25 17:50:26.043 19058 19058 I InputManager-JNI: Setting forward button behavior as 4.
03-25 17:50:26.043 19058 19058 D InputManager: updateTapToClickFromSetting : 1
03-25 17:50:26.043 19058 19058 D InputManager: updateReverseSwipeFromSetting : 0
03-25 17:50:26.043 19058 19058 I InputManager: updatePointerIcon color=0xffffff size=1.0
03-25 17:50:26.043 19058 19722 W EventHub: Unable to disable kernel key repeat for /dev/input/event0:Function not implemented
03-25 17:50:26.043 19058 19722 I EventHub: usingClockIoctl=true
03-25 17:50:26.043 19058 19058 I PointerIcon: Changes PoinerIcons color=0xffffff size=1.0
03-25 17:50:26.043 19058 19722 I EventHub: New device: id=3, fd=355, path='/dev/input/event0', name='qpnp_pon', classes=KEYBOARD, configuration='', keyLayout='/system/usr/keylayout/Generic.kl', keyCharacterMap='/system/usr/keychars/Generic.kcm', builtinKeyboard=false,
03-25 17:50:26.044 19058 19058 I InputManager: Disabling motion classifier because just booted: feature enabled, long press timeout = 500
03-25 17:50:26.044 19058 19058 I InputClassifier: Disabling motion classifier
03-25 17:50:26.048 19058 19722 I EventHub: usingClockIoctl=true
03-25 17:50:26.048 19058 19722 I EventHub: New device: id=4, fd=356, path='/dev/input/event11', name='certify_hall', classes=SWITCH, configuration='/system/usr/idc/certify_hall.idc', keyLayout='', keyCharacterMap='', builtinKeyboard=false,
03-25 17:50:26.048 19058 19722 D EventHub: No input device configuration file found for device 'sec_touchpad'.
