03-25 17:35:46.698  3941  4001 D IAFDDBManager: mDBInitReTryCnt=8
03-25 17:35:46.699  3941  3941 D BatteryService: !@ mAfcDisableSysFs : /sys/class/sec/switch/afc_disable
03-25 17:35:46.699  3941  3941 E BatteryService: !@[BatteryInfo] IOException in readFromFile
03-25 17:35:46.700   625   625 I hwservicemanager: getTransport: Cannot find entry android.hardware.sensors@2.1::ISensors/default in either framework or device VINTF manifest.
03-25 17:35:46.701  3941  3941 I android_os_HwBinder: HwBinder: Starting thread pool for getting: android.hardware.health@2.0::IHealth/default
03-25 17:35:46.702   856   856 W android.hardware.health@2.1-service-samsung: registerCallback
03-25 17:35:46.704   856   856 I android.hardware.health@2.1-service-samsung: updateLrpSysfs: write: 436
03-25 17:35:46.705  3941  3992 D BatteryService: Sending ACTION_BATTERY_CHANGED. scale:100, info:{.chargerAcOnline = false, .chargerUsbOnline = true, .chargerWirelessOnline = false, .maxChargingCurrent =0, .maxChargingVoltage = 0, .batteryStatus = CHARGING, .batteryHealth = GOOD, .batteryPresent = true,.batteryLevel = 51, .batteryVoltage = 3795, .batteryTemperature = 406, .batteryCurrent = -707, .batteryCycleCount = 0, .batteryFullCharge = 4300000, .batteryChargeCounter = 866730, .batteryTechnology = Li-ion}
03-25 17:35:46.705  3941  3992 D BatteryService: online:4, current avg:-430, charge type:1, POGO powered:false, power sharing:false, high voltage charger:true, charger_type:1, capacity:280000, misc_event:0x0, current_event:0x0, current_now:-707
03-25 17:35:46.707  3732  3732 I sensors-hal: activate:252, android.sensor.accelerometer/11 en=0
03-25 17:35:46.708   856   856 I android.hardware.health@2.1-service-samsung: updateLrpSysfs: write: 436
03-25 17:35:46.708  3732  3732 I sensors-hal: activate:270, android.sensor.accelerometer/11 en=0 completed
03-25 17:35:46.708  3732  3732 I sensors-hal: activate:252, android.sensor.magnetic_field/21 en=0
03-25 17:35:46.708  3732  3732 I sensors-hal: activate:270, android.sensor.magnetic_field/21 en=0 completed
03-25 17:35:46.708  3732  3732 I sensors-hal: activate:252, android.sensor.gyroscope/41 en=0
03-25 17:35:46.708  3732  3732 I sensors-hal: activate:270, android.sensor.gyroscope/41 en=0 completed
03-25 17:35:46.708  3732  3732 I sensors-hal: activate:252, android.sensor.light/51 en=0
03-25 17:35:46.708  3732  3732 I sensors-hal: activate:270, android.sensor.light/51 en=0 completed
03-25 17:35:46.708  3732  3732 I sensors-hal: activate:252, android.sensor.pressure/61 en=0
03-25 17:35:46.708  3732  3732 I sensors-hal: activate:270, android.sensor.pressure/61 en=0 completed
03-25 17:35:46.708  3732  3732 I sensors-hal: activate:252, android.sensor.gravity/91 en=0
03-25 17:35:46.708  3732  3732 I sensors-hal: activate:270, android.sensor.gravity/91 en=0 completed
03-25 17:35:46.708  3732  3732 I sensors-hal: activate:252, android.sensor.linear_acceleration/101 en=0
03-25 17:35:46.708  3732  3732 I sensors-hal: activate:270, android.sensor.linear_acceleration/101 en=0 completed
03-25 17:35:46.708  3732  3732 I sensors-hal: activate:252, android.sensor.rotation_vector/111 en=0
03-25 17:35:46.708  3732  3732 I sensors-hal: activate:270, android.sensor.rotation_vector/111 en=0 completed
03-25 17:35:46.708  3732  3732 I sensors-hal: activate:252, android.sensor.magnetic_field_uncalibrated/141 en=0
03-25 17:35:46.708  3732  3732 I sensors-hal: activate:270, android.sensor.magnetic_field_uncalibrated/141 en=0 completed
03-25 17:35:46.708  3732  3732 I sensors-hal: activate:252, android.sensor.game_rotation_vector/151 en=0
03-25 17:35:46.708  3732  3732 I sensors-hal: activate:270, android.sensor.game_rotation_vector/151 en=0 completed
03-25 17:35:46.708  3732  3732 I sensors-hal: activate:252, android.sensor.gyroscope_uncalibrated/161en=0
03-25 17:35:46.708  3732  3732 I sensors-hal: activate:270, android.sensor.gyroscope_uncalibrated/161en=0 completed
03-25 17:35:46.708  3732  3732 I sensors-hal: activate:252, android.sensor.significant_motion/172 en=0
03-25 17:35:46.708  3732  3732 I sensors-hal: activate:270, android.sensor.significant_motion/172 en=0 completed
03-25 17:35:46.708  3732  3732 I sensors-hal: activate:252, android.sensor.step_detector/181 en=0
03-25 17:35:46.708  3732  3732 I sensors-hal: activate:270, android.sensor.step_detector/181 en=0 completed
03-25 17:35:46.708  3732  3732 I sensors-hal: activate:252, android.sensor.step_counter/191 en=0
03-25 17:35:46.708  3732  3732 I sensors-hal: activate:270, android.sensor.step_counter/191 en=0 completed
03-25 17:35:46.708  3732  3732 I sensors-hal: activate:252, android.sensor.tilt_detector/222 en=0
03-25 17:35:46.708  3732  3732 I sensors-hal: activate:270, android.sensor.tilt_detector/222 en=0 completed
03-25 17:35:46.708  3732  3732 I sensors-hal: activate:252, android.sensor.pick_up_gesture/252 en=0
03-25 17:35:46.708  3732  3732 I sensors-hal: activate:270, android.sensor.pick_up_gesture/252 en=0 completed
03-25 17:35:46.708  3732  3732 I sensors-hal: activate:252, android.sensor.device_orientation/271 en=0
03-25 17:35:46.708  3732  3732 I sensors-hal: deactivate:294, auto_rotation: 0, type 2
03-25 17:35:46.708  3732  3732 I sensors-hal: activate:270, android.sensor.device_orientation/271 en=0 completed
03-25 17:35:46.708  3732  3732 I sensors-hal: activate:252, android.sensor.motion_detect/301 en=0
03-25 17:35:46.708  3732  3732 I sensors-hal: activate:270, android.sensor.motion_detect/301 en=0 completed
03-25 17:35:46.708  3732  3732 I sensors-hal: activate:252, android.sensor.accelerometer_uncalibrated/351 en=0
03-25 17:35:46.708  3732  3732 I sensors-hal: activate:270, android.sensor.accelerometer_uncalibrated/351 en=0 completed
03-25 17:35:46.708  3732  3732 I sensors-hal: activate:252, com.samsung.sensor.light_ir/1421 en=0
03-25 17:35:46.708  3732  3732 I sensors-hal: activate:270, com.samsung.sensor.light_ir/1421 en=0 completed
03-25 17:35:46.708  3732  3732 I sensors-hal: activate:252, com.samsung.sensor.interrupt_gyro/1431 en=0
03-25 17:35:46.708  3732  3732 I sensors-hal: activate:270, com.samsung.sensor.interrupt_gyro/1431 en=0 completed
03-25 17:35:46.708  3732  3732 I sensors-hal: activate:252, com.samsung.sensor.proximity_iris/1461 en=0
03-25 17:35:46.708  3732  3732 I sensors-hal: activate:270, com.samsung.sensor.proximity_iris/1461 en=0 completed
03-25 17:35:46.709  3732  3732 I sensors-hal: activate:252, com.samsung.sensor.sensorhubs/1501 en=0
03-25 17:35:46.709  3732  3732 I sensors-hal: activate:270, com.samsung.sensor.sensorhubs/1501 en=0 completed
03-25 17:35:46.709  3732  3732 I sensors-hal: activate:252, com.samsung.sensor.light_cct/1511 en=0
03-25 17:35:46.709  3732  3732 I sensors-hal: activate:270, com.samsung.sensor.light_cct/1511 en=0 completed
03-25 17:35:46.709  3732  3732 I sensors-hal: activate:252, com.samsung.sensor.wake_up_motion/1542 en=0
03-25 17:35:46.709  3732  3732 I sensors-hal: activate:270, com.samsung.sensor.wake_up_motion/1542 en=0 completed
03-25 17:35:46.709  3732  3732 I sensors-hal: activate:252, com.samsung.sensor.physical_proximity/1562 en=0
03-25 17:35:46.709  3732  3732 I sensors-hal: activate:270, com.samsung.sensor.physical_proximity/1562 en=0 completed
03-25 17:35:46.709  3732  3732 I sensors-hal: activate:252, com.samsung.sensor.call_gesture/1582 en=0
03-25 17:35:46.709  3732  3732 I sensors-hal: activate:270, com.samsung.sensor.call_gesture/1582 en=0completed
03-25 17:35:46.709  3732  3732 I sensors-hal: activate:252, com.samsung.sensor.physical_light/1621 en=0
03-25 17:35:46.709  3732  3732 I sensors-hal: activate:270, com.samsung.sensor.physical_light/1621 en=0 completed
03-25 17:35:46.709  3732  3732 I sensors-hal: activate:252, com.samsung.sensor.pocket_mode/1692 en=0
03-25 17:35:46.709  3732  3732 I sensors-hal: activate:270, com.samsung.sensor.pocket_mode/1692 en=0 completed
03-25 17:35:46.709  3732  3732 I sensors-hal: activate:252, com.samsung.sensor.led_cover_event/1702 en=0
03-25 17:35:46.709  3732  3732 I sensors-hal: activate:270, com.samsung.sensor.led_cover_event/1702 en=0 completed
03-25 17:35:46.709  3732  3732 I sensors-hal: activate:252, com.samsung.sensor.sar_backoff_motion/2072 en=0
03-25 17:35:46.709  3732  3732 I sensors-hal: activate:270, com.samsung.sensor.sar_backoff_motion/2072 en=0 completed
03-25 17:35:46.709  3732  3732 I SensorsGrip: [grip_sensor] enable: GripSensor: enable handle = 11 en= 0
03-25 17:35:46.710  3732  3732 I SensorsGrip: TouchProximity::enable: 0 0
03-25 17:35:46.710  3732  3732 I SensorsGrip: HALL IC::enable: 0 0
03-25 17:35:46.710  3732  3732 I SensorsGrip: [grip_notifier] enable: GripNotifierSensor: enable handle = 22 en = 0 mEnabled = 1
03-25 17:35:46.710  3732  3732 I SensorsGrip: [grip_notifier] enable: GripNotifierSensor: noti_enablewrite Success, return 2
03-25 17:35:46.710  3732  3732 D android.hardware.sensors@2.0-service.multihal: Als_common::enable, handle : 1, mode : 1, en : 0
03-25 17:35:46.710  3732  3732 D android.hardware.sensors@2.0-service.multihal: Als_common::enable, Sensor already off
03-25 17:35:46.710  3732  3732 I sensors-hal: initialize:166, initialize sensors sub-hal
03-25 17:35:46.710  3732  3732 I Sensors : initialize sub GripHal
03-25 17:35:46.710  3732  3732 I SensorsHrm: initialize sub HrmHal
03-25 17:35:46.711  3732  3732 E SensorsMultiHal: For SS, operation mode:5555
03-25 17:35:46.711  3732  3732 E SensorsMultiHal: setOperationMode failed for SubHal: QTI-SubHAL
03-25 17:35:46.711  3941  4252 D SensorService: setOperationMode vendor list : false
03-25 17:35:46.713   856   856 I android.hardware.health@2.1-service-samsung: updateLrpSysfs: write: 436
03-25 17:35:46.713  3941  4252 W SensorService: AK09918 Magnetometer's max range 4912.000000000000 isnot a multiple of the resolution 0.150000005960 - updated to 4912.050292968750
03-25 17:35:46.715  3941  3941 I android_os_HwBinder: HwBinder: Starting thread pool for getting: android.hidl.manager@1.0::IServiceManager/default
03-25 17:35:46.715  3941  4252 W SensorService: LSM6DSO Gyroscope's max range 17.452777862549 is not a multiple of the resolution 0.000610847259 - updated to 17.452516555786
03-25 17:35:46.715  3941  4252 W SensorService: AK09918 Magnetometer-Uncalibrated's max range 4912.000000000000 is not a multiple of the resolution 0.150000005960 - updated to 4912.050292968750
03-25 17:35:46.715  3941  4252 W SensorService: LSM6DSO Gyroscope-Uncalibrated's max range 17.452777862549 is not a multiple of the resolution 0.000610847259 - updated to 17.452516555786
03-25 17:35:46.715  3941  4252 I SensorService: smd  Wakeup's reported power 0.000000 invalid, clamped to 0.001000
03-25 17:35:46.715  3941  4252 I SensorService: step_detector  Non-wakeup's reported power 0.000000 invalid, clamped to 0.001000
03-25 17:35:46.715  3941  4252 I SensorService: step_counter  Non-wakeup's reported power 0.000000 invalid, clamped to 0.001000
03-25 17:35:46.715  3941  4252 I SensorService: Tilt Detector  Wakeup's reported power 0.000000 invalid, clamped to 0.001000
03-25 17:35:46.715  3941  4252 I SensorService: Pick Up Gesture  Wakeup's reported power 0.000000 invalid, clamped to 0.001000
03-25 17:35:46.715  3941  4252 I SensorService: Screen Orientation Sensor's reported power 0.000000 invalid, clamped to 0.001000
03-25 17:35:46.715  3941  4252 I SensorService: interrupt_gyro  Non-wakeup's reported power 0.000000 invalid, clamped to 0.001000
03-25 17:35:46.715  3941  4252 I SensorService: SensorHub type's reported power 0.000000 invalid, clamped to 0.001000
03-25 17:35:46.715  3941  4252 I SensorService: Wake Up Motion  Wakeup's reported power 0.000000 invalid, clamped to 0.001000
03-25 17:35:46.715  3941  4252 I SensorService: call_gesture  Wakeup's reported power 0.000000 invalid, clamped to 0.001000
03-25 17:35:46.715  3941  4252 I SensorService: Pocket mode  Wakeup's reported power 0.000000 invalid, clamped to 0.001000
03-25 17:35:46.715  3941  4252 I SensorService: Led Cover Event  Wakeup's reported power 0.000000 invalid, clamped to 0.001000
03-25 17:35:46.715  3941  4252 I SensorService: Sar BackOff Motion  Wakeup's reported power 0.000000 invalid, clamped to 0.001000
03-25 17:35:46.716  3941  4252 W SensorService: [ACC] accel sensor version 0x3e3c, sampling rate is chagned 200Hz(5ms)
03-25 17:35:46.716  3941  3941 I HealthServiceWrapper: health: HealthServiceWrapper listening to instance default : vendor.samsung.hardware.health@2.0::ISehHealth@Proxy
03-25 17:35:46.727  3724  3724 I CameraService: SensorPrivacyPolicy: Registered with SensorPrivacyManager
03-25 17:35:46.728  3941  3978 I ActivityTaskManager: updateAssetConfiguration() called with: processes = [[ProcessRecord{8f71745 3941:system/1000}]], updateFrameworkRes = [true], avoidRecreate = [false]
03-25 17:35:46.728  3941  3978 W ActivityTaskManager: Skip updateConfiguration because mWindowManagerisn't set
03-25 17:35:46.728  3941  3978 I ActivityTaskManager: updateAssetConfiguration(): assetSeq = [2], isActivityConfigOverrideAllowed = [false], hasActivities = [false]
03-25 17:35:46.728  3941  3978 I SWT_OverlayManager: skip overlay changed broadcast for color theme
03-25 17:35:46.729  3724  3724 I HidlServiceManagement: Registered android.frameworks.cameraservice.service@2.2::ICameraService/default
03-25 17:35:46.729  3724  3724 I CameraService: CameraService pinged cameraservice proxy
03-25 17:35:46.729  3941  4252 W SensorService: [EARPROXY] SensorHub was found!
03-25 17:35:46.730  3724  3724 I CameraService: CameraSerivce pinged cameraservice worker
03-25 17:35:46.730  3724  3724 I CameraService: clearCamConnRef: ref=0
03-25 17:35:46.730  3724  3724 I CameraService: clearCamConnRef: service.camera.running set to 0
03-25 17:35:46.730   624   636 I servicemanager: Adding 'u:r:cameraserver:s0' service (media.camera:3724)
03-25 17:35:46.731  3724  3724 I cameraserver: ServiceManager: 0xb400007060c65a00 done instantiate
03-25 17:35:46.731  3941  4252 W SensorService: [EARPROXY] physical proximity sensor was found! 384
03-25 17:35:46.731  3941  4252 W SensorService: [REARLIGHT] light sensor for rear light was found!
03-25 17:35:46.733  3941  4252 W SensorService: [EARPROXY] Touch proximity was found! 1
03-25 17:35:46.734  3941  4252 D SensorService: [VIRT_PROX] Virt Prox Type: 19
03-25 17:35:46.734  3941  4252 I SensorService: [EARPROXIMITY] Support sensor fusion
03-25 17:35:46.734  3941  4252 I SensorService: [EARPROXIMITY] Get product model ++
03-25 17:35:46.734  3941  4252 I SensorService: [EARPROXIMITY] Get product model --
03-25 17:35:46.734  3941  4252 I SensorService: path : /sys/class/sec/tsp/ear_detect_enable, : 3, disable : 1
03-25 17:35:46.735  3941  4252 D SensorService: [VIRT_PROX] TYPE: EARTOUCH registered
03-25 17:35:46.735  3941  4252 D SensorService: OrientationSensor2 Registered!!!!
03-25 17:35:46.735  3941  4252 D SensorService: [CALIBRATEDLUX] registered
03-25 17:35:46.735  3941  4252 I SensorService: [CALIBRATEDLUX] Support calibrated lux
03-25 17:35:46.735  3941  4252 I SensorService: [CALIBRATEDLUX] SENSOR_TYPE_LIGHT
03-25 17:35:46.735  3941  4252 W SensorService: [FLICKERLIGHT] register RearFlickerSensor!
03-25 17:35:46.735  3941  4252 I SensorService: [REARLIGHT] Support sensor fusion
03-25 17:35:46.735  3941  4252 I SensorService: [REARLIGHT] SENSOR_TYPE_CALL_GESTURE
03-25 17:35:46.735  3941  4252 I SensorService: [REARLIGHT] SENSOR_TYPE_PHYSICAL_LIGHT
03-25 17:35:46.735  3941  4252 I SensorService: [REARLIGHT] SENSOR_TYPE_BIO_ALC
03-25 17:35:46.736  3941  4259 D SensorService: [EARPROXIMITY] new thread EarThread
03-25 17:35:46.737  3941  4261 D SensorService: nuSensorService thread starting...
03-25 17:35:46.737  3941  4252 V HistoricalRegistry: Interaction before persistence initialized
03-25 17:35:46.737  3941  4260 D SensorService: new thread SensorEventAckReceiver
03-25 17:35:46.738   624   636 I servicemanager: Adding 'u:r:system_server:s0' service (sensorservice:3941)
03-25 17:35:46.738  3941  4252 D SystemServerTimingAsync: StartNativeSensorService took to complete: 41ms
03-25 17:35:46.738  3941  4252 D SystemServerTimingAsync: InitThreadPoolExec:StartNativeSensorServicetook to complete: 41ms
03-25 17:35:46.803  3941  4003 D BatteryExternalStatsWorker: update stats : wakelock-change (1)
03-25 17:35:46.804  3941  4003 D BatteryExternalStatsWorker: done updateExternalStatsLocked
03-25 17:35:46.804  3941  4003 D BatteryExternalStatsWorker: update stats : wakelock-change (1)
03-25 17:35:46.805  3941  4003 D BatteryExternalStatsWorker: done updateExternalStatsLocked
03-25 17:35:46.890  3941  4238 D SystemServerTimingAsync: AppDataPrepare took to complete: 6216ms
03-25 17:35:46.890  3941  4238 I PackageManager: Deferred reconcileAppsData finished 3479 packages
03-25 17:35:46.890  3941  4238 D SystemServerTimingAsync: InitThreadPoolExec:prepareAppData took to complete: 6494ms
03-25 17:35:46.917  3941  3992 D BatteryService: WIRELESS_ENABLE_SYSFS_PATH_FOR_EPEN false
03-25 17:35:46.917  3941  3941 W system_server: Long monitor contention with owner HwBinder:3941_1 (3992) at void com.android.server.BatteryService.update(vendor.samsung.hardware.health.V2_0.SehHealthInfo)(BatteryService.java:2009) waiters=0 in void com.android.server.BatteryService.registerHealthCallback() for 201ms
03-25 17:35:46.918  3941  3941 I BatteryService: health: Waited 201ms and received the update.
03-25 17:35:46.918   624   636 I servicemanager: Adding 'u:r:system_server:s0' service (battery:3941)
03-25 17:35:46.918   624   636 I servicemanager: Adding 'u:r:system_server:s0' service (batteryproperties:3941)
03-25 17:35:46.919  3941  3941 D BatteryService: !@[BatteryInfo] readFromFile /efs/FactoryApp/batt_after_manufactured: 223
03-25 17:35:46.919  3941  3941 D BatteryService: !@[LLB] Write weeklyDiff EFS ->  Sys : 223
03-25 17:35:46.919  3941  3941 I BatteryService: fileWriteInt : /sys/class/power_supply/battery/batt_after_manufactured  value : 223
03-25 17:35:46.919  3941  4256 I android_os_HwBinder: HwBinder: Starting thread pool for getting: android.hardware.health@2.0::IHealth/default
03-25 17:35:46.919  3941  3941 W SystemServiceManager: Service com.android.server.BatteryService took220 ms in onStart
03-25 17:35:46.919  3941  3941 D SystemServerTiming: StartBatteryService took to complete: 223ms
03-25 17:35:46.919  3941  3941 D SystemServerTiming: !@Boot_SystemServer: 223ms : StartBatteryService
03-25 17:35:46.919  3941  3941 I SystemServerTiming: !@Boot_EBS:   Took 223ms by 'StartBatteryService'
03-25 17:35:46.919  3941  3941 I SystemServerTiming: StartUsageService
03-25 17:35:46.919  3941  3941 I SystemServiceManager: Starting com.android.server.usage.UsageStatsService
03-25 17:35:46.922   624   636 I servicemanager: Adding 'u:r:system_server:s0' service (usagestats:3941)
03-25 17:35:46.923  3941  3941 D SystemServerTiming: StartUsageService took to complete: 3ms
03-25 17:35:46.923  3941  3941 I SystemServerTiming: StartWebViewUpdateService
03-25 17:35:46.923  3941  3941 I SystemServiceManager: Starting com.android.server.webkit.WebViewUpdateService
03-25 17:35:46.924   624   636 I servicemanager: Adding 'u:r:system_server:s0' service (webviewupdate:3941)
03-25 17:35:46.924  3941  3941 D SystemServerTiming: StartWebViewUpdateService took to complete: 1ms
03-25 17:35:46.924  3941  3941 I SystemServerTiming: StartCachedDeviceStateService
03-25 17:35:46.924  3941  3941 I SystemServiceManager: Starting com.android.server.CachedDeviceStateService
03-25 17:35:46.924  3941  3941 D SystemServerTiming: StartCachedDeviceStateService took to complete: 0ms
03-25 17:35:46.924  3941  3941 I SystemServerTiming: StartBinderCallsStatsService
03-25 17:35:46.924  3941  3941 I SystemServiceManager: Starting com.android.server.BinderCallsStatsService$LifeCycle
03-25 17:35:46.924   624   636 I servicemanager: Adding 'u:r:system_server:s0' service (binder_calls_stats:3941)
03-25 17:35:46.924  3941  3941 D SystemServerTiming: StartBinderCallsStatsService took to complete: 1ms
03-25 17:35:46.925  3941  3941 I SystemServerTiming: StartLooperStatsService
03-25 17:35:46.925  3941  3941 I SystemServiceManager: Starting com.android.server.LooperStatsService$Lifecycle
03-25 17:35:46.925   624   636 I servicemanager: Adding 'u:r:system_server:s0' service (looper_stats:3941)
03-25 17:35:46.925  3941  3941 D SystemServerTiming: StartLooperStatsService took to complete: 0ms
03-25 17:35:46.925  3941  3941 I SystemServerTiming: StartRollbackManagerService
03-25 17:35:46.925  3941  3941 I SystemServiceManager: Starting com.android.server.rollback.RollbackManagerService
03-25 17:35:46.926  1169  1193 D installd: Found quota mount /dev/block/bootdevice/by-name/userdata at /data
03-25 17:35:46.926  1169  1193 D installd: Found quota mount /dev/block/bootdevice/by-name/userdata at /data/user/0
03-25 17:35:46.928   624   636 I servicemanager: Adding 'u:r:system_server:s0' service (rollback:3941)
03-25 17:35:46.928  3941  3941 D SystemServerTiming: StartRollbackManagerService took to complete: 3ms
03-25 17:35:46.928  3941  3941 I SystemServerTiming: StartNativeTombstoneManagerService
03-25 17:35:46.928  3941  3941 I SystemServiceManager: Starting com.android.server.os.NativeTombstoneManagerService
03-25 17:35:46.928  3941  3941 D SystemServerTiming: StartNativeTombstoneManagerService took to complete: 1ms
03-25 17:35:46.928  3941  3941 I SystemServerTiming: StartBugreportManagerService
03-25 17:35:46.928  3941  3941 I SystemServiceManager: Starting com.android.server.os.BugreportManagerService
03-25 17:35:46.929   624   636 I servicemanager: Adding 'u:r:system_server:s0' service (bugreport:3941)
03-25 17:35:46.929  3941  3941 D SystemServerTiming: StartBugreportManagerService took to complete: 0ms
03-25 17:35:46.929  3941  3941 I SystemServerTiming: GpuService
03-25 17:35:46.929  3941  3941 I SystemServiceManager: Starting com.android.server.gpu.GpuService
03-25 17:35:46.929  3941  3941 D SystemServerTiming: GpuService took to complete: 0ms
03-25 17:35:46.929  3941  3941 D SystemServerTiming: startCoreServices took to complete: 233ms
03-25 17:35:46.929  3941  3941 D SystemServerTiming: !@Boot_SystemServer: 233ms : startCoreServices
03-25 17:35:46.929  3941  3941 I SystemServerTiming: !@Boot_EBS:   Took 233ms by 'startCoreServices'
03-25 17:35:46.929  3941  3941 I SystemServer: !@Boot_EBS_F: startOtherServices
03-25 17:35:46.929  3941  3941 I SystemServerTiming: startOtherServices
03-25 17:35:46.929  3941  3941 I SystemServerTiming: lazy_service
03-25 17:35:46.929   624   636 I servicemanager: Adding 'u:r:system_server:s0' service (lazy_service:3941)
03-25 17:35:46.929  3941  3941 D SystemServerTiming: lazy_service took to complete: 1ms
03-25 17:35:46.930  3941  3941 I SystemServerTiming: StartKeyAttestationApplicationIdProviderService
03-25 17:35:46.930   624   636 I servicemanager: Adding 'u:r:system_server:s0' service (sec_key_att_app_id_provider:3941)
03-25 17:35:46.930  3941  3941 D SystemServerTiming: StartKeyAttestationApplicationIdProviderService took to complete: 0ms
03-25 17:35:46.930  3941  3941 I SystemServerTiming: StartKeyChainSystemService
03-25 17:35:46.930  3941  3941 I SystemServiceManager: Starting com.android.server.security.KeyChainSystemService
03-25 17:35:46.930  3941  3941 D SystemServerTiming: StartKeyChainSystemService took to complete: 0ms
03-25 17:35:46.930  3941  3941 I SystemServerTiming: StartSchedulingPolicyService
03-25 17:35:46.930   624   636 I servicemanager: Adding 'u:r:system_server:s0' service (scheduling_policy:3941)
03-25 17:35:46.930  3941  4266 I SystemServerTimingAsync: InitThreadPoolExec:SecondaryZygotePreload
03-25 17:35:46.931  3941  4266 I SystemServer: SecondaryZygotePreload
03-25 17:35:46.931  3941  4266 I SystemServerTimingAsync: SecondaryZygotePreload
03-25 17:35:46.931  3941  4267 I SystemServerTimingAsync: InitThreadPoolExec:SchedulingPolicyService.<init>
03-25 17:35:46.932  3941  3941 D SystemServerTiming: StartSchedulingPolicyService took to complete: 1ms
03-25 17:35:46.932  3941  3941 I SystemServerTiming: StartSpqrService
03-25 17:35:46.932  3941  3941 I SystemServiceManager: Starting com.android.server.SpqrService
03-25 17:35:46.932  3941  3941 I SpqrService: SPQR native service found successfully
03-25 17:35:46.932  3941  3941 D SystemServerTiming: StartSpqrService took to complete: 1ms
03-25 17:35:46.932  3941  3941 I SystemServerTiming: StartSpegService
03-25 17:35:46.932  3941  3941 I SystemServiceManager: Starting com.android.server.SpegService
03-25 17:35:46.933  3941  3941 I SpegService: speg_helper found successfully
03-25 17:35:46.933  3941  3941 D SystemServerTiming: StartSpegService took to complete: 0ms
03-25 17:35:46.933  3941  3941 I SystemServerTiming: UCM Policy Service
03-25 17:35:46.935  3722  3722 I Zygote  : Lazily preloading resources.
03-25 17:35:46.935  3722  3722 D Zygote  : begin preload
03-25 17:35:46.935  3722  3722 I Zygote  : Calling ZygoteHooks.beginPreload()
03-25 17:35:46.941  3941  4267 I SchedulingPolicyService: Moving 1215 back to group default
03-25 17:35:46.941  3941  4267 D SystemServerTimingAsync: InitThreadPoolExec:SchedulingPolicyService.<init> took to complete: 11ms
03-25 17:35:46.948   856   856 I android.hardware.health@2.1-service-samsung: updateLrpSysfs: write: 436
03-25 17:35:46.948  3941  3992 D BatteryService: Sending ACTION_BATTERY_CHANGED. scale:100, info:{.chargerAcOnline = false, .chargerUsbOnline = true, .chargerWirelessOnline = false, .maxChargingCurrent =0, .maxChargingVoltage = 0, .batteryStatus = CHARGING, .batteryHealth = GOOD, .batteryPresent = true,.batteryLevel = 51, .batteryVoltage = 3760, .batteryTemperature = 406, .batteryCurrent = -1272, .batteryCycleCount = 0, .batteryFullCharge = 4300000, .batteryChargeCounter = 865060, .batteryTechnology = Li-ion}
03-25 17:35:46.948  3941  3992 D BatteryService: online:4, current avg:-443, charge type:1, POGO powered:false, power sharing:false, high voltage charger:true, charger_type:1, capacity:280000, misc_event:0x0, current_event:0x0, current_now:-1272
03-25 17:35:46.949  3722  3722 D ZygoteInitTiming_lazy: BeginPreload took to complete: 14ms
03-25 17:35:46.949  3722  3722 I Zygote  : Preloading classes...
03-25 17:35:46.959  3941  3941 I UniversalCredentialManagerService: getActivePlugin ..
03-25 17:35:46.959  3722  3722 W Zygote  : Class not found for preloading: android.app.SystemServiceRegistry$18
03-25 17:35:46.962  3941  3941 D EdmStorageProvider: getCount(UniversalCredentialWhiteListTable) - 0
03-25 17:35:46.962  3941  3941 D EdmStorageProvider: getCount(UniversalCredentialCertificateTable) - 0
03-25 17:35:46.963   624   636 I servicemanager: Adding 'u:r:system_server:s0' service (knox_ucsm_policy:3941)
03-25 17:35:46.963  3941  3941 D SystemServerTiming: UCM Policy Service took to complete: 30ms
03-25 17:35:46.963  3941  3941 I SystemServerTiming: CredentialManagerService Service
03-25 17:35:46.964  3941  3941 D UcmServiceODE: updateOdeStatus [0]
03-25 17:35:46.965  3722  3722 D SemCscFeature: Encoded
03-25 17:35:46.996  4268  4268 W idmap2  : failed to create idmap
03-25 17:35:47.016  3722  3722 E libc    : Access denied finding property "ro.vendor.mtk_model"
03-25 17:35:47.016   758   758 E audit   : type=1400 audit(1711406147.001:265): avc:  denied  { read } for  pid=3722 comm="main" name="u:object_r:vendor_default_prop:s0" dev="tmpfs" ino=29313 scontext=u:r:zygote:s0 tcontext=u:object_r:vendor_default_prop:s0 tclass=file permissive=0 SEPF_SM-N975U1_12_0001audit_filtered
03-25 17:35:47.016   758   758 E audit   : type=1300 audit(1711406147.001:265): arch=40000028 syscall=322 per=8 success=no exit=-13 a0=ffffff9c a1=ff9851d8 a2=a8000 a3=0 items=0 ppid=1 pid=3722 auid=4294967295 uid=0 gid=0 euid=9999 suid=9999 fsuid=9999 egid=9999 sgid=9999 fsgid=9999 tty=(none) ses=4294967295 comm="main" exe="/system/bin/app_process32" subj=u:r:zygote:s0 key=(null)
03-25 17:35:47.016   758   758 E audit   : type=1327 audit(1711406147.001:265): proctitle="zygote"
03-25 17:35:47.017  3722  3722 D SecIpmManagerFrameworkInitializer:  initial
03-25 17:35:47.039  3722  3722 I Typeface: Preloading /system/fonts/Roboto-Regular.ttf
03-25 17:35:47.045   693   693 D io_stats: !@   8,0 r 98093 1788320 w 7485 424216 d 0 0 f 0 0 iot 37250 0 th 0 0 0 pt 0 inp 0 39 305.797
03-25 17:35:47.072  4272  4272 D ProcessState: Binder ioctl to enable oneway spam detection failed: Invalid argument
03-25 17:35:47.073  3722  3722 E ActivityRecognitionHardware: activity_recognition HAL is deprecated.class_init is effectively a no-op
03-25 17:35:47.161  3941  3941 D EmergencyMode: [EmergencyManager] android createPackageContext successful: android
03-25 17:35:47.162  3941  3941 D EmergencyMode: [EmergencyManager] Settings Provider is not ready e :java.lang.IllegalStateException: Cannot access system provider: 'settings' before system providers are installed!
03-25 17:35:47.162  3941  3941 I UcmService: readPersistentAppletsInfoLocked is called...
03-25 17:35:47.163  3941  3941 I UcmService: mPersistentAppletInfoFile not exist...
03-25 17:35:47.163  3941  3941 I UcmService: fbe is enabled
03-25 17:35:47.163  3941  3941 I UcmService: deleteODEConfigInFileIfExist
03-25 17:35:47.163  3941  3941 I UcmService: ODE config file does not exist
03-25 17:35:47.163  3941  3941 I UcmService: updateKeyguardConfig
03-25 17:35:47.163  3941  3941 I UcmService: getKeyguardStorageForCurrentUser : 0
03-25 17:35:47.163  3941  3941 I UcmService: remove useless keyguard config file
03-25 17:35:47.163  3941  3941 I UcmService: keyguard config file does not exist
03-25 17:35:47.164  3941  3941 I UcmService: registerPersonaObserver is called...
03-25 17:35:47.166   624   636 I servicemanager: Adding 'u:r:system_server:s0' service (com.samsung.ucs.ucsservice:3941)
03-25 17:35:47.166  3941  3941 I SystemServerTiming: credentialManagerServiceReady
03-25 17:35:47.166  3941  3941 I UcmService: systemReady is called...
03-25 17:35:47.166  3941  3941 I UcmService.UcmServiceAgentManager: check eSE Permission : 1000
03-25 17:35:47.166  3941  3941 I UcmService.UcmServiceAgentManager: check eSE Permission : 10080
03-25 17:35:47.166  3941  3941 I UcmService.UcmServiceAgentManager: checkESEPermission
03-25 17:35:47.166  3941  3941 I UcmService.UcmServiceAgentManager: check eSE Permission : 10084
03-25 17:35:47.167  3941  3941 I UcmService.UcmServiceAgentManager: checkESEPermission
03-25 17:35:47.167  3941  3941 I UcmService.UcmServiceAgentManager: check eSE Permission : 10410
03-25 17:35:47.167  3941  3941 I UcmService.UcmServiceAgentManager: checkESEPermission
03-25 17:35:47.167  3941  3941 I UcmService.UcmServiceAgentManager: check eSE Permission : 10418
03-25 17:35:47.167  3941  3941 I UcmService.UcmServiceAgentManager: checkESEPermission
03-25 17:35:47.167  3941  3941 I UcmService.UcmServiceAgentManager: check eSE Permission : 10526
03-25 17:35:47.167  3941  3941 I UcmService.UcmServiceAgentManager: checkESEPermission
03-25 17:35:47.167  3941  3941 I UcmService.UcmServiceAgentManager: check eSE Permission : 11162
03-25 17:35:47.167  3941  3941 I UcmService.UcmServiceAgentManager: checkESEPermission
03-25 17:35:47.167  3941  3941 D SystemServerTiming: credentialManagerServiceReady took to complete: 2ms
03-25 17:35:47.167  3941  3941 D SystemServerTiming: CredentialManagerService Service took to complete: 205ms
03-25 17:35:47.167  3941  3941 D SystemServerTiming: !@Boot_SystemServer: 205ms : CredentialManagerService Service
03-25 17:35:47.167  3941  3941 I SystemServerTiming: !@Boot_EBS:   Took 205ms by 'CredentialManagerService Service'
03-25 17:35:47.167  3941  3941 I SystemServer: ActivationTeeService
03-25 17:35:47.167  3941  3941 I SystemServerTiming: SEAMS
03-25 17:35:47.168  3941  4275 I UcmService.UcmServiceAgentManager: *****refreshAgentList is called***
03-25 17:35:47.168  3941  4275 I UcmService.UcmServiceAgentManager: resolveAllowedAgents for user 0
03-25 17:35:47.168  3941  4275 I UcmService.UcmServiceAgentManager: found com.samsung.ucs.agent.ese
03-25 17:35:47.168  3941  4275 I UcmService.UcmServiceAgentManager: *****refreshAgentListInternal userId-0 is called***
03-25 17:35:47.169  3941  4275 I UcmService.UcmServiceAgentManager: -------Processing started for agentPackageName------com.samsung.ucs.agent.ese
03-25 17:35:47.169  3941  4275 I UcmService.UcmServiceAgentManager:   agentPackageName -com.samsung.ucs.agent.ese is an active plugin
03-25 17:35:47.169  3941  4275 I UcmService.UcmServiceAgentManager:   Check if caller has UCS Plugin permission...
03-25 17:35:47.169  3941  4275 I UcmService.UcmServiceAgentManager:   Agent has UCS PLUGIN permission. Processing further...
03-25 17:35:47.169  3941  4275 I UcmService.UcmServiceAgentManager:   agentPackageName com.samsung.ucs.agent.ese is system storage. Checking system signature
03-25 17:35:47.169   624   636 I servicemanager: Adding 'u:r:system_server:s0' service (SEAMService:3941)
03-25 17:35:47.169  3941  4275 D UcmServiceUtil:   Signature match
03-25 17:35:47.169  3941  4275 I UcmService.UcmServiceAgentManager:   Valid system storage found is com.samsung.ucs.agent.ese
03-25 17:35:47.169  3941  3941 D SystemServerTiming: SEAMS took to complete: 1ms
03-25 17:35:47.169  3941  3941 I SystemServerTiming: StartTelecomLoaderService
03-25 17:35:47.169  3941  3941 I SystemServiceManager: Starting com.android.server.telecom.TelecomLoaderService
03-25 17:35:47.169  3941  3941 D SystemServerTiming: StartTelecomLoaderService took to complete: 0ms
03-25 17:35:47.169  3941  3941 I SystemServerTiming: StartTelephonyRegistry
03-25 17:35:47.170   624   636 I servicemanager: Adding 'u:r:system_server:s0' service (telephony.registry:3941)
03-25 17:35:47.170  3941  4275 I UcmService.UcmServiceAgentManager: Do not need to bind eSE Service
03-25 17:35:47.170  3941  3941 D SystemServerTiming: StartTelephonyRegistry took to complete: 0ms
03-25 17:35:47.170  3941  3941 I SystemServerTiming: StartEntropyMixer
03-25 17:35:47.171  3941  3941 I EntropyMixer: Writing entropy...
03-25 17:35:47.183  3941  3941 D SystemServerTiming: StartEntropyMixer took to complete: 13ms
03-25 17:35:47.183  3941  3941 I SystemServer: Reactive Service
03-25 17:35:47.187  3941  3941 W libc    : Unable to set property "ro.security.reactive.version" to "2.0.13": error code: 0xb, try count : 1
03-25 17:35:47.187  3941  3941 W libc    : Unable to set property "ro.security.reactive.version" to "2.0.13": error code: 0xb, try count : 2
03-25 17:35:47.187  3941  3941 W libc    : Unable to set property "ro.security.reactive.version" to "2.0.13": error code: 0xb, try count : 3
03-25 17:35:47.187  3941  3941 W terrier : Failed to set RL status
03-25 17:35:47.190   624   636 I servicemanager: Adding 'u:r:system_server:s0' service (ReactiveService:3941)
03-25 17:35:47.190  3941  3941 I SystemServerTiming: StartPersonaManager
03-25 17:35:47.190  3941  3941 I SystemServer: Persona Service
03-25 17:35:47.190   624   636 I servicemanager: Adding 'u:r:system_server:s0' service (persona:3941)
03-25 17:35:47.190  3941  3941 I SystemServer: KnoxMUMContainerPolicy Service
03-25 17:35:47.191  3941  3941 D KnoxMUMContainerPolicy: reading from xml file
03-25 17:35:47.192  3941  3941 D KnoxConfigurationType: setDefaultConfigType: isDefaultConfigType true
03-25 17:35:47.192  3941  3941 D KnoxConfigurationType: setDefaultContainerLayout: layoutType 1
03-25 17:35:47.192  3941  3941 D KnoxConfigurationType: allowLayoutSwitching: allowSwitch true
03-25 17:35:47.192  3941  3941 D KnoxConfigurationType: setBiometricAuthenticationEnabled : bioAuth =3, enabled : true
03-25 17:35:47.192  3941  3941 D KnoxConfigurationType: setting ecname Custom
03-25 17:35:47.193  3941  3941 D KnoxConfigurationType: setDefaultConfigType: isDefaultConfigType false
03-25 17:35:47.193  3941  3941 D KnoxConfigurationType: allowLayoutSwitching: allowSwitch true
03-25 17:35:47.193  3941  3941 D KnoxConfigurationType: setting ecname Custom
03-25 17:35:47.193  3941  3941 D KnoxConfigurationType: setDefaultConfigType: isDefaultConfigType false
03-25 17:35:47.193  3941  3941 D KnoxConfigurationType: allowLayoutSwitching: allowSwitch true
03-25 17:35:47.193  3941  3941 D KnoxConfigurationType: setting ecname Custom
03-25 17:35:47.193  3941  3941 D KnoxConfigurationType: setDefaultConfigType: isDefaultConfigType true
03-25 17:35:47.193  3941  3941 D KnoxConfigurationType: setDefaultContainerLayout: layoutType 1
03-25 17:35:47.193  3941  3941 D KnoxConfigurationType: allowLayoutSwitching: allowSwitch true
03-25 17:35:47.193  3941  3941 D KnoxConfigurationType: setBiometricAuthenticationEnabled : bioAuth =3, enabled : true
03-25 17:35:47.193  3941  3941 D SecureFolderConfigurationType: COM config dump START:
03-25 17:35:47.193  3941  3941 D SecureFolderConfigurationType: mAllowSettingsChanges : true
03-25 17:35:47.193  3941  3941 D SecureFolderConfigurationType: mAllowStatusBarExpansion : true
03-25 17:35:47.193  3941  3941 D SecureFolderConfigurationType: mAllowHomeKey : true
03-25 17:35:47.194  3941  3941 D SecureFolderConfigurationType: mAllowClearAllNotification : false
03-25 17:35:47.194  3941  3941 D SecureFolderConfigurationType: mHideSystemBar : false
03-25 17:35:47.194  3941  3941 D SecureFolderConfigurationType: mWipeRecentTasks : false
03-25 17:35:47.194  3941  3941 D SecureFolderConfigurationType: COM config dump END.
03-25 17:35:47.194  3941  3941 D KnoxConfigurationType: setDefaultConfigType: isDefaultConfigType false
03-25 17:35:47.194  3941  3941 D KnoxConfigurationType: allowLayoutSwitching: allowSwitch false
03-25 17:35:47.194  3941  3941 D KnoxConfigurationType: setBiometricAuthenticationEnabled : bioAuth =3, enabled : true
03-25 17:35:47.194  3941  3941 D KnoxConfigurationType: setting ecname Custom
03-25 17:35:47.194  3941  3941 D ContainerModeConfigurationType: COM config dump START:
03-25 17:35:47.194  3941  3941 D ContainerModeConfigurationType: mAllowSettingsChanges : true
03-25 17:35:47.194  3941  3941 D ContainerModeConfigurationType: mAllowStatusBarExpansion : true
03-25 17:35:47.194  3941  3941 D ContainerModeConfigurationType: mAllowHomeKey : true
03-25 17:35:47.194  3941  3941 D ContainerModeConfigurationType: mAllowClearAllNotification : true
03-25 17:35:47.194  3941  3941 D ContainerModeConfigurationType: mHideSystemBar : false
03-25 17:35:47.194  3941  3941 D ContainerModeConfigurationType: mWipeRecentTasks : true
03-25 17:35:47.194  3941  3941 D ContainerModeConfigurationType: COM config dump END.
03-25 17:35:47.194  3941  3941 D KnoxConfigurationType: setDefaultConfigType: isDefaultConfigType false
03-25 17:35:47.194  3941  3941 D KnoxConfigurationType: allowLayoutSwitching: allowSwitch false
03-25 17:35:47.194  3941  3941 D KnoxConfigurationType: setBiometricAuthenticationEnabled : bioAuth =3, enabled : true
03-25 17:35:47.194  3941  3941 D KnoxConfigurationType: setting ecname Custom
03-25 17:35:47.218  3941  3941 D LightweightConfigurationType: Lightweight config dump START:
03-25 17:35:47.218  3941  3941 D LightweightConfigurationType: mFolderHeaderIcon : null
03-25 17:35:47.218  3941  3941 D LightweightConfigurationType: mFolderHeaderTitle : null
03-25 17:35:47.218  3941  3941 D LightweightConfigurationType: mFolderDisabledChangeLayout : true
03-25 17:35:47.218  3941  3941 D LightweightConfigurationType: Lightweight config dump END.
03-25 17:35:47.218  3941  3941 D KnoxMUMContainerPolicy: isFOTARequired currentversion:N975U1UES8HWG1
03-25 17:35:47.218  3941  3941 I KnoxMUMContainerPolicy: 1. pdaVersion = N975U1UES8HWG1
03-25 17:35:47.218  3941  3941 D KnoxMUMContainerPolicy: trimHiddenVersion(N975U1UES8HWG1)
03-25 17:35:47.218  3941  3941 I KnoxMUMContainerPolicy: 2. pdaVersion = N975U1UES8HWG1
03-25 17:35:47.218  3941  3941 D KnoxMUMContainerPolicy: isFOTARequired currentversion:N975U1UES8HWG1
03-25 17:35:47.218  3941  3941 D KnoxMUMContainerPolicy: isFOTARequired currentversion:N975U1UES8HWG1
03-25 17:35:47.218  3941  3941 D KnoxMUMContainerPolicy: isFOTARequired currentversion:N975U1UES8HWG1
03-25 17:35:47.218  3941  3941 D KnoxMUMContainerPolicy: isFOTARequired currentversion:N975U1UES8HWG1
03-25 17:35:47.218  3941  3941 D KnoxMUMContainerPolicy: isFOTARequired currentversion:N975U1UES8HWG1
03-25 17:35:47.219   624   636 I servicemanager: Adding 'u:r:system_server:s0' service (mum_container_policy:3941)
03-25 17:35:47.219  3941  3941 D SystemServerTiming: StartPersonaManager took to complete: 29ms
03-25 17:35:47.219  3941  3941 D SystemServer: startRCPService | original value for enabledContainer : true
03-25 17:35:47.219  3941  3941 D SystemServer: startRCPService | KnoxPresentInDevice : false, DoEnabled : false
03-25 17:35:47.219  3941  3941 I SystemServerTiming: RCPManagerService
03-25 17:35:47.219  3941  3941 D SystemServerTiming: RCPManagerService took to complete: 0ms
03-25 17:35:47.219  3941  3941 I SystemServerTiming: KnoxMUMRCPPolicyService
03-25 17:35:47.219  3941  3941 D SystemServer: startRCPService | add Lazy Service : KnoxMUMRCPPolicyService , mumrcppolicy
03-25 17:35:47.220  3941  3941 D LazyService: mum_container_rcp_policy addService
03-25 17:35:47.220  3941  3941 D SystemServerTiming: KnoxMUMRCPPolicyService took to complete: 0ms
03-25 17:35:47.220  3941  3941 I SystemServerTiming: DualAppManagerService
03-25 17:35:47.220  3941  3941 D SystemServer: startDualAppManagerService | add Service : startDualAppManagerService
03-25 17:35:47.220   624   636 I servicemanager: Adding 'u:r:system_server:s0' service (dual_app:3941)
03-25 17:35:47.220  3941  3941 D SystemServerTiming: DualAppManagerService took to complete: 0ms
03-25 17:35:47.220  3941  3941 I SystemServerTiming: StartAccountManagerService
03-25 17:35:47.220  3941  3941 I SystemServiceManager: Starting com.android.server.accounts.AccountManagerService$Lifecycle
03-25 17:35:47.221  3941  3941 D CompatibilityChangeReporter: Compat change id reported: 148180766; UID 1000; state: ENABLED
03-25 17:35:47.222   624   636 I servicemanager: Adding 'u:r:system_server:s0' service (account:3941)
03-25 17:35:47.222  3941  3941 D SystemServerTiming: StartAccountManagerService took to complete: 2ms
03-25 17:35:47.222  3941  3941 I SystemServerTiming: StartContentService
03-25 17:35:47.222  3941  3941 I SystemServiceManager: Starting com.android.server.content.ContentService$Lifecycle
03-25 17:35:47.223   624   636 I servicemanager: Adding 'u:r:system_server:s0' service (content:3941)
03-25 17:35:47.223  3941  3941 D SystemServerTiming: StartContentService took to complete: 1ms
03-25 17:35:47.223  3941  3941 I SystemServerTiming: InstallSystemProviders
03-25 17:35:47.261  3722  3722 I zygote  : Thread[1,tid=3722,Native,Thread*=0xe06c3810,peer=0x12c40078,"main"] recursive attempt to load library "librtp_jni.so"
03-25 17:35:47.265  3941  3941 I SettingsProvider: onCreate(com.android.providers.settings.SettingsProvider@6bddda6)
03-25 17:35:47.265  3941  3941 I SettingsProvider: java.lang.RuntimeException
03-25 17:35:47.265  3941  3941 I SettingsProvider:      at com.samsung.android.providers.settings.LogMsg.writeCallStackLog(LogMsg.java:53)
03-25 17:35:47.265  3941  3941 I SettingsProvider:      at com.android.providers.settings.SettingsProvider.onCreate(SettingsProvider.java:503)
03-25 17:35:47.265  3941  3941 I SettingsProvider:      at android.content.ContentProvider.attachInfo(ContentProvider.java:2516)
03-25 17:35:47.265  3941  3941 I SettingsProvider:      at android.content.ContentProvider.attachInfo(ContentProvider.java:2486)
03-25 17:35:47.265  3941  3941 I SettingsProvider:      at android.app.ActivityThread.installProvider(ActivityThread.java:8220)
03-25 17:35:47.265  3941  3941 I SettingsProvider:      at android.app.ActivityThread.installContentProviders(ActivityThread.java:7728)
03-25 17:35:47.265  3941  3941 I SettingsProvider:      at android.app.ActivityThread.installSystemProviders(ActivityThread.java:8407)
03-25 17:35:47.265  3941  3941 I SettingsProvider:      at com.android.server.am.ContentProviderHelper.installSystemProviders(ContentProviderHelper.java:1408)
03-25 17:35:47.265  3941  3941 I SettingsProvider:      at com.android.server.SystemServer.startOtherServices(SystemServer.java:2059)
03-25 17:35:47.265  3941  3941 I SettingsProvider:      at com.android.server.SystemServer.run(SystemServer.java:1223)
03-25 17:35:47.265  3941  3941 I SettingsProvider:      at com.android.server.SystemServer.main(SystemServer.java:944)
03-25 17:35:47.265  3941  3941 I SettingsProvider:      at java.lang.reflect.Method.invoke(Native Method)
03-25 17:35:47.265  3941  3941 I SettingsProvider:      at com.android.internal.os.RuntimeInit$MethodAndArgsCaller.run(RuntimeInit.java:567)
03-25 17:35:47.265  3941  3941 I SettingsProvider:      at com.android.internal.os.ZygoteInit.main(ZygoteInit.java:1113)
03-25 17:35:47.268  3941  3941 I SettingsProvider: new SettingsRegistry (com.android.providers.settings.SettingsProvider$SettingsRegistry@6a51783)
03-25 17:35:47.294  3941  3941 I SettingsProvider: Start migrateAllLegacySettingsIfNeeded()
03-25 17:35:47.295  3941  3941 I SettingsProvider: Check Whether Global File or Backup file exist
03-25 17:35:47.295  3941  3941 I SettingsProvider: There're one of File (or Backup file) for Global. Migration no needed. Finish migrateAllLegacySettingsIfNeeded()
03-25 17:35:47.310  3722  3722 W Zygote  : Class not found for preloading: android.view.SurfaceView$2
03-25 17:35:47.317  3722  3722 W Zygote  : Class not found for preloading: android.widget.ActionMenuPresenter$OverflowMenuButton$1
03-25 17:35:47.352  3941  3941 I SettingsProvider: Call migrateLegacySettingsForUserIfNeededLocked()
03-25 17:35:47.352  3941  3941 I SettingsProvider: Check Whether System/Secure Files or Backup files exist
03-25 17:35:47.353  3941  3941 I SettingsProvider: There're one of File (or Backup file) for System or Secure. Migration no needed. Finish migrateLegacySettingsForUserIfNeededLocked()
03-25 17:35:47.359  3722  3722 W Zygote  : Class not found for preloading: com.android.internal.telephony.ims.MmTelFeatureCompatAdapter$4
03-25 17:35:47.359  3722  3722 W Zygote  : Class not found for preloading: com.android.internal.telephony.ims.MmTelFeatureCompatAdapter$5
03-25 17:35:47.375  3941  3941 I SettingsProvider: Start upgradeIfNeededLocked() for User 0
03-25 17:35:47.375  3941  3941 I SettingsProvider: Current version is Latest version. Finish upgradeIfNeededLocked() for User 0
03-25 17:35:47.377  3941  3941 I SettingsService: SettingsService Start
03-25 17:35:47.377   624   636 I servicemanager: Adding 'u:r:system_server:s0' service (settings:3941)
03-25 17:35:47.378   624   636 I servicemanager: Adding 'u:r:system_server:s0' service (device_config:3941)
03-25 17:35:47.380  3941  3941 D SemWifiApContentProvider: OnCreate
03-25 17:35:47.395  3941  3941 E FeatureUtil: filePath /product/omc/XAA/system/customer_carrier_feature.json carrierGroup XAA canonicalId -1
03-25 17:35:47.396  3941  3941 D SemCarrierFeature: update carrier default features : 0
03-25 17:35:47.396  3941  3941 D SemCarrierFeature: update carrier features : 0:31159
03-25 17:35:47.396  3941  3941 E FeatureUtil: filePath /product/omc/XAA/system/customer_carrier_feature.json carrierGroup XAA canonicalId 31159
03-25 17:35:47.403  3941  3941 I GenerationRegistry: mBackingStore.isClosed() : false
03-25 17:35:47.404  3941  3941 I GenerationRegistry: mBackingStore.isClosed() : false
03-25 17:35:47.408  3941  3941 W PackageManager: ApplicationPolicy is null
03-25 17:35:47.408  3941  3941 D PackageManager: setEnabledSetting : userId = 0 packageName = com.android.shell cmp = com.android.shell.BugreportStorageProvider newState = 1 callingPackage = 1000/am is not ready yet
03-25 17:35:47.411  3941  3941 D ActivityManager: cgroup.freeze not present
03-25 17:35:47.411  3941  3994 D ActivityManager: Freezer disabled
03-25 17:35:47.411  3941  3941 D SystemServerTiming: InstallSystemProviders took to complete: 188ms
03-25 17:35:47.411  3941  3941 I SystemServerTiming: StartDropBoxManager
03-25 17:35:47.411  3941  3941 I SystemServiceManager: Starting com.android.server.DropBoxManagerService
03-25 17:35:47.411   624   636 I servicemanager: Adding 'u:r:system_server:s0' service (dropbox:3941)
03-25 17:35:47.412  3941  3941 D SystemServerTiming: StartDropBoxManager took to complete: 1ms
03-25 17:35:47.412  3941  3941 I SystemServerTiming: StartRoleManagerService
03-25 17:35:47.412  3941  3941 I SystemServiceManager: Starting com.android.role.RoleService
03-25 17:35:47.414   624   636 I servicemanager: Adding 'u:r:system_server:s0' service (role:3941)
03-25 17:35:47.414  3941  3941 D SystemServerTiming: StartRoleManagerService took to complete: 2ms
03-25 17:35:47.414  3941  3941 I SystemServerTiming: SemUnionMainService
03-25 17:35:47.414  3941  3941 I SystemServiceManager: Starting com.android.server.sepunion.SemUnionMainService
03-25 17:35:47.416  3722  3722 I Zygote  : ...preloaded 13901 classes in 467ms.
03-25 17:35:47.416  3722  3722 D ZygoteInitTiming_lazy: PreloadClasses took to complete: 467ms
03-25 17:35:47.417  3941  3941 D SEP_UNION_SemUnionMainServiceImpl: addSepUnionServiceMapInternal : EngmodeService
03-25 17:35:47.418  3941  3941 I engmode_java_manager: em library is enabled, will use library
03-25 17:35:47.418  3941  3941 I engmode_java_manager: android(1000, 0) connects to EngineeringModeNative
03-25 17:35:47.418  3941  3941 I engmode_service: EM Service is started
03-25 17:35:47.418  3941  3941 D SEP_UNION_SemUnionMainServiceImpl: addSepUnionServiceMapInternal : brreceiveragent
03-25 17:35:47.418  3941  3941 D SEP_UNION_SemUnionMainServiceImpl: addSepUnionServiceMapInternal : onehand
03-25 17:35:47.418  3941  3941 D SEP_UNION_SemUnionMainServiceImpl: addSepUnionServiceMapInternal : plugin
03-25 17:35:47.418  3941  3941 D SEP_UNION_SemPluginManagerService: SemPluginManagerService
03-25 17:35:47.419  3941  3941 W SEP_UNION_CoverManager_CoverServiceManager: service(com.android.systemui/com.android.systemui.cover.SysUICoverService) has no meta data
