03-25 17:55:22.149 22867 22867 I SystemServerTiming: StartStorageManagerService
03-25 17:55:22.149 22867 22867 I SystemServiceManager: Starting com.android.server.StorageManagerService$Lifecycle
03-25 17:55:22.152  1168  1168 D installd: Found quota mount /dev/block/bootdevice/by-name/userdata at /data
03-25 17:55:22.152  1168  1168 D installd: Found quota mount /dev/block/bootdevice/by-name/userdata at /data/user/0
03-25 17:55:22.153 22867 22867 E SFSLOG  : initParam: choose /data/log/sfslog.0.gz
03-25 17:55:22.154 22867 22867 E SFSLOG  : initParam mSfSlogEnable true
03-25 17:55:22.154 22867 22867 E SFSLOG  : initParam mLinesToDump 50
03-25 17:55:22.154 22867 22867 E SFSLOG  : initParam mMaxLogFileSize 262144
03-25 17:55:22.154 22867 22867 E SFSLOG  : initParam mCurentFileSize 2543874
03-25 17:55:22.154 22867 23337 D MouseCursorController: PRESENTATION_SPOT: 1000 -> 20001
03-25 17:55:22.154 22867 23337 I InputReader: Device reconfigured: id=6, name='sec_touchpad', size 1080x2280, orientation 0, mode 4, display id 0
03-25 17:55:22.155 22867 22867 V SFSLOG  : No KERNEL_LOG_PREFIX!
03-25 17:55:22.155 22867 23337 I InputReader: support feature by TSP : 0x305
03-25 17:55:22.155 22867 23337 I InputReader: Device reconfigured: id=3, name='sec_touchscreen', size1080x2280, orientation 0, mode 1, display id 0
03-25 17:55:22.155 22867 23337 I InputReader: Device reconfigured: id=2, name='sec_e-pen', size 1080x2280, orientation 0, mode 4, display id 0
03-25 17:55:22.155 22867 22867 D StorageManagerService: readSettingsLocked: /data/system/storage.xml
03-25 17:55:22.155 22867 22867 D StorageManagerService: readSettingsLocked: TAG_VOLUME rec=android.os.storage.VolumeRecord@9710154f rec.fsUuid=28FA-1A2E
03-25 17:55:22.155 22867 22867 D StorageManagerService: readSettingsLocked: TAG_VOLUME rec=android.os.storage.VolumeRecord@aa045024 rec.fsUuid=FC85-1BFF
03-25 17:55:22.155 22867 22867 D StorageManagerService: readSettingsLocked: TAG_VOLUME rec=android.os.storage.VolumeRecord@34587653 rec.fsUuid=2FF7-D010
03-25 17:55:22.156 22867 22867 D StorageManagerService: readSettingsLocked: TAG_VOLUME rec=android.os.storage.VolumeRecord@4ababc4b rec.fsUuid=A099-F289
03-25 17:55:22.156   625   673 I servicemanager: Adding 'u:r:system_server:s0' service (mount:22867)
03-25 17:55:22.157 22867 23351 D StorageManagerService: handleMessage -> H_DAEMON_CONNECTED
03-25 17:55:22.157 22867 23351 D StorageManagerService: Thinking about init, mBootCompleted=false, mDaemonConnected=true
03-25 17:55:22.157 22867 22867 D SystemServerTiming: StartStorageManagerService took to complete: 9ms
03-25 17:55:22.157 22867 22867 I SystemServerTiming: StartStorageStatsService
03-25 17:55:22.157 22867 22867 I SystemServiceManager: Starting com.android.server.usage.StorageStatsService$Lifecycle
03-25 17:55:22.158 22867 23351 D StorageManagerService: Thinking about reset, mBootCompleted=false, mDaemonConnected=true
03-25 17:55:22.158  1168  1168 D installd: Found quota mount /dev/block/bootdevice/by-name/userdata at /data
03-25 17:55:22.158  1168  1168 D installd: Found quota mount /dev/block/bootdevice/by-name/userdata at /data/user/0
03-25 17:55:22.159  1168  1168 D installd: Found quota mount /dev/block/bootdevice/by-name/userdata at /data
03-25 17:55:22.159  1168  1168 D installd: Found quota mount /dev/block/bootdevice/by-name/userdata at /data/user/0
03-25 17:55:22.160   625   673 I servicemanager: Adding 'u:r:system_server:s0' service (storagestats:22867)
03-25 17:55:22.160 22867 22867 D SystemServerTiming: StartStorageStatsService took to complete: 2ms
03-25 17:55:22.160 22867 22867 I SystemServerTiming: DirEncryptSerrvice
03-25 17:55:22.160 22867 22867 D SystemServerTiming: DirEncryptSerrvice took to complete: 1ms
03-25 17:55:22.160 22867 22867 I SystemServerTiming: StartUiModeManager
03-25 17:55:22.160 22867 22867 I SystemServiceManager: Starting com.android.server.UiModeManagerService
03-25 17:55:22.161 22867 23351 D StorageManagerService: handleMessage -> H_DAEMON_CONNECTED
03-25 17:55:22.161 22867 23352 I SystemServerTimingAsync: InitThreadPoolExec:UiModeManager.onStart
03-25 17:55:22.162   625   673 I servicemanager: Adding 'u:r:system_server:s0' service (uimode:22867)
03-25 17:55:22.162 22867 23351 D StorageManagerService: Thinking about init, mBootCompleted=false, mDaemonConnected=true
03-25 17:55:22.162 22867 22867 D SystemServerTiming: StartUiModeManager took to complete: 1ms
03-25 17:55:22.162 22867 22867 I SystemServerTiming: UpdatePackagesIfNeeded
03-25 17:55:22.162 22867 22867 I SystemServer: !@Boot_EBS_D: UpdatePackagesIfNeeded
03-25 17:55:22.162 22867 22867 I Watchdog: Pausing HandlerChecker: main thread for reason: dexopt. Pause count: 1
03-25 17:55:22.162 22867 22867 I PackageManager: Failed to open pruning marker
03-25 17:55:22.162 22867 22867 I Watchdog: Resuming HandlerChecker: main thread for reason: dexopt. Pause count: 0
03-25 17:55:22.162 22867 22867 D SystemServerTiming: UpdatePackagesIfNeeded took to complete: 1ms
03-25 17:55:22.163 22867 22867 I SystemServerTiming: PerformFstrimIfNeeded
03-25 17:55:22.163 22867 23351 D StorageManagerService: Thinking about reset, mBootCompleted=false, mDaemonConnected=true
03-25 17:55:22.163 22867 22867 D SystemServerTiming: PerformFstrimIfNeeded took to complete: 1ms
03-25 17:55:22.163 22867 22867 I SystemServerTiming: StartLockSettingsService
03-25 17:55:22.163 22867 22867 I SystemServiceManager: Starting com.android.server.locksettings.LockSettingsService$Lifecycle
03-25 17:55:22.168   625   673 I servicemanager: Adding 'u:r:system_server:s0' service (lock_settings:22867)
03-25 17:55:22.169 22867 22867 D SystemServerTiming: StartLockSettingsService took to complete: 5ms
03-25 17:55:22.169 22867 22867 I SystemServerTiming: StartPersistentDataBlock
03-25 17:55:22.169 22867 22867 I SystemServiceManager: Starting com.android.server.PersistentDataBlockService
03-25 17:55:22.169 22867 22867 D SystemServerTiming: StartPersistentDataBlock took to complete: 1ms
03-25 17:55:22.169 22867 22867 I SystemServerTiming: StartTestHarnessMode
03-25 17:55:22.169 22867 22867 I SystemServiceManager: Starting com.android.server.testharness.TestHarnessModeService
03-25 17:55:22.169 22867 23354 I SystemServerTimingAsync: InitThreadPoolExec:PersistentDataBlockService.onStart
03-25 17:55:22.169   625   673 I servicemanager: Adding 'u:r:system_server:s0' service (testharness:22867)
03-25 17:55:22.171 22867 23352 I UiModeManager: updateNightModeFromSettings : 2 userID : -2
03-25 17:55:22.171 22867 23352 D SettingsProvider: isChangeAllowed() : name = display_night_theme
03-25 17:55:22.172 22867 22867 D SystemServerTiming: StartTestHarnessMode took to complete: 2ms
03-25 17:55:22.172 22867 22867 I SystemServerTiming: StartOemLockService
03-25 17:55:22.172 22867 22867 I SystemServiceManager: Starting com.android.server.oemlock.OemLockService
03-25 17:55:22.172   626   626 I hwservicemanager: getTransport: Cannot find entry android.hardware.oemlock@1.0::IOemLock/default in either framework or device VINTF manifest.
03-25 17:55:22.172 22867 22867 I OemLock : OemLock HAL not present on device
03-25 17:55:22.172 22867 22867 I OemLock : Using persistent data block based lock
03-25 17:55:22.173   625   673 I servicemanager: Adding 'u:r:system_server:s0' service (oem_lock:22867)
03-25 17:55:22.173 22867 22867 D SystemServerTiming: StartOemLockService took to complete: 1ms
03-25 17:55:22.173 22867 22867 I SystemServerTiming: StartDeviceIdleController
03-25 17:55:22.173 22867 22867 I SystemServiceManager: Starting com.android.server.DeviceIdleController
03-25 17:55:22.176 22867 23352 D SystemServerTimingAsync: InitThreadPoolExec:UiModeManager.onStart took to complete: 14ms
03-25 17:55:22.176   625   673 I servicemanager: Adding 'u:r:system_server:s0' service (persistent_data_block:22867)
03-25 17:55:22.176 22867 23354 D SystemServerTimingAsync: InitThreadPoolExec:PersistentDataBlockService.onStart took to complete: 7ms
03-25 17:55:22.177   625   673 I servicemanager: Adding 'u:r:system_server:s0' service (deviceidle:22867)
03-25 17:55:22.177 22867 22867 D SystemServerTiming: StartDeviceIdleController took to complete: 4ms
03-25 17:55:22.177 22867 22867 I SystemServerTiming: StartDevicePolicyManager
03-25 17:55:22.177 22867 22867 I SystemServiceManager: Starting com.android.server.devicepolicy.DevicePolicyManagerService$Lifecycle
03-25 17:55:22.183 22867 22867 D SLog    : static_init took to complete: 1ms
03-25 17:55:22.183 22867 22867 I DevicePolicyManager: Set persist.sys.knox.device_owner property to false
03-25 17:55:22.184   625   673 I servicemanager: Adding 'u:r:system_server:s0' service (device_policy:22867)
03-25 17:55:22.184 22867 22867 D SystemServerTiming: StartDevicePolicyManager took to complete: 7ms
03-25 17:55:22.184 22867 22867 I SystemServerTiming: StartStatusBarManagerService
03-25 17:55:22.184 22867 22867 I SemDesktopModeManager: registerListener: com.android.server.statusbar.StatusBarManagerService$1@c477877
03-25 17:55:22.185   625   673 I servicemanager: Adding 'u:r:system_server:s0' service (statusbar:22867)
03-25 17:55:22.185 22867 22867 D SystemServerTiming: StartStatusBarManagerService took to complete: 1ms
03-25 17:55:22.185 22867 22867 I SystemServerTiming: StartEnterpriseDeviceManagerService
03-25 17:55:22.185 22867 22867 I SystemServiceManager: Starting com.android.server.enterprise.EnterpriseDeviceManagerServiceImpl$Lifecycle
03-25 17:55:22.185 22867 22867 I EnterpriseDeviceManagerService: isPackageInstalled() : package is not present. application : com.samsung.android.email.provider
03-25 17:55:22.187 22867 22867 I EnterpriseDeviceManagerService: handleDowngrade: Checking Downgrade...
03-25 17:55:22.190 22867 22867 E SQLiteLog: (5) statement aborts at 1: [PRAGMA journal_mode=TRUNCATE]database is locked
03-25 17:55:22.190 22867 22867 W SQLiteConnection: Could not change the database journal mode of '/data/system/enterprise.db' from 'wal' to 'TRUNCATE' because the database is locked.  This usually means that there are other open connections to the database which prevents the database from enabling or disabling write-ahead logging mode.  Proceeding without changing the journal mode.
03-25 17:55:22.192 22867 22867 D EnterpriseDeviceManagerService: Android API Level is 31
03-25 17:55:22.196 22867 22867 D knoxsdk/filelog: init success
03-25 17:55:22.198 22867 22867 I ApplicationPolicy: registerNetworkChangeReceiver
03-25 17:55:22.198 22867 22867 D ApplicationPolicy: registerNetworkChangeReceiver() : Done
03-25 17:55:22.199   625   673 I servicemanager: Adding 'u:r:system_server:s0' service (application_policy:22867)
03-25 17:55:22.201 22867 22867 I LocalProxyManager: Initializing LocalProxyManager
03-25 17:55:22.202 22867 22867 W PhoneRestrictionPolicy:  >>> PhoneRestrictionPolicy.PhoneRestrictionPolicy()
03-25 17:55:22.203 22867 22867 D RemoteInjection: mCurrentDisplayWidth : 1080, mCurrentDisplayHeight : 2280
03-25 17:55:22.205 22867 22867 D RestrictionPolicy: isHomeKeyEnabledInDb : true
03-25 17:55:22.206   625   673 I servicemanager: Adding 'u:r:system_server:s0' service (restriction_policy:22867)
03-25 17:55:22.207 22867 22867 D PasswordPolicy: SEC_PRODUCT_FEATURE_COMMON_SUPPORT_KNOX_DESKTOP is true
03-25 17:55:22.207 22867 22867 I SemDesktopModeManager: registerListener: com.android.server.enterprise.security.PasswordPolicy$3@2b73e22
03-25 17:55:22.208   625   673 I servicemanager: Adding 'u:r:system_server:s0' service (edm_proxy:22867)
03-25 17:55:22.208   625   673 I servicemanager: Adding 'u:r:system_server:s0' service (enterprise_policy:22867)
03-25 17:55:22.208 22867 22867 I SystemServer: Enterprise Policy manager service created...
03-25 17:55:22.208 22867 22867 D SystemServerTiming: StartEnterpriseDeviceManagerService took to complete: 24ms
03-25 17:55:22.208 22867 22867 I SystemServerTiming: [KnoxAnalytics] System Service
03-25 17:55:22.209 22867 22867 I SystemServiceManager: Starting com.samsung.android.knox.analytics.service.KnoxAnalyticsSystemService
03-25 17:55:22.209 22867 22867 D SystemServerTiming: [KnoxAnalytics] System Service took to complete:1ms
03-25 17:55:22.209 22867 22867 I SystemServerTiming: KnoxCustom Policy
03-25 17:55:22.212 22867 22867 D LazyService: enterprise_license_policy getService
03-25 17:55:22.212 22867 22867 D EnterpriseService: addLazySystemService : enterprise_license_policy
03-25 17:55:22.212   625   673 I servicemanager: Adding 'u:r:system_server:s0' service (enterprise_license_policy:22867)
03-25 17:55:22.212 22867 22867 D LazyService: 0ms
03-25 17:55:22.213   642   669 I vold    : Read from block
03-25 17:55:22.215 22682 22682 I ServiceManager: Waiting for service 'perfsdkservice' on '/dev/binder' successful after waiting 1609ms
03-25 17:55:22.215 22682 22682 D perfsdkserver: [Interface] BpPerfSDKService::BpPerfSDKService()
03-25 17:55:22.215   625   673 I servicemanager: Adding 'u:r:system_server:s0' service (knoxcustom:22867)
03-25 17:55:22.215 22867 22867 I SystemServer: KnoxCustom Policy added.
03-25 17:55:22.215 22867 22867 D SystemServerTiming: KnoxCustom Policy took to complete: 6ms
03-25 17:55:22.215 22867 22867 I SystemServer: DarManagerService
03-25 17:55:22.215 22867 22867 I SystemServerTiming: DarManagerService
03-25 17:55:22.215 22682 22682 E perfsdkserver: [Interface] BpPerfSDKService::getHighBoostingLevel()
03-25 17:55:22.215 22682 22682 I perfsdkserver: [High boost Level] update high Boosting Levels
03-25 17:55:22.215 22682 22682 I perfsdkserver: [High boost Level] CPU Levels : 1171200, 1497600, 1708800, 2016000, 2323200
03-25 17:55:22.215 22682 22682 I perfsdkserver: [High boost Level] GPU Levels : 257, 345, 427, 427, 499
03-25 17:55:22.215 22682 22682 I perfsdkserver: [High boost Level] BUS Levels : 1017, 1296, 1296, 1804, 2092
03-25 17:55:22.215 22682 22682 E perfsdkserver: [Interface] BpPerfSDKService::getLowBoostingLevel()
03-25 17:55:22.215 22682 22682 I perfsdkserver: [Low boost Level] update low Boosting Levels
03-25 17:55:22.215 22682 22682 I perfsdkserver: [Low boost Level] CPU Levels : 1171200, 1497600, 1708800
03-25 17:55:22.215 22682 22682 I perfsdkserver: [Low boost Level] GPU Levels : 257, 345, 427
03-25 17:55:22.215 22682 22682 I perfsdkserver: [Low boost Level] BUS Levels : 1017, 1296, 1296
03-25 17:55:22.215 22867 22867 D LazyService: dar addService
03-25 17:55:22.215 22867 22867 D SystemServerTiming: DarManagerService took to complete: 0ms
03-25 17:55:22.215 22682 22682 E perfsdkserver: [Interface] BpPerfSDKService::getThermalTable()
03-25 17:55:22.215 22682 22682 I perfsdkserver: [Thermal Table] update Thermal Table
03-25 17:55:22.215 22682 22682 I perfsdkserver: [Thermal Table] CPU Levels : 1, start_idx : 0
03-25 17:55:22.215 22682 22682 I perfsdkserver: [Thermal Table]           rel = 470, warn = 480, trig= 500
03-25 17:55:22.215 22682 22682 I perfsdkserver: [Thermal Table] GPU Levels : 1, start_idx : 0
03-25 17:55:22.215 22682 22682 I perfsdkserver: [Thermal Table]           rel = 470, warn = 480, trig= 500
03-25 17:55:22.215 22682 22682 I perfsdkserver: [Thermal Table] finished
03-25 17:55:22.215 22682 22682 E perfsdkserver: [Init] finish init
03-25 17:55:22.215 22682 22682 I perfsdkserver: Server: request to connection
03-25 17:55:22.215 22867 22867 D SystemServer: MusicRecognitionManagerService not defined by OEM or disabled by flag
03-25 17:55:22.215 22682 22688 I perfsdkserver: Request connection
03-25 17:55:22.216 22867 23278 I PerfSDKService: Start to connect to perfsdkserver
03-25 17:55:22.216 22682 22688 E perfsdkserver: [Interface] BpPerfSDKService::connectionRequest()
03-25 17:55:22.216 22682 22688 I perfsdkserver: serviceConnection is done
03-25 17:55:22.216 22682 22682 I perfsdkserver: perfsdkservice is connected (fd = 6)
03-25 17:55:22.217 22867 22867 I SystemServerTiming: StartContentCaptureService
03-25 17:55:22.217 22867 22867 I SystemServiceManager: Starting com.android.server.contentcapture.ContentCaptureManagerService
03-25 17:55:22.217 22867 22867 I ContentCaptureHelper: Setting logging level to OFF
03-25 17:55:22.218   625   673 I servicemanager: Adding 'u:r:system_server:s0' service (content_capture:22867)
03-25 17:55:22.218 22867 22867 D SystemServerTiming: StartContentCaptureService took to complete: 1ms
03-25 17:55:22.218 22867 22867 D SystemServer: AttentionService is not configured on this device
03-25 17:55:22.218 22867 22867 D SystemServer: RotationResolverService is not configured on this device
03-25 17:55:22.218 22867 22867 I SystemServerTiming: StartSystemCaptionsManagerService
03-25 17:55:22.218 22867 22867 I SystemServiceManager: Starting com.android.server.systemcaptions.SystemCaptionsManagerService
03-25 17:55:22.218 22867 22867 D SystemServerTiming: StartSystemCaptionsManagerService took to complete: 0ms
03-25 17:55:22.218 22867 22867 I SystemServerTiming: StartTextToSpeechManagerService
03-25 17:55:22.218 22867 22867 I SystemServiceManager: Starting com.android.server.texttospeech.TextToSpeechManagerService
03-25 17:55:22.219   625   673 I servicemanager: Adding 'u:r:system_server:s0' service (texttospeech:22867)
03-25 17:55:22.219 22867 22867 D SystemServerTiming: StartTextToSpeechManagerService took to complete: 0ms
03-25 17:55:22.219 22867 22867 I SystemServerTiming: StartSpeechRecognitionManagerService
03-25 17:55:22.219 22867 22867 I SystemServiceManager: Starting com.android.server.speech.SpeechRecognitionManagerService
03-25 17:55:22.219   625   673 I servicemanager: Adding 'u:r:system_server:s0' service (speech_recognition:22867)
03-25 17:55:22.219 22867 22867 D SystemServerTiming: StartSpeechRecognitionManagerService took to complete: 1ms
03-25 17:55:22.219 22867 22867 I SystemServerTiming: StartAppPredictionService
03-25 17:55:22.219 22867 22867 I SystemServiceManager: Starting com.android.server.appprediction.AppPredictionManagerService
03-25 17:55:22.220   625   673 I servicemanager: Adding 'u:r:system_server:s0' service (app_prediction:22867)
03-25 17:55:22.220 22867 22867 D SystemServerTiming: StartAppPredictionService took to complete: 0ms
03-25 17:55:22.220 22867 22867 D SystemServer: ContentSuggestionsService not defined by OEM
03-25 17:55:22.220 22867 22867 I SystemServerTiming: SemClipboardService
03-25 17:55:22.220 22867 22867 I SystemServer: SemClipboardService
03-25 17:55:22.220 22867 22867 D SEM_CLIP_SemClipboardService: SemClipboardService start
03-25 17:55:22.228 22867 22867 D SecContentProvider: query(), uri = 15 selection = isClipboardAllowedAsUser
03-25 17:55:22.228 22867 22867 D SecContentProvider: called from android.uid.system:1000
03-25 17:55:22.228 22867 22867 D RestrictionPolicy: isClipboardAllowed : true
03-25 17:55:22.228 22867 22867 D SecContentProvider: SemKnoxPolicyContract.RestrictionPolicy.CLIPBOARD_ALLOWED_AS_USER return = true
03-25 17:55:22.228 22867 22867 D SecContentProvider: query(), uri = 15 selection = isClipboardShareAllowedAsUser
03-25 17:55:22.228 22867 22867 D SecContentProvider: called from android.uid.system:1000
03-25 17:55:22.228 22867 22867 D RestrictionPolicy: isClipboardShareAllowed : true
03-25 17:55:22.229   625   673 I servicemanager: Adding 'u:r:system_server:s0' service (semclipboard:22867)
03-25 17:55:22.229 22867 22867 D SystemServerTiming: SemClipboardService took to complete: 10ms
03-25 17:55:22.229 22867 22867 I SystemServerTiming: StartSearchUiService
03-25 17:55:22.229 22867 22867 I SystemServiceManager: Starting com.android.server.searchui.SearchUiManagerService
03-25 17:55:22.230   625   673 I servicemanager: Adding 'u:r:system_server:s0' service (search_ui:22867)
03-25 17:55:22.230 22867 22867 D SystemServerTiming: StartSearchUiService took to complete: 0ms
03-25 17:55:22.230 22867 22867 I SystemServerTiming: StartSmartspaceService
03-25 17:55:22.230 22867 22867 I SystemServiceManager: Starting com.android.server.smartspace.SmartspaceManagerService
03-25 17:55:22.230   625   673 I servicemanager: Adding 'u:r:system_server:s0' service (smartspace:22867)
03-25 17:55:22.230 22867 22867 D SystemServerTiming: StartSmartspaceService took to complete: 1ms
03-25 17:55:22.230 22867 22867 I SystemServerTiming: InitConnectivityModuleConnector
03-25 17:55:22.230 22867 22867 D ConnectivityModuleConnector: Network stack init
03-25 17:55:22.230 22867 22867 D SystemServerTiming: InitConnectivityModuleConnector took to complete: 0ms
03-25 17:55:22.230 22867 22867 I SystemServerTiming: InitNetworkStackClient
03-25 17:55:22.231 22867 22867 D SystemServerTiming: InitNetworkStackClient took to complete: 0ms
03-25 17:55:22.231 22867 22867 I SystemServerTiming: StartNetworkManagementService
03-25 17:55:22.235   625   673 I servicemanager: Adding 'u:r:system_server:s0' service (network_management:22867)
03-25 17:55:22.235 22867 22867 D SystemServerTiming: StartNetworkManagementService took to complete: 4ms
03-25 17:55:22.235 22867 22867 I SystemServerTiming: StartIpSecService
03-25 17:55:22.235   625   673 I servicemanager: Adding 'u:r:system_server:s0' service (ipsec:22867)
03-25 17:55:22.235 22867 22867 D SystemServerTiming: StartIpSecService took to complete: 1ms
03-25 17:55:22.235 22867 22867 I SystemServerTiming: StartFontManagerService
03-25 17:55:22.238   625   629 I servicemanager: Adding 'u:r:system_server:s0' service (font:22867)
03-25 17:55:22.238 22867 22867 D SystemServerTiming: StartFontManagerService took to complete: 3ms
03-25 17:55:22.239 22867 22867 I SystemServerTiming: StartTextServicesManager
03-25 17:55:22.239 22867 22867 I SystemServiceManager: Starting com.android.server.textservices.TextServicesManagerService$Lifecycle
03-25 17:55:22.239   625   629 I servicemanager: Adding 'u:r:system_server:s0' service (textservices:22867)
03-25 17:55:22.239 22867 22867 D SystemServerTiming: StartTextServicesManager took to complete: 1ms
03-25 17:55:22.239 22867 22867 I SystemServerTiming: StartTextClassificationManagerService
03-25 17:55:22.239 22867 22867 I SystemServiceManager: Starting com.android.server.textclassifier.TextClassificationManagerService$Lifecycle
03-25 17:55:22.241   625   629 I servicemanager: Adding 'u:r:system_server:s0' service (textclassification:22867)
03-25 17:55:22.241 22867 22867 D SystemServerTiming: StartTextClassificationManagerService took to complete: 2ms
03-25 17:55:22.241 22867 22867 I SystemServerTiming: StartNetworkScoreService
03-25 17:55:22.241 22867 22867 I SystemServiceManager: Starting com.android.server.NetworkScoreService$Lifecycle
03-25 17:55:22.242 22867 22867 I NetworkScoreService: Registering network_score
03-25 17:55:22.242   625   673 I servicemanager: Adding 'u:r:system_server:s0' service (network_score:22867)
03-25 17:55:22.242 22867 22867 D SystemServerTiming: StartNetworkScoreService took to complete: 1ms
03-25 17:55:22.242 22867 22867 I SystemServerTiming: StartNetworkStatsService
03-25 17:55:22.244   625   673 I servicemanager: Adding 'u:r:system_server:s0' service (netstats:22867)
03-25 17:55:22.244 22867 22867 D SystemServerTiming: StartNetworkStatsService took to complete: 2ms
03-25 17:55:22.244 22867 22867 I SystemServerTiming: StartNetworkPolicyManagerService
03-25 17:55:22.248   625   673 I servicemanager: Adding 'u:r:system_server:s0' service (netpolicy:22867)
03-25 17:55:22.248 22867 22867 D SystemServerTiming: StartNetworkPolicyManagerService took to complete: 4ms
03-25 17:55:22.248 22867 22867 I SystemServerTiming: StartUrspService
03-25 17:55:22.249   625   673 I servicemanager: Adding 'u:r:system_server:s0' service (urspservice:22867)
03-25 17:55:22.250 22867 22867 D SystemServerTiming: StartUrspService took to complete: 1ms
03-25 17:55:22.250 22867 22867 I SystemServerTiming: StartWifi
03-25 17:55:22.255 22867 22867 I SystemServiceManager: Starting com.android.server.wifi.WifiService
03-25 17:55:22.258 22867 22867 I WifiContext: Found Wifi Resources APK at: com.android.wifi.resources
03-25 17:55:22.261 22867 22867 V NetworkScoreManager: registerNetworkScoreCallback: callback=com.android.server.wifi.WifiNetworkScoreCache@3ee7043, executor=com.android.wifi.x.android.os.HandlerExecutor@98c66c0
03-25 17:55:22.285 22867 22867 D ScanMetrics: Settings package: com.android.settings
03-25 17:55:22.285 22867 22867 D ScanMetrics: Settings package: com.samsung.android.knox.containeragent
03-25 17:55:22.285 22867 22867 D ScanMetrics: GMS uid: 10080
03-25 17:55:22.293 22867 22867 I WifiCoexManager: Default coex algorithm is disabled.
03-25 17:55:22.294 22867 22867 D libmdf  : libmdf v3.0.0.0 On 64bit PLATFORM
03-25 17:55:22.309 22867 22867 D WifiOpenNetworkNotifier: Settings toggle enabled=false
03-25 17:55:22.311 22867 22867 D WifiNl80211Manager: registerCountryCodeEventListener called
03-25 17:55:22.311 22867 22867 D WifiCountryCode: Default country code from system property ro.boot.wificountrycode is null
03-25 17:55:22.311 22672 22672 I wificond: New wificond event callback registered
03-25 17:55:22.313 22867 22867 D WakeupController: WifiWake disabled
03-25 17:55:22.313 22867 22867 V HistoricalRegistry: Interaction before persistence initialized
03-25 17:55:22.315 22867 22867 I WifiService: Registering wifi
03-25 17:55:22.316   625   673 I servicemanager: Adding 'u:r:system_server:s0' service (wifi:22867)
03-25 17:55:22.316 22867 22867 D SystemServerTiming: StartWifi took to complete: 66ms
03-25 17:55:22.316 22867 22867 I SystemServerTiming: StartWifiScanning
03-25 17:55:22.316 22867 22867 I SystemServiceManager: Starting com.android.server.wifi.scanner.WifiScanningService
03-25 17:55:22.316 22867 22867 I WifiScanningService: Creating wifiscanner
03-25 17:55:22.317 22867 22867 I WifiScanningService: Publishing wifiscanner
03-25 17:55:22.318   625   673 I servicemanager: Adding 'u:r:system_server:s0' service (wifiscanner:22867)
03-25 17:55:22.318 22867 22867 D SystemServerTiming: StartWifiScanning took to complete: 2ms
03-25 17:55:22.318 22867 22867 I SystemServerTiming: StartRttService
03-25 17:55:22.318 22867 22867 I SystemServiceManager: Starting com.android.server.wifi.rtt.RttService
03-25 17:55:22.318 22867 22867 I RttService: Registering wifirtt
03-25 17:55:22.318   625   673 I servicemanager: Adding 'u:r:system_server:s0' service (wifirtt:22867)
03-25 17:55:22.319 22867 22867 D SystemServerTiming: StartRttService took to complete: 1ms
03-25 17:55:22.319 22867 22867 I SystemServerTiming: StartWifiAware
03-25 17:55:22.319 22867 22867 I SystemServiceManager: Starting com.android.server.wifi.aware.WifiAwareService
03-25 17:55:22.319 22867 22867 I WifiAwareService: Registering wifiaware
03-25 17:55:22.319   625   673 I servicemanager: Adding 'u:r:system_server:s0' service (wifiaware:22867)
03-25 17:55:22.319 22867 22867 D SystemServerTiming: StartWifiAware took to complete: 1ms
03-25 17:55:22.319 22867 22867 I SystemServerTiming: StartWifiP2P
03-25 17:55:22.319 22867 22867 I SystemServiceManager: Starting com.android.server.wifi.p2p.WifiP2pService
03-25 17:55:22.322 22867 22867 I WifiContext: Found Wifi Resources APK at: com.android.wifi.resources
03-25 17:55:22.322 22867 23366 I WifiP2pService: makeP2pHwMac: wifihwmac is empty
03-25 17:55:22.322 22867 22867 I WifiP2pService: Registering wifip2p
03-25 17:55:22.322   625   673 I servicemanager: Adding 'u:r:system_server:s0' service (wifip2p:22867)
03-25 17:55:22.323 22867 22867 D SystemServerTiming: StartWifiP2P took to complete: 3ms
03-25 17:55:22.323 22867 22867 I SystemServerTiming: StartEthernet
03-25 17:55:22.323 22867 22867 I SystemServiceManager: Starting com.android.server.ethernet.EthernetService
03-25 17:55:22.324 22867 22867 I EthernetService: Registering service ethernet
03-25 17:55:22.324   625   673 I servicemanager: Adding 'u:r:system_server:s0' service (ethernet:22867)
03-25 17:55:22.324 22867 22867 D SystemServerTiming: StartEthernet took to complete: 2ms
03-25 17:55:22.324 22867 22867 I SystemServerTiming: StartPacProxyService
03-25 17:55:22.325   625   673 I servicemanager: Adding 'u:r:system_server:s0' service (pac_proxy:22867)
03-25 17:55:22.325 22867 22867 D SystemServerTiming: StartPacProxyService took to complete: 0ms
03-25 17:55:22.325 22867 22867 I SystemServerTiming: StartIntelligentBatterySaverService
03-25 17:55:22.328 22867 22867 W System.err: android.content.pm.PackageManager$NameNotFoundException:com.samsung.android.packageinstaller
03-25 17:55:22.328 22867 22867 W System.err:    at android.app.ApplicationPackageManager.getApplicationInfoAsUser(ApplicationPackageManager.java:539)
03-25 17:55:22.328 22867 22867 W System.err:    at android.app.ApplicationPackageManager.getApplicationInfo(ApplicationPackageManager.java:492)
03-25 17:55:22.328 22867 22867 W System.err:    at com.android.server.ibs.dnba.NetSpeedUtil.getUidForPackageName(NetSpeedUtil.java:29)
03-25 17:55:22.328 22867 22867 W System.err:    at com.android.server.ibs.dnba.NetSpeedAllowList.<init>(NetSpeedAllowList.java:68)
03-25 17:55:22.328 22867 22867 W System.err:    at com.android.server.ibs.dnba.NetSpeedMonitor.<init>(NetSpeedMonitor.java:160)
03-25 17:55:22.328 22867 22867 W System.err:    at com.android.server.ibs.IntelligentBatterySaverService.<init>(IntelligentBatterySaverService.java:106)
03-25 17:55:22.329 22867 22867 W System.err:    at com.android.server.SystemServer.startOtherServices(SystemServer.java:3027)
03-25 17:55:22.329 22867 22867 W System.err:    at com.android.server.SystemServer.run(SystemServer.java:1223)
03-25 17:55:22.329 22867 22867 W System.err:    at com.android.server.SystemServer.main(SystemServer.java:944)
03-25 17:55:22.329 22867 22867 W System.err:    at java.lang.reflect.Method.invoke(Native Method)
03-25 17:55:22.329 22867 22867 W System.err:    at com.android.internal.os.RuntimeInit$MethodAndArgsCaller.run(RuntimeInit.java:567)
03-25 17:55:22.329 22867 22867 W System.err:    at com.android.internal.os.ZygoteInit.main(ZygoteInit.java:1113)
03-25 17:55:22.329   625   673 I servicemanager: Adding 'u:r:system_server:s0' service (IntelligentBatterySaverService:22867)
03-25 17:55:22.329 22867 22867 D SystemServerTiming: StartIntelligentBatterySaverService took to complete: 5ms
03-25 17:55:22.329 22867 22867 I SystemServerTiming: StartKnoxGuard
03-25 17:55:22.330 22867 22928 W ActivityThread: Failed to find provider info for com.samsung.android.sm (user not unlocked)
03-25 17:55:22.330 22867 22928 D IAFDDBManager: cursor is null, get TB fail!
03-25 17:55:22.330 22867 22928 D IAFDDBManager: mDBInitReTryCnt=8
03-25 17:55:22.330 22867 22867 D KG.Utils: getRlcState.
03-25 17:55:22.330 22867 22867 I KgvManager: query(void)
03-25 17:55:22.330 22867 22867 I VaultKeeperService: read
03-25 17:55:22.330 22867 22867 I VaultKeeperService: Get service instance by (22867/1000)
03-25 17:55:22.332 22867 22867 I VaultKeeperService: Client info : system_server
03-25 17:55:22.333 22867 22867 I Vaultkeeper_MGR_system: Got instance of VaultKeeperManager
03-25 17:55:22.334 22867 22867 I Vaultkeeper_MGR_system: Got service of ISehVaultKeeper
03-25 17:55:22.334   736   736 I VaultKeeper_HIDL_Service: System client (//1000/22867)
03-25 17:55:22.334   735   735 I VaultKeeper_COMMON: VK 4.3.0 [Client] system_server. => [Vault] KnoxGuard. [CMD NO.] 9016
03-25 17:55:22.334   735   735 I VaultKeeper_COMMON: [CMD:CHECK_CLIENT_REGISTERED]
03-25 17:55:22.336   735   735 D QSEECOMAPI: QSEECom_get_handle sb_length = 0x1ae40
03-25 17:55:22.337   735   735 D QSEECOMAPI: App is not loaded in QSEE
03-25 17:55:22.337   735   735 D QSEECOMAPI: app_arch = 1, total_files = 9
03-25 17:55:22.367   735   735 D QSEECOMAPI: Loaded image: APP id = 62
03-25 17:55:22.390   735   735 D QSEECOMAPI: QSEECom_dealloc_memory
03-25 17:55:22.390   735   735 D QSEECOMAPI: QSEECom_shutdown_app, app_id = 62
03-25 17:55:22.390   735   735 I vaultkeeper: runCommand Success.(TA ret = 0)
03-25 17:55:22.390   735   735 I VaultKeeper_COMMON: VK 4.3.0 [Client] system_server. => [Vault] KnoxGuard. [CMD NO.] 2795
03-25 17:55:22.390   735   735 I VaultKeeper_COMMON: [CMD:READ_UNSHELTERED]
03-25 17:55:22.392   735   735 D QSEECOMAPI: QSEECom_get_handle sb_length = 0x1ae40
03-25 17:55:22.392   735   735 D QSEECOMAPI: App is not loaded in QSEE
03-25 17:55:22.392   735   735 D QSEECOMAPI: app_arch = 1, total_files = 9
03-25 17:55:22.420   735   735 D QSEECOMAPI: Loaded image: APP id = 63
03-25 17:55:22.444   735   735 D QSEECOMAPI: QSEECom_dealloc_memory
03-25 17:55:22.444   735   735 D QSEECOMAPI: QSEECom_shutdown_app, app_id = 63
03-25 17:55:22.445   735   735 I vaultkeeper: runCommand Success.(TA ret = 0)
03-25 17:55:22.445 22867 22867 I Vaultkeeper_MGR_system: ~VaultKeeperManager
03-25 17:55:22.445 22867 22867 D KG.Utils: getRlcState rlcState :
03-25 17:55:22.446 22867 22867 I KG.IntegrityUtil: setInitialState
03-25 17:55:22.446 22867 22867 D KG.IntegrityUtil: pkgInfo : PackageInfo{ff47a59 com.samsung.android.kgclient}
03-25 17:55:22.446 22867 22867 I KG.IntegrityUtil: KG Client signature match with platform.
03-25 17:55:22.446   625   673 I servicemanager: Adding 'u:r:system_server:s0' service (knoxguard_service:22867)
03-25 17:55:22.447 22867 22867 D SystemServerTiming: StartKnoxGuard took to complete: 117ms
03-25 17:55:22.447 22867 22867 I SystemServerTiming: StartConnectivityService
03-25 17:55:22.451 22867 22867 I SystemServiceManager: Starting com.android.server.ConnectivityServiceInitializer
03-25 17:55:22.456 22867 22867 D ConnectivityService: ConnectivityService starting up
03-25 17:55:22.463 22867 22867 D CompatibilityChangeReporter: Compat change id reported: 182478738; UID 1000; state: ENABLED
03-25 17:55:22.466 22867 22867 I ConnectivityServiceInitializer: Registering connectivity
03-25 17:55:22.466   625   673 I servicemanager: Adding 'u:r:system_server:s0' service (connectivity:22867)
03-25 17:55:22.466 22867 22867 D SystemServerTiming: StartConnectivityService took to complete: 20ms
03-25 17:55:22.466 22867 22867 I SystemServerTiming: StartVpnManagerService
03-25 17:55:22.467 22867 22867 D VpnManagerService: VpnManagerService starting up
03-25 17:55:22.468   625   673 I servicemanager: Adding 'u:r:system_server:s0' service (vpn_management:22867)
03-25 17:55:22.468 22867 22867 D SystemServerTiming: StartVpnManagerService took to complete: 1ms
03-25 17:55:22.468 22867 22867 I SystemServerTiming: KnoxVpnService
03-25 17:55:22.468 22867 22867 I SystemServerTiming: Adding KnoxVpnEngineService
03-25 17:55:22.468 22867 22867 I SystemServer: Adding KnoxVpnEngineService
03-25 17:55:22.468 22867 22867 D KnoxVpnEngineService: Initializing in constructor
03-25 17:55:22.470 22867 22867 W Binder  : Outgoing transactions from this process must be FLAG_ONEWAY
03-25 17:55:22.470 22867 22867 W Binder  : java.lang.Throwable
03-25 17:55:22.470 22867 22867 W Binder  :      at android.os.BinderProxy.transact(BinderProxy.java:545)
03-25 17:55:22.470 22867 22867 W Binder  :      at com.android.internal.net.IOemNetd$Stub$Proxy.runKnoxFirewallRulesCommand(IOemNetd.java:1975)
03-25 17:55:22.470 22867 22867 W Binder  :      at com.android.server.NetworkManagementService.runKnoxFirewallRulesCommand(NetworkManagementService.java:2779)
03-25 17:55:22.470 22867 22867 W Binder  :      at com.android.server.enterprise.vpn.knoxvpn.KnoxVpnFirewallHelper.runShellCommand(KnoxVpnFirewallHelper.java:3412)
03-25 17:55:22.470 22867 22867 W Binder  :      at com.android.server.enterprise.vpn.knoxvpn.KnoxVpnFirewallHelper.runIptablesRestoreCmd(KnoxVpnFirewallHelper.java:3405)
03-25 17:55:22.470 22867 22867 W Binder  :      at com.android.server.enterprise.vpn.knoxvpn.KnoxVpnFirewallHelper.createChainsInTable(KnoxVpnFirewallHelper.java:2562)
03-25 17:55:22.470 22867 22867 W Binder  :      at com.android.server.enterprise.vpn.knoxvpn.KnoxVpnFirewallHelper.createIpTableChains(KnoxVpnFirewallHelper.java:2554)
03-25 17:55:22.470 22867 22867 W Binder  :      at com.android.server.enterprise.vpn.knoxvpn.KnoxVpnFirewallHelper.<init>(KnoxVpnFirewallHelper.java:324)
03-25 17:55:22.470 22867 22867 W Binder  :      at com.android.server.enterprise.vpn.knoxvpn.KnoxVpnFirewallHelper.getInstance(KnoxVpnFirewallHelper.java:305)
03-25 17:55:22.470 22867 22867 W Binder  :      at com.android.server.enterprise.vpn.knoxvpn.KnoxVpnTetherAuthentication.<init>(KnoxVpnTetherAuthentication.java:71)
03-25 17:55:22.470 22867 22867 W Binder  :      at com.android.server.enterprise.vpn.knoxvpn.KnoxVpnTetherAuthentication.getInstance(KnoxVpnTetherAuthentication.java:176)
03-25 17:55:22.470 22867 22867 W Binder  :      at com.android.server.enterprise.vpn.knoxvpn.KnoxVpnEngineService.<init>(KnoxVpnEngineService.java:324)
03-25 17:55:22.470 22867 22867 W Binder  :      at com.android.server.enterprise.vpn.knoxvpn.KnoxVpnEngineService.<init>(KnoxVpnEngineService.java:305)
03-25 17:55:22.470 22867 22867 W Binder  :      at com.android.server.SystemServer.startOtherServices(SystemServer.java:3074)
03-25 17:55:22.470 22867 22867 W Binder  :      at com.android.server.SystemServer.run(SystemServer.java:1223)
03-25 17:55:22.470 22867 22867 W Binder  :      at com.android.server.SystemServer.main(SystemServer.java:944)
03-25 17:55:22.470 22867 22867 W Binder  :      at java.lang.reflect.Method.invoke(Native Method)
03-25 17:55:22.470 22867 22867 W Binder  :      at com.android.internal.os.RuntimeInit$MethodAndArgsCaller.run(RuntimeInit.java:567)
03-25 17:55:22.470 22867 22867 W Binder  :      at com.android.internal.os.ZygoteInit.main(ZygoteInit.java:1113)
03-25 17:55:22.470 22669 22722 D IptablesRestoreController: [iptables debug]iptables-restore execute *mangle
03-25 17:55:22.470 22669 22722 D IptablesRestoreController: :knox_vpn_no_uid -
03-25 17:55:22.470 22669 22722 D IptablesRestoreController: :knox_vpn_OUTPUT -
03-25 17:55:22.470 22669 22722 D IptablesRestoreController: :knox_vpn_proxy_accept -
03-25 17:55:22.470 22669 22722 D IptablesRestoreController: :knox_vpn_mangle_exempt_dl -
03-25 17:55:22.470 22669 22722 D IptablesRestoreController: :knox_vpn_mangle_exempt_cp -
03-25 17:55:22.470 22669 22722 D IptablesRestoreController: :knox_vpn_EXEMPT -
03-25 17:55:22.470 22669 22722 D IptablesRestoreController: :knox_vpn_tether_exempt -
03-25 17:55:22.470 22669 22722 D IptablesRestoreController: -D OUTPUT -j knox_vpn_no_uid
03-25 17:55:22.470 22669 22722 D IptablesRestoreController: -D OUTPUT -j knox_vpn_OUTPUT
03-25 17:55:22.470 22669 22722 D IptablesRestoreController: -D OUTPUT -j knox_vpn_proxy_accept
03-25 17:55:22.470 22669 22722 D IptablesRestoreController: -D OUTPUT -j knox_vpn_mangle_exempt_dl
03-25 17:55:22.470 22669 22722 D IptablesRestoreController: -D OUTPUT -j knox_vpn_mangle_exempt_cp
03-25 17:55:22.470 22669 22722 D IptablesRestoreController: -D OUTPUT -j knox_vpn_EXEMPT
03-25 17:55:22.470 22669 22722 D IptablesRestoreController: -D OUTPUT -j knox_vpn_tether_exempt
03-25 17:55:22.470 22669 22722 D IptablesRestoreController: -X knox_vpn_no_uid
03-25 17:55:22.470 22669 22722 D IptablesRestoreController: -X knox_vpn_OUTPUT
03-25 17:55:22.470 22669 22722 D IptablesRestoreController: -X knox_vpn_proxy_accept
03-25 17:55:22.470 22669 22722 D IptablesRestoreController: -X knox_vpn_mangle_exempt_dl
03-25 17:55:22.470 22669 22722 D IptablesRestoreController: -X knox_vpn_mangle_exempt_cp
03-25 17:55:22.470 22669 22722 D IptablesRestoreController: -X knox_vpn_EXEMPT
03-25 17:55:22.470 22669 22722 D IptablesRestoreController: -X knox_vpn_tether_exempt
03-25 17:55:22.470 22669 22722 D IptablesRestoreController: COMMIT
03-25 17:55:22.471 22669 22722 D IptablesRestoreController: [iptables debug]iptables-restore execute done, res : 0
03-25 17:55:22.472 22669 22722 D IptablesRestoreController: [iptables debug]iptables-restore execute *mangle
03-25 17:55:22.472 22669 22722 D IptablesRestoreController: :knox_vpn_no_uid -
03-25 17:55:22.472 22669 22722 D IptablesRestoreController: :knox_vpn_OUTPUT -
03-25 17:55:22.472 22669 22722 D IptablesRestoreController: :knox_vpn_proxy_accept -
03-25 17:55:22.472 22669 22722 D IptablesRestoreController: :knox_vpn_mangle_exempt_dl -
03-25 17:55:22.472 22669 22722 D IptablesRestoreController: :knox_vpn_mangle_exempt_cp -
03-25 17:55:22.472 22669 22722 D IptablesRestoreController: :knox_vpn_EXEMPT -
03-25 17:55:22.472 22669 22722 D IptablesRestoreController: :knox_vpn_tether_exempt -
03-25 17:55:22.472 22669 22722 D IptablesRestoreController: -I OUTPUT -j knox_vpn_no_uid
03-25 17:55:22.472 22669 22722 D IptablesRestoreController: -I OUTPUT -j knox_vpn_OUTPUT
03-25 17:55:22.472 22669 22722 D IptablesRestoreController: -I OUTPUT -j knox_vpn_proxy_accept
03-25 17:55:22.472 22669 22722 D IptablesRestoreController: -I OUTPUT -j knox_vpn_mangle_exempt_dl
03-25 17:55:22.472 22669 22722 D IptablesRestoreController: -I OUTPUT -j knox_vpn_mangle_exempt_cp
03-25 17:55:22.472 22669 22722 D IptablesRestoreController: -I OUTPUT -j knox_vpn_EXEMPT
03-25 17:55:22.472 22669 22722 D IptablesRestoreController: -I OUTPUT -j knox_vpn_tether_exempt
03-25 17:55:22.472 22669 22722 D IptablesRestoreController: COMMIT
03-25 17:55:22.472 22669 22722 D IptablesRestoreController: [iptables debug]iptables-restore execute done, res : 0
03-25 17:55:22.472 22669 22722 D IptablesRestoreController: [iptables debug]iptables-restore execute *filter
03-25 17:55:22.472 22669 22722 D IptablesRestoreController: :knox_vpn_filter_input_drop -
03-25 17:55:22.472 22669 22722 D IptablesRestoreController: :knox_vpn_tether_exempt -
03-25 17:55:22.472 22669 22722 D IptablesRestoreController: :knox_vpn_filter_output_drop -
03-25 17:55:22.472 22669 22722 D IptablesRestoreController: :knox_vpn_filter_output_act -
03-25 17:55:22.472 22669 22722 D IptablesRestoreController: :knox_vpn_filter_tether_fwd -
03-25 17:55:22.472 22669 22722 D IptablesRestoreController: -D INPUT -j knox_vpn_filter_input_drop
03-25 17:55:22.472 22669 22722 D IptablesRestoreController: -D INPUT -j knox_vpn_tether_exempt
03-25 17:55:22.472 22669 22722 D IptablesRestoreController: -D OUTPUT -j knox_vpn_filter_output_drop
03-25 17:55:22.472 22669 22722 D IptablesRestoreController: -D OUTPUT -j knox_vpn_filter_output_act
03-25 17:55:22.472 22669 22722 D IptablesRestoreController: -D FORWARD -j knox_vpn_filter_tether_fwd
03-25 17:55:22.472 22669 22722 D IptablesRestoreController: -X knox_vpn_filter_input_drop
03-25 17:55:22.472 22669 22722 D IptablesRestoreController: -X knox_vpn_tether_exempt
03-25 17:55:22.472 22669 22722 D IptablesRestoreController: -X knox_vpn_filter_output_drop
03-25 17:55:22.472 22669 22722 D IptablesRestoreController: -X knox_vpn_filter_output_act
03-25 17:55:22.472 22669 22722 D IptablesRestoreController: -X knox_vpn_filter_tether_fwd
03-25 17:55:22.472 22669 22722 D IptablesRestoreController: COMMIT
03-25 17:55:22.473 22669 22722 W IptablesRestoreController: iptables-restore process 22678 terminatedstatus=256
03-25 17:55:22.473 22669 22722 E IptablesRestoreController: iptables error:
03-25 17:55:22.473 22669 22722 E IptablesRestoreController: ------- COMMAND -------
03-25 17:55:22.473 22669 22722 E IptablesRestoreController: *filter
03-25 17:55:22.473 22669 22722 E IptablesRestoreController: :knox_vpn_filter_input_drop -
03-25 17:55:22.473 22669 22722 E IptablesRestoreController: :knox_vpn_tether_exempt -
03-25 17:55:22.473 22669 22722 E IptablesRestoreController: :knox_vpn_filter_output_drop -
03-25 17:55:22.473 22669 22722 E IptablesRestoreController: :knox_vpn_filter_output_act -
03-25 17:55:22.473 22669 22722 E IptablesRestoreController: :knox_vpn_filter_tether_fwd -
03-25 17:55:22.473 22669 22722 E IptablesRestoreController: -D INPUT -j knox_vpn_filter_input_drop
03-25 17:55:22.473 22669 22722 E IptablesRestoreController: -D INPUT -j knox_vpn_tether_exempt
03-25 17:55:22.473 22669 22722 E IptablesRestoreController: -D OUTPUT -j knox_vpn_filter_output_drop
03-25 17:55:22.473 22669 22722 E IptablesRestoreController: -D OUTPUT -j knox_vpn_filter_output_act
03-25 17:55:22.473 22669 22722 E IptablesRestoreController: -D FORWARD -j knox_vpn_filter_tether_fwd
03-25 17:55:22.473 22669 22722 E IptablesRestoreController: -X knox_vpn_filter_input_drop
03-25 17:55:22.473 22669 22722 E IptablesRestoreController: -X knox_vpn_tether_exempt
03-25 17:55:22.473 22669 22722 E IptablesRestoreController: -X knox_vpn_filter_output_drop
03-25 17:55:22.473 22669 22722 E IptablesRestoreController: -X knox_vpn_filter_output_act
03-25 17:55:22.473 22669 22722 E IptablesRestoreController: -X knox_vpn_filter_tether_fwd
03-25 17:55:22.473 22669 22722 E IptablesRestoreController: COMMIT
03-25 17:55:22.473 22669 22722 E IptablesRestoreController:
03-25 17:55:22.473 22669 22722 E IptablesRestoreController: -------  ERROR -------
03-25 17:55:22.473 22669 22722 E IptablesRestoreController: iptables-restore: line 264 failed
03-25 17:55:22.473 22669 22722 E IptablesRestoreController: ----------------------
03-25 17:55:22.474 22669 22722 W IptablesRestoreController: iptables-restore process 22679 terminatedstatus=256
03-25 17:55:22.474 22669 22722 D IptablesRestoreController: [iptables debug]iptables-restore execute done, res : -1
03-25 17:55:22.475 22867 22867 E FW-KnoxVpnFirewallHelper: Failed to run command. Result=Error (Operation not permitted)
03-25 17:55:22.475 22867 22867 E FW-KnoxVpnFirewallHelper: command=*filter
03-25 17:55:22.475 22867 22867 E FW-KnoxVpnFirewallHelper: :knox_vpn_filter_input_drop -
03-25 17:55:22.475 22867 22867 E FW-KnoxVpnFirewallHelper: :knox_vpn_tether_exempt -
03-25 17:55:22.475 22867 22867 E FW-KnoxVpnFirewallHelper: :knox_vpn_filter_output_drop -
03-25 17:55:22.475 22867 22867 E FW-KnoxVpnFirewallHelper: :knox_vpn_filter_output_act -
03-25 17:55:22.475 22867 22867 E FW-KnoxVpnFirewallHelper: :knox_vpn_filter_tether_fwd -
03-25 17:55:22.475 22867 22867 E FW-KnoxVpnFirewallHelper: -D INPUT -j knox_vpn_filter_input_drop
03-25 17:55:22.475 22867 22867 E FW-KnoxVpnFirewallHelper: -D INPUT -j knox_vpn_tether_exempt
03-25 17:55:22.475 22867 22867 E FW-KnoxVpnFirewallHelper: -D OUTPUT -j knox_vpn_filter_output_drop
03-25 17:55:22.475 22867 22867 E FW-KnoxVpnFirewallHelper: -D OUTPUT -j knox_vpn_filter_output_act
03-25 17:55:22.475 22867 22867 E FW-KnoxVpnFirewallHelper: -D FORWARD -j knox_vpn_filter_tether_fwd
03-25 17:55:22.475 22867 22867 E FW-KnoxVpnFirewallHelper: -X knox_vpn_filter_input_drop
03-25 17:55:22.475 22867 22867 E FW-KnoxVpnFirewallHelper: -X knox_vpn_tether_exempt
03-25 17:55:22.475 22867 22867 E FW-KnoxVpnFirewallHelper: -X knox_vpn_filter_output_drop
03-25 17:55:22.475 22867 22867 E FW-KnoxVpnFirewallHelper: -X knox_vpn_filter_output_act
03-25 17:55:22.475 22867 22867 E FW-KnoxVpnFirewallHelper: -X knox_vpn_filter_tether_fwd
03-25 17:55:22.475 22867 22867 E FW-KnoxVpnFirewallHelper: COMMIT
03-25 17:55:22.475 22669 22722 D IptablesRestoreController: [iptables debug]iptables-restore execute *filter
03-25 17:55:22.475 22669 22722 D IptablesRestoreController: :knox_vpn_filter_input_drop -
03-25 17:55:22.475 22669 22722 D IptablesRestoreController: :knox_vpn_tether_exempt -
03-25 17:55:22.475 22669 22722 D IptablesRestoreController: :knox_vpn_filter_output_drop -
03-25 17:55:22.475 22669 22722 D IptablesRestoreController: :knox_vpn_filter_output_act -
03-25 17:55:22.475 22669 22722 D IptablesRestoreController: :knox_vpn_filter_tether_fwd -
03-25 17:55:22.475 22669 22722 D IptablesRestoreController: -I INPUT -j knox_vpn_filter_input_drop
03-25 17:55:22.475 22669 22722 D IptablesRestoreController: -I INPUT -j knox_vpn_tether_exempt
03-25 17:55:22.475 22669 22722 D IptablesRestoreController: -I OUTPUT -j knox_vpn_filter_output_drop
03-25 17:55:22.475 22669 22722 D IptablesRestoreController: -I OUTPUT -j knox_vpn_filter_output_act
03-25 17:55:22.475 22669 22722 D IptablesRestoreController: -I FORWARD -j knox_vpn_filter_tether_fwd
03-25 17:55:22.475 22669 22722 D IptablesRestoreController: COMMIT
03-25 17:55:22.488 22669 22722 D IptablesRestoreController: [iptables debug]iptables-restore execute done, res : 0
03-25 17:55:22.488 22669 22722 D IptablesRestoreController: [iptables debug]iptables-restore execute *nat
03-25 17:55:22.488 22669 22722 D IptablesRestoreController: :knox_vpn_nat_preroute -
03-25 17:55:22.488 22669 22722 D IptablesRestoreController: -D PREROUTING -j knox_vpn_nat_preroute
03-25 17:55:22.488 22669 22722 D IptablesRestoreController: -X knox_vpn_nat_preroute
03-25 17:55:22.488 22669 22722 D IptablesRestoreController: COMMIT
03-25 17:55:22.489 22669 22722 W IptablesRestoreController: iptables-restore process 23376 terminatedstatus=256
03-25 17:55:22.489 22669 22722 E IptablesRestoreController: iptables error:
03-25 17:55:22.489 22669 22722 E IptablesRestoreController: ------- COMMAND -------
03-25 17:55:22.489 22669 22722 E IptablesRestoreController: *nat
03-25 17:55:22.489 22669 22722 E IptablesRestoreController: :knox_vpn_nat_preroute -
03-25 17:55:22.489 22669 22722 E IptablesRestoreController: -D PREROUTING -j knox_vpn_nat_preroute
03-25 17:55:22.489 22669 22722 E IptablesRestoreController: -X knox_vpn_nat_preroute
03-25 17:5