03-25 17:33:37.470  2685  2685 D SystemServerTiming: StartContentService took to complete: 1ms
03-25 17:33:37.470  2685  2685 I SystemServerTiming: InstallSystemProviders
03-25 17:33:37.493  2685  2744 I CameraManagerGlobal: Connecting to camera service
03-25 17:33:37.495  2685  2744 D VendorTagDescriptor: addVendorDescriptor: vendor tag id 14172875900359437128 added
03-25 17:33:37.496  2478  3083 D CameraService: addListenerHelper: Add listener 0xb400006d9c910750
03-25 17:33:37.496  2478  3083 D CameraService: addListenerHelper: CameraDeviceState for CameraManager
03-25 17:33:37.497  2685  2709 I CameraManagerGlobal: Camera 0 facing CAMERA_FACING_BACK state now CAMERA_STATE_CLOSED for client android.system API Level 2
03-25 17:33:37.497  2685  2709 I CameraManagerGlobal: Camera 1 facing CAMERA_FACING_FRONT state now CAMERA_STATE_CLOSED for client android.system API Level 2
03-25 17:33:37.497  2685  2709 I CameraManagerGlobal: Camera 2 facing CAMERA_FACING_BACK state now CAMERA_STATE_CLOSED for client android.system API Level 2
03-25 17:33:37.497  2685  2709 I CameraManagerGlobal: Camera 20 facing CAMERA_FACING_BACK state now CAMERA_STATE_CLOSED for client android.system API Level 2
03-25 17:33:37.497  2685  2709 I CameraManagerGlobal: Camera 21 facing CAMERA_FACING_BACK state now CAMERA_STATE_CLOSED for client android.system API Level 2
03-25 17:33:37.498  2685  2709 I CameraManagerGlobal: Camera 23 facing CAMERA_FACING_BACK state now CAMERA_STATE_CLOSED for client android.system API Level 2
03-25 17:33:37.498  2685  2709 I CameraManagerGlobal: Camera 3 facing CAMERA_FACING_FRONT state now CAMERA_STATE_CLOSED for client android.system API Level 2
03-25 17:33:37.498  2685  2709 I CameraManagerGlobal: Camera 4 facing CAMERA_FACING_BACK state now CAMERA_STATE_CLOSED for client android.system API Level 2
03-25 17:33:37.498  2685  2709 I CameraManagerGlobal: Camera 40 facing CAMERA_FACING_BACK state now CAMERA_STATE_CLOSED for client android.system API Level 2
03-25 17:33:37.498  2685  2709 I CameraManagerGlobal: Camera 41 facing CAMERA_FACING_FRONT state now CAMERA_STATE_CLOSED for client android.system API Level 2
03-25 17:33:37.498  2685  3082 I CameraManagerGlobal: Camera 50 facing CAMERA_FACING_BACK state now CAMERA_STATE_CLOSED for client android.system API Level 2
03-25 17:33:37.498  2685  3082 I CameraManagerGlobal: Camera 52 facing CAMERA_FACING_BACK state now CAMERA_STATE_CLOSED for client android.system API Level 2
03-25 17:33:37.498  2685  3082 I CameraManagerGlobal: Camera 80 facing CAMERA_FACING_BACK state now CAMERA_STATE_CLOSED for client android.system API Level 2
03-25 17:33:37.498  2685  3082 I CameraManagerGlobal: Camera 91 facing CAMERA_FACING_FRONT state now CAMERA_STATE_CLOSED for client android.system API Level 2
03-25 17:33:37.509  2685  2685 I SettingsProvider: onCreate(com.android.providers.settings.SettingsProvider@6fd508)
03-25 17:33:37.509  2685  2685 I SettingsProvider: java.lang.RuntimeException
03-25 17:33:37.509  2685  2685 I SettingsProvider:      at com.samsung.android.providers.settings.LogMsg.writeCallStackLog(LogMsg.java:53)
03-25 17:33:37.509  2685  2685 I SettingsProvider:      at com.android.providers.settings.SettingsProvider.onCreate(SettingsProvider.java:503)
03-25 17:33:37.509  2685  2685 I SettingsProvider:      at android.content.ContentProvider.attachInfo(ContentProvider.java:2516)
03-25 17:33:37.509  2685  2685 I SettingsProvider:      at android.content.ContentProvider.attachInfo(ContentProvider.java:2486)
03-25 17:33:37.509  2685  2685 I SettingsProvider:      at android.app.ActivityThread.installProvider(ActivityThread.java:8220)
03-25 17:33:37.509  2685  2685 I SettingsProvider:      at android.app.ActivityThread.installContentProviders(ActivityThread.java:7728)
03-25 17:33:37.509  2685  2685 I SettingsProvider:      at android.app.ActivityThread.installSystemProviders(ActivityThread.java:8407)
03-25 17:33:37.509  2685  2685 I SettingsProvider:      at com.android.server.am.ContentProviderHelper.installSystemProviders(ContentProviderHelper.java:1408)
03-25 17:33:37.509  2685  2685 I SettingsProvider:      at com.android.server.SystemServer.startOtherServices(SystemServer.java:2059)
03-25 17:33:37.509  2685  2685 I SettingsProvider:      at com.android.server.SystemServer.run(SystemServer.java:1223)
03-25 17:33:37.509  2685  2685 I SettingsProvider:      at com.android.server.SystemServer.main(SystemServer.java:944)
03-25 17:33:37.509  2685  2685 I SettingsProvider:      at java.lang.reflect.Method.invoke(Native Method)
03-25 17:33:37.509  2685  2685 I SettingsProvider:      at com.android.internal.os.RuntimeInit$MethodAndArgsCaller.run(RuntimeInit.java:567)
03-25 17:33:37.509  2685  2685 I SettingsProvider:      at com.android.internal.os.ZygoteInit.main(ZygoteInit.java:1113)
03-25 17:33:37.511  2685  2685 I SettingsProvider: new SettingsRegistry (com.android.providers.settings.SettingsProvider$SettingsRegistry@e4299dd)
03-25 17:33:37.515  2476  2476 W Zygote  : Class not found for preloading: android.view.SurfaceView$2
03-25 17:33:37.522  2476  2476 W Zygote  : Class not found for preloading: android.widget.ActionMenuPresenter$OverflowMenuButton$1
03-25 17:33:37.539  2685  2685 I SettingsProvider: Start migrateAllLegacySettingsIfNeeded()
03-25 17:33:37.540  2685  2685 I SettingsProvider: Check Whether Global File or Backup file exist
03-25 17:33:37.540  2685  2685 I SettingsProvider: There're one of File (or Backup file) for Global. Migration no needed. Finish migrateAllLegacySettingsIfNeeded()
03-25 17:33:37.561  2476  2476 W Zygote  : Class not found for preloading: com.android.internal.telephony.ims.MmTelFeatureCompatAdapter$4
03-25 17:33:37.561  2476  2476 W Zygote  : Class not found for preloading: com.android.internal.telephony.ims.MmTelFeatureCompatAdapter$5
03-25 17:33:37.587  2685  2685 I SettingsProvider: Call migrateLegacySettingsForUserIfNeededLocked()
03-25 17:33:37.588  2685  2685 I SettingsProvider: Check Whether System/Secure Files or Backup files exist
03-25 17:33:37.589  2685  2685 I SettingsProvider: There're one of File (or Backup file) for System or Secure. Migration no needed. Finish migrateLegacySettingsForUserIfNeededLocked()
03-25 17:33:37.616  2476  2476 I Zygote  : ...preloaded 13901 classes in 457ms.
03-25 17:33:37.616  2685  2685 I SettingsProvider: Start upgradeIfNeededLocked() for User 0
03-25 17:33:37.617  2476  2476 D ZygoteInitTiming_lazy: PreloadClasses took to complete: 457ms
03-25 17:33:37.617  2685  2685 I SettingsProvider: Current version is Latest version. Finish upgradeIfNeededLocked() for User 0
03-25 17:33:37.618  2685  2685 I SettingsService: SettingsService Start
03-25 17:33:37.619   624   637 I servicemanager: Adding 'u:r:system_server:s0' service (settings:2685)
03-25 17:33:37.619   624   637 I servicemanager: Adding 'u:r:system_server:s0' service (device_config:2685)
03-25 17:33:37.620  2476  2476 D ApplicationLoaders: Created zygote-cached class loader: /system/framework/android.hidl.base-V1.0-java.jar
03-25 17:33:37.621  2685  2685 D SemWifiApContentProvider: OnCreate
03-25 17:33:37.623  2476  2476 D ApplicationLoaders: Created zygote-cached class loader: /system/framework/android.hidl.manager-V1.0-java.jar
03-25 17:33:37.626  2476  2476 D ApplicationLoaders: Created zygote-cached class loader: /system/framework/android.test.base.jar
03-25 17:33:37.626  2476  2476 D ZygoteInitTiming_lazy: CacheNonBootClasspathClassLoaders took to complete: 9ms
03-25 17:33:37.626  2476  2476 I Zygote  : Preloading resources...
03-25 17:33:37.631  2476  2476 W Resources: Preloaded drawable resource #0x108029e (android:drawable/dialog_background_material) that varies with configuration!!
03-25 17:33:37.640  2476  2476 I Zygote  : ...preloaded 64 resources in 14ms.
03-25 17:33:37.642  2476  2476 I Zygote  : ...preloaded 41 resources in 3ms.
03-25 17:33:37.642  2476  2476 D ZygoteInitTiming_lazy: PreloadResources took to complete: 17ms
03-25 17:33:37.643  2685  2685 E FeatureUtil: filePath /product/omc/XAA/system/customer_carrier_feature.json carrierGroup XAA canonicalId -1
03-25 17:33:37.643  2685  2685 D SemCarrierFeature: update carrier default features : 0
03-25 17:33:37.643  2685  2685 D SemCarrierFeature: update carrier features : 0:31159
03-25 17:33:37.643  2685  2685 E FeatureUtil: filePath /product/omc/XAA/system/customer_carrier_feature.json carrierGroup XAA canonicalId 31159
03-25 17:33:37.649  2685  2685 I GenerationRegistry: mBackingStore.isClosed() : false
03-25 17:33:37.651  2476  2476 D libEGL  : loaded /vendor/lib/egl/libEGL_adreno.so
03-25 17:33:37.651  2685  2685 I GenerationRegistry: mBackingStore.isClosed() : false
03-25 17:33:37.654  2476  2476 D libEGL  : loaded /vendor/lib/egl/libGLESv1_CM_adreno.so
03-25 17:33:37.654  2685  2685 W PackageManager: ApplicationPolicy is null
03-25 17:33:37.654  2685  2685 D PackageManager: setEnabledSetting : userId = 0 packageName = com.android.shell cmp = com.android.shell.BugreportStorageProvider newState = 1 callingPackage = 1000/am is not ready yet
03-25 17:33:37.656  2685  2685 D ActivityManager: cgroup.freeze not present
03-25 17:33:37.656  2685  2738 D ActivityManager: Freezer disabled
03-25 17:33:37.656  2685  2685 D SystemServerTiming: InstallSystemProviders took to complete: 187ms
03-25 17:33:37.656  2685  2685 I SystemServerTiming: StartDropBoxManager
03-25 17:33:37.656  2685  2685 I SystemServiceManager: Starting com.android.server.DropBoxManagerService
03-25 17:33:37.657   624   637 I servicemanager: Adding 'u:r:system_server:s0' service (dropbox:2685)
03-25 17:33:37.657  2685  2685 D SystemServerTiming: StartDropBoxManager took to complete: 0ms
03-25 17:33:37.657  2685  2685 I SystemServerTiming: StartRoleManagerService
03-25 17:33:37.657  2685  2685 I SystemServiceManager: Starting com.android.role.RoleService
03-25 17:33:37.658  2476  2476 D libEGL  : loaded /vendor/lib/egl/libGLESv2_adreno.so
03-25 17:33:37.659   624   637 I servicemanager: Adding 'u:r:system_server:s0' service (role:2685)
03-25 17:33:37.659  2685  2685 D SystemServerTiming: StartRoleManagerService took to complete: 2ms
03-25 17:33:37.659  2685  2685 I SystemServerTiming: SemUnionMainService
03-25 17:33:37.659  2685  2685 I SystemServiceManager: Starting com.android.server.sepunion.SemUnionMainService
03-25 17:33:37.662  2685  2685 D SEP_UNION_SemUnionMainServiceImpl: addSepUnionServiceMapInternal : EngmodeService
03-25 17:33:37.662  2685  2685 I engmode_java_manager: em library is enabled, will use library
03-25 17:33:37.663  2685  2685 I engmode_java_manager: android(1000, 0) connects to EngineeringModeNative
03-25 17:33:37.663  2685  2685 I engmode_service: EM Service is started
03-25 17:33:37.663  2685  2685 D SEP_UNION_SemUnionMainServiceImpl: addSepUnionServiceMapInternal : brreceiveragent
03-25 17:33:37.663  2685  2685 D SEP_UNION_SemUnionMainServiceImpl: addSepUnionServiceMapInternal : onehand
03-25 17:33:37.663  2685  2685 D SEP_UNION_SemUnionMainServiceImpl: addSepUnionServiceMapInternal : plugin
03-25 17:33:37.663  2685  2685 D SEP_UNION_SemPluginManagerService: SemPluginManagerService
03-25 17:33:37.664  2685  2685 W SEP_UNION_CoverManager_CoverServiceManager: service(com.android.systemui/com.android.systemui.cover.SysUICoverService) has no meta data
03-25 17:33:37.666  2685  2685 D SEP_UNION_CoverManager_CoverManagerUtils: Wireless Charge is Supported: Type 1
03-25 17:33:37.666  2685  2685 D SEP_UNION_CoverManager_CoverTestModeUtils: This version has been shipped!! Then cover test mode is not available
03-25 17:33:37.667  2685  2685 D SEP_UNION_SemUnionMainServiceImpl: addSepUnionServiceMapInternal : friends
03-25 17:33:37.667  2685  2685 D SEP_UNION_FriendsManagerService: FriendsManagerService
03-25 17:33:37.668  2685  2685 D SEP_UNION_SemUnionMainServiceImpl: addSepUnionServiceMapInternal : tips
03-25 17:33:37.668  2685  2685 D TipsManagerService: [GalaxyTips] TipsManagerService
03-25 17:33:37.669  2685  2685 D SEP_UNION_SemUnionMainServiceImpl: addSepUnionServiceMapInternal : semeventdelegator
03-25 17:33:37.669  2685  2685 D SEP_UNION_SemDeviceInfoManagerService: SemDeviceInfoManagerService
03-25 17:33:37.669  2685  2685 D SEP_UNION_SemDeviceInfoTestModeUtils: This version has been shipped!! Then device info test mode is not available
03-25 17:33:37.669  2685  2685 D SEP_UNION_SemUnionMainServiceImpl: addSepUnionServiceMapInternal : PrivacyDashboard
03-25 17:33:37.669  2685  2685 D SemPrivacyDashboardService: SemPrivacyDashboardService
03-25 17:33:37.669  2685  2685 I SemPrivacyDashboardService: Support feature : true
03-25 17:33:37.669  2685  2685 D SEP_UNION_SemUnionMainServiceImpl: addSepUnionServiceMapInternal : exclusivetask
03-25 17:33:37.669  2685  2685 D SemExclusiveTaskManagerService: SemExclusiveTaskManagerService start
03-25 17:33:37.669  2685  2685 D SemExclusiveTaskManagerService: init()
03-25 17:33:37.669  2685  2685 D SemExclusiveTaskManagerService: readExclusiveRelation()
03-25 17:33:37.672  2685  2685 D SemExclusiveTaskManagerService: ### talkback doesn't exist in exclusiveListSet of tap_duration
03-25 17:33:37.672  2685  2685 D SemExclusiveTaskManagerService: ### talkback doesn't exist in exclusiveListSet of ignore_repeated_touches
03-25 17:33:37.673  2685  2685 W Settings: Setting remove_animations has moved from android.provider.Settings.System to android.provider.Settings.Global, returning read-only global URI.
03-25 17:33:37.673  2685  2685 D SemExclusiveTaskManagerService: SemExclusiveTaskManagerService onCreate()
03-25 17:33:37.673  2685  2685 D SEP_UNION_SemUnionMainServiceImpl: addSepUnionServiceMapInternal : goodcatch
03-25 17:33:37.674  2685  2685 D SEP_UNION_SemUnionMainServiceImpl: addSepUnionServiceMapInternal : HermesService
03-25 17:33:37.674  2685  2685 D SEP_UNION_SemUnionMainService: onStart
03-25 17:33:37.674   624   637 I servicemanager: Adding 'u:r:system_server:s0' service (sepunion:2685)
03-25 17:33:37.675  2685  2685 D SystemServerTiming: SemUnionMainService took to complete: 16ms
03-25 17:33:37.675  2685  2685 I SystemServerTiming: StartVibratorManagerService
03-25 17:33:37.675  2685  2685 I SystemServiceManager: Starting com.android.server.vibrator.VibratorManagerService$Lifecycle
03-25 17:33:37.677   624   637 E servicemanager: Could not find android.hardware.vibrator.IVibratorManager/default in the VINTF manifest.
03-25 17:33:37.678   624   637 E servicemanager: Could not find android.hardware.vibrator.IVibrator/default in the VINTF manifest.
03-25 17:33:37.679   932   932 E SecVibrator-HAL2.2_A: isNodeExist node:/timed_output/vibrator/intensity
03-25 17:33:37.679   932   932 E SecVibrator-HAL2.2_A: true
03-25 17:33:37.679   932   932 E SecVibrator-HAL2.2_A: supportsAmplitudeControl is possible
03-25 17:33:37.679   932   932 E SecVibrator-HAL2.2_A: isNodeExist node:/timed_output/vibrator/ext_control
03-25 17:33:37.679   932   932 E SecVibrator-HAL2.2_A: false
03-25 17:33:37.679  2685  2685 I VibratorController: vibratorSupportsHapticEngine started
03-25 17:33:37.680   624   637 E servicemanager: Could not find android.hardware.vibrator.IVibrator/default in the VINTF manifest.
03-25 17:33:37.680  2685  2685 I VibratorController: vibratorSupportsHapticEngine hidl vendor
03-25 17:33:37.681   932   932 E SecVibrator-HAL2.2_A: isNodeExist node:/timed_output/vibrator/haptic_engine
03-25 17:33:37.681   932   932 E SecVibrator-HAL2.2_A: true
03-25 17:33:37.681  2685  2685 I VibratorController: vibratorSupportIntensityControl started
03-25 17:33:37.681   624   637 E servicemanager: Could not find android.hardware.vibrator.IVibrator/default in the VINTF manifest.
03-25 17:33:37.681  2685  2685 I VibratorController: sehSupportsAmplitudeControl hidl vendor
03-25 17:33:37.681   932   932 E SecVibrator-HAL2.2_A: isNodeExist node:/timed_output/vibrator/intensity
03-25 17:33:37.681   932   932 E SecVibrator-HAL2.2_A: true
03-25 17:33:37.681  2685  2685 I VibratorController: vibratorSupportsFrequencyControl started
03-25 17:33:37.681   624   637 E servicemanager: Could not find android.hardware.vibrator.IVibrator/default in the VINTF manifest.
03-25 17:33:37.681  2685  2685 I VibratorController: sehSupportsFrequencyControl hidl vendor
03-25 17:33:37.681   932   932 E SecVibrator-HAL2.2_A: isNodeExist node:/timed_output/vibrator/multi_freq
03-25 17:33:37.681   932   932 E SecVibrator-HAL2.2_A: false
03-25 17:33:37.682  2685  2685 I VibratorController: vibratorSupportsPrebakedHapticPattern started
03-25 17:33:37.682   624   637 E servicemanager: Could not find android.hardware.vibrator.IVibrator/default in the VINTF manifest.
03-25 17:33:37.682  2685  2685 D VibratorController: sehSupportsPrebakedHapticPattern hidl vendor
03-25 17:33:37.682   932   932 E SecVibrator-HAL2.2_A: isNodeExist node:/timed_output/vibrator/cp_trigger_index
03-25 17:33:37.682   932   932 E SecVibrator-HAL2.2_A: true
03-25 17:33:37.682  2685  2685 I VibratorController: vibratorSupportsEnhancedSamsungHapticPattern started
03-25 17:33:37.682   624   637 E servicemanager: Could not find android.hardware.vibrator.IVibrator/default in the VINTF manifest.
03-25 17:33:37.682  2685  2685 I VibratorController: sehSupportsEnhancedSamsungHapticPattern hidl vendor
03-25 17:33:37.682   932   932 E SecVibrator-HAL2.2_A: isNodeExistForRead node:/timed_output/vibrator/motor_type
03-25 17:33:37.682   932   932 E SecVibrator-HAL2.2_A: true
03-25 17:33:37.682   932   932 E SecVibrator-HAL2.2_A: sehSupportsEnhancedSamsungHapticPattern string: LINEAR_INDEX
03-25 17:33:37.682   932   932 E SecVibrator-HAL2.2_A: sehSupportsEnhancedSamsungHapticPattern stringlen : 12
03-25 17:33:37.682   932   932 E SecVibrator-HAL2.2_A: sehSupportsEnhancedSamsungHapticPattern can not supports. Out of capability
03-25 17:33:37.683  2685  2685 D VibratorController: motor group: SEM_SUPPORTED_VIBRATION_TYPE_D (5)
03-25 17:33:37.683   932   932 E SecVibrator-HAL2.2_A: >> writeNode node:/timed_output/vibrator/enable val:0
03-25 17:33:37.683   932   932 E SecVibrator-HAL2.2_A: << writeNode node OK 2
03-25 17:33:37.683   624   637 I servicemanager: Adding 'u:r:system_server:s0' service (external_vibrator_service:2685)
03-25 17:33:37.683   624   637 I servicemanager: Adding 'u:r:system_server:s0' service (vibrator_manager:2685)
03-25 17:33:37.684  2685  2685 D SystemServerTiming: StartVibratorManagerService took to complete: 9ms
03-25 17:33:37.684  2685  2685 I SystemServerTiming: StartDynamicSystemService
03-25 17:33:37.684   624   637 I servicemanager: Adding 'u:r:system_server:s0' service (dynamic_system:2685)
03-25 17:33:37.684  2685  2685 D SystemServerTiming: StartDynamicSystemService took to complete: 0ms
03-25 17:33:37.684  2685  2685 I SystemServerTiming: StartConsumerIrService
03-25 17:33:37.684   625   625 I hwservicemanager: getTransport: Cannot find entry android.hardware.ir@1.0::IConsumerIr/default in either framework or device VINTF manifest.
03-25 17:33:37.685   624   637 I servicemanager: Adding 'u:r:system_server:s0' service (consumer_ir:2685)
03-25 17:33:37.685  2685  2685 D SystemServerTiming: StartConsumerIrService took to complete: 1ms
03-25 17:33:37.685  2685  2685 I SystemServerTiming: StartIfaaService
03-25 17:33:37.685  2685  2685 I SystemServer: [ro.config.ifaaversion] value is : false
03-25 17:33:37.685  2685  2685 D SystemServerTiming: StartIfaaService took to complete: 0ms
03-25 17:33:37.685  2685  2685 I SystemServerTiming: SSRM Service
03-25 17:33:37.685  2476  2476 E libEGL  : dlopen("libSEC_EGL.so") failed: dlopen failed: library "libSEC_EGL.so" not found
03-25 17:33:37.686  2476  2476 I Zygote  : Preloading shared libraries...
03-25 17:33:37.686  2685  2685 W system_server: ClassLoaderContext classpath size mismatch. expected=5, found=0 (PCL[/system/framework/com.android.location.provider.jar*3633238673:/system/framework/services.jar*925590991:/system/framework/services.jar!classes2.dex*1977364219:/system/framework/services.jar!classes3.dex*2920353434:/system/framework/ethernet-service.jar*4213855787] | PCL[];PCL[/system/framework/com.android.location.provider.jar*3633238673:/system/framework/services.jar*925590991:/system/framework/services.jar!classes2.dex*1977364219:/system/framework/services.jar!classes3.dex*2920353434:/system/framework/ethernet-service.jar*4213855787:/system/framework/ssrm.jar*125111382:/system/framework/semwifi-service.jar*3219197009:/apex/com.android.appsearch/javalib/service-appsearch.jar*4100577803:/apex/com.android.media/javalib/service-media-s.jar*3881732923:/apex/com.android.permission/javalib/service-permission.jar*62506796:/apex/com.samsung.android.ipm/javalib/service-samsung-ipm.jar*1308075029:/apex/com.samsung.android.shell/javalib/service-samsung-privilege.jar*3637242057])
03-25 17:33:37.689  2685  2685 I SystemServiceManager: Starting com.android.server.ssrm.CustomFrequencyManagerService$Lifecycle
03-25 17:33:37.691  2476  2476 I Zygote  : Called ZygoteHooks.endPreload()
03-25 17:33:37.692  2476  2476 I Zygote  : Installed AndroidKeyStoreProvider in 1ms.
03-25 17:33:37.695  2476  2476 I Zygote  : Warmed up JCA providers in 3ms.
03-25 17:33:37.695  2476  2476 D Zygote  : end preload
03-25 17:33:37.695  2685  3097 D SystemServerTimingAsync: SecondaryZygotePreload took to complete: 554ms
03-25 17:33:37.695  2685  3097 D SystemServerTimingAsync: InitThreadPoolExec:SecondaryZygotePreload took to complete: 555ms
03-25 17:33:37.757  2685  2685 E SystemServiceRegistry: Failed to get custom frequency manager service.
03-25 17:33:37.757   624   637 I servicemanager: Found vendor.samsung.hardware.hyper.ISehHyPer/default in device VINTF manifest.
03-25 17:33:37.758  2685  2738 I DropBoxManagerService: add tag=system_server_wtf isTagEnabled=true flags=0x2
03-25 17:33:37.761   624   727 I servicemanager: Adding 'u:r:system_server:s0' service (CustomFrequencyManagerService:2685)
03-25 17:33:37.762  2685  2685 W SystemServiceManager: Service com.android.server.ssrm.CustomFrequencyManagerService$Lifecycle took 72 ms in onStart
03-25 17:33:37.762  2685  2685 D SystemServerTiming: SSRM Service took to complete: 77ms
03-25 17:33:37.762  2685  2685 I SystemServerTiming: StartAlarmManagerService
03-25 17:33:37.762  2685  2685 I SystemServiceManager: Starting com.android.server.alarm.AlarmManagerService
03-25 17:33:37.762  2685  2685 V SamsungAlarmManager: SamsungAlarmManagerService created.
03-25 17:33:37.770  2685  2685 D AlarmManagerService: Kernel timezone updated to 300 minutes west of GMT
03-25 17:33:37.771  2685  2685 D CompatibilityChangeReporter: Compat change id reported: 160794467; UID 1000; state: ENABLED
03-25 17:33:37.772   624   727 I servicemanager: Adding 'u:r:system_server:s0' service (alarm:2685)
03-25 17:33:37.773  2685  2685 D SystemServerTiming: StartAlarmManagerService took to complete: 11ms
03-25 17:33:37.773  2685  2685 I SystemServerTiming: StartInputManagerService
03-25 17:33:37.773  2685  2685 I InputManager: Initializing input manager, mUseDevInputEventForAudioJack=true
03-25 17:33:37.775   791  2469 I ServiceManager: Waiting for service 'statscompanion' on '/dev/binder'...
03-25 17:33:37.775  2685  2685 D InputReader: Constructor for InputReader()
03-25 17:33:37.776   624   637 I servicemanager: Adding 'u:r:system_server:s0' service (inputflinger:2685)
03-25 17:33:37.776  2685  2738 W DropBoxManagerService: Dropping: system_server_wtf (1769 > 0 bytes)
03-25 17:33:37.776  2685  2685 D InputManager.ControlWakeKey: mWakeKeyRefCount(116) is increased: 1
03-25 17:33:37.776  2685  2685 D InputManager.ControlWakeKey: mWakeKeyRefCount(172) is increased: 1
03-25 17:33:37.776  2685  2685 I InputManager.ControlWakeKey: file not found: /sys/power/volkey_wakeup
03-25 17:33:37.776  2685  2685 I InputManager.ControlWakeKey: file not found: /sys/class/sec/ap_pmic/volkey_wakeup
03-25 17:33:37.776  2685  2685 D InputManager.ControlWakeKey: keyCodes in makeWakeKeyString is 116,172
03-25 17:33:37.776  2685  2685 I InputManager.ControlWakeKey: FileOutputStream is passed
03-25 17:33:37.776  2685  2685 I InputManager.ControlWakeKey: fosWakeKey writing is passed
03-25 17:33:37.776  2685  2685 I InputManager.ControlWakeKey: closing fosWakeKey is passed
03-25 17:33:37.777  2685  2685 D SystemServerTiming: StartInputManagerService took to complete: 4ms
03-25 17:33:37.777  2685  2685 I SystemServerTiming: SatsService: Secure AT Service
03-25 17:33:37.780  2685  2685 I DEVROOT#MGR: [android] create DeviceRootKeyServiceManager.
03-25 17:33:37.780  2685  2685 I engmode_java_manager: em library is enabled, will use library
03-25 17:33:37.780  2685  2685 I engmode_java_manager: android(1000, 0) connects to EngineeringModeNative
03-25 17:33:37.780  2685  2685 I SatsService: Initialized
03-25 17:33:37.780  2685  2685 I SatsService: AtCmdHandler called.
03-25 17:33:37.780  2685  2685 I SatsService: connect at distributor
03-25 17:33:37.780  2685  2685 I SatsService: AtCmdHandler called.
03-25 17:33:37.780  2685  2685 I SatsService: connect data distributor
03-25 17:33:37.781  1230  1230 D AT_Distributor: InitSocketMessageHandler(): SatsService, id(8), fd(21)
03-25 17:33:37.781  2685  2685 D SystemServerTiming: SatsService: Secure AT Service took to complete:4ms
03-25 17:33:37.781  2685  2685 I SystemServerTiming: DeviceStateManagerService
03-25 17:33:37.781  2685  2685 I SystemServiceManager: Starting com.android.server.devicestate.DeviceStateManagerService
03-25 17:33:37.781  2685  3124 I SatsServiceAt: Connected to daemon.
03-25 17:33:37.781  2685  3125 I SatsServiceData: Connected to daemon.
03-25 17:33:37.783  2685  2685 D DeviceStateManagerService: Committing state: DeviceState{identifier=0, name='DEFAULT'}
03-25 17:33:37.783   624   727 I servicemanager: Adding 'u:r:system_server:s0' service (device_state:2685)
03-25 17:33:37.783  2685  2685 D SystemServerTiming: DeviceStateManagerService took to complete: 3ms
03-25 17:33:37.783  2685  2685 I SystemServerTiming: SemPrivilegeManagerService
03-25 17:33:37.783  2685  2685 I SystemServiceManager: Starting com.android.server.privilege.SemPrivilegeManagerService
03-25 17:33:37.784  2685  2685 D SemPrivilegeManagerService: onStart
03-25 17:33:37.784   624   727 I servicemanager: Adding 'u:r:system_server:s0' service (semprivilege:2685)
03-25 17:33:37.784  2685  2685 D SystemServerTiming: SemPrivilegeManagerService took to complete: 1ms
03-25 17:33:37.784  2685  2685 I SystemServerTiming: StartSemContextService
03-25 17:33:37.784  2685  2685 I SystemServer: SemContextService Service
03-25 17:33:37.789  2685  2685 I SemContextVersion: getFeatureMapFromFormat() : Failed to find from 1st place.
03-25 17:33:37.789  2685  2685 I SemContextVersion: getFeatureMapFromFormat() : There is also nothingat 2nd place.
03-25 17:33:37.789  2685  2685 D SemContextVersion: initialize() : this version = 32
03-25 17:33:37.792  2685  2685 D SensorHubManager: registerListener: Listener= com.samsung.android.contextaware.dataprovider.sensorhubprovider.SensorHubParserProvider$1@a0e8d54
03-25 17:33:37.793  2685  2685 D SensorService: Calling batch handle==1501 flags=0 rate=1000 timeout== 0
03-25 17:33:37.793  2493  2493 I sensors-hal: set_config:67, sample_period_ns is adjusted to 1000 based on min/max delay_ns
03-25 17:33:37.793  2493  2493 I sensors-hal: batch:336, com.samsung.sensor.sensorhubs/1501, period=1000000, max_latency=0 request completed
03-25 17:33:37.793  2493  2493 I sensors-hal: activate:252, com.samsung.sensor.sensorhubs/1501 en=1
03-25 17:33:37.793  2493  2493 I sensors-hal: activate:370, enable common info also
03-25 17:33:37.793  2493  2493 I sensors-hal: get_qmi_debug_flag:241, support_qmi_debug : false
03-25 17:33:37.795  2493  2493 I sensors-hal: create_sensor_config_request:52, sending common_info create_sensor_config_request
03-25 17:33:37.796  2493  2493 I sensors-hal: get_qmi_debug_flag:241, support_qmi_debug : false
03-25 17:33:37.797  2493  2493 I sensors-hal: activate:379, _offset_ns = -4008194027, curr_offset_ns = -4008198975
03-25 17:33:37.797  2493  2493 I sensors-hal: activate:270, com.samsung.sensor.sensorhubs/1501 en=1 completed
03-25 17:33:37.798  2685  2685 D SensorManager: registerListener :: 1501, SensorHub type, 200000, 0, com.samsung.android.contextaware.sensorhubmanager.SensorHubManager$SensorHubListener@a39f4fd
03-25 17:33:37.799  2685  2685 I CAE     : <init>(PowerResetNotiParser.java:72) - SLPIResetObserver :start
03-25 17:33:37.802  2685  2685 D CompatibilityChangeReporter: Compat change id reported: 147600208; UID 1000; state: ENABLED
03-25 17:33:37.802  2685  2685 D CompatibilityChangeReporter: Compat change id reported: 157233955; UID 1000; state: ENABLED
03-25 17:33:37.805  2685  2685 W CAE     : addListener(ListenerListManager.java:79) - [addListener]  com.samsung.android.contextaware.manager.ContextAwareService$Listener@d065fa2
03-25 17:33:37.805  2685  2685 W CAE     : addListener(ListenerListManager.java:80) - [addListener]  1
03-25 17:33:37.805  2685  2685 W CAE     : <init>(ContextAwareService.java:166) - [ContextAwareService 1]  com.samsung.android.contextaware.ContextAwareManager$CaListenerDelegate@6264433
03-25 17:33:37.805  2685  2685 W CAE     : <init>(ContextAwareService.java:167) - [ContextAwareService 2]  com.samsung.android.contextaware.manager.ContextAwareService$Listener@d065fa2
03-25 17:33:37.805  2685  2685 W CAE     : <init>(ContextAwareService.java:168) - [ContextAwareService 3]  com.samsung.android.contextaware.ContextAwareManager$CaListenerDelegate@6264433
03-25 17:33:37.806  2685  2685 D FaultDetector: FaultDetector(1.1)
03-25 17:33:37.806  2685  2685 D SemContextService: AccSensorVersion : 15932
03-25 17:33:37.806  2685  2685 V HistoricalRegistry: Interaction before persistence initialized
03-25 17:33:37.807  2685  2685 D SemContextService: SemContextService()
03-25 17:33:37.808   624   727 I servicemanager: Adding 'u:r:system_server:s0' service (scontext:2685)
03-25 17:33:37.808  2685  2685 D SystemServerTiming: StartSemContextService took to complete: 23ms
03-25 17:33:37.808  2685  2685 I SystemServerTiming: StartCameraServiceProxy
03-25 17:33:37.808  2685  2685 I SystemServiceManager: Starting com.android.server.camera.CameraServiceProxy
03-25 17:33:37.809  2685  2685 I CameraService_proxy: CameraServiceProxy is started.
03-25 17:33:37.809   624   727 I servicemanager: Adding 'u:r:system_server:s0' service (media.camera.proxy:2685)
03-25 17:33:37.809  2685  2685 D SystemServerTiming: StartCameraServiceProxy took to complete: 2ms
03-25 17:33:37.809  2685  2685 I SystemServerTiming: StartCameraServiceWorker
03-25 17:33:37.810  2685  2685 I SystemServiceManager: Starting com.samsung.android.camera.CameraServiceWorker
03-25 17:33:37.812  2685  2685 E libc    : Access denied finding property "vendor.camera.unihal.enable"
03-25 17:33:37.812   758   758 E audit   : type=1400 audit(1711406017.801:186): avc:  denied  { read } for  pid=2685 comm="system_server" name="u:object_r:vendor_default_prop:s0" dev="tmpfs" ino=29313 scontext=u:r:system_server:s0 tcontext=u:object_r:vendor_default_prop:s0 tclass=file permissive=0 SEPF_SM-N975U1_12_0001 audit_filtered
03-25 17:33:37.812   758   758 E audit   : type=1300 audit(1711406017.801:186): arch=c00000b7 syscall=56 success=no exit=-13 a0=ffffff9c a1=7fc5130218 a2=88000 a3=0 items=0 ppid=2475 pid=2685 auid=4294967295 uid=1000 gid=1000 euid=1000 suid=1000 fsuid=1000 egid=1000 sgid=1000 fsgid=1000 tty=(none) ses=4294967295 comm="system_server" exe="/system/bin/app_process64" subj=u:r:system_server:s0 key=(null)
03-25 17:33:37.812   758   758 E audit   : type=1327 audit(1711406017.801:186): proctitle="system_server"
03-25 17:33:37.813  2685  2685 I CameraService_worker: CameraServiceWorker is started.
03-25 17:33:37.813   624   727 I servicemanager: Adding 'u:r:system_server:s0' service (media.camera.worker:2685)
03-25 17:33:37.813  2685  2685 D SystemServerTiming: StartCameraServiceWorker took to complete: 3ms
03-25 17:33:37.813  2685  2685 I SystemServerTiming: StartMotionRecognitionService
03-25 17:33:37.813  2685  2685 I SystemServer: PackageManager is not null!!
03-25 17:33:37.818  2685  2685 D MotionRecognitionService: mIsAvailablePocketForBixby : true
03-25 17:33:37.818  2685  2685 D MotionRecognitionService: SSP enabled : true
03-25 17:33:37.819  2685  2685 D MotionRecognitionService: Motion,  result = 1
03-25 17:33:37.819  2685  2685 D MotionRecognitionService: Motion,  result = 1
03-25 17:33:37.819  2685  2685 D MotionRecognitionService: Settings updated : 11000100100000000000000101
03-25 17:33:37.819  2685  2685 D MotionRecognitionService:   Multi-Window enabled : true
03-25 17:33:37.820  2685  2685 I MotionRecognitionService: [SAR] versionGripSensor 1025
03-25 17:33:37.820  2685  2685 I MotionRecognitionService: [SAR] Block Earjack : false , allow USB : true , block TSP : false
03-25 17:33:37.820  2685  2685 D MotionRecognitionService: [SAR] Block list: Sub1 false, Sub2 false, Sub3 false
03-25 17:33:37.820  2685  2685 D MotionRecognitionService: [SAR] Device type is phone
03-25 17:33:37.820  2685  2685 D MotionRecognitionService: [SAR] Grip motion sensor is ready
03-25 17:33:37.820  2685  2685 D SensorService: Calling batch handle==16777238 flags=0 rate=200000000timeout== 0
03-25 17:33:37.821  2493  2493 I SensorsGrip: [grip_notifier] enable: GripNotifierSensor: enable handle = 22 en = 1 mEnabled = 0
03-25 17:33:37.821  2493  2493 I SensorsGrip: [grip_notifier] enable: GripNotifierSensor: noti_enablewrite Success, return 2
03-25 17:33:37.821  2493  2752 I SensorsGrip: [grip_notifier] readEvents: GripNotifierSensor: 3
03-25 17:33:37.821  2685  2685 D SensorManager: registerListener :: 16777238, Grip Notifier Sensor, 200000, 0, com.samsung.android.gesture.MotionRecognitionSAR$3@31cbc05
03-25 17:33:37.821  2685  2685 D MotionRecognitionService: [SAR] Enable grip notifier sensor : true
03-25 17:33:37.823  2685  3147 D MotionRecognitionService: [SAR] Grip Notifier Listener ~
03-25 17:33:37.823  2685  3147 D MotionRecognitionService: [SAR] get notifier value 3.0
03-25 17:33:37.823  2685  3147 D SensorService: Calling batch handle==2072 flags=0 rate=0 timeout== 0
03-25 17:33:37.823  2493  2493 I sensors-hal: set_config:67, sample_period_ns is adjusted to 0 based on min/max delay_ns
03-25 17:33:37.823  2493  2493 I sensors-hal: batch:336, com.samsung.sensor.sar_backoff_motion/2072, period=1000000, max_latency=0 request completed
03-25 17:33:37.823  2493  2493 I sensors-hal: activate:252, com.samsung.sensor.sar_backoff_motion/2072 en=1
03-25 17:33:37.824  2493  2493 I sensors-hal: get_qmi_debug_flag:241, support_qmi_debug : false
03-25 17:33:37.826  2685  2685 D MotionRecognitionService: This type doesn't support direct call
03-25 17:33:37.826  2685  2685 D MotionRecognitionService: SemContextManager supports SmartAlert
03-25 17:33:37.826  2493  2493 I sensors-hal: activate:270, com.samsung.sensor.sar_backoff_motion/2072 en=1 completed
03-25 17:33:37.826  2685  3147 D SensorManager: requestTrigger :: 2072, Sar BackOff Motion  Wakeup, com.samsung.android.gesture.MotionRecognitionSAR$2@33bae14
03-25 17:33:37.827  2685  3147 D MotionRecognitionService: [SAR] Trigger start (enable)
03-25 17:33:37.827  2685  2685 E PocketLogManager: Debug file is null!
03-25 17:33:37.827  2685  2685 D PocketLogManager: LogManager : false
03-25 17:33:37.828  2685  2685 E PocketMotionManager: init activity tracker
03-25 17:33:37.828  2685  2685 D MotionRecognitionService: LightSensorVersion = 384
03-25 17:33:37.828  2685  2685 D MotionRecognitionService: mIsAvailableElevatorMode : true
03-25 17:33:37.828  2685  2685 D com.samsung.android.gesture.ElevatorModeEvent: ElevatorModeEvent Object Made
03-25 17:33:37.829   624   727 I servicemanager: Adding 'u:r:system_server:s0' service (motion_recognition:2685)
03-25 17:33:37.829  2685  2685 I SystemServer: MotionRecognitionService Service!
03-25 17:33:37.829  2685  2685 D SystemServerTiming: StartMotionRecognitionService took to complete: 16ms
03-25 17:33:37.829  2685  2685 I SystemServerTiming: StartWindowManagerService
03-25 17:33:37.829  2685  2685 I SystemServer: !@Boot_EBS_F: Start WindowManagerService
03-25 17:33:37.829  2685  2685 I SystemServiceManager: Starting phase 200
03-25 17:33:37.829  2685  2685 I SystemServerTiming: OnBootPhase_200
03-25 17:33:37.829  2685  2685 I SystemServerTiming: OnBootPhase_200_com.android.server.security.FileIntegrityService
03-25 17:33:37.829  2685  2685 D SystemServerTiming: OnBootPhase_200_com.android.server.security.FileIntegrityService took to complete: 0ms
03-25 17:33:37.829  2685  2685 I SystemServerTiming: OnBootPhase_200_com.android.server.pm.Installer
03-25 17:33:37.829  2685  2685 D SystemServerTiming: OnBootPhase_200_com.android.server.pm.Installer took to complete: 0ms
03-25 17:33:37.829  2685  2685 I SystemServerTiming: OnBootPhase_200_com.android.server.os.DeviceIdentifiersPolicyService
03-25 17:33:37.829  2685  2685 D SystemServerTiming: OnBootPhase_200_com.android.server.os.DeviceIdentifiersPolicyService took to complete: 0ms
03-25 17:33:37.829  2685  2685 I SystemServerTiming: OnBootPhase_200_com.android.server.uri.UriGrantsManagerService$Lifecycle
03-25 17:33:37.829  2685  2685 D SystemServerTiming: OnBootPhase_200_com.android.server.uri.UriGrantsManagerService$Lifecycle took to complete: 0ms
03-25 17:33:37.829  2685  2685 I SystemServerTiming: OnBootPhase_200_com.android.server.powerstats.PowerStatsService
03-25 17:33:37.829  2685  2685 D SystemServerTiming: OnBootPhase_200_com.android.server.powerstats.PowerStatsService took to complete: 0ms
03-25 17:33:37.829  2685  2685 I SystemServerTiming: OnBootPhase_200_com.android.server.wm.ActivityTaskManagerService$Lifecycle
03-25 17:33:37.829  2685  2685 D SystemServerTiming: OnBootPhase_200_com.android.server.wm.ActivityTaskManagerService$Lifecycle took to complete: 0ms
03-25 17:33:37.829  2685  2685 I SystemServerTiming: OnBootPhase_200_com.android.server.am.ActivityManagerService$Lifecycle
03-25 17:33:37.829  2685  2685 D SystemServerTiming: OnBootPhase_200_com.android.server.am.ActivityManagerService$Lifecycle took to complete: 1ms
03-25 17:33:37.829  2685  2685 I SystemServerTiming: OnBootPhase_200_com.android.server.pm.DataLoaderManagerService
03-25 17:33:37.829  2685  2685 D SystemServerTiming: OnBootPhase_200_com.android.server.pm.DataLoaderManagerService took to complete: 0ms
03-25 17:33:37.829  2685  2685 I SystemServerTiming: OnBootPhase_200_com.android.server.power.PowerManagerService
03-25 17:33:37.829  2685  2685 D SystemServerTiming: OnBootPhase_200_com.android.server.power.PowerManagerService took to complete: 0ms
03-25 17:33:37.829  2685  2685 I SystemServerTiming: OnBootPhase_200_com.android.server.power.ThermalManagerService
03-25 17:33:37.829  2685  2685 D SystemServerTiming: OnBootPhase_200_com.android.server.power.ThermalManagerService took to complete: 0ms
03-25 17:33:37.829  2685  2685 I SystemServerTiming: OnBootPhase_200_com.android.server.power.hint.HintManagerService
03-25 17:33:37.829  2685  2685 D SystemServerTiming: OnBootPhase_200_com.android.server.power.hint.HintManagerService took to complete: 0ms
03-25 17:33:37.829  2685  2685 I SystemServerTiming: OnBootPhase_200_com.android.server.VaultKeeperService$LifeCycle
03-25 17:33:37.829  2685  2685 D VaultKeeperService$Lifecycle: [Unknown]
03-25 17:33:37.829  2685  2685 D SystemServerTiming: OnBootPhase_200_com.android.server.VaultKeeperService$LifeCycle took to complete: 0ms
03-25 17:33:37.829  2685  2685 I SystemServerTiming: OnBootPhase_200_com.android.server.PACMService
03-25 17:33:37.829  2685  2685 D SystemServerTiming: OnBootPhase_200_com.android.server.PACMService took to complete: 0ms
03-25 17:33:37.829  2685  2685 I SystemServerTiming: OnBootPhase_200_com.android.server.recoverysystem.RecoverySystemService$Lifecycle
03-25 17:33:37.829  2685  2685 D SystemServerTiming: OnBootPhase_200_com.android.server.recoverysystem.RecoverySystemService$Lifecycle took to complete: 0ms
03-25 17:33:37.829  2685  2685 I SystemServerTiming: OnBootPhase_200_com.android.server.lights.LightsService
03-25 17:33:37.829  2685  2685 D SystemServerTiming: OnBootPhase_200_com.android.server.lights.LightsService took to complete: 0ms
03-25 17:33:37.829  2685  2685 I SystemServerTiming: OnBootPhase_200_com.android.server.pdp.PdpService
03-25 17:33:37.829  2685  2685 D SystemServerTiming: OnBootPhase_200_com.android.server.pdp.PdpService took to complete: 0ms
03-25 17:33:37.829  2685  2685 I SystemServerTiming: OnBootPhase_200_com.android.server.display.DisplayManagerService
03-25 17:33:37.829  2685  2685 D SystemServerTiming: OnBootPhase_200_com.android.server.display.DisplayManagerService took to complete: 0ms
03-25 17:33:37.829  2685  2685 I SystemServerTiming: OnBootPhase_200_com.android.server.pm.verify.domain.DomainVerificationService
03-25 17:33:37.829  2685  2685 D SystemServerTiming: OnBootPhase_200_com.android.server.pm.verify.domain.DomainVerificationService took to complete: 0ms
03-25 17:33:37.829  2685  2685 I SystemServerTiming: OnBootPhase_200_com.android.server.pm.PackageInstallerService$Lifecycle
03-25 17:33:37.829  2685  2685 D SystemServerTiming: OnBootPhase_200_com.android.server.pm.PackageInstallerService$Lifecycle took to complete: 0ms
03-25 17:33:37.829  2685  2685 I SystemServerTiming: OnBootPhase_200_com.android.server.pm.UserManagerService$LifeCycle
03-25 17:33:37.829  2685  2685 D SystemServerTiming: OnBootPhase_200_com.android.server.pm.UserManagerService$LifeCycle took to complete: 0ms
03-25 17:33:37.829  2685  2685 I SystemServerTiming: OnBootPhase_200_com.android.server.om.OverlayManagerService
03-25 17:33:37.830  2685  2685 D SystemServerTiming: OnBootPhase_200_com.android.server.om.OverlayManagerService took to complete: 0ms
03-25 17:33:37.830  2685  2685 I SystemServerTiming: OnBootPhase_200_com.android.server.SensorPrivacyService
03-25 17:33:37.830  2685  2685 D SystemServerTiming: OnBootPhase_200_com.android.server.SensorPrivacyService took to complete: 0ms
03-25 17:33:37.830  2685  2685 I SystemServerTiming: OnBootPhase_200_com.android.server.sensors.SensorService
03-25 17:33:37.830  2685  2685 D SystemServerTiming: OnBootPhase_200_com.android.server.sensors.SensorService took to complete: 0ms
03-25 17:33:37.830  2685  2685 I SystemServerTiming: OnBootPhase_200_com.android.server.SystemConfigService
03-25 17:33:37.830  2685  2685 D SystemServerTiming: OnBootPhase_200_com.android.server.SystemConfigService took to complete: 0ms
03-25 17:33:37.830  2685  2685 I SystemServerTiming: OnBootPhase_200_com.android.server.BatteryService
03-25 17:33:37.830  2685  2685 D SystemServerTiming: OnBootPhase_200_com.android.server.BatteryService took to complete: 0ms
03-25 17:33:37.830  2685  2685 I SystemServerTiming: OnBootPhase_200_com.android.server.usage.UsageStatsService
03-25 17:33:37.830  2685  2685 D SystemServerTiming: OnBootPhase_200_com.android.server.usage.UsageStatsService took to complete: 0ms
03-25 17:33:37.830  2685  2685 I SystemServerTiming: OnBootPhase_200_com.android.server.webkit.WebViewUpdateService
03-25 17:33:37.830  2685  2685 D SystemServerTiming: OnBootPhase_200_com.android.server.webkit.WebViewUpdateService took to complete: 0ms
03-25 17:33:37.830  2685  2685 I SystemServerTiming: OnBootPhase_200_com.android.server.CachedDeviceStateService
03-25 17:33:37.830  2685  2685 D SystemServerTiming: OnBootPhase_200_com.android.server.CachedDeviceStateService took to complete: 0ms
03-25 17:33:37.830  2685  2685 I SystemServerTiming: OnBootPhase_200_com.android.server.BinderCallsStatsService$LifeCycle
03-25 17:33:37.830  2685  2685 D SystemServerTiming: OnBootPhase_200_com.android.server.BinderCallsStatsService$LifeCycle took to complete: 0ms
03-25 17:33:37.830  2685  2685 I SystemServerTiming: OnBootPhase_200_com.android.server.LooperStatsService$Lifecycle
03-25 17:33:37.830  2685  2685 D SystemServerTiming: OnBootPhase_200_com.android.server.LooperStatsService$Lifecycle took to complete: 0ms
03-25 17:33:37.830  2685  2685 I SystemServerTiming: OnBootPhase_200_com.android.server.rollback.RollbackManagerService
03-25 17:33:37.830  2685  2685 D SystemServerTiming: OnBootPhase_200_com.android.server.rollback.RollbackManagerService took to complete: 0ms
03-25 17:33:37.830  2685  2685 I SystemServerTiming: OnBootPhase_200_com.android.server.os.NativeTombstoneManagerService
03-25 17:33:37.830  2685  2685 D SystemServerTiming: OnBootPhase_200_com.android.server.os.NativeTombstoneManagerService took to complete: 0ms
03-25 17:33:37.830  2685  2685 I SystemServerTiming: OnBootPhase_200_com.android.server.os.BugreportManagerService
03-25 17:33:37.830  2685  2685 D SystemServerTiming: OnBootPhase_200_com.android.server.os.BugreportManagerService took to complete: 0ms
03-25 17:33:37.830  2685  2685 I SystemServerTiming: OnBootPhase_200_com.android.server.gpu.GpuService
03-25 17:33:37.830  2685  2685 D SystemServerTiming: OnBootPhase_200_com.android.server.gpu.GpuService took to complete: 0ms
03-25 17:33:37.830  2685  2685 I SystemServerTiming: OnBootPhase_200_com.android.server.security.KeyChainSystemService
03-25 17:33:37.830  2685  2685 D SystemServerTiming: OnBootPhase_200_com.android.server.security.KeyChainSystemService took to complete: 0ms
03-25 17:33:37.830  2685  2685 I SystemServerTiming: OnBootPhase_200_com.android.server.SpqrService
03-25 17:33:37.830  2685  2685 D SystemServerTiming: OnBootPhase_200_com.android.server.SpqrService took to complete: 0ms
03-25 17:33:37.830  2685  2685 I SystemServerTiming: OnBootPhase_200_com.android.server.SpegService
03-25 17:33:37.830  2685  2685 D SystemServerTiming: OnBootPhase_200_com.android.server.SpegService took to complete: 0ms
03-25 17:33:37.830  2685  2685 I SystemServerTiming: OnBootPhase_200_com.android.server.telecom.TelecomLoaderService
03-25 17:33:37.830  2685  2685 D SystemServerTiming: OnBootPhase_200_com.android.server.telecom.TelecomLoaderService took to complete: 0ms
03-25 17:33:37.830  2685  2685 I SystemServerTiming: OnBootPhase_200_com.android.server.accounts.AccountManagerService$Lifecycle
03-25 17:33:37.830  2685  2685 D SystemServerTiming: OnBootPhase_200_com.android.server.accounts.AccountManagerService$Lifecycle took to complete: 0ms
03-25 17:33:37.830  2685  2685 I SystemServerTiming: OnBootPhase_200_com.android.server.content.ContentService$Lifecycle
03-25 17:33:37.830  2685  2685 D SystemServerTiming: OnBootPhase_200_com.android.server.content.ContentService$Lifecycle took to complete: 0ms
03-25 17:33:37.830  2685  2685 I SystemServerTiming: OnBootPhase_200_com.android.server.DropBoxManagerService
03-25 17:33:37.830  2685  2685 D SystemServerTiming: OnBootPhase_200_com.android.server.DropBoxManagerService took to complete: 0ms
03-25 17:33:37.830  2685  2685 I SystemServerTiming: OnBootPhase_200_com.android.role.RoleService
03-25 17:33:37.830  2685  2685 D SystemServerTiming: OnBootPhase_200_com.android.role.RoleService took to complete: 0ms
03-25 17:33:37.830  2685  2685 I SystemServerTiming: OnBootPhase_200_com.android.server.sepunion.SemUnionMainService
03-25 17:33:37.830  2685  2685 D SEP_UNION_SemUnionMainService: onBootPhase = 200
03-25 17:33:37.830  2685  2685 D SystemServerTiming: OnBootPhase_200_com.android.server.sepunion.SemUnionMainService took to complete: 0ms
03-25 17:33:37.830  2685  2685 I SystemServerTiming: OnBootPhase_200_com.android.server.vibrator.VibratorManagerService$Lifecycle
03-25 17:33:37.830  2685  2685 D SystemServerTiming: OnBootPhase_200_com.android.server.vibrator.VibratorManagerService$Lifecycle took to complete: 0ms
03-25 17:33:37.830  2685  2685 I SystemServerTiming: OnBootPhase_200_com.android.server.ssrm.CustomFrequencyManagerService$Lifecycle
03-25 17:33:37.830  2685  2685 D SystemServerTiming: OnBootPhase_200_com.android.server.ssrm.CustomFrequencyManagerService$Lifecycle took to complete: 0ms
03-25 17:33:37.830  2685  2685 I SystemServerTiming: OnBootPhase_200_com.android.server.alarm.AlarmManagerService
03-25 17:33:37.830  2685  2685 D SystemServerTiming: OnBootPhase_200_com.android.server.alarm.AlarmManagerService took to complete: 0ms
03-25 17:33:37.830  2685  2685 I SystemServerTiming: OnBootPhase_200_com.android.server.devicestate.DeviceStateManagerService
03-25 17:33:37.830  2685  2685 D SystemServerTiming: OnBootPhase_200_com.android.server.devicestate.DeviceStateManagerService took to complete: 0ms
03-25 17:33:37.830  2685  2685 I SystemServerTiming: OnBootPhase_200_com.android.server.privilege.SemPrivilegeManagerService
03-25 17:33:37.830  2685  2685 D SystemServerTiming: OnBootPhase_200_com.android.server.privilege.SemPrivilegeManagerService took to complete: 0ms
03-25 17:33:37.830  2685  2685 I SystemServerTiming: OnBootPhase_200_com.android.server.camera.CameraServiceProxy
03-25 17:33:37.830  2685  2685 D SystemServerTiming: OnBootPhase_200_com.android.server.camera.CameraServiceProxy took to complete: 0ms
03-25 17:33:37.830  2685  2685 I SystemServerTiming: OnBootPhase_200_com.samsung.android.camera.CameraServiceWorker
03-25 17:33:37.830  2685  2685 D SystemServerTiming: OnBootPhase_200_com.samsung.android.camera.CameraServiceWorker took to complete: 0ms
03-25 17:33:37.830  2685  2685 D SystemServerTiming: OnBootPhase_200 took to complete: 2ms
03-25 17:33:37.831  2685  2685 I WindowManager: No existing display settings, starting empty
03-25 17:33:37.836  2685  2718 D TspStateManager: updateCustomValue customSetting=
03-25 17:33:37.836  2685  2718 E SystemServiceRegistry: Unknown manager requested: semcustomdump
03-25 17:33:37.837  2685  3154 D TspStateManager: update cmd=set_grip_data,0,0,0,0
03-25 17:33:37.837  2685  2718 I SEP_UNION_SemUnionManager: getUnionService() : semcustomdump
03-25 17:33:37.837  2685  2738 I DropBoxManagerService: add tag=system_server_wtf isTagEnabled=true flags=0x2
03-25 17:33:37.837  2685  2718 I SEP_UNION_SemCustomDumpManager: setDumpState : null
03-25 17:33:37.838  2685  2718 D SEP_UNION_SemUnionMainServiceImpl: setDumpEnabled = tspstatemanager
