03-25 17:55:21.591 22867 22867 I SettingsProvider: There're one of File (or Backup file) for Global. Migration no needed. Finish migrateAllLegacySettingsIfNeeded()
03-25 17:55:21.591 22664 22664 E ActivityRecognitionHardware: activity_recognition HAL is deprecated.class_init is effectively a no-op
03-25 17:55:21.617 22867 22867 I SettingsProvider: Call migrateLegacySettingsForUserIfNeededLocked()
03-25 17:55:21.618 22867 22867 I SettingsProvider: Check Whether System/Secure Files or Backup files exist
03-25 17:55:21.618 22867 22867 I SettingsProvider: There're one of File (or Backup file) for System or Secure. Migration no needed. Finish migrateLegacySettingsForUserIfNeededLocked()
03-25 17:55:21.630 22867 22867 I SettingsProvider: Start upgradeIfNeededLocked() for User 0
03-25 17:55:21.631 22867 22867 I SettingsProvider: Current version is Latest version. Finish upgradeIfNeededLocked() for User 0
03-25 17:55:21.632 22867 22867 I SettingsService: SettingsService Start
03-25 17:55:21.632   625   673 I servicemanager: Adding 'u:r:system_server:s0' service (settings:22867)
03-25 17:55:21.632   625   673 I servicemanager: Adding 'u:r:system_server:s0' service (device_config:22867)
03-25 17:55:21.634 22867 22867 D SemWifiApContentProvider: OnCreate
03-25 17:55:21.649 22867 22867 E FeatureUtil: filePath /product/omc/XAA/system/customer_carrier_feature.json carrierGroup XAA canonicalId -1
03-25 17:55:21.650 22867 22867 D SemCarrierFeature: update carrier default features : 0
03-25 17:55:21.650 22867 22867 D SemCarrierFeature: update carrier features : 0:31159
03-25 17:55:21.650 22867 22867 E FeatureUtil: filePath /product/omc/XAA/system/customer_carrier_feature.json carrierGroup XAA canonicalId 31159
03-25 17:55:21.656 22867 22867 I GenerationRegistry: mBackingStore.isClosed() : false
03-25 17:55:21.657 22867 22867 I GenerationRegistry: mBackingStore.isClosed() : false
03-25 17:55:21.663 22867 22867 W PackageManager: ApplicationPolicy is null
03-25 17:55:21.663 22867 22867 D PackageManager: setEnabledSetting : userId = 0 packageName = com.android.shell cmp = com.android.shell.BugreportStorageProvider newState = 1 callingPackage = 1000/am is not ready yet
03-25 17:55:21.668 22867 22867 D ActivityManager: cgroup.freeze not present
03-25 17:55:21.669 22867 22915 D ActivityManager: Freezer disabled
03-25 17:55:21.669 22867 22867 D SystemServerTiming: InstallSystemProviders took to complete: 144ms
03-25 17:55:21.669 22867 22867 I SystemServerTiming: StartDropBoxManager
03-25 17:55:21.669 22867 22867 I SystemServiceManager: Starting com.android.server.DropBoxManagerService
03-25 17:55:21.669   625   673 I servicemanager: Adding 'u:r:system_server:s0' service (dropbox:22867)
03-25 17:55:21.670 22867 22867 D SystemServerTiming: StartDropBoxManager took to complete: 1ms
03-25 17:55:21.670 22867 22867 I SystemServerTiming: StartRoleManagerService
03-25 17:55:21.670 22867 22867 I SystemServiceManager: Starting com.android.role.RoleService
03-25 17:55:21.671   625   673 I servicemanager: Adding 'u:r:system_server:s0' service (role:22867)
03-25 17:55:21.672 22867 22867 D SystemServerTiming: StartRoleManagerService took to complete: 2ms
03-25 17:55:21.672 22867 22867 I SystemServerTiming: SemUnionMainService
03-25 17:55:21.672 22867 22867 I SystemServiceManager: Starting com.android.server.sepunion.SemUnionMainService
03-25 17:55:21.676 22867 22867 D SEP_UNION_SemUnionMainServiceImpl: addSepUnionServiceMapInternal : EngmodeService
03-25 17:55:21.677 22867 22867 I engmode_java_manager: em library is enabled, will use library
03-25 17:55:21.677 22867 22867 I engmode_java_manager: android(1000, 0) connects to EngineeringModeNative
03-25 17:55:21.677 22867 22867 I engmode_service: EM Service is started
03-25 17:55:21.677 22867 22867 D SEP_UNION_SemUnionMainServiceImpl: addSepUnionServiceMapInternal : brreceiveragent
03-25 17:55:21.677 22867 22867 D SEP_UNION_SemUnionMainServiceImpl: addSepUnionServiceMapInternal : onehand
03-25 17:55:21.678 22867 22867 D SEP_UNION_SemUnionMainServiceImpl: addSepUnionServiceMapInternal : plugin
03-25 17:55:21.678 22867 22867 D SEP_UNION_SemPluginManagerService: SemPluginManagerService
03-25 17:55:21.679 22867 22867 W SEP_UNION_CoverManager_CoverServiceManager: service(com.android.systemui/com.android.systemui.cover.SysUICoverService) has no meta data
03-25 17:55:21.681 22867 22867 D SEP_UNION_CoverManager_CoverManagerUtils: Wireless Charge is Supported: Type 1
03-25 17:55:21.683 22867 22867 D SEP_UNION_CoverManager_CoverTestModeUtils: This version has been shipped!! Then cover test mode is not available
03-25 17:55:21.684 22867 22867 D SEP_UNION_SemUnionMainServiceImpl: addSepUnionServiceMapInternal : friends
03-25 17:55:21.684 22867 22867 D SEP_UNION_FriendsManagerService: FriendsManagerService
03-25 17:55:21.686 22867 22867 D SEP_UNION_SemUnionMainServiceImpl: addSepUnionServiceMapInternal : tips
03-25 17:55:21.686 22867 22867 D TipsManagerService: [GalaxyTips] TipsManagerService
03-25 17:55:21.687 22867 22867 D SEP_UNION_SemUnionMainServiceImpl: addSepUnionServiceMapInternal : semeventdelegator
03-25 17:55:21.687 22867 22867 D SEP_UNION_SemDeviceInfoManagerService: SemDeviceInfoManagerService
03-25 17:55:21.687 22867 22867 D SEP_UNION_SemDeviceInfoTestModeUtils: This version has been shipped!! Then device info test mode is not available
03-25 17:55:21.687 22867 22867 D SEP_UNION_SemUnionMainServiceImpl: addSepUnionServiceMapInternal : PrivacyDashboard
03-25 17:55:21.688 22867 22867 D SemPrivacyDashboardService: SemPrivacyDashboardService
03-25 17:55:21.688 22867 22867 I SemPrivacyDashboardService: Support feature : true
03-25 17:55:21.688 22867 22867 D SEP_UNION_SemUnionMainServiceImpl: addSepUnionServiceMapInternal : exclusivetask
03-25 17:55:21.688 22867 22867 D SemExclusiveTaskManagerService: SemExclusiveTaskManagerService start
03-25 17:55:21.688 22867 22867 D SemExclusiveTaskManagerService: init()
03-25 17:55:21.688 22867 22867 D SemExclusiveTaskManagerService: readExclusiveRelation()
03-25 17:55:21.691 22867 22867 D SemExclusiveTaskManagerService: ### talkback doesn't exist in exclusiveListSet of tap_duration
03-25 17:55:21.691 22867 22867 D SemExclusiveTaskManagerService: ### talkback doesn't exist in exclusiveListSet of ignore_repeated_touches
03-25 17:55:21.692 22867 22867 W Settings: Setting remove_animations has moved from android.provider.Settings.System to android.provider.Settings.Global, returning read-only global URI.
03-25 17:55:21.694 22867 22867 D SemExclusiveTaskManagerService: SemExclusiveTaskManagerService onCreate()
03-25 17:55:21.694 22867 22867 D SEP_UNION_SemUnionMainServiceImpl: addSepUnionServiceMapInternal : goodcatch
03-25 17:55:21.695 22867 22867 D SEP_UNION_SemUnionMainServiceImpl: addSepUnionServiceMapInternal : HermesService
03-25 17:55:21.696 22867 22867 D SEP_UNION_SemUnionMainService: onStart
03-25 17:55:21.696   625   673 I servicemanager: Adding 'u:r:system_server:s0' service (sepunion:22867)
03-25 17:55:21.696 22867 22867 D SystemServerTiming: SemUnionMainService took to complete: 25ms
03-25 17:55:21.696 22867 22867 I SystemServerTiming: StartVibratorManagerService
03-25 17:55:21.696 22867 22867 I SystemServiceManager: Starting com.android.server.vibrator.VibratorManagerService$Lifecycle
03-25 17:55:21.700   625   673 E servicemanager: Could not find android.hardware.vibrator.IVibratorManager/default in the VINTF manifest.
03-25 17:55:21.700   625   673 E servicemanager: Could not find android.hardware.vibrator.IVibrator/default in the VINTF manifest.
03-25 17:55:21.702   933   933 E SecVibrator-HAL2.2_A: isNodeExist node:/timed_output/vibrator/intensity
03-25 17:55:21.702   933   933 E SecVibrator-HAL2.2_A: true
03-25 17:55:21.702   933   933 E SecVibrator-HAL2.2_A: supportsAmplitudeControl is possible
03-25 17:55:21.702   933   933 E SecVibrator-HAL2.2_A: isNodeExist node:/timed_output/vibrator/ext_control
03-25 17:55:21.702   933   933 E SecVibrator-HAL2.2_A: false
03-25 17:55:21.702 22867 22867 I VibratorController: vibratorSupportsHapticEngine started
03-25 17:55:21.702   625   673 E servicemanager: Could not find android.hardware.vibrator.IVibrator/default in the VINTF manifest.
03-25 17:55:21.702 22867 22867 I VibratorController: vibratorSupportsHapticEngine hidl vendor
03-25 17:55:21.703   933   933 E SecVibrator-HAL2.2_A: isNodeExist node:/timed_output/vibrator/haptic_engine
03-25 17:55:21.703   933   933 E SecVibrator-HAL2.2_A: true
03-25 17:55:21.703 22867 22867 I VibratorController: vibratorSupportIntensityControl started
03-25 17:55:21.704   625   673 E servicemanager: Could not find android.hardware.vibrator.IVibrator/default in the VINTF manifest.
03-25 17:55:21.704 22867 22867 I VibratorController: sehSupportsAmplitudeControl hidl vendor
03-25 17:55:21.704   933   933 E SecVibrator-HAL2.2_A: isNodeExist node:/timed_output/vibrator/intensity
03-25 17:55:21.704   933   933 E SecVibrator-HAL2.2_A: true
03-25 17:55:21.704 22867 22867 I VibratorController: vibratorSupportsFrequencyControl started
03-25 17:55:21.704   625   673 E servicemanager: Could not find android.hardware.vibrator.IVibrator/default in the VINTF manifest.
03-25 17:55:21.704 22867 22867 I VibratorController: sehSupportsFrequencyControl hidl vendor
03-25 17:55:21.704   933   933 E SecVibrator-HAL2.2_A: isNodeExist node:/timed_output/vibrator/multi_freq
03-25 17:55:21.704   933   933 E SecVibrator-HAL2.2_A: false
03-25 17:55:21.704 22867 22867 I VibratorController: vibratorSupportsPrebakedHapticPattern started
03-25 17:55:21.704   625   673 E servicemanager: Could not find android.hardware.vibrator.IVibrator/default in the VINTF manifest.
03-25 17:55:21.705 22867 22867 D VibratorController: sehSupportsPrebakedHapticPattern hidl vendor
03-25 17:55:21.705   933   933 E SecVibrator-HAL2.2_A: isNodeExist node:/timed_output/vibrator/cp_trigger_index
03-25 17:55:21.705   933   933 E SecVibrator-HAL2.2_A: true
03-25 17:55:21.705 22867 22867 I VibratorController: vibratorSupportsEnhancedSamsungHapticPattern started
03-25 17:55:21.705   625   673 E servicemanager: Could not find android.hardware.vibrator.IVibrator/default in the VINTF manifest.
03-25 17:55:21.705 22867 22867 I VibratorController: sehSupportsEnhancedSamsungHapticPattern hidl vendor
03-25 17:55:21.705   933   933 E SecVibrator-HAL2.2_A: isNodeExistForRead node:/timed_output/vibrator/motor_type
03-25 17:55:21.705   933   933 E SecVibrator-HAL2.2_A: true
03-25 17:55:21.705   933   933 E SecVibrator-HAL2.2_A: sehSupportsEnhancedSamsungHapticPattern string: LINEAR_INDEX
03-25 17:55:21.705   933   933 E SecVibrator-HAL2.2_A: sehSupportsEnhancedSamsungHapticPattern stringlen : 12
03-25 17:55:21.705   933   933 E SecVibrator-HAL2.2_A: sehSupportsEnhancedSamsungHapticPattern can not supports. Out of capability
03-25 17:55:21.705 22867 22867 D VibratorController: motor group: SEM_SUPPORTED_VIBRATION_TYPE_D (5)
03-25 17:55:21.705   933   933 E SecVibrator-HAL2.2_A: >> writeNode node:/timed_output/vibrator/enable val:0
03-25 17:55:21.705   933   933 E SecVibrator-HAL2.2_A: << writeNode node OK 2
03-25 17:55:21.706   625   673 I servicemanager: Adding 'u:r:system_server:s0' service (external_vibrator_service:22867)
03-25 17:55:21.706   625   673 I servicemanager: Adding 'u:r:system_server:s0' service (vibrator_manager:22867)
03-25 17:55:21.706 22867 22867 D SystemServerTiming: StartVibratorManagerService took to complete: 10ms
03-25 17:55:21.706 22867 22867 I SystemServerTiming: StartDynamicSystemService
03-25 17:55:21.707   625   673 I servicemanager: Adding 'u:r:system_server:s0' service (dynamic_system:22867)
03-25 17:55:21.707 22867 22867 D SystemServerTiming: StartDynamicSystemService took to complete: 0ms
03-25 17:55:21.707 22867 22867 I SystemServerTiming: StartConsumerIrService
03-25 17:55:21.707   626   626 I hwservicemanager: getTransport: Cannot find entry android.hardware.ir@1.0::IConsumerIr/default in either framework or device VINTF manifest.
03-25 17:55:21.708   625   673 I servicemanager: Adding 'u:r:system_server:s0' service (consumer_ir:22867)
03-25 17:55:21.708 22867 22867 D SystemServerTiming: StartConsumerIrService took to complete: 1ms
03-25 17:55:21.708 22867 22867 I SystemServerTiming: StartIfaaService
03-25 17:55:21.708 22867 22867 I SystemServer: [ro.config.ifaaversion] value is : false
03-25 17:55:21.708 22867 22867 D SystemServerTiming: StartIfaaService took to complete: 0ms
03-25 17:55:21.708 22867 22867 I SystemServerTiming: SSRM Service
03-25 17:55:21.709 22867 22867 W system_server: ClassLoaderContext classpath size mismatch. expected=5, found=0 (PCL[/system/framework/com.android.location.provider.jar*3633238673:/system/framework/services.jar*925590991:/system/framework/services.jar!classes2.dex*1977364219:/system/framework/services.jar!classes3.dex*2920353434:/system/framework/ethernet-service.jar*4213855787] | PCL[];PCL[/system/framework/com.android.location.provider.jar*3633238673:/system/framework/services.jar*925590991:/system/framework/services.jar!classes2.dex*1977364219:/system/framework/services.jar!classes3.dex*2920353434:/system/framework/ethernet-service.jar*4213855787:/system/framework/ssrm.jar*125111382:/system/framework/semwifi-service.jar*3219197009:/apex/com.android.appsearch/javalib/service-appsearch.jar*4100577803:/apex/com.android.media/javalib/service-media-s.jar*3881732923:/apex/com.android.permission/javalib/service-permission.jar*62506796:/apex/com.samsung.android.ipm/javalib/service-samsung-ipm.jar*1308075029:/apex/com.samsung.android.shell/javalib/service-samsung-privilege.jar*3637242057])
03-25 17:55:21.716 22867 22867 I system_server: Waiting for a blocking GC ClassLinker
03-25 17:55:21.747 22867 22867 I system_server: WaitForGcToComplete blocked ClassLinker on Backgroundfor 31.348ms
03-25 17:55:21.747 22867 22867 I SystemServiceManager: Starting com.android.server.ssrm.CustomFrequencyManagerService$Lifecycle
03-25 17:55:21.817 22867 22867 E SystemServiceRegistry: Failed to get custom frequency manager service.
03-25 17:55:21.818   625   673 I servicemanager: Found vendor.samsung.hardware.hyper.ISehHyPer/default in device VINTF manifest.
03-25 17:55:21.819 22867 22915 I DropBoxManagerService: add tag=system_server_wtf isTagEnabled=true flags=0x2
03-25 17:55:21.819 22664 22664 I zygote  : Thread[1,tid=22664,Native,Thread*=0xe0e40010,peer=0x12c80078,"main"] recursive attempt to load library "librtp_jni.so"
03-25 17:55:21.823   625   629 I servicemanager: Adding 'u:r:system_server:s0' service (CustomFrequencyManagerService:22867)
03-25 17:55:21.823 22867 22867 W SystemServiceManager: Service com.android.server.ssrm.CustomFrequencyManagerService$Lifecycle took 75 ms in onStart
03-25 17:55:21.823 22867 22867 D SystemServerTiming: SSRM Service took to complete: 115ms
03-25 17:55:21.823 22867 22867 I SystemServerTiming: StartAlarmManagerService
03-25 17:55:21.823 22867 22867 I SystemServiceManager: Starting com.android.server.alarm.AlarmManagerService
03-25 17:55:21.823 22867 22867 V SamsungAlarmManager: SamsungAlarmManagerService created.
03-25 17:55:21.834 22867 22867 D AlarmManagerService: Kernel timezone updated to 300 minutes west of GMT
03-25 17:55:21.834 22867 22867 D CompatibilityChangeReporter: Compat change id reported: 160794467; UID 1000; state: ENABLED
03-25 17:55:21.835   625   629 I servicemanager: Adding 'u:r:system_server:s0' service (alarm:22867)
03-25 17:55:21.835 22867 22867 D SystemServerTiming: StartAlarmManagerService took to complete: 12ms
03-25 17:55:21.835 22867 22867 I SystemServerTiming: StartInputManagerService
03-25 17:55:21.836 22867 22867 I InputManager: Initializing input manager, mUseDevInputEventForAudioJack=true
03-25 17:55:21.838 22867 22867 D InputReader: Constructor for InputReader()
03-25 17:55:21.839   625   629 I servicemanager: Adding 'u:r:system_server:s0' service (inputflinger:22867)
03-25 17:55:21.839   792   796 I ServiceManager: Waiting for service 'statscompanion' on '/dev/binder'...
03-25 17:55:21.839 22867 22915 W DropBoxManagerService: Dropping: system_server_wtf (1769 > 0 bytes)
03-25 17:55:21.839 22867 22867 D InputManager.ControlWakeKey: mWakeKeyRefCount(116) is increased: 1
03-25 17:55:21.839 22867 22867 D InputManager.ControlWakeKey: mWakeKeyRefCount(172) is increased: 1
03-25 17:55:21.839 22867 22867 I InputManager.ControlWakeKey: file not found: /sys/power/volkey_wakeup
03-25 17:55:21.839 22867 22867 I InputManager.ControlWakeKey: file not found: /sys/class/sec/ap_pmic/volkey_wakeup
03-25 17:55:21.839 22867 22867 D InputManager.ControlWakeKey: keyCodes in makeWakeKeyString is 116,172
03-25 17:55:21.840 22867 22867 I InputManager.ControlWakeKey: FileOutputStream is passed
03-25 17:55:21.840 22867 22867 I InputManager.ControlWakeKey: fosWakeKey writing is passed
03-25 17:55:21.840 22867 22867 I InputManager.ControlWakeKey: closing fosWakeKey is passed
03-25 17:55:21.841 22867 22867 D SystemServerTiming: StartInputManagerService took to complete: 5ms
03-25 17:55:21.841 22867 22867 I SystemServerTiming: SatsService: Secure AT Service
03-25 17:55:21.844 22867 22867 I DEVROOT#MGR: [android] create DeviceRootKeyServiceManager.
03-25 17:55:21.844 22867 22867 I engmode_java_manager: em library is enabled, will use library
03-25 17:55:21.844 22867 22867 I engmode_java_manager: android(1000, 0) connects to EngineeringModeNative
03-25 17:55:21.844 22867 22867 I SatsService: Initialized
03-25 17:55:21.845 22867 22867 I SatsService: AtCmdHandler called.
03-25 17:55:21.845 22867 22867 I SatsService: connect at distributor
03-25 17:55:21.845 22867 22867 I SatsService: AtCmdHandler called.
03-25 17:55:21.845 22867 22867 I SatsService: connect data distributor
03-25 17:55:21.846 22867 22867 D SystemServerTiming: SatsService: Secure AT Service took to complete:5ms
03-25 17:55:21.846 22867 22867 I SystemServerTiming: DeviceStateManagerService
03-25 17:55:21.846 22867 22867 I SystemServiceManager: Starting com.android.server.devicestate.DeviceStateManagerService
03-25 17:55:21.846  1230  1230 D AT_Distributor: InitSocketMessageHandler(): SatsService, id(8), fd(21)
03-25 17:55:21.847 22867 23301 I SatsServiceAt: Connected to daemon.
03-25 17:55:21.847 22867 23302 I SatsServiceData: Connected to daemon.
03-25 17:55:21.848 22867 22867 D DeviceStateManagerService: Committing state: DeviceState{identifier=0, name='DEFAULT'}
03-25 17:55:21.849   625   629 I servicemanager: Adding 'u:r:system_server:s0' service (device_state:22867)
03-25 17:55:21.849 22867 22867 D SystemServerTiming: DeviceStateManagerService took to complete: 3ms
03-25 17:55:21.849 22867 22867 I SystemServerTiming: SemPrivilegeManagerService
03-25 17:55:21.849 22867 22867 I SystemServiceManager: Starting com.android.server.privilege.SemPrivilegeManagerService
03-25 17:55:21.850 22867 22867 D SemPrivilegeManagerService: onStart
03-25 17:55:21.850   625   629 I servicemanager: Adding 'u:r:system_server:s0' service (semprivilege:22867)
03-25 17:55:21.850 22867 22867 D SystemServerTiming: SemPrivilegeManagerService took to complete: 2ms
03-25 17:55:21.850 22867 22867 I SystemServerTiming: StartSemContextService
03-25 17:55:21.850 22867 22867 I SystemServer: SemContextService Service
03-25 17:55:21.856 22867 22867 I SemContextVersion: getFeatureMapFromFormat() : Failed to find from 1st place.
03-25 17:55:21.856 22867 22867 I SemContextVersion: getFeatureMapFromFormat() : There is also nothingat 2nd place.
03-25 17:55:21.856 22867 22867 D SemContextVersion: initialize() : this version = 32
03-25 17:55:21.860 22867 22867 D SensorHubManager: registerListener: Listener= com.samsung.android.contextaware.dataprovider.sensorhubprovider.SensorHubParserProvider$1@fa985f2
03-25 17:55:21.861 22867 22867 D SensorService: Calling batch handle==1501 flags=0 rate=1000 timeout== 0
03-25 17:55:21.861 22675 22675 I sensors-hal: set_config:67, sample_period_ns is adjusted to 1000 based on min/max delay_ns
03-25 17:55:21.861 22675 22675 I sensors-hal: batch:336, com.samsung.sensor.sensorhubs/1501, period=1000000, max_latency=0 request completed
03-25 17:55:21.862 22675 22675 I sensors-hal: activate:252, com.samsung.sensor.sensorhubs/1501 en=1
03-25 17:55:21.862 22675 22675 I sensors-hal: activate:370, enable common info also
03-25 17:55:21.862 22675 22675 I sensors-hal: get_qmi_debug_flag:241, support_qmi_debug : false
03-25 17:55:21.866 22675 22675 I sensors-hal: create_sensor_config_request:52, sending common_info create_sensor_config_request
03-25 17:55:21.866 22675 22675 I sensors-hal: get_qmi_debug_flag:241, support_qmi_debug : false
03-25 17:55:21.869 22675 22675 I sensors-hal: activate:379, _offset_ns = -3997203440, curr_offset_ns = -3997208076
03-25 17:55:21.870 22675 22675 I sensors-hal: activate:270, com.samsung.sensor.sensorhubs/1501 en=1 completed
03-25 17:55:21.870 22867 22867 D SensorManager: registerListener :: 1501, SensorHub type, 200000, 0, com.samsung.android.contextaware.sensorhubmanager.SensorHubManager$SensorHubListener@d29f443
03-25 17:55:21.872 22867 22867 I CAE     : <init>(PowerResetNotiParser.java:72) - SLPIResetObserver :start
03-25 17:55:21.875 22867 22867 D CompatibilityChangeReporter: Compat change id reported: 147600208; UID 1000; state: ENABLED
03-25 17:55:21.876 22867 22867 D CompatibilityChangeReporter: Compat change id reported: 157233955; UID 1000; state: ENABLED
03-25 17:55:21.876 22664 22664 W Zygote  : Class not found for preloading: android.view.SurfaceView$2
03-25 17:55:21.881 22867 22867 W CAE     : addListener(ListenerListManager.java:79) - [addListener]  com.samsung.android.contextaware.manager.ContextAwareService$Listener@6207433
03-25 17:55:21.882 22867 22867 W CAE     : addListener(ListenerListManager.java:80) - [addListener]  1
03-25 17:55:21.882 22867 22867 W CAE     : <init>(ContextAwareService.java:166) - [ContextAwareService 1]  com.samsung.android.contextaware.ContextAwareManager$CaListenerDelegate@1ab33f0
03-25 17:55:21.882 22867 22867 W CAE     : <init>(ContextAwareService.java:167) - [ContextAwareService 2]  com.samsung.android.contextaware.manager.ContextAwareService$Listener@6207433
03-25 17:55:21.882 22867 22867 W CAE     : <init>(ContextAwareService.java:168) - [ContextAwareService 3]  com.samsung.android.contextaware.ContextAwareManager$CaListenerDelegate@1ab33f0
03-25 17:55:21.882 22867 22867 D FaultDetector: FaultDetector(1.1)
03-25 17:55:21.883 22867 22867 D SemContextService: AccSensorVersion : 15932
03-25 17:55:21.883 22867 22867 V HistoricalRegistry: Interaction before persistence initialized
03-25 17:55:21.884 22664 22664 W Zygote  : Class not found for preloading: android.widget.ActionMenuPresenter$OverflowMenuButton$1
03-25 17:55:21.884 22867 22867 D SemContextService: SemContextService()
03-25 17:55:21.885   625   629 I servicemanager: Adding 'u:r:system_server:s0' service (scontext:22867)
03-25 17:55:21.885 22867 22867 D SystemServerTiming: StartSemContextService took to complete: 34ms
03-25 17:55:21.885 22867 22867 I SystemServerTiming: StartCameraServiceProxy
03-25 17:55:21.885 22867 22867 I SystemServiceManager: Starting com.android.server.camera.CameraServiceProxy
03-25 17:55:21.886 22867 22867 I CameraService_proxy: CameraServiceProxy is started.
03-25 17:55:21.886   625   629 I servicemanager: Adding 'u:r:system_server:s0' service (media.camera.proxy:22867)
03-25 17:55:21.886 22867 22867 D SystemServerTiming: StartCameraServiceProxy took to complete: 2ms
03-25 17:55:21.886 22867 22867 I SystemServerTiming: StartCameraServiceWorker
03-25 17:55:21.887 22867 22867 I SystemServiceManager: Starting com.samsung.android.camera.CameraServiceWorker
03-25 17:55:21.889   761   761 E audit   : type=1400 audit(1711407321.881:476): avc:  denied  { read } for  pid=22867 comm="system_server" name="u:object_r:vendor_default_prop:s0" dev="tmpfs" ino=21996 scontext=u:r:system_server:s0 tcontext=u:object_r:vendor_default_prop:s0 tclass=file permissive=0 SEPF_SM-N975U1_12_0001 audit_filtered
03-25 17:55:21.889   761   761 E audit   : type=1300 audit(1711407321.881:476): arch=c00000b7 syscall=56 success=no exit=-13 a0=ffffff9c a1=7fd078ae08 a2=88000 a3=0 items=0 ppid=22663 pid=22867 auid=4294967295 uid=1000 gid=1000 euid=1000 suid=1000 fsuid=1000 egid=1000 sgid=1000 fsgid=1000 tty=(none) ses=4294967295 comm="system_server" exe="/system/bin/app_process64" subj=u:r:system_server:s0 key=(null)
03-25 17:55:21.889   761   761 E audit   : type=1327 audit(1711407321.881:476): proctitle="system_server"
03-25 17:55:21.889 22867 22867 E libc    : Access denied finding property "vendor.camera.unihal.enable"
03-25 17:55:21.890 22867 22867 I CameraService_worker: CameraServiceWorker is started.
03-25 17:55:21.890   625   629 I servicemanager: Adding 'u:r:system_server:s0' service (media.camera.worker:22867)
03-25 17:55:21.890 22867 22867 D SystemServerTiming: StartCameraServiceWorker took to complete: 3ms
03-25 17:55:21.890 22867 22867 I SystemServerTiming: StartMotionRecognitionService
03-25 17:55:21.890 22867 22867 I SystemServer: PackageManager is not null!!
03-25 17:55:21.896 22867 22867 D MotionRecognitionService: mIsAvailablePocketForBixby : true
03-25 17:55:21.896 22867 22867 D MotionRecognitionService: SSP enabled : true
03-25 17:55:21.897 22867 22867 D MotionRecognitionService: Motion,  result = 1
03-25 17:55:21.897 22867 22867 D MotionRecognitionService: Motion,  result = 1
03-25 17:55:21.897 22867 22867 D MotionRecognitionService: Settings updated : 11000100100000000000000101
03-25 17:55:21.897 22867 22867 D MotionRecognitionService:   Multi-Window enabled : true
03-25 17:55:21.898 22867 22867 I MotionRecognitionService: [SAR] versionGripSensor 1025
03-25 17:55:21.898 22867 22867 I MotionRecognitionService: [SAR] Block Earjack : false , allow USB : true , block TSP : false
03-25 17:55:21.898 22867 22867 D MotionRecognitionService: [SAR] Block list: Sub1 false, Sub2 false, Sub3 false
03-25 17:55:21.898 22867 22867 D MotionRecognitionService: [SAR] Device type is phone
03-25 17:55:21.898 22867 22867 D MotionRecognitionService: [SAR] Grip motion sensor is ready
03-25 17:55:21.899 22867 22867 D SensorService: Calling batch handle==16777238 flags=0 rate=200000000timeout== 0
03-25 17:55:21.899 22675 22675 I SensorsGrip: [grip_notifier] enable: GripNotifierSensor: enable handle = 22 en = 1 mEnabled = 0
03-25 17:55:21.899 22675 22675 I SensorsGrip: [grip_notifier] enable: GripNotifierSensor: noti_enablewrite Success, return 2
03-25 17:55:21.899 22675 22935 I SensorsGrip: [grip_notifier] readEvents: GripNotifierSensor: 3
03-25 17:55:21.899 22867 22867 D SensorManager: registerListener :: 16777238, Grip Notifier Sensor, 200000, 0, com.samsung.android.gesture.MotionRecognitionSAR$3@70eb45a
03-25 17:55:21.899 22867 22867 D MotionRecognitionService: [SAR] Enable grip notifier sensor : true
03-25 17:55:21.901 22867 23324 D MotionRecognitionService: [SAR] Grip Notifier Listener ~
03-25 17:55:21.901 22867 23324 D MotionRecognitionService: [SAR] get notifier value 3.0
03-25 17:55:21.902 22867 23324 D SensorService: Calling batch handle==2072 flags=0 rate=0 timeout== 0
03-25 17:55:21.902 22675 22675 I sensors-hal: set_config:67, sample_period_ns is adjusted to 0 based on min/max delay_ns
03-25 17:55:21.902 22675 22675 I sensors-hal: batch:336, com.samsung.sensor.sar_backoff_motion/2072, period=1000000, max_latency=0 request completed
03-25 17:55:21.902 22675 22675 I sensors-hal: activate:252, com.samsung.sensor.sar_backoff_motion/2072 en=1
03-25 17:55:21.902 22675 22675 I sensors-hal: get_qmi_debug_flag:241, support_qmi_debug : false
03-25 17:55:21.906 22675 22675 I sensors-hal: activate:270, com.samsung.sensor.sar_backoff_motion/2072 en=1 completed
03-25 17:55:21.906 22867 23324 D SensorManager: requestTrigger :: 2072, Sar BackOff Motion  Wakeup, com.samsung.android.gesture.MotionRecognitionSAR$2@ff3bc26
03-25 17:55:21.906 22867 23324 D MotionRecognitionService: [SAR] Trigger start (enable)
03-25 17:55:21.906 22867 22867 D MotionRecognitionService: This type doesn't support direct call
03-25 17:55:21.906 22867 22867 D MotionRecognitionService: SemContextManager supports SmartAlert
03-25 17:55:21.908 22867 22867 E PocketLogManager: Debug file is null!
03-25 17:55:21.908 22867 22867 D PocketLogManager: LogManager : false
03-25 17:55:21.908 22867 22867 E PocketMotionManager: init activity tracker
03-25 17:55:21.909 22867 22867 D MotionRecognitionService: LightSensorVersion = 384
03-25 17:55:21.909 22867 22867 D MotionRecognitionService: mIsAvailableElevatorMode : true
03-25 17:55:21.909 22867 22867 D com.samsung.android.gesture.ElevatorModeEvent: ElevatorModeEvent Object Made
03-25 17:55:21.910   625   629 I servicemanager: Adding 'u:r:system_server:s0' service (motion_recognition:22867)
03-25 17:55:21.910 22867 22867 I SystemServer: MotionRecognitionService Service!
03-25 17:55:21.910 22867 22867 D SystemServerTiming: StartMotionRecognitionService took to complete: 20ms
03-25 17:55:21.910 22867 22867 I SystemServerTiming: StartWindowManagerService
03-25 17:55:21.910 22867 22867 I SystemServer: !@Boot_EBS_F: Start WindowManagerService
03-25 17:55:21.910 22867 22867 I SystemServiceManager: Starting phase 200
03-25 17:55:21.910 22867 22867 I SystemServerTiming: OnBootPhase_200
03-25 17:55:21.910 22867 22867 I SystemServerTiming: OnBootPhase_200_com.android.server.security.FileIntegrityService
03-25 17:55:21.910 22867 22867 D SystemServerTiming: OnBootPhase_200_com.android.server.security.FileIntegrityService took to complete: 0ms
03-25 17:55:21.910 22867 22867 I SystemServerTiming: OnBootPhase_200_com.android.server.pm.Installer
03-25 17:55:21.910 22867 22867 D SystemServerTiming: OnBootPhase_200_com.android.server.pm.Installer took to complete: 0ms
03-25 17:55:21.910 22867 22867 I SystemServerTiming: OnBootPhase_200_com.android.server.os.DeviceIdentifiersPolicyService
03-25 17:55:21.910 22867 22867 D SystemServerTiming: OnBootPhase_200_com.android.server.os.DeviceIdentifiersPolicyService took to complete: 0ms
03-25 17:55:21.910 22867 22867 I SystemServerTiming: OnBootPhase_200_com.android.server.uri.UriGrantsManagerService$Lifecycle
03-25 17:55:21.910 22867 22867 D SystemServerTiming: OnBootPhase_200_com.android.server.uri.UriGrantsManagerService$Lifecycle took to complete: 0ms
03-25 17:55:21.910 22867 22867 I SystemServerTiming: OnBootPhase_200_com.android.server.powerstats.PowerStatsService
03-25 17:55:21.910 22867 22867 D SystemServerTiming: OnBootPhase_200_com.android.server.powerstats.PowerStatsService took to complete: 0ms
03-25 17:55:21.910 22867 22867 I SystemServerTiming: OnBootPhase_200_com.android.server.wm.ActivityTaskManagerService$Lifecycle
03-25 17:55:21.910 22867 22867 D SystemServerTiming: OnBootPhase_200_com.android.server.wm.ActivityTaskManagerService$Lifecycle took to complete: 0ms
03-25 17:55:21.910 22867 22867 I SystemServerTiming: OnBootPhase_200_com.android.server.am.ActivityManagerService$Lifecycle
03-25 17:55:21.910 22867 22867 D SystemServerTiming: OnBootPhase_200_com.android.server.am.ActivityManagerService$Lifecycle took to complete: 0ms
03-25 17:55:21.910 22867 22867 I SystemServerTiming: OnBootPhase_200_com.android.server.pm.DataLoaderManagerService
03-25 17:55:21.910 22867 22867 D SystemServerTiming: OnBootPhase_200_com.android.server.pm.DataLoaderManagerService took to complete: 0ms
03-25 17:55:21.910 22867 22867 I SystemServerTiming: OnBootPhase_200_com.android.server.power.PowerManagerService
03-25 17:55:21.910 22867 22867 D SystemServerTiming: OnBootPhase_200_com.android.server.power.PowerManagerService took to complete: 0ms
03-25 17:55:21.910 22867 22867 I SystemServerTiming: OnBootPhase_200_com.android.server.power.ThermalManagerService
03-25 17:55:21.910 22867 22867 D SystemServerTiming: OnBootPhase_200_com.android.server.power.ThermalManagerService took to complete: 0ms
03-25 17:55:21.910 22867 22867 I SystemServerTiming: OnBootPhase_200_com.android.server.power.hint.HintManagerService
03-25 17:55:21.910 22867 22867 D SystemServerTiming: OnBootPhase_200_com.android.server.power.hint.HintManagerService took to complete: 0ms
03-25 17:55:21.910 22867 22867 I SystemServerTiming: OnBootPhase_200_com.android.server.VaultKeeperService$LifeCycle
03-25 17:55:21.910 22867 22867 D VaultKeeperService$Lifecycle: [Unknown]
03-25 17:55:21.910 22867 22867 D SystemServerTiming: OnBootPhase_200_com.android.server.VaultKeeperService$LifeCycle took to complete: 0ms
03-25 17:55:21.910 22867 22867 I SystemServerTiming: OnBootPhase_200_com.android.server.PACMService
03-25 17:55:21.910 22867 22867 D SystemServerTiming: OnBootPhase_200_com.android.server.PACMService took to complete: 0ms
03-25 17:55:21.910 22867 22867 I SystemServerTiming: OnBootPhase_200_com.android.server.recoverysystem.RecoverySystemService$Lifecycle
03-25 17:55:21.910 22867 22867 D SystemServerTiming: OnBootPhase_200_com.android.server.recoverysystem.RecoverySystemService$Lifecycle took to complete: 0ms
03-25 17:55:21.910 22867 22867 I SystemServerTiming: OnBootPhase_200_com.android.server.lights.LightsService
03-25 17:55:21.910 22867 22867 D SystemServerTiming: OnBootPhase_200_com.android.server.lights.LightsService took to complete: 0ms
03-25 17:55:21.910 22867 22867 I SystemServerTiming: OnBootPhase_200_com.android.server.pdp.PdpService
03-25 17:55:21.911 22867 22867 D SystemServerTiming: OnBootPhase_200_com.android.server.pdp.PdpService took to complete: 0ms
03-25 17:55:21.911 22867 22867 I SystemServerTiming: OnBootPhase_200_com.android.server.display.DisplayManagerService
03-25 17:55:21.911 22867 22867 D SystemServerTiming: OnBootPhase_200_com.android.server.display.DisplayManagerService took to complete: 0ms
03-25 17:55:21.911 22867 22867 I SystemServerTiming: OnBootPhase_200_com.android.server.pm.verify.domain.DomainVerificationService
03-25 17:55:21.911 22867 22867 D SystemServerTiming: OnBootPhase_200_com.android.server.pm.verify.domain.DomainVerificationService took to complete: 0ms
03-25 17:55:21.911 22867 22867 I SystemServerTiming: OnBootPhase_200_com.android.server.pm.PackageInstallerService$Lifecycle
03-25 17:55:21.911 22867 22867 D SystemServerTiming: OnBootPhase_200_com.android.server.pm.PackageInstallerService$Lifecycle took to complete: 0ms
03-25 17:55:21.911 22867 22867 I SystemServerTiming: OnBootPhase_200_com.android.server.pm.UserManagerService$LifeCycle
03-25 17:55:21.911 22867 22867 D SystemServerTiming: OnBootPhase_200_com.android.server.pm.UserManagerService$LifeCycle took to complete: 0ms
03-25 17:55:21.911 22867 22867 I SystemServerTiming: OnBootPhase_200_com.android.server.om.OverlayManagerService
03-25 17:55:21.911 22867 22867 D SystemServerTiming: OnBootPhase_200_com.android.server.om.OverlayManagerService took to complete: 0ms
03-25 17:55:21.911 22867 22867 I SystemServerTiming: OnBootPhase_200_com.android.server.SensorPrivacyService
03-25 17:55:21.911 22867 22867 D SystemServerTiming: OnBootPhase_200_com.android.server.SensorPrivacyService took to complete: 0ms
03-25 17:55:21.911 22867 22867 I SystemServerTiming: OnBootPhase_200_com.android.server.sensors.SensorService
03-25 17:55:21.911 22867 22867 D SystemServerTiming: OnBootPhase_200_com.android.server.sensors.SensorService took to complete: 0ms
03-25 17:55:21.911 22867 22867 I SystemServerTiming: OnBootPhase_200_com.android.server.SystemConfigService
03-25 17:55:21.911 22867 22867 D SystemServerTiming: OnBootPhase_200_com.android.server.SystemConfigService took to complete: 0ms
03-25 17:55:21.911 22867 22867 I SystemServerTiming: OnBootPhase_200_com.android.server.BatteryService
03-25 17:55:21.911 22867 22867 D SystemServerTiming: OnBootPhase_200_com.android.server.BatteryService took to complete: 0ms
03-25 17:55:21.911 22867 22867 I SystemServerTiming: OnBootPhase_200_com.android.server.usage.UsageStatsService
03-25 17:55:21.911 22867 22867 D SystemServerTiming: OnBootPhase_200_com.android.server.usage.UsageStatsService took to complete: 0ms
03-25 17:55:21.911 22867 22867 I SystemServerTiming: OnBootPhase_200_com.android.server.webkit.WebViewUpdateService
03-25 17:55:21.911 22867 22867 D SystemServerTiming: OnBootPhase_200_com.android.server.webkit.WebViewUpdateService took to complete: 0ms
03-25 17:55:21.911 22867 22867 I SystemServerTiming: OnBootPhase_200_com.android.server.CachedDeviceStateService
03-25 17:55:21.911 22867 22867 D SystemServerTiming: OnBootPhase_200_com.android.server.CachedDeviceStateService took to complete: 0ms
03-25 17:55:21.911 22867 22867 I SystemServerTiming: OnBootPhase_200_com.android.server.BinderCallsStatsService$LifeCycle
03-25 17:55:21.911 22867 22867 D SystemServerTiming: OnBootPhase_200_com.android.server.BinderCallsStatsService$LifeCycle took to complete: 0ms
03-25 17:55:21.911 22867 22867 I SystemServerTiming: OnBootPhase_200_com.android.server.LooperStatsService$Lifecycle
03-25 17:55:21.911 22867 22867 D SystemServerTiming: OnBootPhase_200_com.android.server.LooperStatsService$Lifecycle took to complete: 0ms
03-25 17:55:21.911 22867 22867 I SystemServerTiming: OnBootPhase_200_com.android.server.rollback.RollbackManagerService
03-25 17:55:21.911 22867 22867 D SystemServerTiming: OnBootPhase_200_com.android.server.rollback.RollbackManagerService took to complete: 0ms
03-25 17:55:21.911 22867 22867 I SystemServerTiming: OnBootPhase_200_com.android.server.os.NativeTombstoneManagerService
03-25 17:55:21.911 22867 22867 D SystemServerTiming: OnBootPhase_200_com.android.server.os.NativeTombstoneManagerService took to complete: 0ms
03-25 17:55:21.911 22867 22867 I SystemServerTiming: OnBootPhase_200_com.android.server.os.BugreportManagerService
03-25 17:55:21.911 22867 22867 D SystemServerTiming: OnBootPhase_200_com.android.server.os.BugreportManagerService took to complete: 0ms
03-25 17:55:21.911 22867 22867 I SystemServerTiming: OnBootPhase_200_com.android.server.gpu.GpuService
03-25 17:55:21.911 22867 22867 D SystemServerTiming: OnBootPhase_200_com.android.server.gpu.GpuService took to complete: 0ms
03-25 17:55:21.911 22867 22867 I SystemServerTiming: OnBootPhase_200_com.android.server.security.KeyChainSystemService
03-25 17:55:21.911 22867 22867 D SystemServerTiming: OnBootPhase_200_com.android.server.security.KeyChainSystemService took to complete: 0ms
03-25 17:55:21.911 22867 22867 I SystemServerTiming: OnBootPhase_200_com.android.server.SpqrService
03-25 17:55:21.911 22867 22867 D SystemServerTiming: OnBootPhase_200_com.android.server.SpqrService took to complete: 0ms
03-25 17:55:21.911 22867 22867 I SystemServerTiming: OnBootPhase_200_com.android.server.SpegService
03-25 17:55:21.911 22867 22867 D SystemServerTiming: OnBootPhase_200_com.android.server.SpegService took to complete: 0ms
03-25 17:55:21.911 22867 22867 I SystemServerTiming: OnBootPhase_200_com.android.server.telecom.TelecomLoaderService
03-25 17:55:21.911 22867 22867 D SystemServerTiming: OnBootPhase_200_com.android.server.telecom.TelecomLoaderService took to complete: 0ms
03-25 17:55:21.911 22867 22867 I SystemServerTiming: OnBootPhase_200_com.android.server.accounts.AccountManagerService$Lifecycle
03-25 17:55:21.911 22867 22867 D SystemServerTiming: OnBootPhase_200_com.android.server.accounts.AccountManagerService$Lifecycle took to complete: 0ms
03-25 17:55:21.911 22867 22867 I SystemServerTiming: OnBootPhase_200_com.android.server.content.ContentService$Lifecycle
03-25 17:55:21.911 22867 22867 D SystemServerTiming: OnBootPhase_200_com.android.server.content.ContentService$Lifecycle took to complete: 0ms
03-25 17:55:21.911 22867 22867 I SystemServerTiming: OnBootPhase_200_com.android.server.DropBoxManagerService
03-25 17:55:21.911 22867 22867 D SystemServerTiming: OnBootPhase_200_com.android.server.DropBoxManagerService took to complete: 0ms
03-25 17:55:21.911 22867 22867 I SystemServerTiming: OnBootPhase_200_com.android.role.RoleService
03-25 17:55:21.911 22867 22867 D SystemServerTiming: OnBootPhase_200_com.android.role.RoleService took to complete: 0ms
03-25 17:55:21.911 22867 22867 I SystemServerTiming: OnBootPhase_200_com.android.server.sepunion.SemUnionMainService
03-25 17:55:21.911 22867 22867 D SEP_UNION_SemUnionMainService: onBootPhase = 200
03-25 17:55:21.911 22867 22867 D SystemServerTiming: OnBootPhase_200_com.android.server.sepunion.SemUnionMainService took to complete: 0ms
03-25 17:55:21.911 22867 22867 I SystemServerTiming: OnBootPhase_200_com.android.server.vibrator.VibratorManagerService$Lifecycle
03-25 17:55:21.911 22867 22867 D SystemServerTiming: OnBootPhase_200_com.android.server.vibrator.VibratorManagerService$Lifecycle took to complete: 0ms
03-25 17:55:21.911 22867 22867 I SystemServerTiming: OnBootPhase_200_com.android.server.ssrm.CustomFrequencyManagerService$Lifecycle
03-25 17:55:21.912 22867 22867 D SystemServerTiming: OnBootPhase_200_com.android.server.ssrm.CustomFrequencyManagerService$Lifecycle took to complete: 0ms
03-25 17:55:21.912 22867 22867 I SystemServerTiming: OnBootPhase_200_com.android.server.alarm.AlarmManagerService
03-25 17:55:21.912 22867 22867 D SystemServerTiming: OnBootPhase_200_com.android.server.alarm.AlarmManagerService took to complete: 0ms
03-25 17:55:21.912 22867 22867 I SystemServerTiming: OnBootPhase_200_com.android.server.devicestate.DeviceStateManagerService
03-25 17:55:21.912 22867 22867 D SystemServerTiming: OnBootPhase_200_com.android.server.devicestate.DeviceStateManagerService took to complete: 0ms
03-25 17:55:21.912 22867 22867 I SystemServerTiming: OnBootPhase_200_com.android.server.privilege.SemPrivilegeManagerService
03-25 17:55:21.912 22867 22867 D SystemServerTiming: OnBootPhase_200_com.android.server.privilege.SemPrivilegeManagerService took to complete: 0ms
03-25 17:55:21.912 22867 22867 I SystemServerTiming: OnBootPhase_200_com.android.server.camera.CameraServiceProxy
03-25 17:55:21.912 22867 22867 D SystemServerTiming: OnBootPhase_200_com.android.server.camera.CameraServiceProxy took to complete: 0ms
03-25 17:55:21.912 22867 22867 I SystemServerTiming: OnBootPhase_200_com.samsung.android.camera.CameraServiceWorker
03-25 17:55:21.912 22867 22867 D SystemServerTiming: OnBootPhase_200_com.samsung.android.camera.CameraServiceWorker took to complete: 0ms
03-25 17:55:21.912 22867 22867 D SystemServerTiming: OnBootPhase_200 took to complete: 1ms
03-25 17:55:21.912 22867 22867 I WindowManager: No existing display settings, starting empty
03-25 17:55:21.916 22671 23265 I ServiceManager: Waiting for service 'CustomFrequencyManagerService' on '/dev/binder' successful after waiting 4518ms
03-25 17:55:21.916 22671 23265 D NativeCustomFrequencyManager: [NativeCFMS] BpCustomFrequencyManager::BpCustomFrequencyManager()
03-25 17:55:21.916 22671 23265 D NativeSemDvfsManager: NativeSemDvfsManager:: New instance is createdfor perfmond , type = 301993985
03-25 17:55:21.916 22671 23265 D NativeSemDvfsManager: NativeSemDvfsCpuManager
03-25 17:55:21.916 22671 23265 D NativeSemDvfsManager: getSupportedFrequency:: type - 301993985
03-25 17:55:21.916 22671 23265 D NativeSemDvfsManager: getSupportedFrequency:: type - 301993985
03-25 17:55:21.916 22671 23265 E NativeCustomFrequencyManager: [NativeCFMS] BpCustomFrequencyManager::getSupportedFrequency() start
03-25 17:55:21.917 22671 23265 E NativeCustomFrequencyManager: [NativeCFMS] BpCustomFrequencyManager::getSupportedFrequency()
03-25 17:55:21.917 22671 23265 E PerfHint: PerfHint init
03-25 17:55:21.917 22671 23265 E PerfHint: PerfHint acquire
03-25 17:55:21.917 22671 23265 D NativeSemDvfsManager: acquire:: timeout = 3000 mIsAcquired = 0  mTagName : perfmond
03-25 17:55:21.917 22671 23265 E NativeCustomFrequencyManager: [NativeCFMS] BpCustomFrequencyManager::acquire()
03-25 17:55:21.918 22671 23265 E PerfHint: REPORT_BOTTLENECK_HINT_TRANSACTION :: name = perfmond
03-25 17:55:21.918 22671 23265 I PerfHint: REPORT_BOTTLENECK_HINT_TRANSACTION :: param = 1000
03-25 17:55:21.918 22671 23265 I PerfHint: REPORT_BOTTLENECK_HINT_TRANSACTION :: param = 1
03-25 17:55:21.918 22671 23265 I PerfHint: REPORT_BOTTLENECK_HINT_TRANSACTION :: param = LOCKCONTENTION
03-25 17:55:21.918 22671 23265 I PerfHint: REPORT_BOTTLENECK_HINT_TRANSACTION :: param = not_owner_void com.android.server.pm.PackageManagerService$PackageHandler.doHandleMessage(android.os.Message)
03-25 17:55:21.918 22867 23278 D ActivityManager: BOTTLENECK_HINT_TRANSACTION onTransact() from uid =1000 with avg = 1
03-25 17:55:21.918 22867 23278 W ContextImpl: Calling a method in the system process without a qualified user: android.app.ContextImpl.sendBroadcast:1242 com.android.server.am.ActivityManagerService.onTransact:3005 android.os.Binder.execTransactInternal:1220 android.os.Binder.execTransact:1179 <bottom ofcall stack>
03-25 17:55:21.918 22867 23278 E ActivityManager: Attempt to launch receivers of broadcast intent Intent { act=com.samsung.BOTTLENECK_HINT_FOR_CHIMERA pkg=android } before boot completion
03-25 17:55:21.918 22671 23265 E PerfHint: 9516 module caught exception -129
03-25 17:55:21.918 22867 22899 D TspStateManager: updateCustomValue customSetting=
03-25 17:55:21.919 22867 22899 E SystemServiceRegistry: Unknown manager requested: semcustomdump
03-25 17:55:21.919 22867 23331 D TspStateManager: update cmd=set_grip_data,0,0,0,0
03-25 17:55:21.919 22694 22736 I HYPER-HAL: [RequestManager.cpp]acquire(): Acquired ID : 280170956  [22671 / 1000]    HINT :      list : [CPUMinFreq / 2649600] [TIMEOUT / 3000]
03-25 17:55:21.919 22867 22915 I DropBoxManagerService: add tag=system_server_wtf isTagEnabled=true flags=0x2
03-25 17:55:21.920 22867 22915 W DropBoxManagerService: Dropping: system_server_wtf (1276 > 0 bytes)
03-25 17:55:21.920 22867 22899 I SEP_UNION_SemUnionManager: getUnionService() : semcustomdump
03-25 17:55:21.920 22867 22899 I SEP_UNION_SemCustomDumpManager: setDumpState : null
03-25 17:55:21.920 22867 22899 D SEP_UNION_SemUnionMainServiceImpl: setDumpEnabled = tspstatemanager
03-25 17:55:21.920 22867 22899 V WindowManagerServiceExt: WindowManagerServiceExt :: created
03-25 17:55:21.921 22664 22664 W Zygote  : Class not found for preloading: com.android.internal.telephony.ims.MmTelFeatureCompatAdapter$4
03-25 17:55:21.921 22664 22664 W Zygote  : Class not found for preloading: com.android.internal.telephony.ims.MmTelFeatureCompatAdapter$5
03-25 17:55:21.921 22867 22899 I WindowTracing: Setting window tracing log level to 1
03-25 17:55:21.921 22867 22899 I WindowTracing: Setting window tracing buffer capacity to 2097152bytes
03-25 17:55:21.921 22867 22899 D PowerManagerService: [api] registerLowPowerModeObserver: com.android.server.wm.WindowManagerService$6@481605b (uid: 1000 pid: 22867)
03-25 17:55:21.933   625   673 I servicemanager: Adding 'u:r:system_server:s0' service (window:22867)
03-25 17:55:21.933   625   673 I servicemanager: Adding 'u:r:system_server:s0' service (input:22867)
03-25 17:55:21.934 22867 22867 D SystemServerTiming: StartWindowManagerService took to complete: 24ms
03-25 17:55:21.934 22867 22867 I SystemServerTiming: SetWindowManagerService
03-25 17:55:21.934 22867 22867 E SystemServiceRegistry: SemDesktopModeManager is not supported
03-25 17:55:21.934 22867 22867 E SystemServiceRegistry: Manager wrapper not available: desktopmode
03-25 17:55:21.934 22867 22867 W DisplayManager: getDisplays: dexManager is null, category=null
03-25 17:55:21.935 22867 22915 I DropBoxManagerService: add tag=system_server_wtf isTagEnabled=true flags=0x2
03-25 17:55:21.935 22867 22915 W DropBoxManagerService: Dropping: system_server_wtf (1319 > 0 bytes)
03-25 17:55:21.936 22867 22867 I WindowManagerServiceExt: FullScreenAppsSupportMode=0x3, DisplayMaxAspectRatio2.1111112
03-25 17:55:21.937 22867 22867 D InputTransport: Input channel constructed: 'Pointer', fd=340
03-25 17:55:21.937 22867 22867 D InputTransport: Input channel constructed: 'Pointer', fd=341
03-25 17:55:21.937 22867 22867 I InputDispatcher: Created monitor PointerEventDispatcher0 for display0, gesture=false, pid=22867
03-25 17:55:21.939 22867 22867 I WindowOrientationListener: WindowOrientationListener tablet mode= false
03-25 17:55:21.940   987  1028 I SurfaceFlinger: id=158 createSurf (0x0),-1 flag=80404, Root#0
03-25 17:55:21.941   987  1028 I SurfaceFlinger: id=159 createSurf (0x0),-1 flag=80004, WindowedMagnification:0:31#0
03-25 17:55:21.941   987  1028 I SurfaceFlinger: id=160 createSurf (0x0),-1 flag=80004, HideDisplayCutout:0:16#0
03-25 17:55:21.941   987  1028 I SurfaceFlinger: id=161 createSurf (0x0),-1 flag=80004, OneHandedBackgroundPanel:0:1#0
03-25 17:55:21.942   987  1028 I SurfaceFlinger: id=162 createSurf (0x0),-1 flag=80004, OneHanded:0:1#0
03-25 17:55:21.942   987  1028 I SurfaceFlinger: id=163 createSurf (0x0),-1 flag=80004, FullscreenMagnification:0:1#0
03-25 17:55:21.942   987  1028 I SurfaceFlinger: id=164 createSurf (0x0),-1 flag=80004, Leaf:0:1#0
03-25 17:55:21.942   987  1028 I SurfaceFlinger: id=165 createSurf (0x0),-1 flag=80004, OneHanded:2:16#0
03-25 17:55:21.942   987  1028 I SurfaceFlinger: id=166 createSurf (0x0),-1 flag=80004, FullscreenMagnification:2:14#0
03-25 17:55:21.943   987  1028 I SurfaceFlinger: id=167 createSurf (0x0),-1 flag=80004, DefaultTaskDisplayArea#0
03-25 17:55:21.943   987  1028 I SurfaceFlinger: id=168 createSurf (0x0),-1 flag=80004, animationLayer#0
03-25 17:55:21.944   987  1028 I SurfaceFlinger: id=169 createSurf (0x0),-1 flag=80004, boostedAnimationLayer#0
03-25 17:55:21.944   987  1028 I SurfaceFlinger: id=170 createSurf (0x0),-1 flag=80004, homeAnimationLayer#0
03-25 17:55:21.944   987  1028 I SurfaceFlinger: id=171 createSurf (0x0),-1 flag=80004, splitScreenDividerAnchor#0
03-25 17:55:21.945   987  1028 I SurfaceFlinger: id=172 createSurf (0x0),-1 flag=80004, NaturalSwitchingAnchor#0
03-25 17:55:21.945   987  1028 I SurfaceFlinger: id=173 createSurf (0x0),-1 flag=80004, FreeformAnimationLayer#0
03-25 17:55:21.945   987  1028 I SurfaceFlinger: id=174 createSurf (0x0),-1 flag=80004, ImeAnchorInFreeformMode#0
03-25 17:55:21.946   987  1028 I SurfaceFlinger: id=175 createSurf (0x0),-1 flag=80004, Leaf:3:14#0
03-25 17:55:21.946   987  1028 I SurfaceFlinger: id=176 createSurf (0x0),-1 flag=80004, ImePlaceholder:15:16#0
